[    0.000000] Linux version 3.11.10 (root@bench) (gcc version 4.7.3 (Gentoo 4.7.3-r1 p1.4, pie-0.5.5) ) #3 SMP Wed May 11 13:34:09 CEST 2016
[    0.000000] Command line: BOOT_IMAGE=/kernel-3.11.10 root=/dev/sdg3 ro
[    0.000000] e820: BIOS-provided physical RAM map:
[    0.000000] BIOS-e820: [mem 0x0000000000000000-0x000000000009b3ff] usable
[    0.000000] BIOS-e820: [mem 0x000000000009b400-0x000000000009ffff] reserved
[    0.000000] BIOS-e820: [mem 0x00000000000e0000-0x00000000000fffff] reserved
[    0.000000] BIOS-e820: [mem 0x0000000000100000-0x000000001fffffff] usable
[    0.000000] BIOS-e820: [mem 0x0000000020000000-0x00000000201fffff] reserved
[    0.000000] BIOS-e820: [mem 0x0000000020200000-0x000000003fffffff] usable
[    0.000000] BIOS-e820: [mem 0x0000000040000000-0x00000000401fffff] reserved
[    0.000000] BIOS-e820: [mem 0x0000000040200000-0x00000000b677dfff] usable
[    0.000000] BIOS-e820: [mem 0x00000000b677e000-0x00000000b67d4fff] ACPI NVS
[    0.000000] BIOS-e820: [mem 0x00000000b67d5000-0x00000000b6b5bfff] reserved
[    0.000000] BIOS-e820: [mem 0x00000000b6b5c000-0x00000000b6b5efff] ACPI NVS
[    0.000000] BIOS-e820: [mem 0x00000000b6b5f000-0x00000000b6da4fff] reserved
[    0.000000] BIOS-e820: [mem 0x00000000b6da5000-0x00000000b6db5fff] ACPI NVS
[    0.000000] BIOS-e820: [mem 0x00000000b6db6000-0x00000000b6dccfff] reserved
[    0.000000] BIOS-e820: [mem 0x00000000b6dcd000-0x00000000b6dcefff] usable
[    0.000000] BIOS-e820: [mem 0x00000000b6dcf000-0x00000000b6dd6fff] reserved
[    0.000000] BIOS-e820: [mem 0x00000000b6dd7000-0x00000000b6de1fff] ACPI NVS
[    0.000000] BIOS-e820: [mem 0x00000000b6de2000-0x00000000b6e3dfff] reserved
[    0.000000] BIOS-e820: [mem 0x00000000b6e3e000-0x00000000b6e80fff] ACPI NVS
[    0.000000] BIOS-e820: [mem 0x00000000b6e81000-0x00000000b6ffffff] usable
[    0.000000] BIOS-e820: [mem 0x00000000b7800000-0x00000000bf9fffff] reserved
[    0.000000] BIOS-e820: [mem 0x00000000fed1c000-0x00000000fed1ffff] reserved
[    0.000000] BIOS-e820: [mem 0x00000000ff000000-0x00000000ffffffff] reserved
[    0.000000] BIOS-e820: [mem 0x0000000100000000-0x000000023fdfffff] usable
[    0.000000] NX (Execute Disable) protection: active
[    0.000000] SMBIOS 2.6 present.
[    0.000000] DMI: System manufacturer System Product Name/P8Z68-V PRO, BIOS 0501 05/09/2011
[    0.000000] e820: update [mem 0x00000000-0x00000fff] usable ==> reserved
[    0.000000] e820: remove [mem 0x000a0000-0x000fffff] usable
[    0.000000] No AGP bridge found
[    0.000000] e820: last_pfn = 0x23fe00 max_arch_pfn = 0x400000000
[    0.000000] MTRR default type: uncachable
[    0.000000] MTRR fixed ranges enabled:
[    0.000000]   00000-9FFFF write-back
[    0.000000]   A0000-BFFFF uncachable
[    0.000000]   C0000-D3FFF write-protect
[    0.000000]   D4000-E7FFF uncachable
[    0.000000]   E8000-FFFFF write-protect
[    0.000000] MTRR variable ranges enabled:
[    0.000000]   0 base 000000000 mask E00000000 write-back
[    0.000000]   1 base 200000000 mask FC0000000 write-back
[    0.000000]   2 base 0B7800000 mask FFF800000 uncachable
[    0.000000]   3 base 0B8000000 mask FF8000000 uncachable
[    0.000000]   4 base 0C0000000 mask FC0000000 uncachable
[    0.000000]   5 base 23FE00000 mask FFFE00000 uncachable
[    0.000000]   6 disabled
[    0.000000]   7 disabled
[    0.000000]   8 disabled
[    0.000000]   9 disabled
[    0.000000] x86 PAT enabled: cpu 0, old 0x7040600070406, new 0x7010600070106
[    0.000000] e820: update [mem 0xb7800000-0xffffffff] usable ==> reserved
[    0.000000] e820: last_pfn = 0xb7000 max_arch_pfn = 0x400000000
[    0.000000] found SMP MP-table at [mem 0x000fcee0-0x000fceef] mapped at [ffff8800000fcee0]
[    0.000000] Scanning 1 areas for low memory corruption
[    0.000000] Base memory trampoline at [ffff880000095000] 95000 size 24576
[    0.000000] reserving inaccessible SNB gfx pages
[    0.000000] init_memory_mapping: [mem 0x00000000-0x000fffff]
[    0.000000]  [mem 0x00000000-0x000fffff] page 4k
[    0.000000] BRK [0x01e9a000, 0x01e9afff] PGTABLE
[    0.000000] BRK [0x01e9b000, 0x01e9bfff] PGTABLE
[    0.000000] BRK [0x01e9c000, 0x01e9cfff] PGTABLE
[    0.000000] init_memory_mapping: [mem 0x23fc00000-0x23fdfffff]
[    0.000000]  [mem 0x23fc00000-0x23fdfffff] page 2M
[    0.000000] BRK [0x01e9d000, 0x01e9dfff] PGTABLE
[    0.000000] init_memory_mapping: [mem 0x23c000000-0x23fbfffff]
[    0.000000]  [mem 0x23c000000-0x23fbfffff] page 2M
[    0.000000] init_memory_mapping: [mem 0x200000000-0x23bffffff]
[    0.000000]  [mem 0x200000000-0x23bffffff] page 2M
[    0.000000] init_memory_mapping: [mem 0x00100000-0x1fffffff]
[    0.000000]  [mem 0x00100000-0x001fffff] page 4k
[    0.000000]  [mem 0x00200000-0x1fffffff] page 2M
[    0.000000] init_memory_mapping: [mem 0x20200000-0x3fffffff]
[    0.000000]  [mem 0x20200000-0x3fffffff] page 2M
[    0.000000] init_memory_mapping: [mem 0x40200000-0xb677dfff]
[    0.000000]  [mem 0x40200000-0xb65fffff] page 2M
[    0.000000]  [mem 0xb6600000-0xb677dfff] page 4k
[    0.000000] BRK [0x01e9e000, 0x01e9efff] PGTABLE
[    0.000000] BRK [0x01e9f000, 0x01e9ffff] PGTABLE
[    0.000000] init_memory_mapping: [mem 0xb6dcd000-0xb6dcefff]
[    0.000000]  [mem 0xb6dcd000-0xb6dcefff] page 4k
[    0.000000] init_memory_mapping: [mem 0xb6e81000-0xb6ffffff]
[    0.000000]  [mem 0xb6e81000-0xb6ffffff] page 4k
[    0.000000] init_memory_mapping: [mem 0x100000000-0x1ffffffff]
[    0.000000]  [mem 0x100000000-0x1ffffffff] page 2M
[    0.000000] ACPI: RSDP 00000000000f0420 00024 (v02 ALASKA)
[    0.000000] ACPI: XSDT 00000000b67ca068 0004C (v01 ALASKA    A M I 01072009 AMI  00010013)
[    0.000000] ACPI: FACP 00000000b67d42d8 000F4 (v04 ALASKA    A M I 01072009 AMI  00010013)
[    0.000000] ACPI: DSDT 00000000b67ca140 0A198 (v02 ALASKA    A M I 00000000 INTL 20051117)
[    0.000000] ACPI: FACS 00000000b6dd9f80 00040
[    0.000000] ACPI: APIC 00000000b67d43d0 00072 (v03 ALASKA    A M I 01072009 AMI  00010013)
[    0.000000] ACPI: SSDT 00000000b67d4448 00102 (v01 AMICPU     PROC 00000001 MSFT 03000001)
[    0.000000] ACPI: MCFG 00000000b67d4550 0003C (v01 ALASKA    A M I 01072009 MSFT 00000097)
[    0.000000] ACPI: HPET 00000000b67d4590 00038 (v01 ALASKA    A M I 01072009 AMI. 00000004)
[    0.000000] ACPI: Local APIC address 0xfee00000
[    0.000000] No NUMA configuration found
[    0.000000] Faking a node at [mem 0x0000000000000000-0x000000023fdfffff]
[    0.000000] Initmem setup node 0 [mem 0x00000000-0x23fdfffff]
[    0.000000]   NODE_DATA [mem 0x23fdf5000-0x23fdf8fff]
[    0.000000]  [ffffea0000000000-ffffea0008ffffff] PMD -> [ffff880237600000-ffff88023f3fffff] on node 0
[    0.000000] Zone ranges:
[    0.000000]   DMA      [mem 0x00001000-0x00ffffff]
[    0.000000]   DMA32    [mem 0x01000000-0xffffffff]
[    0.000000]   Normal   [mem 0x100000000-0x23fdfffff]
[    0.000000] Movable zone start for each node
[    0.000000] Early memory node ranges
[    0.000000]   node   0: [mem 0x00001000-0x0009afff]
[    0.000000]   node   0: [mem 0x00100000-0x1fffffff]
[    0.000000]   node   0: [mem 0x20200000-0x3fffffff]
[    0.000000]   node   0: [mem 0x40200000-0xb677dfff]
[    0.000000]   node   0: [mem 0xb6dcd000-0xb6dcefff]
[    0.000000]   node   0: [mem 0xb6e81000-0xb6ffffff]
[    0.000000]   node   0: [mem 0x100000000-0x23fdfffff]
[    0.000000] On node 0 totalpages: 2056857
[    0.000000]   DMA zone: 64 pages used for memmap
[    0.000000]   DMA zone: 154 pages reserved
[    0.000000]   DMA zone: 3994 pages, LIFO batch:0
[    0.000000]   DMA32 zone: 11604 pages used for memmap
[    0.000000]   DMA32 zone: 742655 pages, LIFO batch:31
[    0.000000]   Normal zone: 20472 pages used for memmap
[    0.000000]   Normal zone: 1310208 pages, LIFO batch:31
[    0.000000] ACPI: PM-Timer IO Port: 0x408
[    0.000000] ACPI: Local APIC address 0xfee00000
[    0.000000] ACPI: LAPIC (acpi_id[0x01] lapic_id[0x00] enabled)
[    0.000000] ACPI: LAPIC (acpi_id[0x02] lapic_id[0x02] enabled)
[    0.000000] ACPI: LAPIC (acpi_id[0x03] lapic_id[0x04] enabled)
[    0.000000] ACPI: LAPIC (acpi_id[0x04] lapic_id[0x06] enabled)
[    0.000000] ACPI: LAPIC_NMI (acpi_id[0xff] high edge lint[0x1])
[    0.000000] ACPI: IOAPIC (id[0x00] address[0xfec00000] gsi_base[0])
[    0.000000] IOAPIC[0]: apic_id 0, version 32, address 0xfec00000, GSI 0-23
[    0.000000] ACPI: INT_SRC_OVR (bus 0 bus_irq 0 global_irq 2 dfl dfl)
[    0.000000] ACPI: INT_SRC_OVR (bus 0 bus_irq 9 global_irq 9 high level)
[    0.000000] ACPI: IRQ0 used by override.
[    0.000000] ACPI: IRQ2 used by override.
[    0.000000] ACPI: IRQ9 used by override.
[    0.000000] Using ACPI (MADT) for SMP configuration information
[    0.000000] ACPI: HPET id: 0x8086a701 base: 0xfed00000
[    0.000000] smpboot: Allowing 4 CPUs, 0 hotplug CPUs
[    0.000000] nr_irqs_gsi: 40
[    0.000000] e820: [mem 0xbfa00000-0xfed1bfff] available for PCI devices
[    0.000000] setup_percpu: NR_CPUS:64 nr_cpumask_bits:64 nr_cpu_ids:4 nr_node_ids:1
[    0.000000] PERCPU: Embedded 27 pages/cpu @ffff88023fa00000 s79424 r8192 d22976 u524288
[    0.000000] pcpu-alloc: s79424 r8192 d22976 u524288 alloc=1*2097152
[    0.000000] pcpu-alloc: [0] 0 1 2 3 
[    0.000000] Built 1 zonelists in Zone order, mobility grouping on.  Total pages: 2024563
[    0.000000] Policy zone: Normal
[    0.000000] Kernel command line: BOOT_IMAGE=/kernel-3.11.10 root=/dev/sdg3 ro
[    0.000000] PID hash table entries: 4096 (order: 3, 32768 bytes)
[    0.000000] xsave: enabled xstate_bv 0x7, cntxt size 0x340
[    0.000000] Checking aperture...
[    0.000000] No AGP bridge found
[    0.000000] Memory: 8016128K/8227428K available (6950K kernel code, 711K rwdata, 2264K rodata, 952K init, 968K bss, 211300K reserved)
[    0.000000] SLUB: HWalign=64, Order=0-3, MinObjects=0, CPUs=4, Nodes=1
[    0.000000] Hierarchical RCU implementation.
[    0.000000] 	RCU restricting CPUs from NR_CPUS=64 to nr_cpu_ids=4.
[    0.000000] NR_IRQS:4352 nr_irqs:712 16
[    0.000000] Console: colour VGA+ 80x25
[    0.000000] console [tty0] enabled
[    0.000000] hpet clockevent registered
[    0.000000] tsc: Fast TSC calibration using PIT
[    0.001000] tsc: Detected 3299.822 MHz processor
[    0.000001] Calibrating delay loop (skipped), value calculated using timer frequency.. 6599.64 BogoMIPS (lpj=3299822)
[    0.000139] pid_max: default: 32768 minimum: 301
[    0.000219] Security Framework initialized
[    0.000590] Dentry cache hash table entries: 1048576 (order: 11, 8388608 bytes)
[    0.001862] Inode-cache hash table entries: 524288 (order: 10, 4194304 bytes)
[    0.002440] Mount-cache hash table entries: 256
[    0.002622] CPU: Physical Processor ID: 0
[    0.002688] CPU: Processor Core ID: 0
[    0.002757] ENERGY_PERF_BIAS: Set to 'normal', was 'performance'
               ENERGY_PERF_BIAS: View and update with x86_energy_perf_policy(8)
[    0.002861] mce: CPU supports 9 MCE banks
[    0.002947] CPU0: Thermal monitoring enabled (TM1)
[    0.003021] Last level iTLB entries: 4KB 512, 2MB 0, 4MB 0
               Last level dTLB entries: 4KB 512, 2MB 32, 4MB 32
               tlb_flushall_shift: 5
[    0.003250] Freeing SMP alternatives memory: 24K (ffffffff81da1000 - ffffffff81da7000)
[    0.003347] ACPI: Core revision 20130517
[    0.005369] ACPI: All ACPI Tables successfully acquired
[    0.107987] ..TIMER: vector=0x30 apic1=0 pin1=2 apic2=-1 pin2=-1
[    0.118048] smpboot: CPU0: Intel(R) Core(TM) i5-2500K CPU @ 3.30GHz (fam: 06, model: 2a, stepping: 07)
[    0.118261] TSC deadline timer enabled
[    0.118267] Performance Events: PEBS fmt1+, 16-deep LBR, SandyBridge events, full-width counters, Intel PMU driver.
[    0.118555] perf_event_intel: PEBS disabled due to CPU errata, please upgrade microcode
[    0.118653] ... version:                3
[    0.118719] ... bit width:              48
[    0.118786] ... generic registers:      8
[    0.118853] ... value mask:             0000ffffffffffff
[    0.118921] ... max period:             0000ffffffffffff
[    0.118990] ... fixed-purpose events:   3
[    0.119057] ... event mask:             00000007000000ff
[    0.119249] smpboot: Booting Node   0, Processors  #1 #2 #3 OK
[    0.159181] Brought up 4 CPUs
[    0.159249] smpboot: Total of 4 processors activated (26398.57 BogoMIPS)
[    0.161424] devtmpfs: initialized
[    0.161629] kworker/u8:0 (25) used greatest stack depth: 5896 bytes left
[    0.161705] NET: Registered protocol family 16
[    0.161957] ACPI: bus type PCI registered
[    0.162070] PCI: MMCONFIG for domain 0000 [bus 00-3f] at [mem 0xe0000000-0xe3ffffff] (base 0xe0000000)
[    0.162169] PCI: not using MMCONFIG
[    0.162235] PCI: Using configuration type 1 for base access
[    0.165861] bio: create slab <bio-0> at 0
[    0.166009] ACPI: Added _OSI(Module Device)
[    0.166077] ACPI: Added _OSI(Processor Device)
[    0.166144] ACPI: Added _OSI(3.0 _SCP Extensions)
[    0.166213] ACPI: Added _OSI(Processor Aggregator Device)
[    0.167027] ACPI: EC: Look up EC in DSDT
[    0.167737] ACPI: Executed 1 blocks of module-level executable AML code
[    0.169456] ACPI: SSDT 00000000b6dd8918 003E0 (v01    AMI      IST 00000001 MSFT 03000001)
[    0.169843] ACPI: Dynamic OEM Table Load:
[    0.169984] ACPI: SSDT           (null) 003E0 (v01    AMI      IST 00000001 MSFT 03000001)
[    0.170168] ACPI: SSDT 00000000b6dd7d98 000E4 (v01    AMI      CST 00000001 MSFT 03000001)
[    0.170525] ACPI: Dynamic OEM Table Load:
[    0.170665] ACPI: SSDT           (null) 000E4 (v01    AMI      CST 00000001 MSFT 03000001)
[    0.171124] ACPI: Interpreter enabled
[    0.171194] ACPI: (supports S0 S5)
[    0.171259] ACPI: Using IOAPIC for interrupt routing
[    0.171343] PCI: MMCONFIG for domain 0000 [bus 00-3f] at [mem 0xe0000000-0xe3ffffff] (base 0xe0000000)
[    0.171475] PCI: MMCONFIG at [mem 0xe0000000-0xe3ffffff] reserved in ACPI motherboard resources
[    0.176791] PCI: Using host bridge windows from ACPI; if necessary, use "pci=nocrs" and report a bug
[    0.176959] ACPI: No dock devices found.
[    0.177215] [Firmware Bug]: ACPI: BIOS _OSI(Linux) query ignored
[    0.182274] ACPI: PCI Root Bridge [PCI0] (domain 0000 [bus 00-ff])
[    0.182439] acpi PNP0A08:00: Requesting ACPI _OSC control (0x1d)
[    0.182632] acpi PNP0A08:00: ACPI _OSC control (0x1c) granted
[    0.182814] acpi PNP0A08:00: ignoring host bridge window [mem 0x000c8000-0x000dffff] (conflicts with Video ROM [mem 0x000c0000-0x000cdbff])
[    0.182919] acpi PNP0A08:00: [Firmware Info]: MMCONFIG for domain 0000 [bus 00-3f] only partially covers this bridge
[    0.183040] PCI host bridge to bus 0000:00
[    0.183569] pci_bus 0000:00: root bus resource [bus 00-ff]
[    0.183639] pci_bus 0000:00: root bus resource [io  0x0000-0x0cf7]
[    0.183710] pci_bus 0000:00: root bus resource [io  0x0d00-0xffff]
[    0.183780] pci_bus 0000:00: root bus resource [mem 0x000a0000-0x000bffff]
[    0.183851] pci_bus 0000:00: root bus resource [mem 0xbfa00000-0xffffffff]
[    0.183928] pci 0000:00:00.0: [8086:0100] type 00 class 0x060000
[    0.183993] pci 0000:00:01.0: [8086:0101] type 01 class 0x060400
[    0.184015] pci 0000:00:01.0: PME# supported from D0 D3hot D3cold
[    0.184069] pci 0000:00:02.0: [8086:0112] type 00 class 0x030000
[    0.184077] pci 0000:00:02.0: reg 0x10: [mem 0xfa400000-0xfa7fffff 64bit]
[    0.184081] pci 0000:00:02.0: reg 0x18: [mem 0xc0000000-0xcfffffff 64bit pref]
[    0.184084] pci 0000:00:02.0: reg 0x20: [io  0xf000-0xf03f]
[    0.184167] pci 0000:00:16.0: [8086:1c3a] type 00 class 0x078000
[    0.184189] pci 0000:00:16.0: reg 0x10: [mem 0xfad29000-0xfad2900f 64bit]
[    0.184258] pci 0000:00:16.0: PME# supported from D0 D3hot D3cold
[    0.184334] pci 0000:00:19.0: [8086:1503] type 00 class 0x020000
[    0.184351] pci 0000:00:19.0: reg 0x10: [mem 0xfad00000-0xfad1ffff]
[    0.184359] pci 0000:00:19.0: reg 0x14: [mem 0xfad28000-0xfad28fff]
[    0.184367] pci 0000:00:19.0: reg 0x18: [io  0xf080-0xf09f]
[    0.184425] pci 0000:00:19.0: PME# supported from D0 D3hot D3cold
[    0.184486] pci 0000:00:1a.0: [8086:1c2d] type 00 class 0x0c0320
[    0.184506] pci 0000:00:1a.0: reg 0x10: [mem 0xfad27000-0xfad273ff]
[    0.184593] pci 0000:00:1a.0: PME# supported from D0 D3hot D3cold
[    0.184656] pci 0000:00:1b.0: [8086:1c20] type 00 class 0x040300
[    0.184669] pci 0000:00:1b.0: reg 0x10: [mem 0xfad20000-0xfad23fff 64bit]
[    0.184732] pci 0000:00:1b.0: PME# supported from D0 D3hot D3cold
[    0.184792] pci 0000:00:1c.0: [8086:1c10] type 01 class 0x060400
[    0.184865] pci 0000:00:1c.0: PME# supported from D0 D3hot D3cold
[    0.184926] pci 0000:00:1c.1: [8086:1c12] type 01 class 0x060400
[    0.184999] pci 0000:00:1c.1: PME# supported from D0 D3hot D3cold
[    0.185058] pci 0000:00:1c.2: [8086:1c14] type 01 class 0x060400
[    0.185131] pci 0000:00:1c.2: PME# supported from D0 D3hot D3cold
[    0.185191] pci 0000:00:1c.3: [8086:1c16] type 01 class 0x060400
[    0.185264] pci 0000:00:1c.3: PME# supported from D0 D3hot D3cold
[    0.185325] pci 0000:00:1c.4: [8086:1c18] type 01 class 0x060400
[    0.185397] pci 0000:00:1c.4: PME# supported from D0 D3hot D3cold
[    0.185458] pci 0000:00:1c.6: [8086:244e] type 01 class 0x060401
[    0.185531] pci 0000:00:1c.6: PME# supported from D0 D3hot D3cold
[    0.185593] pci 0000:00:1c.7: [8086:1c1e] type 01 class 0x060400
[    0.185667] pci 0000:00:1c.7: PME# supported from D0 D3hot D3cold
[    0.185731] pci 0000:00:1d.0: [8086:1c26] type 00 class 0x0c0320
[    0.185751] pci 0000:00:1d.0: reg 0x10: [mem 0xfad26000-0xfad263ff]
[    0.185835] pci 0000:00:1d.0: PME# supported from D0 D3hot D3cold
[    0.185894] pci 0000:00:1f.0: [8086:1c44] type 00 class 0x060100
[    0.186048] pci 0000:00:1f.2: [8086:1c02] type 00 class 0x010601
[    0.186065] pci 0000:00:1f.2: reg 0x10: [io  0xf0d0-0xf0d7]
[    0.186072] pci 0000:00:1f.2: reg 0x14: [io  0xf0c0-0xf0c3]
[    0.186079] pci 0000:00:1f.2: reg 0x18: [io  0xf0b0-0xf0b7]
[    0.186086] pci 0000:00:1f.2: reg 0x1c: [io  0xf0a0-0xf0a3]
[    0.186093] pci 0000:00:1f.2: reg 0x20: [io  0xf060-0xf07f]
[    0.186100] pci 0000:00:1f.2: reg 0x24: [mem 0xfad25000-0xfad257ff]
[    0.186141] pci 0000:00:1f.2: PME# supported from D3hot
[    0.186195] pci 0000:00:1f.3: [8086:1c22] type 00 class 0x0c0500
[    0.186208] pci 0000:00:1f.3: reg 0x10: [mem 0xfad24000-0xfad240ff 64bit]
[    0.186228] pci 0000:00:1f.3: reg 0x20: [io  0xf040-0xf05f]
[    0.186341] pci 0000:01:00.0: [10de:1245] type 00 class 0x030000
[    0.186350] pci 0000:01:00.0: reg 0x10: [mem 0xf8000000-0xf9ffffff]
[    0.186358] pci 0000:01:00.0: reg 0x14: [mem 0xd0000000-0xd7ffffff 64bit pref]
[    0.186367] pci 0000:01:00.0: reg 0x1c: [mem 0xd8000000-0xdbffffff 64bit pref]
[    0.186373] pci 0000:01:00.0: reg 0x24: [io  0xe000-0xe07f]
[    0.186379] pci 0000:01:00.0: reg 0x30: [mem 0xfa000000-0xfa07ffff pref]
[    0.186444] pci 0000:01:00.1: [10de:0bee] type 00 class 0x040300
[    0.186452] pci 0000:01:00.1: reg 0x10: [mem 0xfa080000-0xfa083fff]
[    0.187578] pci 0000:00:01.0: PCI bridge to [bus 01]
[    0.187648] pci 0000:00:01.0:   bridge window [io  0xe000-0xefff]
[    0.187649] pci 0000:00:01.0:   bridge window [mem 0xf8000000-0xfa0fffff]
[    0.187652] pci 0000:00:01.0:   bridge window [mem 0xd0000000-0xdbffffff 64bit pref]
[    0.187708] pci 0000:00:1c.0: PCI bridge to [bus 02]
[    0.187866] pci 0000:03:00.0: [1b21:1042] type 00 class 0x0c0330
[    0.187894] pci 0000:03:00.0: reg 0x10: [mem 0xfac00000-0xfac07fff 64bit]
[    0.188037] pci 0000:03:00.0: PME# supported from D3hot D3cold
[    0.189581] pci 0000:00:1c.1: PCI bridge to [bus 03]
[    0.189654] pci 0000:00:1c.1:   bridge window [mem 0xfac00000-0xfacfffff]
[    0.189714] pci 0000:00:1c.2: PCI bridge to [bus 04]
[    0.189863] pci 0000:05:00.0: [197b:2362] type 00 class 0x010185
[    0.189897] pci 0000:05:00.0: reg 0x10: [io  0xd040-0xd047]
[    0.189913] pci 0000:05:00.0: reg 0x14: [io  0xd030-0xd033]
[    0.189929] pci 0000:05:00.0: reg 0x18: [io  0xd020-0xd027]
[    0.189944] pci 0000:05:00.0: reg 0x1c: [io  0xd010-0xd013]
[    0.189960] pci 0000:05:00.0: reg 0x20: [io  0xd000-0xd00f]
[    0.189976] pci 0000:05:00.0: reg 0x24: [mem 0xfab10000-0xfab101ff]
[    0.189992] pci 0000:05:00.0: reg 0x30: [mem 0x00000000-0x0000ffff pref]
[    0.190052] pci 0000:05:00.0: PME# supported from D3hot
[    0.191581] pci 0000:00:1c.3: PCI bridge to [bus 05]
[    0.191652] pci 0000:00:1c.3:   bridge window [io  0xd000-0xdfff]
[    0.191656] pci 0000:00:1c.3:   bridge window [mem 0xfab00000-0xfabfffff]
[    0.191744] pci 0000:06:00.0: [1b21:1042] type 00 class 0x0c0330
[    0.191772] pci 0000:06:00.0: reg 0x10: [mem 0xfaa00000-0xfaa07fff 64bit]
[    0.191916] pci 0000:06:00.0: PME# supported from D3hot D3cold
[    0.193580] pci 0000:00:1c.4: PCI bridge to [bus 06]
[    0.193653] pci 0000:00:1c.4:   bridge window [mem 0xfaa00000-0xfaafffff]
[    0.193726] pci 0000:07:00.0: [1b21:1080] type 01 class 0x060401
[    0.193863] pci 0000:00:1c.6: PCI bridge to [bus 07-08] (subtractive decode)
[    0.193936] pci 0000:00:1c.6:   bridge window [io  0xc000-0xcfff]
[    0.193940] pci 0000:00:1c.6:   bridge window [mem 0xfa900000-0xfa9fffff]
[    0.193946] pci 0000:00:1c.6:   bridge window [io  0x0000-0x0cf7] (subtractive decode)
[    0.193947] pci 0000:00:1c.6:   bridge window [io  0x0d00-0xffff] (subtractive decode)
[    0.193948] pci 0000:00:1c.6:   bridge window [mem 0x000a0000-0x000bffff] (subtractive decode)
[    0.193950] pci 0000:00:1c.6:   bridge window [mem 0xbfa00000-0xffffffff] (subtractive decode)
[    0.194024] pci 0000:08:02.0: [1106:3044] type 00 class 0x0c0010
[    0.194055] pci 0000:08:02.0: reg 0x10: [mem 0xfa900000-0xfa9007ff]
[    0.194073] pci 0000:08:02.0: reg 0x14: [io  0xc000-0xc07f]
[    0.194201] pci 0000:08:02.0: supports D2
[    0.194203] pci 0000:08:02.0: PME# supported from D2 D3hot D3cold
[    0.194301] pci 0000:07:00.0: PCI bridge to [bus 08] (subtractive decode)
[    0.194380] pci 0000:07:00.0:   bridge window [io  0xc000-0xcfff]
[    0.194386] pci 0000:07:00.0:   bridge window [mem 0xfa900000-0xfa9fffff]
[    0.194395] pci 0000:07:00.0:   bridge window [io  0xc000-0xcfff] (subtractive decode)
[    0.194397] pci 0000:07:00.0:   bridge window [mem 0xfa900000-0xfa9fffff] (subtractive decode)
[    0.194398] pci 0000:07:00.0:   bridge window [??? 0x00000000 flags 0x0] (subtractive decode)
[    0.194399] pci 0000:07:00.0:   bridge window [??? 0x00000000 flags 0x0] (subtractive decode)
[    0.194400] pci 0000:07:00.0:   bridge window [io  0x0000-0x0cf7] (subtractive decode)
[    0.194402] pci 0000:07:00.0:   bridge window [io  0x0d00-0xffff] (subtractive decode)
[    0.194403] pci 0000:07:00.0:   bridge window [mem 0x000a0000-0x000bffff] (subtractive decode)
[    0.194404] pci 0000:07:00.0:   bridge window [mem 0xbfa00000-0xffffffff] (subtractive decode)
[    0.194488] pci 0000:09:00.0: [1b4b:9172] type 00 class 0x010601
[    0.194505] pci 0000:09:00.0: reg 0x10: [io  0xb040-0xb047]
[    0.194517] pci 0000:09:00.0: reg 0x14: [io  0xb030-0xb033]
[    0.194530] pci 0000:09:00.0: reg 0x18: [io  0xb020-0xb027]
[    0.194542] pci 0000:09:00.0: reg 0x1c: [io  0xb010-0xb013]
[    0.194554] pci 0000:09:00.0: reg 0x20: [io  0xb000-0xb00f]
[    0.194568] pci 0000:09:00.0: reg 0x24: [mem 0xfa810000-0xfa8101ff]
[    0.194581] pci 0000:09:00.0: reg 0x30: [mem 0xfa800000-0xfa80ffff pref]
[    0.194637] pci 0000:09:00.0: PME# supported from D3hot
[    0.196578] pci 0000:00:1c.7: PCI bridge to [bus 09]
[    0.196649] pci 0000:00:1c.7:   bridge window [io  0xb000-0xbfff]
[    0.196652] pci 0000:00:1c.7:   bridge window [mem 0xfa800000-0xfa8fffff]
[    0.197023] ACPI: PCI Interrupt Link [LNKA] (IRQs 3 4 5 6 7 10 *11 12 14 15)
[    0.197574] ACPI: PCI Interrupt Link [LNKB] (IRQs 3 4 5 6 7 *10 11 12 14 15)
[    0.198123] ACPI: PCI Interrupt Link [LNKC] (IRQs *3 4 5 6 10 11 12 14 15)
[    0.198637] ACPI: PCI Interrupt Link [LNKD] (IRQs 3 4 5 6 10 *11 12 14 15)
[    0.199146] ACPI: PCI Interrupt Link [LNKE] (IRQs 3 4 6 7 *10 11 12 14 15)
[    0.199658] ACPI: PCI Interrupt Link [LNKF] (IRQs 3 4 *5 6 7 10 11 12 14 15)
[    0.200205] ACPI: PCI Interrupt Link [LNKG] (IRQs 3 *4 5 6 7 10 11 12 14 15)
[    0.200754] ACPI: PCI Interrupt Link [LNKH] (IRQs 3 4 5 6 *7 10 11 12 14 15)
[    0.201348] ACPI: Enabled 1 GPEs in block 00 to 3F
[    0.201493] ACPI: \_SB_.PCI0: notify handler is installed
[    0.201526] Found 1 acpi root devices
[    0.201536] ACPI: EC: GPE = 0x18, I/O: command/status = 0x66, data = 0x62
[    0.201687] vgaarb: device added: PCI:0000:00:02.0,decodes=io+mem,owns=io+mem,locks=none
[    0.201786] vgaarb: device added: PCI:0000:01:00.0,decodes=io+mem,owns=none,locks=none
[    0.201883] vgaarb: loaded
[    0.201947] vgaarb: bridge control possible 0000:01:00.0
[    0.202016] vgaarb: no bridge control possible 0000:00:02.0
[    0.202151] SCSI subsystem initialized
[    0.202218] ACPI: bus type ATA registered
[    0.202333] libata version 3.00 loaded.
[    0.202349] ACPI: bus type USB registered
[    0.202445] usbcore: registered new interface driver usbfs
[    0.202528] usbcore: registered new interface driver hub
[    0.202617] usbcore: registered new device driver usb
[    0.202784] PCI: Using ACPI for IRQ routing
[    0.204170] PCI: pci_cache_line_size set to 64 bytes
[    0.204238] e820: reserve RAM buffer [mem 0x0009b400-0x0009ffff]
[    0.204239] e820: reserve RAM buffer [mem 0xb677e000-0xb7ffffff]
[    0.204241] e820: reserve RAM buffer [mem 0xb6dcf000-0xb7ffffff]
[    0.204242] e820: reserve RAM buffer [mem 0xb7000000-0xb7ffffff]
[    0.204243] e820: reserve RAM buffer [mem 0x23fe00000-0x23fffffff]
[    0.204332] NetLabel: Initializing
[    0.204398] NetLabel:  domain hash size = 128
[    0.204466] NetLabel:  protocols = UNLABELED CIPSOv4
[    0.204540] NetLabel:  unlabeled traffic allowed by default
[    0.204628] hpet0: at MMIO 0xfed00000, IRQs 2, 8, 0, 0, 0, 0, 0, 0
[    0.205035] hpet0: 8 comparators, 64-bit 14.318180 MHz counter
[    0.207119] Switched to clocksource hpet
[    0.208545] pnp: PnP ACPI init
[    0.208617] ACPI: bus type PNP registered
[    0.208769] system 00:00: [mem 0xfed10000-0xfed19fff] has been reserved
[    0.208842] system 00:00: [mem 0xe0000000-0xe3ffffff] has been reserved
[    0.208913] system 00:00: [mem 0xfed90000-0xfed93fff] has been reserved
[    0.208984] system 00:00: [mem 0xfed20000-0xfed3ffff] has been reserved
[    0.209055] system 00:00: [mem 0xfee00000-0xfee0ffff] has been reserved
[    0.209135] system 00:00: Plug and Play ACPI device, IDs PNP0c01 (active)
[    0.209208] system 00:01: [io  0x0290-0x029f] has been reserved
[    0.209279] system 00:01: Plug and Play ACPI device, IDs PNP0c02 (active)
[    0.209286] pnp 00:02: [dma 4]
[    0.209313] pnp 00:02: Plug and Play ACPI device, IDs PNP0200 (active)
[    0.209350] pnp 00:03: Plug and Play ACPI device, IDs PNP0b00 (active)
[    0.209380] pnp 00:04: Plug and Play ACPI device, IDs PNP0800 (active)
[    0.209426] system 00:05: [io  0x04d0-0x04d1] has been reserved
[    0.209496] system 00:05: Plug and Play ACPI device, IDs PNP0c02 (active)
[    0.209530] pnp 00:06: Plug and Play ACPI device, IDs PNP0c04 (active)
[    0.209724] system 00:07: [io  0x0400-0x0453] could not be reserved
[    0.209796] system 00:07: [io  0x0458-0x047f] has been reserved
[    0.209866] system 00:07: [io  0x0500-0x057f] has been reserved
[    0.209936] system 00:07: [mem 0xfed1c000-0xfed1ffff] has been reserved
[    0.210008] system 00:07: [mem 0xfec00000-0xfecfffff] could not be reserved
[    0.210080] system 00:07: [mem 0xfed08000-0xfed08fff] has been reserved
[    0.210163] system 00:07: [mem 0xff000000-0xffffffff] has been reserved
[    0.210234] system 00:07: Plug and Play ACPI device, IDs PNP0c01 (active)
[    0.210287] system 00:08: [io  0x0454-0x0457] has been reserved
[    0.210359] system 00:08: Plug and Play ACPI device, IDs INT3f0d PNP0c02 (active)
[    0.210457] pnp 00:09: Plug and Play ACPI device, IDs PNP0103 (active)
[    0.210548] pnp: PnP ACPI: found 10 devices
[    0.210615] ACPI: bus type PNP unregistered
[    0.218093] pci 0000:00:1c.3: BAR 15: assigned [mem 0xbfa00000-0xbfafffff pref]
[    0.218196] pci 0000:00:01.0: PCI bridge to [bus 01]
[    0.218265] pci 0000:00:01.0:   bridge window [io  0xe000-0xefff]
[    0.218336] pci 0000:00:01.0:   bridge window [mem 0xf8000000-0xfa0fffff]
[    0.218408] pci 0000:00:01.0:   bridge window [mem 0xd0000000-0xdbffffff 64bit pref]
[    0.218506] pci 0000:00:1c.0: PCI bridge to [bus 02]
[    0.218583] pci 0000:00:1c.1: PCI bridge to [bus 03]
[    0.218654] pci 0000:00:1c.1:   bridge window [mem 0xfac00000-0xfacfffff]
[    0.218731] pci 0000:00:1c.2: PCI bridge to [bus 04]
[    0.218809] pci 0000:05:00.0: BAR 6: assigned [mem 0xbfa00000-0xbfa0ffff pref]
[    0.218904] pci 0000:00:1c.3: PCI bridge to [bus 05]
[    0.218974] pci 0000:00:1c.3:   bridge window [io  0xd000-0xdfff]
[    0.219047] pci 0000:00:1c.3:   bridge window [mem 0xfab00000-0xfabfffff]
[    0.219126] pci 0000:00:1c.3:   bridge window [mem 0xbfa00000-0xbfafffff pref]
[    0.219226] pci 0000:00:1c.4: PCI bridge to [bus 06]
[    0.219298] pci 0000:00:1c.4:   bridge window [mem 0xfaa00000-0xfaafffff]
[    0.219374] pci 0000:07:00.0: PCI bridge to [bus 08]
[    0.219445] pci 0000:07:00.0:   bridge window [io  0xc000-0xcfff]
[    0.219521] pci 0000:07:00.0:   bridge window [mem 0xfa900000-0xfa9fffff]
[    0.219604] pci 0000:00:1c.6: PCI bridge to [bus 07-08]
[    0.219674] pci 0000:00:1c.6:   bridge window [io  0xc000-0xcfff]
[    0.219746] pci 0000:00:1c.6:   bridge window [mem 0xfa900000-0xfa9fffff]
[    0.219823] pci 0000:00:1c.7: PCI bridge to [bus 09]
[    0.219893] pci 0000:00:1c.7:   bridge window [io  0xb000-0xbfff]
[    0.219966] pci 0000:00:1c.7:   bridge window [mem 0xfa800000-0xfa8fffff]
[    0.220284] pci 0000:07:00.0: setting latency timer to 64
[    0.220317] pci_bus 0000:00: resource 4 [io  0x0000-0x0cf7]
[    0.220319] pci_bus 0000:00: resource 5 [io  0x0d00-0xffff]
[    0.220320] pci_bus 0000:00: resource 6 [mem 0x000a0000-0x000bffff]
[    0.220321] pci_bus 0000:00: resource 7 [mem 0xbfa00000-0xffffffff]
[    0.220323] pci_bus 0000:01: resource 0 [io  0xe000-0xefff]
[    0.220324] pci_bus 0000:01: resource 1 [mem 0xf8000000-0xfa0fffff]
[    0.220325] pci_bus 0000:01: resource 2 [mem 0xd0000000-0xdbffffff 64bit pref]
[    0.220327] pci_bus 0000:03: resource 1 [mem 0xfac00000-0xfacfffff]
[    0.220328] pci_bus 0000:05: resource 0 [io  0xd000-0xdfff]
[    0.220329] pci_bus 0000:05: resource 1 [mem 0xfab00000-0xfabfffff]
[    0.220330] pci_bus 0000:05: resource 2 [mem 0xbfa00000-0xbfafffff pref]
[    0.220332] pci_bus 0000:06: resource 1 [mem 0xfaa00000-0xfaafffff]
[    0.220333] pci_bus 0000:07: resource 0 [io  0xc000-0xcfff]
[    0.220334] pci_bus 0000:07: resource 1 [mem 0xfa900000-0xfa9fffff]
[    0.220335] pci_bus 0000:07: resource 4 [io  0x0000-0x0cf7]
[    0.220337] pci_bus 0000:07: resource 5 [io  0x0d00-0xffff]
[    0.220338] pci_bus 0000:07: resource 6 [mem 0x000a0000-0x000bffff]
[    0.220339] pci_bus 0000:07: resource 7 [mem 0xbfa00000-0xffffffff]
[    0.220340] pci_bus 0000:08: resource 0 [io  0xc000-0xcfff]
[    0.220341] pci_bus 0000:08: resource 1 [mem 0xfa900000-0xfa9fffff]
[    0.220343] pci_bus 0000:08: resource 4 [io  0xc000-0xcfff]
[    0.220344] pci_bus 0000:08: resource 5 [mem 0xfa900000-0xfa9fffff]
[    0.220345] pci_bus 0000:08: resource 8 [io  0x0000-0x0cf7]
[    0.220346] pci_bus 0000:08: resource 9 [io  0x0d00-0xffff]
[    0.220348] pci_bus 0000:08: resource 10 [mem 0x000a0000-0x000bffff]
[    0.220349] pci_bus 0000:08: resource 11 [mem 0xbfa00000-0xffffffff]
[    0.220350] pci_bus 0000:09: resource 0 [io  0xb000-0xbfff]
[    0.220351] pci_bus 0000:09: resource 1 [mem 0xfa800000-0xfa8fffff]
[    0.220370] NET: Registered protocol family 2
[    0.220556] TCP established hash table entries: 65536 (order: 8, 1048576 bytes)
[    0.220796] TCP bind hash table entries: 65536 (order: 8, 1048576 bytes)
[    0.220978] TCP: Hash tables configured (established 65536 bind 65536)
[    0.221062] TCP: reno registered
[    0.221148] UDP hash table entries: 4096 (order: 5, 131072 bytes)
[    0.221239] UDP-Lite hash table entries: 4096 (order: 5, 131072 bytes)
[    0.221358] NET: Registered protocol family 1
[    0.221468] RPC: Registered named UNIX socket transport module.
[    0.221538] RPC: Registered udp transport module.
[    0.221605] RPC: Registered tcp transport module.
[    0.221673] RPC: Registered tcp NFSv4.1 backchannel transport module.
[    0.221748] pci 0000:00:02.0: Boot video device
[    0.468047] PCI: CLS 64 bytes, default 64
[    0.468078] PCI-DMA: Using software bounce buffering for IO (SWIOTLB)
[    0.468151] software IO TLB [mem 0xb277e000-0xb677e000] (64MB) mapped at [ffff8800b277e000-ffff8800b677dfff]
[    0.468838] microcode: CPU0 sig=0x206a7, pf=0x2, revision=0x14
[    0.468921] microcode: CPU1 sig=0x206a7, pf=0x2, revision=0x14
[    0.468995] microcode: CPU2 sig=0x206a7, pf=0x2, revision=0x14
[    0.469069] microcode: CPU3 sig=0x206a7, pf=0x2, revision=0x14
[    0.469174] microcode: Microcode Update Driver: v2.00 <tigran@aivazian.fsnet.co.uk>, Peter Oruba
[    0.469271] Scanning for low memory corruption every 60 seconds
[    0.470224] sha1_ssse3: Using AVX optimized SHA-1 implementation
[    0.470335] sha256_ssse3: Using AVX optimized SHA-256 implementation
[    0.470446] sha512_ssse3: Using AVX optimized SHA-512 implementation
[    0.485022] HugeTLB registered 2 MB page size, pre-allocated 0 pages
[    0.487025] VFS: Disk quotas dquot_6.5.2
[    0.487133] Dquot-cache hash table entries: 512 (order 0, 4096 bytes)
[    0.487843] NFS: Registering the id_resolver key type
[    0.487930] Key type id_resolver registered
[    0.487997] Key type id_legacy registered
[    0.488109] msgmni has been set to 15656
[    0.489308] NET: Registered protocol family 38
[    0.489376] Key type asymmetric registered
[    0.489442] Asymmetric key parser 'x509' registered
[    0.489564] Block layer SCSI generic (bsg) driver version 0.4 loaded (major 253)
[    0.489660] io scheduler noop registered
[    0.489727] io scheduler deadline registered
[    0.489826] io scheduler cfq registered (default)
[    0.489972] pcieport 0000:00:01.0: irq 40 for MSI/MSI-X
[    0.490049] pcieport 0000:00:1c.0: irq 41 for MSI/MSI-X
[    0.490125] pcieport 0000:00:1c.1: irq 42 for MSI/MSI-X
[    0.490200] pcieport 0000:00:1c.2: irq 43 for MSI/MSI-X
[    0.490275] pcieport 0000:00:1c.3: irq 44 for MSI/MSI-X
[    0.490350] pcieport 0000:00:1c.4: irq 45 for MSI/MSI-X
[    0.490425] pcieport 0000:00:1c.7: irq 46 for MSI/MSI-X
[    0.490553] pci_hotplug: PCI Hot Plug PCI Core version: 0.5
[    0.490744] input: Power Button as /devices/LNXSYSTM:00/device:00/PNP0C0C:00/input/input0
[    0.490853] ACPI: Power Button [PWRB]
[    0.490956] input: Power Button as /devices/LNXSYSTM:00/LNXPWRBN:00/input/input1
[    0.491052] ACPI: Power Button [PWRF]
[    0.491194] ACPI: Requesting acpi_cpufreq
[    0.491364] Monitor-Mwait will be used to enter C-1 state
[    0.491367] Monitor-Mwait will be used to enter C-3 state
[    0.491373] ACPI: acpi_idle registered with cpuidle
[    0.491904] Serial: 8250/16550 driver, 4 ports, IRQ sharing enabled
[    0.492421] Non-volatile memory driver v1.3
[    0.492489] Linux agpgart interface v0.103
[    0.492656] [drm] Initialized drm 1.1.0 20060810
[    0.492788] [drm:drm_pci_agp_init] *ERROR* Cannot initialize the agpgart module.
[    0.492901] DRM: Fill_in_dev failed.
[    0.493666] loop: module loaded
[    0.493891] ahci 0000:00:1f.2: version 3.0
[    0.493947] ahci 0000:00:1f.2: irq 47 for MSI/MSI-X
[    0.504867] ahci 0000:00:1f.2: AHCI 0001.0300 32 slots 6 ports 6 Gbps 0x3f impl SATA mode
[    0.504964] ahci 0000:00:1f.2: flags: 64bit ncq sntf pm led clo pio slum part ems apst 
[    0.505062] ahci 0000:00:1f.2: setting latency timer to 64
[    0.515338] scsi0 : ahci
[    0.515482] scsi1 : ahci
[    0.515619] scsi2 : ahci
[    0.515755] scsi3 : ahci
[    0.515895] scsi4 : ahci
[    0.516031] scsi5 : ahci
[    0.516168] ata1: SATA max UDMA/133 abar m2048@0xfad25000 port 0xfad25100 irq 47
[    0.516263] ata2: SATA max UDMA/133 abar m2048@0xfad25000 port 0xfad25180 irq 47
[    0.516359] ata3: SATA max UDMA/133 abar m2048@0xfad25000 port 0xfad25200 irq 47
[    0.516454] ata4: SATA max UDMA/133 abar m2048@0xfad25000 port 0xfad25280 irq 47
[    0.516549] ata5: SATA max UDMA/133 abar m2048@0xfad25000 port 0xfad25300 irq 47
[    0.516645] ata6: SATA max UDMA/133 abar m2048@0xfad25000 port 0xfad25380 irq 47
[    0.516880] ahci 0000:05:00.0: AHCI 0001.0100 32 slots 2 ports 3 Gbps 0x3 impl SATA mode
[    0.516978] ahci 0000:05:00.0: flags: 64bit ncq pm led clo pmp pio slum part 
[    0.517290] scsi6 : ahci
[    0.517420] scsi7 : ahci
[    0.517537] ata7: SATA max UDMA/133 abar m512@0xfab10000 port 0xfab10100 irq 19
[    0.517634] ata8: SATA max UDMA/133 abar m512@0xfab10000 port 0xfab10180 irq 19
[    0.518268] ahci 0000:09:00.0: irq 48 for MSI/MSI-X
[    0.518321] ahci 0000:09:00.0: AHCI 0001.0000 32 slots 2 ports 6 Gbps 0x3 impl SATA mode
[    0.518418] ahci 0000:09:00.0: flags: 64bit ncq sntf led only pmp fbs pio slum part sxs 
[    0.518766] scsi8 : ahci
[    0.518912] scsi9 : ahci
[    0.519029] ata9: SATA max UDMA/133 abar m512@0xfa810000 port 0xfa810100 irq 48
[    0.519126] ata10: SATA max UDMA/133 abar m512@0xfa810000 port 0xfa810180 irq 48
[    0.519406] ehci_hcd: USB 2.0 'Enhanced' Host Controller (EHCI) Driver
[    0.519477] ehci-pci: EHCI PCI platform driver
[    0.519591] ehci-pci 0000:00:1a.0: setting latency timer to 64
[    0.519597] ehci-pci 0000:00:1a.0: EHCI Host Controller
[    0.519704] ehci-pci 0000:00:1a.0: new USB bus registered, assigned bus number 1
[    0.519809] ehci-pci 0000:00:1a.0: debug port 2
[    0.523784] ehci-pci 0000:00:1a.0: cache line size of 64 is not supported
[    0.523795] ehci-pci 0000:00:1a.0: irq 23, io mem 0xfad27000
[    0.529823] ehci-pci 0000:00:1a.0: USB 2.0 started, EHCI 1.00
[    0.529902] usb usb1: New USB device found, idVendor=1d6b, idProduct=0002
[    0.529974] usb usb1: New USB device strings: Mfr=3, Product=2, SerialNumber=1
[    0.530069] usb usb1: Product: EHCI Host Controller
[    0.530137] usb usb1: Manufacturer: Linux 3.11.10 ehci_hcd
[    0.530206] usb usb1: SerialNumber: 0000:00:1a.0
[    0.530356] hub 1-0:1.0: USB hub found
[    0.530425] hub 1-0:1.0: 2 ports detected
[    0.530564] ehci-pci 0000:00:1d.0: setting latency timer to 64
[    0.530569] ehci-pci 0000:00:1d.0: EHCI Host Controller
[    0.530675] ehci-pci 0000:00:1d.0: new USB bus registered, assigned bus number 2
[    0.530779] ehci-pci 0000:00:1d.0: debug port 2
[    0.534758] ehci-pci 0000:00:1d.0: cache line size of 64 is not supported
[    0.534761] ehci-pci 0000:00:1d.0: irq 23, io mem 0xfad26000
[    0.540809] ehci-pci 0000:00:1d.0: USB 2.0 started, EHCI 1.00
[    0.540884] usb usb2: New USB device found, idVendor=1d6b, idProduct=0002
[    0.540957] usb usb2: New USB device strings: Mfr=3, Product=2, SerialNumber=1
[    0.541052] usb usb2: Product: EHCI Host Controller
[    0.541120] usb usb2: Manufacturer: Linux 3.11.10 ehci_hcd
[    0.541188] usb usb2: SerialNumber: 0000:00:1d.0
[    0.541333] hub 2-0:1.0: USB hub found
[    0.541401] hub 2-0:1.0: 2 ports detected
[    0.541519] ohci_hcd: USB 1.1 'Open' Host Controller (OHCI) Driver
[    0.541589] ohci-pci: OHCI PCI platform driver
[    0.541678] uhci_hcd: USB Universal Host Controller Interface driver
[    0.541803] usbcore: registered new interface driver usblp
[    0.541900] usbcore: registered new interface driver usb-storage
[    0.542060] i8042: PNP: No PS/2 controller found. Probing ports directly.
[    0.545238] serio: i8042 KBD port at 0x60,0x64 irq 1
[    0.545310] serio: i8042 AUX port at 0x60,0x64 irq 12
[    0.545462] mousedev: PS/2 mouse device common for all mice
[    0.545681] rtc_cmos 00:03: RTC can wake from S4
[    0.545877] rtc_cmos 00:03: rtc core: registered rtc_cmos as rtc0
[    0.545971] rtc_cmos 00:03: alarms up to one month, y3k, 114 bytes nvram, hpet irqs
[    0.546143] i801_smbus 0000:00:1f.3: SMBus using PCI Interrupt
[    0.546364] device-mapper: ioctl: 4.25.0-ioctl (2013-06-26) initialised: dm-devel@redhat.com
[    0.546486] cpuidle: using governor ladder
[    0.546588] cpuidle: using governor menu
[    0.546700] hidraw: raw HID events driver (C) Jiri Kosina
[    0.547427] usbcore: registered new interface driver usbhid
[    0.547496] usbhid: USB HID core driver
[    0.547612] Netfilter messages via NETLINK v0.30.
[    0.547686] nf_conntrack version 0.5.0 (16384 buckets, 65536 max)
[    0.547842] ctnetlink v0.93: registering with nfnetlink.
[    0.547968] ip_tables: (C) 2000-2006 Netfilter Core Team
[    0.548048] TCP: cubic registered
[    0.548114] Initializing XFRM netlink socket
[    0.548461] NET: Registered protocol family 10
[    0.548618] ip6_tables: (C) 2000-2006 Netfilter Core Team
[    0.548707] sit: IPv6 over IPv4 tunneling driver
[    0.549001] NET: Registered protocol family 17
[    0.549082] Key type dns_resolver registered
[    0.549459] registered taskstats version 1
[    0.549915] console [netcon0] enabled
[    0.549981] netconsole: network logging started
[    0.820590] ata3: SATA link up 3.0 Gbps (SStatus 123 SControl 300)
[    0.820697] ata2: SATA link up 6.0 Gbps (SStatus 133 SControl 300)
[    0.820784] ata4: SATA link up 3.0 Gbps (SStatus 123 SControl 300)
[    0.820885] ata1: SATA link up 6.0 Gbps (SStatus 133 SControl 300)
[    0.821000] ata3.00: ATA-9: INTEL SSDSC2BA100G3, 5DV10270, max UDMA/133
[    0.821078] ata3.00: 195371568 sectors, multi 1: LBA48 NCQ (depth 31/32)
[    0.821157] ata2.00: ATA-9: INTEL SSDSC2BA100G3, 5DV10270, max UDMA/133
[    0.821235] ata2.00: 195371568 sectors, multi 1: LBA48 NCQ (depth 31/32)
[    0.821406] ata4.00: ATA-9: INTEL SSDSC2BA100G3, 5DV10270, max UDMA/133
[    0.821480] ata4.00: 195371568 sectors, multi 1: LBA48 NCQ (depth 31/32)
[    0.821580] ata1.00: ATA-9: INTEL SSDSC2BA100G3, 5DV10270, max UDMA/133
[    0.821657] ata1.00: 195371568 sectors, multi 1: LBA48 NCQ (depth 31/32)
[    0.821750] ata6: SATA link up 3.0 Gbps (SStatus 123 SControl 300)
[    0.821850] ata5: SATA link up 3.0 Gbps (SStatus 123 SControl 300)
[    0.821929] ata2.00: configured for UDMA/133
[    0.822012] ata3.00: configured for UDMA/133
[    0.822195] ata5.00: ATA-9: INTEL SSDSC2BA100G3, 5DV10270, max UDMA/133
[    0.822270] ata5.00: 195371568 sectors, multi 1: LBA48 NCQ (depth 31/32)
[    0.822347] ata1.00: configured for UDMA/133
[    0.822425] ata4.00: configured for UDMA/133
[    0.822501] ata6.00: ATA-9: INTEL SSDSC2BA100G3, 5DV10270, max UDMA/133
[    0.822562] ata8: SATA link down (SStatus 0 SControl 300)
[    0.822565] scsi 0:0:0:0: Direct-Access     ATA      INTEL SSDSC2BA10 5DV1 PQ: 0 ANSI: 5
[    0.822630] ata7: SATA link down (SStatus 0 SControl 300)
[    0.822914] ata6.00: 195371568 sectors, multi 1: LBA48 NCQ (depth 31/32)
[    0.823074] ata5.00: configured for UDMA/133
[    0.823252] sd 0:0:0:0: [sda] 195371568 512-byte logical blocks: (100 GB/93.1 GiB)
[    0.823355] ata6.00: configured for UDMA/133
[    0.823360] sd 0:0:0:0: Attached scsi generic sg0 type 0
[    0.823477] scsi 1:0:0:0: Direct-Access     ATA      INTEL SSDSC2BA10 5DV1 PQ: 0 ANSI: 5
[    0.823654] sd 1:0:0:0: [sdb] 195371568 512-byte logical blocks: (100 GB/93.1 GiB)
[    0.823654] sd 1:0:0:0: [sdb] 4096-byte physical blocks
[    0.823712] sd 1:0:0:0: Attached scsi generic sg1 type 0
[    0.823764] sd 1:0:0:0: [sdb] Write Protect is off
[    0.823766] sd 1:0:0:0: [sdb] Mode Sense: 00 3a 00 00
[    0.823783] sd 1:0:0:0: [sdb] Write cache: enabled, read cache: enabled, doesn't support DPO or FUA
[    0.823831] scsi 2:0:0:0: Direct-Access     ATA      INTEL SSDSC2BA10 5DV1 PQ: 0 ANSI: 5
[    0.823986] sd 2:0:0:0: [sdc] 195371568 512-byte logical blocks: (100 GB/93.1 GiB)
[    0.823987] sd 2:0:0:0: [sdc] 4096-byte physical blocks
[    0.824020] sd 2:0:0:0: Attached scsi generic sg2 type 0
[    0.824064] sd 2:0:0:0: [sdc] Write Protect is off
[    0.824065] sd 2:0:0:0: [sdc] Mode Sense: 00 3a 00 00
[    0.824084] sd 2:0:0:0: [sdc] Write cache: enabled, read cache: enabled, doesn't support DPO or FUA
[    0.824088] scsi 3:0:0:0: Direct-Access     ATA      INTEL SSDSC2BA10 5DV1 PQ: 0 ANSI: 5
[    0.824177]  sdb: sdb1
[    0.824279] sd 3:0:0:0: [sdd] 195371568 512-byte logical blocks: (100 GB/93.1 GiB)
[    0.824279] sd 3:0:0:0: [sdd] 4096-byte physical blocks
[    0.824367] sd 3:0:0:0: [sdd] Write Protect is off
[    0.824368] sd 3:0:0:0: [sdd] Mode Sense: 00 3a 00 00
[    0.824389] sd 3:0:0:0: [sdd] Write cache: enabled, read cache: enabled, doesn't support DPO or FUA
[    0.824461]  sdc: sdc1
[    0.825592] sd 0:0:0:0: [sda] 4096-byte physical blocks
[    0.825719] sd 3:0:0:0: Attached scsi generic sg3 type 0
[    0.825750] sd 0:0:0:0: [sda] Write Protect is off
[    0.825752] sd 0:0:0:0: [sda] Mode Sense: 00 3a 00 00
[    0.825760] sd 0:0:0:0: [sda] Write cache: enabled, read cache: enabled, doesn't support DPO or FUA
[    0.825855] sd 1:0:0:0: [sdb] Attached SCSI disk
[    0.826000] sd 2:0:0:0: [sdc] Attached SCSI disk
[    0.826258]  sda: sda1
[    0.826369] scsi 4:0:0:0: Direct-Access     ATA      INTEL SSDSC2BA10 5DV1 PQ: 0 ANSI: 5
[    0.826533]  sdd: sdd1
[    0.826648] sd 4:0:0:0: [sde] 195371568 512-byte logical blocks: (100 GB/93.1 GiB)
[    0.826715] sd 4:0:0:0: Attached scsi generic sg4 type 0
[    0.826731] sd 0:0:0:0: [sda] Attached SCSI disk
[    0.826917] sd 3:0:0:0: [sdd] Attached SCSI disk
[    0.827063] sd 4:0:0:0: [sde] 4096-byte physical blocks
[    0.827174] scsi 5:0:0:0: Direct-Access     ATA      INTEL SSDSC2BA10 5DV1 PQ: 0 ANSI: 5
[    0.827219] sd 4:0:0:0: [sde] Write Protect is off
[    0.827220] sd 4:0:0:0: [sde] Mode Sense: 00 3a 00 00
[    0.827244] sd 4:0:0:0: [sde] Write cache: enabled, read cache: enabled, doesn't support DPO or FUA
[    0.827593]  sde: sde1
[    0.827691] sd 5:0:0:0: [sdf] 195371568 512-byte logical blocks: (100 GB/93.1 GiB)
[    0.827692] sd 5:0:0:0: [sdf] 4096-byte physical blocks
[    0.827752] sd 5:0:0:0: Attached scsi generic sg5 type 0
[    0.827795] sd 5:0:0:0: [sdf] Write Protect is off
[    0.827796] sd 5:0:0:0: [sdf] Mode Sense: 00 3a 00 00
[    0.827828] sd 5:0:0:0: [sdf] Write cache: enabled, read cache: enabled, doesn't support DPO or FUA
[    0.828198]  sdf: sdf1
[    0.828443] sd 5:0:0:0: [sdf] Attached SCSI disk
[    0.828590] sd 4:0:0:0: [sde] Attached SCSI disk
[    0.831530] usb 1-1: new high-speed USB device number 2 using ehci-pci
[    0.945913] usb 1-1: New USB device found, idVendor=8087, idProduct=0024
[    0.946003] usb 1-1: New USB device strings: Mfr=0, Product=0, SerialNumber=0
[    0.946552] hub 1-1:1.0: USB hub found
[    0.946798] hub 1-1:1.0: 6 ports detected
[    0.979436] ata10: SATA link up 3.0 Gbps (SStatus 123 SControl 300)
[    0.979542] ata9: SATA link up 6.0 Gbps (SStatus 133 SControl 300)
[    0.979927] ata10.00: ATA-8: INTEL SSDSA2CW120G3, 4PC10362, max UDMA/133
[    0.980006] ata10.00: 234441648 sectors, multi 1: LBA48 NCQ (depth 31/32)
[    0.980220] ata9.00: ATA-9: INTEL SSDSC2BB080G6, G2010140, max UDMA/133
[    0.980307] ata9.00: 156301488 sectors, multi 1: LBA48 NCQ (depth 31/32)
[    0.980512] ata10.00: configured for UDMA/133
[    0.981171] ata9.00: configured for UDMA/133
[    0.981384] scsi 8:0:0:0: Direct-Access     ATA      INTEL SSDSC2BB08 G201 PQ: 0 ANSI: 5
[    0.981977] sd 8:0:0:0: [sdg] 156301488 512-byte logical blocks: (80.0 GB/74.5 GiB)
[    0.982096] sd 8:0:0:0: [sdg] 4096-byte physical blocks
[    0.982126] sd 8:0:0:0: Attached scsi generic sg6 type 0
[    0.982235] scsi 9:0:0:0: Direct-Access     ATA      INTEL SSDSA2CW12 4PC1 PQ: 0 ANSI: 5
[    0.982378] sd 9:0:0:0: [sdh] 234441648 512-byte logical blocks: (120 GB/111 GiB)
[    0.982442] sd 9:0:0:0: Attached scsi generic sg7 type 0
[    0.982491] sd 9:0:0:0: [sdh] Write Protect is off
[    0.982492] sd 9:0:0:0: [sdh] Mode Sense: 00 3a 00 00
[    0.982514] sd 9:0:0:0: [sdh] Write cache: enabled, read cache: enabled, doesn't support DPO or FUA
[    0.982934] sd 8:0:0:0: [sdg] Write Protect is off
[    0.983013] sd 8:0:0:0: [sdg] Mode Sense: 00 3a 00 00
[    0.983018]  sdh: sdh1
[    0.983022] sd 8:0:0:0: [sdg] Write cache: enabled, read cache: enabled, doesn't support DPO or FUA
[    0.983490] sd 9:0:0:0: [sdh] Attached SCSI disk
[    0.983545]  sdg: sdg1 sdg2 sdg3 sdg4
[    0.983868] sd 8:0:0:0: [sdg] Attached SCSI disk
[    0.983946] md: Waiting for all devices to be available before autodetect
[    0.984017] md: If you don't use raid, use raid=noautodetect
[    0.984192] md: Autodetecting RAID arrays.
[    0.984390] md: invalid raid superblock magic on sdb1
[    0.984470] md: sdb1 does not have a valid v0.90 superblock, not importing!
[    0.984600] md: invalid raid superblock magic on sdc1
[    0.984669] md: sdc1 does not have a valid v0.90 superblock, not importing!
[    0.984860] md: invalid raid superblock magic on sda1
[    0.984929] md: sda1 does not have a valid v0.90 superblock, not importing!
[    0.985051] md: invalid raid superblock magic on sdd1
[    0.985119] md: sdd1 does not have a valid v0.90 superblock, not importing!
[    0.985240] md: invalid raid superblock magic on sdf1
[    0.985309] md: sdf1 does not have a valid v0.90 superblock, not importing!
[    0.985449] md: invalid raid superblock magic on sde1
[    0.985518] md: sde1 does not have a valid v0.90 superblock, not importing!
[    0.985590] md: Scanned 6 and added 0 devices.
[    0.985657] md: autorun ...
[    0.985723] md: ... autorun DONE.
[    0.985928] EXT4-fs (sdg3): couldn't mount as ext2 due to feature incompatibilities
[    0.987593] EXT4-fs (sdg3): mounted filesystem with ordered data mode. Opts: (null)
[    0.987694] VFS: Mounted root (ext4 filesystem) readonly on device 8:99.
[    0.988449] Freeing unused kernel memory: 952K (ffffffff81cb3000 - ffffffff81da1000)
[    0.988545] Write protecting the kernel read-only data: 12288k
[    0.990435] Freeing unused kernel memory: 1228K (ffff8800016cd000 - ffff880001800000)
[    0.992912] Freeing unused kernel memory: 1832K (ffff880001a36000 - ffff880001c00000)
[    1.048857] kbd_mode (1168) used greatest stack depth: 5608 bytes left
[    1.049317] usb 2-1: new high-speed USB device number 2 using ehci-pci
[    1.052500] loadkeys (1169) used greatest stack depth: 4952 bytes left
[    1.052689] init-early.sh (1167) used greatest stack depth: 4512 bytes left
[    1.163555] usb 2-1: New USB device found, idVendor=8087, idProduct=0024
[    1.163559] usb 2-1: New USB device strings: Mfr=0, Product=0, SerialNumber=0
[    1.163869] hub 2-1:1.0: USB hub found
[    1.163911] hub 2-1:1.0: 8 ports detected
[    1.178325] kmod (1261) used greatest stack depth: 4344 bytes left
[    1.293290] pps_core: LinuxPPS API ver. 1 registered
[    1.293292] pps_core: Software ver. 5.3.6 - Copyright 2005-2007 Rodolfo Giometti <giometti@linux.it>
[    1.295496] PTP clock support registered
[    1.297763] e1000e: Intel(R) PRO/1000 Network Driver - 2.3.2-k
[    1.297765] e1000e: Copyright(c) 1999 - 2013 Intel Corporation.
[    1.297837] e1000e 0000:00:19.0: setting latency timer to 64
[    1.297890] e1000e 0000:00:19.0: Interrupt Throttling Rate (ints/sec) set to dynamic conservative mode
[    1.297907] e1000e 0000:00:19.0: irq 49 for MSI/MSI-X
[    1.321968] md: bind<sda1>
[    1.322687] md: bind<sde1>
[    1.323528] md: bind<sdc1>
[    1.325743] md: bind<sdb1>
[    1.327387] md: bind<sdd1>
[    1.329096] md: bind<sdf1>
[    1.331338] md: raid10 personality registered for level 10
[    1.331508] md/raid10:md127: active with 6 out of 6 devices
[    1.331520] md127: detected capacity change from 0 to 299885395968
[    1.331532] RAID10 conf printout:
[    1.331534]  --- wd:6 rd:6
[    1.331536]  disk 0, wo:0, o:1, dev:sda1
[    1.331537]  disk 1, wo:0, o:1, dev:sdb1
[    1.331538]  disk 2, wo:0, o:1, dev:sdc1
[    1.331539]  disk 3, wo:0, o:1, dev:sdd1
[    1.331540]  disk 4, wo:0, o:1, dev:sde1
[    1.331541]  disk 5, wo:0, o:1, dev:sdf1
[    1.331803]  md127: unknown partition table
[    1.439062] usb 2-1.7: new full-speed USB device number 3 using ehci-pci
[    1.467948] tsc: Refined TSC clocksource calibration: 3300.021 MHz
[    1.524593] usb 2-1.7: New USB device found, idVendor=0cf3, idProduct=3000
[    1.524595] usb 2-1.7: New USB device strings: Mfr=0, Product=0, SerialNumber=0
[    1.558103] e1000e 0000:00:19.0 eth0: registered PHC clock
[    1.558106] e1000e 0000:00:19.0 eth0: (PCI Express:2.5GT/s:Width x1) 14:da:e9:0f:78:84
[    1.558107] e1000e 0000:00:19.0 eth0: Intel(R) PRO/1000 Network Connection
[    1.558139] e1000e 0000:00:19.0 eth0: MAC: 10, PHY: 11, PBA No: FFFFFF-0FF
[    2.276458] EXT4-fs (sdg3): re-mounted. Opts: (null)
[    2.315858] Adding 1020k swap on /dev/sdg2.  Priority:-1 extents:1 across:1020k SS
[    2.467022] Switched to clocksource tsc
[    2.862466] e1000e 0000:00:19.0: irq 49 for MSI/MSI-X
[    2.962532] e1000e 0000:00:19.0: irq 49 for MSI/MSI-X
[    2.962621] IPv6: ADDRCONF(NETDEV_UP): eno1: link is not ready
[    5.765946] e1000e: eno1 NIC Link is Up 1000 Mbps Full Duplex, Flow Control: Rx/Tx
[    5.765979] IPv6: ADDRCONF(NETDEV_CHANGE): eno1: link becomes ready
[   23.252695] EXT4-fs (md127): barriers disabled
[   23.256489] EXT4-fs (md127): mounted filesystem with ordered data mode. Opts: nobarrier
[ 6370.944949] postgres (2784) used greatest stack depth: 4088 bytes left
