[    0.000000] Linux version 4.1.21 (root@bench) (gcc version 4.7.3 (Gentoo 4.7.3-r1 p1.4, pie-0.5.5) ) #1 SMP Sun May 22 14:11:42 CEST 2016
[    0.000000] Command line: BOOT_IMAGE=/kernel-4.1.21 root=/dev/sdg3 ro
[    0.000000] e820: BIOS-provided physical RAM map:
[    0.000000] BIOS-e820: [mem 0x0000000000000000-0x000000000009b3ff] usable
[    0.000000] BIOS-e820: [mem 0x000000000009b400-0x000000000009ffff] reserved
[    0.000000] BIOS-e820: [mem 0x00000000000e0000-0x00000000000fffff] reserved
[    0.000000] BIOS-e820: [mem 0x0000000000100000-0x000000001fffffff] usable
[    0.000000] BIOS-e820: [mem 0x0000000020000000-0x00000000201fffff] reserved
[    0.000000] BIOS-e820: [mem 0x0000000020200000-0x000000003fffffff] usable
[    0.000000] BIOS-e820: [mem 0x0000000040000000-0x00000000401fffff] reserved
[    0.000000] BIOS-e820: [mem 0x0000000040200000-0x00000000b677dfff] usable
[    0.000000] BIOS-e820: [mem 0x00000000b677e000-0x00000000b67d4fff] ACPI NVS
[    0.000000] BIOS-e820: [mem 0x00000000b67d5000-0x00000000b6b5bfff] reserved
[    0.000000] BIOS-e820: [mem 0x00000000b6b5c000-0x00000000b6b5efff] ACPI NVS
[    0.000000] BIOS-e820: [mem 0x00000000b6b5f000-0x00000000b6da4fff] reserved
[    0.000000] BIOS-e820: [mem 0x00000000b6da5000-0x00000000b6db5fff] ACPI NVS
[    0.000000] BIOS-e820: [mem 0x00000000b6db6000-0x00000000b6dccfff] reserved
[    0.000000] BIOS-e820: [mem 0x00000000b6dcd000-0x00000000b6dcefff] usable
[    0.000000] BIOS-e820: [mem 0x00000000b6dcf000-0x00000000b6dd6fff] reserved
[    0.000000] BIOS-e820: [mem 0x00000000b6dd7000-0x00000000b6de1fff] ACPI NVS
[    0.000000] BIOS-e820: [mem 0x00000000b6de2000-0x00000000b6e3dfff] reserved
[    0.000000] BIOS-e820: [mem 0x00000000b6e3e000-0x00000000b6e80fff] ACPI NVS
[    0.000000] BIOS-e820: [mem 0x00000000b6e81000-0x00000000b6ffffff] usable
[    0.000000] BIOS-e820: [mem 0x00000000b7800000-0x00000000bf9fffff] reserved
[    0.000000] BIOS-e820: [mem 0x00000000fed1c000-0x00000000fed1ffff] reserved
[    0.000000] BIOS-e820: [mem 0x00000000ff000000-0x00000000ffffffff] reserved
[    0.000000] BIOS-e820: [mem 0x0000000100000000-0x000000023fdfffff] usable
[    0.000000] NX (Execute Disable) protection: active
[    0.000000] SMBIOS 2.6 present.
[    0.000000] DMI: System manufacturer System Product Name/P8Z68-V PRO, BIOS 0501 05/09/2011
[    0.000000] e820: update [mem 0x00000000-0x00000fff] usable ==> reserved
[    0.000000] e820: remove [mem 0x000a0000-0x000fffff] usable
[    0.000000] AGP: No AGP bridge found
[    0.000000] e820: last_pfn = 0x23fe00 max_arch_pfn = 0x400000000
[    0.000000] MTRR default type: uncachable
[    0.000000] MTRR fixed ranges enabled:
[    0.000000]   00000-9FFFF write-back
[    0.000000]   A0000-BFFFF uncachable
[    0.000000]   C0000-D3FFF write-protect
[    0.000000]   D4000-E7FFF uncachable
[    0.000000]   E8000-FFFFF write-protect
[    0.000000] MTRR variable ranges enabled:
[    0.000000]   0 base 000000000 mask E00000000 write-back
[    0.000000]   1 base 200000000 mask FC0000000 write-back
[    0.000000]   2 base 0B7800000 mask FFF800000 uncachable
[    0.000000]   3 base 0B8000000 mask FF8000000 uncachable
[    0.000000]   4 base 0C0000000 mask FC0000000 uncachable
[    0.000000]   5 base 23FE00000 mask FFFE00000 uncachable
[    0.000000]   6 disabled
[    0.000000]   7 disabled
[    0.000000]   8 disabled
[    0.000000]   9 disabled
[    0.000000] PAT configuration [0-7]: WB  WC  UC- UC  WB  WC  UC- UC  
[    0.000000] e820: update [mem 0xb7800000-0xffffffff] usable ==> reserved
[    0.000000] e820: last_pfn = 0xb7000 max_arch_pfn = 0x400000000
[    0.000000] found SMP MP-table at [mem 0x000fcee0-0x000fceef] mapped at [ffff8800000fcee0]
[    0.000000] Scanning 1 areas for low memory corruption
[    0.000000] Base memory trampoline at [ffff880000095000] 95000 size 24576
[    0.000000] reserving inaccessible SNB gfx pages
[    0.000000] init_memory_mapping: [mem 0x00000000-0x000fffff]
[    0.000000]  [mem 0x00000000-0x000fffff] page 4k
[    0.000000] BRK [0x01eda000, 0x01edafff] PGTABLE
[    0.000000] BRK [0x01edb000, 0x01edbfff] PGTABLE
[    0.000000] BRK [0x01edc000, 0x01edcfff] PGTABLE
[    0.000000] init_memory_mapping: [mem 0x23fc00000-0x23fdfffff]
[    0.000000]  [mem 0x23fc00000-0x23fdfffff] page 2M
[    0.000000] BRK [0x01edd000, 0x01eddfff] PGTABLE
[    0.000000] init_memory_mapping: [mem 0x220000000-0x23fbfffff]
[    0.000000]  [mem 0x220000000-0x23fbfffff] page 2M
[    0.000000] init_memory_mapping: [mem 0x200000000-0x21fffffff]
[    0.000000]  [mem 0x200000000-0x21fffffff] page 2M
[    0.000000] init_memory_mapping: [mem 0x00100000-0x1fffffff]
[    0.000000]  [mem 0x00100000-0x001fffff] page 4k
[    0.000000]  [mem 0x00200000-0x1fffffff] page 2M
[    0.000000] init_memory_mapping: [mem 0x20200000-0x3fffffff]
[    0.000000]  [mem 0x20200000-0x3fffffff] page 2M
[    0.000000] init_memory_mapping: [mem 0x40200000-0xb677dfff]
[    0.000000]  [mem 0x40200000-0xb65fffff] page 2M
[    0.000000]  [mem 0xb6600000-0xb677dfff] page 4k
[    0.000000] BRK [0x01ede000, 0x01edefff] PGTABLE
[    0.000000] BRK [0x01edf000, 0x01edffff] PGTABLE
[    0.000000] init_memory_mapping: [mem 0xb6dcd000-0xb6dcefff]
[    0.000000]  [mem 0xb6dcd000-0xb6dcefff] page 4k
[    0.000000] init_memory_mapping: [mem 0xb6e81000-0xb6ffffff]
[    0.000000]  [mem 0xb6e81000-0xb6ffffff] page 4k
[    0.000000] init_memory_mapping: [mem 0x100000000-0x1ffffffff]
[    0.000000]  [mem 0x100000000-0x1ffffffff] page 2M
[    0.000000] ACPI: Early table checksum verification disabled
[    0.000000] ACPI: RSDP 0x00000000000F0420 000024 (v02 ALASKA)
[    0.000000] ACPI: XSDT 0x00000000B67CA068 00004C (v01 ALASKA A M I    01072009 AMI  00010013)
[    0.000000] ACPI: FACP 0x00000000B67D42D8 0000F4 (v04 ALASKA A M I    01072009 AMI  00010013)
[    0.000000] ACPI: DSDT 0x00000000B67CA140 00A198 (v02 ALASKA A M I    00000000 INTL 20051117)
[    0.000000] ACPI: FACS 0x00000000B6DD9F80 000040
[    0.000000] ACPI: APIC 0x00000000B67D43D0 000072 (v03 ALASKA A M I    01072009 AMI  00010013)
[    0.000000] ACPI: SSDT 0x00000000B67D4448 000102 (v01 AMICPU PROC     00000001 MSFT 03000001)
[    0.000000] ACPI: MCFG 0x00000000B67D4550 00003C (v01 ALASKA A M I    01072009 MSFT 00000097)
[    0.000000] ACPI: HPET 0x00000000B67D4590 000038 (v01 ALASKA A M I    01072009 AMI. 00000004)
[    0.000000] ACPI: Local APIC address 0xfee00000
[    0.000000] No NUMA configuration found
[    0.000000] Faking a node at [mem 0x0000000000000000-0x000000023fdfffff]
[    0.000000] NODE_DATA(0) allocated [mem 0x23fdf5000-0x23fdf8fff]
[    0.000000]  [ffffea0000000000-ffffea0008ffffff] PMD -> [ffff880237600000-ffff88023f3fffff] on node 0
[    0.000000] Zone ranges:
[    0.000000]   DMA      [mem 0x0000000000001000-0x0000000000ffffff]
[    0.000000]   DMA32    [mem 0x0000000001000000-0x00000000ffffffff]
[    0.000000]   Normal   [mem 0x0000000100000000-0x000000023fdfffff]
[    0.000000] Movable zone start for each node
[    0.000000] Early memory node ranges
[    0.000000]   node   0: [mem 0x0000000000001000-0x000000000009afff]
[    0.000000]   node   0: [mem 0x0000000000100000-0x000000001fffffff]
[    0.000000]   node   0: [mem 0x0000000020200000-0x000000003fffffff]
[    0.000000]   node   0: [mem 0x0000000040200000-0x00000000b677dfff]
[    0.000000]   node   0: [mem 0x00000000b6dcd000-0x00000000b6dcefff]
[    0.000000]   node   0: [mem 0x00000000b6e81000-0x00000000b6ffffff]
[    0.000000]   node   0: [mem 0x0000000100000000-0x000000023fdfffff]
[    0.000000] Initmem setup node 0 [mem 0x0000000000001000-0x000000023fdfffff]
[    0.000000] On node 0 totalpages: 2056857
[    0.000000]   DMA zone: 64 pages used for memmap
[    0.000000]   DMA zone: 154 pages reserved
[    0.000000]   DMA zone: 3994 pages, LIFO batch:0
[    0.000000]   DMA32 zone: 11604 pages used for memmap
[    0.000000]   DMA32 zone: 742655 pages, LIFO batch:31
[    0.000000]   Normal zone: 20472 pages used for memmap
[    0.000000]   Normal zone: 1310208 pages, LIFO batch:31
[    0.000000] Reserving Intel graphics stolen memory at 0xb7a00000-0xbf9fffff
[    0.000000] ACPI: PM-Timer IO Port: 0x408
[    0.000000] ACPI: Local APIC address 0xfee00000
[    0.000000] ACPI: LAPIC_NMI (acpi_id[0xff] high edge lint[0x1])
[    0.000000] IOAPIC[0]: apic_id 0, version 32, address 0xfec00000, GSI 0-23
[    0.000000] ACPI: INT_SRC_OVR (bus 0 bus_irq 0 global_irq 2 dfl dfl)
[    0.000000] ACPI: INT_SRC_OVR (bus 0 bus_irq 9 global_irq 9 high level)
[    0.000000] ACPI: IRQ0 used by override.
[    0.000000] ACPI: IRQ9 used by override.
[    0.000000] Using ACPI (MADT) for SMP configuration information
[    0.000000] ACPI: HPET id: 0x8086a701 base: 0xfed00000
[    0.000000] smpboot: Allowing 4 CPUs, 0 hotplug CPUs
[    0.000000] e820: [mem 0xbfa00000-0xfed1bfff] available for PCI devices
[    0.000000] clocksource refined-jiffies: mask: 0xffffffff max_cycles: 0xffffffff, max_idle_ns: 1910969940391419 ns
[    0.000000] setup_percpu: NR_CPUS:64 nr_cpumask_bits:64 nr_cpu_ids:4 nr_node_ids:1
[    0.000000] PERCPU: Embedded 32 pages/cpu @ffff88023fa00000 s92760 r8192 d30120 u524288
[    0.000000] pcpu-alloc: s92760 r8192 d30120 u524288 alloc=1*2097152
[    0.000000] pcpu-alloc: [0] 0 1 2 3 
[    0.000000] Built 1 zonelists in Node order, mobility grouping on.  Total pages: 2024563
[    0.000000] Policy zone: Normal
[    0.000000] Kernel command line: BOOT_IMAGE=/kernel-4.1.21 root=/dev/sdg3 ro
[    0.000000] PID hash table entries: 4096 (order: 3, 32768 bytes)
[    0.000000] xsave: enabled xstate_bv 0x7, cntxt size 0x340 using standard form
[    0.000000] AGP: Checking aperture...
[    0.000000] AGP: No AGP bridge found
[    0.000000] Memory: 8015792K/8227428K available (8174K kernel code, 988K rwdata, 2536K rodata, 1036K init, 856K bss, 211636K reserved, 0K cma-reserved)
[    0.000000] SLUB: HWalign=64, Order=0-3, MinObjects=0, CPUs=4, Nodes=1
[    0.000000] Hierarchical RCU implementation.
[    0.000000] 	RCU restricting CPUs from NR_CPUS=64 to nr_cpu_ids=4.
[    0.000000] RCU: Adjusting geometry for rcu_fanout_leaf=16, nr_cpu_ids=4
[    0.000000] NR_IRQS:4352 nr_irqs:456 16
[    0.000000] Console: colour VGA+ 80x25
[    0.000000] console [tty0] enabled
[    0.000000] clocksource hpet: mask: 0xffffffff max_cycles: 0xffffffff, max_idle_ns: 133484882848 ns
[    0.000000] hpet clockevent registered
[    0.000000] tsc: Fast TSC calibration using PIT
[    0.000000] tsc: Detected 3300.028 MHz processor
[    0.000001] Calibrating delay loop (skipped), value calculated using timer frequency.. 6600.05 BogoMIPS (lpj=3300028)
[    0.000146] pid_max: default: 32768 minimum: 301
[    0.000219] ACPI: Core revision 20150410
[    0.003487] ACPI: All ACPI Tables successfully acquired
[    0.003643] Security Framework initialized
[    0.004068] Dentry cache hash table entries: 1048576 (order: 11, 8388608 bytes)
[    0.005373] Inode-cache hash table entries: 524288 (order: 10, 4194304 bytes)
[    0.005976] Mount-cache hash table entries: 16384 (order: 5, 131072 bytes)
[    0.006057] Mountpoint-cache hash table entries: 16384 (order: 5, 131072 bytes)
[    0.006297] CPU: Physical Processor ID: 0
[    0.006367] CPU: Processor Core ID: 0
[    0.006439] ENERGY_PERF_BIAS: Set to 'normal', was 'performance'
[    0.006512] ENERGY_PERF_BIAS: View and update with x86_energy_perf_policy(8)
[    0.006587] mce: CPU supports 9 MCE banks
[    0.006675] CPU0: Thermal monitoring enabled (TM1)
[    0.006751] process: using mwait in idle threads
[    0.006823] Last level iTLB entries: 4KB 512, 2MB 8, 4MB 8
[    0.006896] Last level dTLB entries: 4KB 512, 2MB 32, 4MB 32, 1GB 0
[    0.007343] Freeing SMP alternatives memory: 28K (ffffffff81dfc000 - ffffffff81e03000)
[    0.111464] ..TIMER: vector=0x30 apic1=0 pin1=2 apic2=-1 pin2=-1
[    0.121533] TSC deadline timer enabled
[    0.121535] smpboot: CPU0: Intel(R) Core(TM) i5-2500K CPU @ 3.30GHz (fam: 06, model: 2a, stepping: 07)
[    0.121767] Performance Events: PEBS fmt1+, 16-deep LBR, SandyBridge events, full-width counters, Intel PMU driver.
[    0.122072] perf_event_intel: PEBS disabled due to CPU errata, please upgrade microcode
[    0.122176] ... version:                3
[    0.122246] ... bit width:              48
[    0.122317] ... generic registers:      8
[    0.122387] ... value mask:             0000ffffffffffff
[    0.122459] ... max period:             0000ffffffffffff
[    0.122531] ... fixed-purpose events:   3
[    0.122603] ... event mask:             00000007000000ff
[    0.122836] x86: Booting SMP configuration:
[    0.122907] .... node  #0, CPUs:      #1 #2 #3
[    0.162745] x86: Booted up 1 node, 4 CPUs
[    0.162884] smpboot: Total of 4 processors activated (26400.22 BogoMIPS)
[    0.165038] devtmpfs: initialized
[    0.165240] clocksource jiffies: mask: 0xffffffff max_cycles: 0xffffffff, max_idle_ns: 1911260446275000 ns
[    0.165275] kworker/u8:0 (25) used greatest stack depth: 14096 bytes left
[    0.165518] NET: Registered protocol family 16
[    0.170917] cpuidle: using governor ladder
[    0.176914] cpuidle: using governor menu
[    0.177008] ACPI: bus type PCI registered
[    0.177111] PCI: MMCONFIG for domain 0000 [bus 00-3f] at [mem 0xe0000000-0xe3ffffff] (base 0xe0000000)
[    0.177217] PCI: not using MMCONFIG
[    0.177286] PCI: Using configuration type 1 for base access
[    0.177434] perf_event_intel: PMU erratum BJ122, BV98, HSD29 workaround disabled, HT off
[    0.187065] ACPI: Added _OSI(Module Device)
[    0.187139] ACPI: Added _OSI(Processor Device)
[    0.187210] ACPI: Added _OSI(3.0 _SCP Extensions)
[    0.187281] ACPI: Added _OSI(Processor Aggregator Device)
[    0.188821] ACPI: Executed 1 blocks of module-level executable AML code
[    0.190492] ACPI: Dynamic OEM Table Load:
[    0.190640] ACPI: SSDT 0xFFFF880235C2B000 0003E0 (v01 AMI    IST      00000001 MSFT 03000001)
[    0.191082] ACPI: Dynamic OEM Table Load:
[    0.191227] ACPI: SSDT 0xFFFF880235F54400 0000E4 (v01 AMI    CST      00000001 MSFT 03000001)
[    0.191869] ACPI : EC: EC started
[    0.191942] ACPI: Interpreter enabled
[    0.192016] ACPI: (supports S0 S5)
[    0.192086] ACPI: Using IOAPIC for interrupt routing
[    0.192172] PCI: MMCONFIG for domain 0000 [bus 00-3f] at [mem 0xe0000000-0xe3ffffff] (base 0xe0000000)
[    0.192311] PCI: MMCONFIG at [mem 0xe0000000-0xe3ffffff] reserved in ACPI motherboard resources
[    0.192465] PCI: Using host bridge windows from ACPI; if necessary, use "pci=nocrs" and report a bug
[    0.192717] [Firmware Bug]: ACPI: BIOS _OSI(Linux) query ignored
[    0.196330] ACPI: PCI Root Bridge [PCI0] (domain 0000 [bus 00-ff])
[    0.197054] acpi PNP0A08:00: _OSC: OS supports [ExtendedConfig ASPM ClockPM Segments MSI]
[    0.197245] acpi PNP0A08:00: _OSC: platform does not support [PCIeHotplug]
[    0.197399] acpi PNP0A08:00: _OSC: OS now controls [PME AER PCIeCapability]
[    0.197535] acpi PNP0A08:00: ignoring host bridge window [mem 0x000c8000-0x000dffff window] (conflicts with Video ROM [mem 0x000c0000-0x000cdbff])
[    0.197647] acpi PNP0A08:00: [Firmware Info]: MMCONFIG for domain 0000 [bus 00-3f] only partially covers this bridge
[    0.197769] PCI host bridge to bus 0000:00
[    0.197840] pci_bus 0000:00: root bus resource [bus 00-ff]
[    0.197914] pci_bus 0000:00: root bus resource [io  0x0000-0x0cf7 window]
[    0.197989] pci_bus 0000:00: root bus resource [io  0x0d00-0xffff window]
[    0.198065] pci_bus 0000:00: root bus resource [mem 0x000a0000-0x000bffff window]
[    0.198169] pci_bus 0000:00: root bus resource [mem 0xbfa00000-0xffffffff window]
[    0.198276] pci 0000:00:00.0: [8086:0100] type 00 class 0x060000
[    0.198333] pci 0000:00:01.0: [8086:0101] type 01 class 0x060400
[    0.198355] pci 0000:00:01.0: PME# supported from D0 D3hot D3cold
[    0.198397] pci 0000:00:02.0: [8086:0112] type 00 class 0x030000
[    0.198404] pci 0000:00:02.0: reg 0x10: [mem 0xfa400000-0xfa7fffff 64bit]
[    0.198409] pci 0000:00:02.0: reg 0x18: [mem 0xc0000000-0xcfffffff 64bit pref]
[    0.198412] pci 0000:00:02.0: reg 0x20: [io  0xf000-0xf03f]
[    0.198481] pci 0000:00:16.0: [8086:1c3a] type 00 class 0x078000
[    0.198500] pci 0000:00:16.0: reg 0x10: [mem 0xfad29000-0xfad2900f 64bit]
[    0.198564] pci 0000:00:16.0: PME# supported from D0 D3hot D3cold
[    0.198615] pci 0000:00:19.0: [8086:1503] type 00 class 0x020000
[    0.198630] pci 0000:00:19.0: reg 0x10: [mem 0xfad00000-0xfad1ffff]
[    0.198637] pci 0000:00:19.0: reg 0x14: [mem 0xfad28000-0xfad28fff]
[    0.198645] pci 0000:00:19.0: reg 0x18: [io  0xf080-0xf09f]
[    0.198696] pci 0000:00:19.0: PME# supported from D0 D3hot D3cold
[    0.198743] pci 0000:00:1a.0: [8086:1c2d] type 00 class 0x0c0320
[    0.198759] pci 0000:00:1a.0: reg 0x10: [mem 0xfad27000-0xfad273ff]
[    0.198832] pci 0000:00:1a.0: PME# supported from D0 D3hot D3cold
[    0.198879] pci 0000:00:1b.0: [8086:1c20] type 00 class 0x040300
[    0.198895] pci 0000:00:1b.0: reg 0x10: [mem 0xfad20000-0xfad23fff 64bit]
[    0.198957] pci 0000:00:1b.0: PME# supported from D0 D3hot D3cold
[    0.199002] pci 0000:00:1c.0: [8086:1c10] type 01 class 0x060400
[    0.199069] pci 0000:00:1c.0: PME# supported from D0 D3hot D3cold
[    0.199118] pci 0000:00:1c.1: [8086:1c12] type 01 class 0x060400
[    0.199182] pci 0000:00:1c.1: PME# supported from D0 D3hot D3cold
[    0.199231] pci 0000:00:1c.2: [8086:1c14] type 01 class 0x060400
[    0.199296] pci 0000:00:1c.2: PME# supported from D0 D3hot D3cold
[    0.199343] pci 0000:00:1c.3: [8086:1c16] type 01 class 0x060400
[    0.199408] pci 0000:00:1c.3: PME# supported from D0 D3hot D3cold
[    0.199456] pci 0000:00:1c.4: [8086:1c18] type 01 class 0x060400
[    0.199521] pci 0000:00:1c.4: PME# supported from D0 D3hot D3cold
[    0.199570] pci 0000:00:1c.6: [8086:244e] type 01 class 0x060401
[    0.199635] pci 0000:00:1c.6: PME# supported from D0 D3hot D3cold
[    0.199683] pci 0000:00:1c.7: [8086:1c1e] type 01 class 0x060400
[    0.199747] pci 0000:00:1c.7: PME# supported from D0 D3hot D3cold
[    0.199797] pci 0000:00:1d.0: [8086:1c26] type 00 class 0x0c0320
[    0.199814] pci 0000:00:1d.0: reg 0x10: [mem 0xfad26000-0xfad263ff]
[    0.199887] pci 0000:00:1d.0: PME# supported from D0 D3hot D3cold
[    0.199934] pci 0000:00:1f.0: [8086:1c44] type 00 class 0x060100
[    0.200070] pci 0000:00:1f.2: [8086:1c02] type 00 class 0x010601
[    0.200084] pci 0000:00:1f.2: reg 0x10: [io  0xf0d0-0xf0d7]
[    0.200091] pci 0000:00:1f.2: reg 0x14: [io  0xf0c0-0xf0c3]
[    0.200098] pci 0000:00:1f.2: reg 0x18: [io  0xf0b0-0xf0b7]
[    0.200105] pci 0000:00:1f.2: reg 0x1c: [io  0xf0a0-0xf0a3]
[    0.200112] pci 0000:00:1f.2: reg 0x20: [io  0xf060-0xf07f]
[    0.200119] pci 0000:00:1f.2: reg 0x24: [mem 0xfad25000-0xfad257ff]
[    0.200152] pci 0000:00:1f.2: PME# supported from D3hot
[    0.200193] pci 0000:00:1f.3: [8086:1c22] type 00 class 0x0c0500
[    0.200207] pci 0000:00:1f.3: reg 0x10: [mem 0xfad24000-0xfad240ff 64bit]
[    0.200226] pci 0000:00:1f.3: reg 0x20: [io  0xf040-0xf05f]
[    0.200302] pci 0000:01:00.0: [10de:1245] type 00 class 0x030000
[    0.200310] pci 0000:01:00.0: reg 0x10: [mem 0xf8000000-0xf9ffffff]
[    0.200318] pci 0000:01:00.0: reg 0x14: [mem 0xd0000000-0xd7ffffff 64bit pref]
[    0.200325] pci 0000:01:00.0: reg 0x1c: [mem 0xd8000000-0xdbffffff 64bit pref]
[    0.200329] pci 0000:01:00.0: reg 0x24: [io  0xe000-0xe07f]
[    0.200334] pci 0000:01:00.0: reg 0x30: [mem 0xfa000000-0xfa07ffff pref]
[    0.200390] pci 0000:01:00.1: [10de:0bee] type 00 class 0x040300
[    0.200399] pci 0000:01:00.1: reg 0x10: [mem 0xfa080000-0xfa083fff]
[    0.202076] pci 0000:00:01.0: PCI bridge to [bus 01]
[    0.202149] pci 0000:00:01.0:   bridge window [io  0xe000-0xefff]
[    0.202151] pci 0000:00:01.0:   bridge window [mem 0xf8000000-0xfa0fffff]
[    0.202154] pci 0000:00:01.0:   bridge window [mem 0xd0000000-0xdbffffff 64bit pref]
[    0.202189] pci 0000:00:1c.0: PCI bridge to [bus 02]
[    0.202322] pci 0000:03:00.0: [1b21:1042] type 00 class 0x0c0330
[    0.202354] pci 0000:03:00.0: reg 0x10: [mem 0xfac00000-0xfac07fff 64bit]
[    0.202491] pci 0000:03:00.0: PME# supported from D3hot D3cold
[    0.204078] pci 0000:00:1c.1: PCI bridge to [bus 03]
[    0.204154] pci 0000:00:1c.1:   bridge window [mem 0xfac00000-0xfacfffff]
[    0.204193] pci 0000:00:1c.2: PCI bridge to [bus 04]
[    0.204324] pci 0000:05:00.0: [197b:2362] type 00 class 0x010185
[    0.204362] pci 0000:05:00.0: reg 0x10: [io  0xd040-0xd047]
[    0.204377] pci 0000:05:00.0: reg 0x14: [io  0xd030-0xd033]
[    0.204392] pci 0000:05:00.0: reg 0x18: [io  0xd020-0xd027]
[    0.204408] pci 0000:05:00.0: reg 0x1c: [io  0xd010-0xd013]
[    0.204423] pci 0000:05:00.0: reg 0x20: [io  0xd000-0xd00f]
[    0.204439] pci 0000:05:00.0: reg 0x24: [mem 0xfab10000-0xfab101ff]
[    0.204454] pci 0000:05:00.0: reg 0x30: [mem 0x00000000-0x0000ffff pref]
[    0.204508] pci 0000:05:00.0: PME# supported from D3hot
[    0.206079] pci 0000:00:1c.3: PCI bridge to [bus 05]
[    0.206153] pci 0000:00:1c.3:   bridge window [io  0xd000-0xdfff]
[    0.206156] pci 0000:00:1c.3:   bridge window [mem 0xfab00000-0xfabfffff]
[    0.206216] pci 0000:06:00.0: [1b21:1042] type 00 class 0x0c0330
[    0.206248] pci 0000:06:00.0: reg 0x10: [mem 0xfaa00000-0xfaa07fff 64bit]
[    0.206385] pci 0000:06:00.0: PME# supported from D3hot D3cold
[    0.208078] pci 0000:00:1c.4: PCI bridge to [bus 06]
[    0.208155] pci 0000:00:1c.4:   bridge window [mem 0xfaa00000-0xfaafffff]
[    0.208206] pci 0000:07:00.0: [1b21:1080] type 01 class 0x060401
[    0.208325] pci 0000:00:1c.6: PCI bridge to [bus 07-08] (subtractive decode)
[    0.208402] pci 0000:00:1c.6:   bridge window [io  0xc000-0xcfff]
[    0.208405] pci 0000:00:1c.6:   bridge window [mem 0xfa900000-0xfa9fffff]
[    0.208411] pci 0000:00:1c.6:   bridge window [io  0x0000-0x0cf7 window] (subtractive decode)
[    0.208413] pci 0000:00:1c.6:   bridge window [io  0x0d00-0xffff window] (subtractive decode)
[    0.208415] pci 0000:00:1c.6:   bridge window [mem 0x000a0000-0x000bffff window] (subtractive decode)
[    0.208416] pci 0000:00:1c.6:   bridge window [mem 0xbfa00000-0xffffffff window] (subtractive decode)
[    0.208468] pci 0000:08:02.0: [1106:3044] type 00 class 0x0c0010
[    0.208497] pci 0000:08:02.0: reg 0x10: [mem 0xfa900000-0xfa9007ff]
[    0.208514] pci 0000:08:02.0: reg 0x14: [io  0xc000-0xc07f]
[    0.208637] pci 0000:08:02.0: supports D2
[    0.208638] pci 0000:08:02.0: PME# supported from D2 D3hot D3cold
[    0.208728] pci 0000:07:00.0: PCI bridge to [bus 08] (subtractive decode)
[    0.208811] pci 0000:07:00.0:   bridge window [io  0xc000-0xcfff]
[    0.208816] pci 0000:07:00.0:   bridge window [mem 0xfa900000-0xfa9fffff]
[    0.208826] pci 0000:07:00.0:   bridge window [io  0xc000-0xcfff] (subtractive decode)
[    0.208827] pci 0000:07:00.0:   bridge window [mem 0xfa900000-0xfa9fffff] (subtractive decode)
[    0.208828] pci 0000:07:00.0:   bridge window [io  0x0000-0x0cf7 window] (subtractive decode)
[    0.208829] pci 0000:07:00.0:   bridge window [io  0x0d00-0xffff window] (subtractive decode)
[    0.208830] pci 0000:07:00.0:   bridge window [mem 0x000a0000-0x000bffff window] (subtractive decode)
[    0.208832] pci 0000:07:00.0:   bridge window [mem 0xbfa00000-0xffffffff window] (subtractive decode)
[    0.208891] pci 0000:09:00.0: [1b4b:9172] type 00 class 0x010601
[    0.208911] pci 0000:09:00.0: reg 0x10: [io  0xb040-0xb047]
[    0.208923] pci 0000:09:00.0: reg 0x14: [io  0xb030-0xb033]
[    0.208935] pci 0000:09:00.0: reg 0x18: [io  0xb020-0xb027]
[    0.208947] pci 0000:09:00.0: reg 0x1c: [io  0xb010-0xb013]
[    0.208960] pci 0000:09:00.0: reg 0x20: [io  0xb000-0xb00f]
[    0.208972] pci 0000:09:00.0: reg 0x24: [mem 0xfa810000-0xfa8101ff]
[    0.208984] pci 0000:09:00.0: reg 0x30: [mem 0xfa800000-0xfa80ffff pref]
[    0.209034] pci 0000:09:00.0: PME# supported from D3hot
[    0.211077] pci 0000:00:1c.7: PCI bridge to [bus 09]
[    0.211151] pci 0000:00:1c.7:   bridge window [io  0xb000-0xbfff]
[    0.211155] pci 0000:00:1c.7:   bridge window [mem 0xfa800000-0xfa8fffff]
[    0.211508] ACPI: PCI Interrupt Link [LNKA] (IRQs 3 4 5 6 7 10 *11 12 14 15)
[    0.212057] ACPI: PCI Interrupt Link [LNKB] (IRQs 3 4 5 6 7 *10 11 12 14 15)
[    0.212607] ACPI: PCI Interrupt Link [LNKC] (IRQs *3 4 5 6 10 11 12 14 15)
[    0.213118] ACPI: PCI Interrupt Link [LNKD] (IRQs 3 4 5 6 10 *11 12 14 15)
[    0.213629] ACPI: PCI Interrupt Link [LNKE] (IRQs 3 4 6 7 *10 11 12 14 15)
[    0.214140] ACPI: PCI Interrupt Link [LNKF] (IRQs 3 4 *5 6 7 10 11 12 14 15)
[    0.214687] ACPI: PCI Interrupt Link [LNKG] (IRQs 3 *4 5 6 7 10 11 12 14 15)
[    0.215235] ACPI: PCI Interrupt Link [LNKH] (IRQs 3 4 5 6 *7 10 11 12 14 15)
[    0.215790] ACPI: Enabled 1 GPEs in block 00 to 3F
[    0.215946] ACPI : EC: GPE = 0x18, I/O: command/status = 0x66, data = 0x62
[    0.216073] vgaarb: setting as boot device: PCI:0000:00:02.0
[    0.216147] vgaarb: device added: PCI:0000:00:02.0,decodes=io+mem,owns=io+mem,locks=none
[    0.216255] vgaarb: device added: PCI:0000:01:00.0,decodes=io+mem,owns=none,locks=none
[    0.216359] vgaarb: loaded
[    0.216427] vgaarb: bridge control possible 0000:01:00.0
[    0.216500] vgaarb: no bridge control possible 0000:00:02.0
[    0.216620] SCSI subsystem initialized
[    0.216716] libata version 3.00 loaded.
[    0.216726] ACPI: bus type USB registered
[    0.216812] usbcore: registered new interface driver usbfs
[    0.216891] usbcore: registered new interface driver hub
[    0.216972] usbcore: registered new device driver usb
[    0.217096] PCI: Using ACPI for IRQ routing
[    0.218487] PCI: pci_cache_line_size set to 64 bytes
[    0.218555] e820: reserve RAM buffer [mem 0x0009b400-0x0009ffff]
[    0.218556] e820: reserve RAM buffer [mem 0xb677e000-0xb7ffffff]
[    0.218558] e820: reserve RAM buffer [mem 0xb6dcf000-0xb7ffffff]
[    0.218559] e820: reserve RAM buffer [mem 0xb7000000-0xb7ffffff]
[    0.218560] e820: reserve RAM buffer [mem 0x23fe00000-0x23fffffff]
[    0.218642] NetLabel: Initializing
[    0.218712] NetLabel:  domain hash size = 128
[    0.218782] NetLabel:  protocols = UNLABELED CIPSOv4
[    0.218862] NetLabel:  unlabeled traffic allowed by default
[    0.218959] hpet0: at MMIO 0xfed00000, IRQs 2, 8, 0, 0, 0, 0, 0, 0
[    0.219368] hpet0: 8 comparators, 64-bit 14.318180 MHz counter
[    0.221459] Switched to clocksource hpet
[    0.224296] pnp: PnP ACPI init
[    0.224449] system 00:00: [mem 0xfed10000-0xfed19fff] has been reserved
[    0.224539] system 00:00: [mem 0xe0000000-0xe3ffffff] has been reserved
[    0.224614] system 00:00: [mem 0xfed90000-0xfed93fff] has been reserved
[    0.224689] system 00:00: [mem 0xfed20000-0xfed3ffff] has been reserved
[    0.224764] system 00:00: [mem 0xfee00000-0xfee0ffff] has been reserved
[    0.224839] system 00:00: Plug and Play ACPI device, IDs PNP0c01 (active)
[    0.224895] system 00:01: [io  0x0290-0x029f] has been reserved
[    0.224972] system 00:01: Plug and Play ACPI device, IDs PNP0c02 (active)
[    0.224994] pnp 00:02: Plug and Play ACPI device, IDs PNP0b00 (active)
[    0.225028] system 00:03: [io  0x04d0-0x04d1] has been reserved
[    0.225107] system 00:03: Plug and Play ACPI device, IDs PNP0c02 (active)
[    0.225284] system 00:04: [io  0x0400-0x0453] could not be reserved
[    0.225362] system 00:04: [io  0x0458-0x047f] has been reserved
[    0.225436] system 00:04: [io  0x0500-0x057f] has been reserved
[    0.225521] system 00:04: [mem 0xfed1c000-0xfed1ffff] has been reserved
[    0.225596] system 00:04: [mem 0xfec00000-0xfecfffff] could not be reserved
[    0.225672] system 00:04: [mem 0xfed08000-0xfed08fff] has been reserved
[    0.225747] system 00:04: [mem 0xff000000-0xffffffff] has been reserved
[    0.225821] system 00:04: Plug and Play ACPI device, IDs PNP0c01 (active)
[    0.225858] system 00:05: [io  0x0454-0x0457] has been reserved
[    0.225938] system 00:05: Plug and Play ACPI device, IDs INT3f0d PNP0c02 (active)
[    0.226074] pnp: PnP ACPI: found 6 devices
[    0.231775] clocksource acpi_pm: mask: 0xffffff max_cycles: 0xffffff, max_idle_ns: 2085701024 ns
[    0.231951] pci 0000:00:01.0: PCI bridge to [bus 01]
[    0.232024] pci 0000:00:01.0:   bridge window [io  0xe000-0xefff]
[    0.232098] pci 0000:00:01.0:   bridge window [mem 0xf8000000-0xfa0fffff]
[    0.232173] pci 0000:00:01.0:   bridge window [mem 0xd0000000-0xdbffffff 64bit pref]
[    0.232277] pci 0000:00:1c.0: PCI bridge to [bus 02]
[    0.232358] pci 0000:00:1c.1: PCI bridge to [bus 03]
[    0.232432] pci 0000:00:1c.1:   bridge window [mem 0xfac00000-0xfacfffff]
[    0.232526] pci 0000:00:1c.2: PCI bridge to [bus 04]
[    0.232609] pci 0000:05:00.0: BAR 6: assigned [mem 0xfab00000-0xfab0ffff pref]
[    0.232712] pci 0000:00:1c.3: PCI bridge to [bus 05]
[    0.232784] pci 0000:00:1c.3:   bridge window [io  0xd000-0xdfff]
[    0.232861] pci 0000:00:1c.3:   bridge window [mem 0xfab00000-0xfabfffff]
[    0.232942] pci 0000:00:1c.4: PCI bridge to [bus 06]
[    0.233016] pci 0000:00:1c.4:   bridge window [mem 0xfaa00000-0xfaafffff]
[    0.233097] pci 0000:07:00.0: PCI bridge to [bus 08]
[    0.233170] pci 0000:07:00.0:   bridge window [io  0xc000-0xcfff]
[    0.233250] pci 0000:07:00.0:   bridge window [mem 0xfa900000-0xfa9fffff]
[    0.233337] pci 0000:00:1c.6: PCI bridge to [bus 07-08]
[    0.233410] pci 0000:00:1c.6:   bridge window [io  0xc000-0xcfff]
[    0.233501] pci 0000:00:1c.6:   bridge window [mem 0xfa900000-0xfa9fffff]
[    0.233581] pci 0000:00:1c.7: PCI bridge to [bus 09]
[    0.233653] pci 0000:00:1c.7:   bridge window [io  0xb000-0xbfff]
[    0.233730] pci 0000:00:1c.7:   bridge window [mem 0xfa800000-0xfa8fffff]
[    0.233811] pci_bus 0000:00: resource 4 [io  0x0000-0x0cf7 window]
[    0.233812] pci_bus 0000:00: resource 5 [io  0x0d00-0xffff window]
[    0.233814] pci_bus 0000:00: resource 6 [mem 0x000a0000-0x000bffff window]
[    0.233815] pci_bus 0000:00: resource 7 [mem 0xbfa00000-0xffffffff window]
[    0.233816] pci_bus 0000:01: resource 0 [io  0xe000-0xefff]
[    0.233818] pci_bus 0000:01: resource 1 [mem 0xf8000000-0xfa0fffff]
[    0.233819] pci_bus 0000:01: resource 2 [mem 0xd0000000-0xdbffffff 64bit pref]
[    0.233820] pci_bus 0000:03: resource 1 [mem 0xfac00000-0xfacfffff]
[    0.233822] pci_bus 0000:05: resource 0 [io  0xd000-0xdfff]
[    0.233823] pci_bus 0000:05: resource 1 [mem 0xfab00000-0xfabfffff]
[    0.233824] pci_bus 0000:06: resource 1 [mem 0xfaa00000-0xfaafffff]
[    0.233825] pci_bus 0000:07: resource 0 [io  0xc000-0xcfff]
[    0.233827] pci_bus 0000:07: resource 1 [mem 0xfa900000-0xfa9fffff]
[    0.233828] pci_bus 0000:07: resource 4 [io  0x0000-0x0cf7 window]
[    0.233829] pci_bus 0000:07: resource 5 [io  0x0d00-0xffff window]
[    0.233830] pci_bus 0000:07: resource 6 [mem 0x000a0000-0x000bffff window]
[    0.233831] pci_bus 0000:07: resource 7 [mem 0xbfa00000-0xffffffff window]
[    0.233833] pci_bus 0000:08: resource 0 [io  0xc000-0xcfff]
[    0.233834] pci_bus 0000:08: resource 1 [mem 0xfa900000-0xfa9fffff]
[    0.233835] pci_bus 0000:08: resource 4 [io  0xc000-0xcfff]
[    0.233836] pci_bus 0000:08: resource 5 [mem 0xfa900000-0xfa9fffff]
[    0.233837] pci_bus 0000:08: resource 6 [io  0x0000-0x0cf7 window]
[    0.233839] pci_bus 0000:08: resource 7 [io  0x0d00-0xffff window]
[    0.233840] pci_bus 0000:08: resource 8 [mem 0x000a0000-0x000bffff window]
[    0.233841] pci_bus 0000:08: resource 9 [mem 0xbfa00000-0xffffffff window]
[    0.233842] pci_bus 0000:09: resource 0 [io  0xb000-0xbfff]
[    0.233844] pci_bus 0000:09: resource 1 [mem 0xfa800000-0xfa8fffff]
[    0.233868] NET: Registered protocol family 2
[    0.234069] TCP established hash table entries: 65536 (order: 7, 524288 bytes)
[    0.234277] TCP bind hash table entries: 65536 (order: 8, 1048576 bytes)
[    0.234471] TCP: Hash tables configured (established 65536 bind 65536)
[    0.234565] UDP hash table entries: 4096 (order: 5, 131072 bytes)
[    0.234660] UDP-Lite hash table entries: 4096 (order: 5, 131072 bytes)
[    0.234774] NET: Registered protocol family 1
[    0.234904] RPC: Registered named UNIX socket transport module.
[    0.234978] RPC: Registered udp transport module.
[    0.235050] RPC: Registered tcp transport module.
[    0.235122] RPC: Registered tcp NFSv4.1 backchannel transport module.
[    0.235208] pci 0000:00:02.0: Video device with shadowed ROM
[    0.481450] PCI: CLS 64 bytes, default 64
[    0.481492] PCI-DMA: Using software bounce buffering for IO (SWIOTLB)
[    0.481568] software IO TLB [mem 0xb277e000-0xb677e000] (64MB) mapped at [ffff8800b277e000-ffff8800b677dfff]
[    0.481800] RAPL PMU detected, API unit is 2^-32 Joules, 3 fixed counters 163840 ms ovfl timer
[    0.481906] hw unit of domain pp0-core 2^-16 Joules
[    0.481977] hw unit of domain package 2^-16 Joules
[    0.482048] hw unit of domain pp1-gpu 2^-16 Joules
[    0.482193] microcode: CPU0 sig=0x206a7, pf=0x2, revision=0x14
[    0.482276] microcode: CPU1 sig=0x206a7, pf=0x2, revision=0x14
[    0.482353] microcode: CPU2 sig=0x206a7, pf=0x2, revision=0x14
[    0.482430] microcode: CPU3 sig=0x206a7, pf=0x2, revision=0x14
[    0.482523] microcode: Microcode Update Driver: v2.00 <tigran@aivazian.fsnet.co.uk>, Peter Oruba
[    0.482787] Scanning for low memory corruption every 60 seconds
[    0.483465] AVX version of gcm_enc/dec engaged.
[    0.483536] AES CTR mode by8 optimization enabled
[    0.483912] sha1_ssse3: Using AVX optimized SHA-1 implementation
[    0.484024] sha256_ssse3: Using AVX optimized SHA-256 implementation
[    0.484136] sha512_ssse3: Using AVX optimized SHA-512 implementation
[    0.485134] AVX2 or AES-NI instructions are not detected.
[    0.485219] AVX2 instructions are not detected.
[    0.485385] futex hash table entries: 1024 (order: 4, 65536 bytes)
[    0.485786] HugeTLB registered 2 MB page size, pre-allocated 0 pages
[    0.487059] VFS: Disk quotas dquot_6.6.0
[    0.487153] VFS: Dquot-cache hash table entries: 512 (order 0, 4096 bytes)
[    0.487496] kworker/u8:1 (846) used greatest stack depth: 14024 bytes left
[    0.487595] NFS: Registering the id_resolver key type
[    0.487674] Key type id_resolver registered
[    0.487744] Key type id_legacy registered
[    0.488907] NET: Registered protocol family 38
[    0.488984] Key type asymmetric registered
[    0.489056] Asymmetric key parser 'x509' registered
[    0.489154] Block layer SCSI generic (bsg) driver version 0.4 loaded (major 253)
[    0.489285] io scheduler noop registered
[    0.489356] io scheduler deadline registered
[    0.489461] io scheduler cfq registered (default)
[    0.490175] pci_hotplug: PCI Hot Plug PCI Core version: 0.5
[    0.490329] input: Power Button as /devices/LNXSYSTM:00/LNXSYBUS:00/PNP0C0C:00/input/input0
[    0.490437] ACPI: Power Button [PWRB]
[    0.490529] input: Power Button as /devices/LNXSYSTM:00/LNXPWRBN:00/input/input1
[    0.490635] ACPI: Power Button [PWRF]
[    0.490803] Monitor-Mwait will be used to enter C-1 state
[    0.490806] Monitor-Mwait will be used to enter C-3 state
[    0.490812] ACPI: acpi_idle registered with cpuidle
[    0.491294] Serial: 8250/16550 driver, 4 ports, IRQ sharing enabled
[    0.491668] Non-volatile memory driver v1.3
[    0.491762] Linux agpgart interface v0.103
[    0.491883] [drm] Initialized drm 1.1.0 20060810
[    0.492700] loop: module loaded
[    0.492827] ahci 0000:00:1f.2: version 3.0
[    0.503271] ahci 0000:00:1f.2: AHCI 0001.0300 32 slots 6 ports 6 Gbps 0x3f impl SATA mode
[    0.503388] ahci 0000:00:1f.2: flags: 64bit ncq sntf pm led clo pio slum part ems apst 
[    0.513592] scsi host0: ahci
[    0.513809] scsi host1: ahci
[    0.513952] scsi host2: ahci
[    0.514094] scsi host3: ahci
[    0.514245] scsi host4: ahci
[    0.514382] scsi host5: ahci
[    0.514478] ata1: SATA max UDMA/133 abar m2048@0xfad25000 port 0xfad25100 irq 31
[    0.514586] ata2: SATA max UDMA/133 abar m2048@0xfad25000 port 0xfad25180 irq 31
[    0.514689] ata3: SATA max UDMA/133 abar m2048@0xfad25000 port 0xfad25200 irq 31
[    0.514791] ata4: SATA max UDMA/133 abar m2048@0xfad25000 port 0xfad25280 irq 31
[    0.515556] ata5: SATA max UDMA/133 abar m2048@0xfad25000 port 0xfad25300 irq 31
[    0.515659] ata6: SATA max UDMA/133 abar m2048@0xfad25000 port 0xfad25380 irq 31
[    0.515896] ahci 0000:05:00.0: AHCI 0001.0100 32 slots 2 ports 3 Gbps 0x3 impl SATA mode
[    0.516040] ahci 0000:05:00.0: flags: 64bit ncq pm led clo pmp pio slum part 
[    0.516266] scsi host6: ahci
[    0.516407] scsi host7: ahci
[    0.516503] ata7: SATA max UDMA/133 abar m512@0xfab10000 port 0xfab10100 irq 19
[    0.516610] ata8: SATA max UDMA/133 abar m512@0xfab10000 port 0xfab10180 irq 19
[    0.516835] ahci 0000:09:00.0: AHCI 0001.0000 32 slots 2 ports 6 Gbps 0x3 impl SATA mode
[    0.516940] ahci 0000:09:00.0: flags: 64bit ncq sntf led only pmp fbs pio slum part sxs 
[    0.517217] scsi host8: ahci
[    0.517351] scsi host9: ahci
[    0.517457] ata9: SATA max UDMA/133 abar m512@0xfa810000 port 0xfa810100 irq 32
[    0.517563] ata10: SATA max UDMA/133 abar m512@0xfa810000 port 0xfa810180 irq 32
[    0.517756] ehci_hcd: USB 2.0 'Enhanced' Host Controller (EHCI) Driver
[    0.517837] ehci-pci: EHCI PCI platform driver
[    0.517976] ehci-pci 0000:00:1a.0: EHCI Host Controller
[    0.518070] ehci-pci 0000:00:1a.0: new USB bus registered, assigned bus number 1
[    0.518204] ehci-pci 0000:00:1a.0: debug port 2
[    0.522169] ehci-pci 0000:00:1a.0: cache line size of 64 is not supported
[    0.522180] ehci-pci 0000:00:1a.0: irq 23, io mem 0xfad27000
[    0.528230] ehci-pci 0000:00:1a.0: USB 2.0 started, EHCI 1.00
[    0.528336] usb usb1: New USB device found, idVendor=1d6b, idProduct=0002
[    0.528421] usb usb1: New USB device strings: Mfr=3, Product=2, SerialNumber=1
[    0.528524] usb usb1: Product: EHCI Host Controller
[    0.528595] usb usb1: Manufacturer: Linux 4.1.21 ehci_hcd
[    0.528667] usb usb1: SerialNumber: 0000:00:1a.0
[    0.528862] hub 1-0:1.0: USB hub found
[    0.528946] hub 1-0:1.0: 2 ports detected
[    0.529115] ehci-pci 0000:00:1d.0: EHCI Host Controller
[    0.529261] ehci-pci 0000:00:1d.0: new USB bus registered, assigned bus number 2
[    0.529380] ehci-pci 0000:00:1d.0: debug port 2
[    0.533325] ehci-pci 0000:00:1d.0: cache line size of 64 is not supported
[    0.533328] ehci-pci 0000:00:1d.0: irq 23, io mem 0xfad26000
[    0.539205] ehci-pci 0000:00:1d.0: USB 2.0 started, EHCI 1.00
[    0.539313] usb usb2: New USB device found, idVendor=1d6b, idProduct=0002
[    0.539398] usb usb2: New USB device strings: Mfr=3, Product=2, SerialNumber=1
[    0.539500] usb usb2: Product: EHCI Host Controller
[    0.539572] usb usb2: Manufacturer: Linux 4.1.21 ehci_hcd
[    0.539645] usb usb2: SerialNumber: 0000:00:1d.0
[    0.539837] hub 2-0:1.0: USB hub found
[    0.539920] hub 2-0:1.0: 2 ports detected
[    0.540043] ohci_hcd: USB 1.1 'Open' Host Controller (OHCI) Driver
[    0.540125] ohci-pci: OHCI PCI platform driver
[    0.540227] uhci_hcd: USB Universal Host Controller Interface driver
[    0.540330] usbcore: registered new interface driver usblp
[    0.540425] usbcore: registered new interface driver usb-storage
[    0.540527] i8042: PNP: No PS/2 controller found. Probing ports directly.
[    0.543771] serio: i8042 KBD port at 0x60,0x64 irq 1
[    0.543847] serio: i8042 AUX port at 0x60,0x64 irq 12
[    0.544015] mousedev: PS/2 mouse device common for all mice
[    0.544215] rtc_cmos 00:02: RTC can wake from S4
[    0.544397] rtc_cmos 00:02: rtc core: registered rtc_cmos as rtc0
[    0.544502] rtc_cmos 00:02: alarms up to one month, y3k, 114 bytes nvram, hpet irqs
[    0.544678] i801_smbus 0000:00:1f.3: SMBus using PCI interrupt
[    0.544822] device-mapper: ioctl: 4.31.0-ioctl (2015-3-12) initialised: dm-devel@redhat.com
[    0.544946] hidraw: raw HID events driver (C) Jiri Kosina
[    0.545206] usbcore: registered new interface driver usbhid
[    0.545284] usbhid: USB HID core driver
[    0.545364] Netfilter messages via NETLINK v0.30.
[    0.545443] nf_conntrack version 0.5.0 (65536 buckets, 262144 max)
[    0.545629] ctnetlink v0.93: registering with nfnetlink.
[    0.545779] ip_tables: (C) 2000-2006 Netfilter Core Team
[    0.545865] Initializing XFRM netlink socket
[    0.546025] NET: Registered protocol family 10
[    0.546242] ip6_tables: (C) 2000-2006 Netfilter Core Team
[    0.546348] sit: IPv6 over IPv4 tunneling driver
[    0.546504] NET: Registered protocol family 17
[    0.546592] Key type dns_resolver registered
[    0.546864] registered taskstats version 1
[    0.547306] console [netcon0] enabled
[    0.547375] netconsole: network logging started
[    0.819946] ata4: SATA link up 3.0 Gbps (SStatus 123 SControl 300)
[    0.820056] ata6: SATA link up 3.0 Gbps (SStatus 123 SControl 300)
[    0.820145] ata2: SATA link up 6.0 Gbps (SStatus 133 SControl 300)
[    0.820237] ata5: SATA link up 3.0 Gbps (SStatus 123 SControl 300)
[    0.820337] ata3: SATA link up 3.0 Gbps (SStatus 123 SControl 300)
[    0.820423] ata1: SATA link up 6.0 Gbps (SStatus 133 SControl 300)
[    0.820622] ata2.00: ATA-9: INTEL SSDSC2BA100G3, 5DV10270, max UDMA/133
[    0.820719] ata2.00: 195371568 sectors, multi 1: LBA48 NCQ (depth 31/32)
[    0.820803] ata5.00: ATA-9: INTEL SSDSC2BA100G3, 5DV10270, max UDMA/133
[    0.820894] ata5.00: 195371568 sectors, multi 1: LBA48 NCQ (depth 31/32)
[    0.820974] ata4.00: ATA-9: INTEL SSDSC2BA100G3, 5DV10270, max UDMA/133
[    0.821052] ata4.00: 195371568 sectors, multi 1: LBA48 NCQ (depth 31/32)
[    0.821131] ata3.00: ATA-9: INTEL SSDSC2BA100G3, 5DV10270, max UDMA/133
[    0.821164] ata8: SATA link down (SStatus 0 SControl 300)
[    0.821313] ata3.00: 195371568 sectors, multi 1: LBA48 NCQ (depth 31/32)
[    0.821390] ata6.00: ATA-9: INTEL SSDSC2BA100G3, 5DV10270, max UDMA/133
[    0.821429] ata7: SATA link down (SStatus 0 SControl 300)
[    0.821576] ata6.00: 195371568 sectors, multi 1: LBA48 NCQ (depth 31/32)
[    0.821656] ata1.00: ATA-9: INTEL SSDSC2BA100G3, 5DV10270, max UDMA/133
[    0.821736] ata1.00: 195371568 sectors, multi 1: LBA48 NCQ (depth 31/32)
[    0.821949] ata4.00: configured for UDMA/133
[    0.822034] ata2.00: configured for UDMA/133
[    0.822118] ata5.00: configured for UDMA/133
[    0.822200] ata3.00: configured for UDMA/133
[    0.822291] ata6.00: configured for UDMA/133
[    0.822382] ata1.00: configured for UDMA/133
[    0.822613] scsi 0:0:0:0: Direct-Access     ATA      INTEL SSDSC2BA10 0270 PQ: 0 ANSI: 5
[    0.822933] ata1.00: Enabling discard_zeroes_data
[    0.822943] sd 0:0:0:0: Attached scsi generic sg0 type 0
[    0.823130] scsi 1:0:0:0: Direct-Access     ATA      INTEL SSDSC2BA10 0270 PQ: 0 ANSI: 5
[    0.823136] sd 0:0:0:0: [sda] 195371568 512-byte logical blocks: (100 GB/93.2 GiB)
[    0.823137] sd 0:0:0:0: [sda] 4096-byte physical blocks
[    0.823278] sd 0:0:0:0: [sda] Write Protect is off
[    0.823280] sd 0:0:0:0: [sda] Mode Sense: 00 3a 00 00
[    0.823302] sd 0:0:0:0: [sda] Write cache: enabled, read cache: enabled, doesn't support DPO or FUA
[    0.823392] ata1.00: Enabling discard_zeroes_data
[    0.823685]  sda: sda1
[    0.823770] ata1.00: Enabling discard_zeroes_data
[    0.823905] sd 0:0:0:0: [sda] Attached SCSI disk
[    0.824124] ata2.00: Enabling discard_zeroes_data
[    0.824141] sd 1:0:0:0: Attached scsi generic sg1 type 0
[    0.824301] sd 1:0:0:0: [sdb] 195371568 512-byte logical blocks: (100 GB/93.2 GiB)
[    0.824323] scsi 2:0:0:0: Direct-Access     ATA      INTEL SSDSC2BA10 0270 PQ: 0 ANSI: 5
[    0.824409] ata3.00: Enabling discard_zeroes_data
[    0.824417] sd 2:0:0:0: [sdc] 195371568 512-byte logical blocks: (100 GB/93.2 GiB)
[    0.824417] sd 2:0:0:0: [sdc] 4096-byte physical blocks
[    0.824424] sd 2:0:0:0: Attached scsi generic sg2 type 0
[    0.824487] sd 2:0:0:0: [sdc] Write Protect is off
[    0.824489] sd 2:0:0:0: [sdc] Mode Sense: 00 3a 00 00
[    0.824496] scsi 3:0:0:0: Direct-Access     ATA      INTEL SSDSC2BA10 0270 PQ: 0 ANSI: 5
[    0.824512] sd 2:0:0:0: [sdc] Write cache: enabled, read cache: enabled, doesn't support DPO or FUA
[    0.824563] ata3.00: Enabling discard_zeroes_data
[    0.824586] ata4.00: Enabling discard_zeroes_data
[    0.824593] sd 3:0:0:0: Attached scsi generic sg3 type 0
[    0.824597] sd 3:0:0:0: [sdd] 195371568 512-byte logical blocks: (100 GB/93.2 GiB)
[    0.824598] sd 3:0:0:0: [sdd] 4096-byte physical blocks
[    0.824659] scsi 4:0:0:0: Direct-Access     ATA      INTEL SSDSC2BA10 0270 PQ: 0 ANSI: 5
[    0.824677] sd 3:0:0:0: [sdd] Write Protect is off
[    0.824678] sd 3:0:0:0: [sdd] Mode Sense: 00 3a 00 00
[    0.824695] sd 3:0:0:0: [sdd] Write cache: enabled, read cache: enabled, doesn't support DPO or FUA
[    0.824748] ata5.00: Enabling discard_zeroes_data
[    0.824755] sd 4:0:0:0: Attached scsi generic sg4 type 0
[    0.824770] ata4.00: Enabling discard_zeroes_data
[    0.824780] sd 4:0:0:0: [sde] 195371568 512-byte logical blocks: (100 GB/93.2 GiB)
[    0.824781] sd 4:0:0:0: [sde] 4096-byte physical blocks
[    0.824810] scsi 5:0:0:0: Direct-Access     ATA      INTEL SSDSC2BA10 0270 PQ: 0 ANSI: 5
[    0.824830] sd 4:0:0:0: [sde] Write Protect is off
[    0.824831] sd 4:0:0:0: [sde] Mode Sense: 00 3a 00 00
[    0.824845] sd 4:0:0:0: [sde] Write cache: enabled, read cache: enabled, doesn't support DPO or FUA
[    0.824906] ata5.00: Enabling discard_zeroes_data
[    0.824910] sd 5:0:0:0: Attached scsi generic sg5 type 0
[    0.824921] ata6.00: Enabling discard_zeroes_data
[    0.824929] sd 5:0:0:0: [sdf] 195371568 512-byte logical blocks: (100 GB/93.2 GiB)
[    0.824930] sd 5:0:0:0: [sdf] 4096-byte physical blocks
[    0.824988] sd 5:0:0:0: [sdf] Write Protect is off
[    0.824989] sd 5:0:0:0: [sdf] Mode Sense: 00 3a 00 00
[    0.825011] sd 5:0:0:0: [sdf] Write cache: enabled, read cache: enabled, doesn't support DPO or FUA
[    0.825060] ata6.00: Enabling discard_zeroes_data
[    0.825084]  sdd: sdd1
[    0.825166] ata4.00: Enabling discard_zeroes_data
[    0.825214]  sde: sde1
[    0.825267] sd 3:0:0:0: [sdd] Attached SCSI disk
[    0.825290] ata5.00: Enabling discard_zeroes_data
[    0.825338]  sdf: sdf1
[    0.825388] sd 4:0:0:0: [sde] Attached SCSI disk
[    0.825416] ata6.00: Enabling discard_zeroes_data
[    0.825519] sd 5:0:0:0: [sdf] Attached SCSI disk
[    0.825892]  sdc: sdc1
[    0.825968] ata3.00: Enabling discard_zeroes_data
[    0.826076] sd 2:0:0:0: [sdc] Attached SCSI disk
[    0.829205] sd 1:0:0:0: [sdb] 4096-byte physical blocks
[    0.829302] sd 1:0:0:0: [sdb] Write Protect is off
[    0.829375] sd 1:0:0:0: [sdb] Mode Sense: 00 3a 00 00
[    0.829383] sd 1:0:0:0: [sdb] Write cache: enabled, read cache: enabled, doesn't support DPO or FUA
[    0.829571] ata2.00: Enabling discard_zeroes_data
[    0.829867]  sdb: sdb1
[    0.829882] usb 1-1: new high-speed USB device number 2 using ehci-pci
[    0.830179] ata2.00: Enabling discard_zeroes_data
[    0.830419] sd 1:0:0:0: [sdb] Attached SCSI disk
[    0.840913] usb 2-1: new high-speed USB device number 2 using ehci-pci
[    0.944517] usb 1-1: New USB device found, idVendor=8087, idProduct=0024
[    0.944594] usb 1-1: New USB device strings: Mfr=0, Product=0, SerialNumber=0
[    0.945000] hub 1-1:1.0: USB hub found
[    0.945237] hub 1-1:1.0: 6 ports detected
[    0.955510] usb 2-1: New USB device found, idVendor=8087, idProduct=0024
[    0.955586] usb 2-1: New USB device strings: Mfr=0, Product=0, SerialNumber=0
[    0.956000] hub 2-1:1.0: USB hub found
[    0.956221] hub 2-1:1.0: 8 ports detected
[    0.976760] ata10: SATA link up 3.0 Gbps (SStatus 123 SControl 300)
[    0.976855] ata9: SATA link up 6.0 Gbps (SStatus 133 SControl 300)
[    0.977173] ata10.00: ATA-8: INTEL SSDSA2CW120G3, 4PC10362, max UDMA/133
[    0.977256] ata10.00: 234441648 sectors, multi 1: LBA48 NCQ (depth 31/32)
[    0.977446] ata9.00: ATA-9: INTEL SSDSC2BB080G6, G2010140, max UDMA/133
[    0.977523] ata9.00: 156301488 sectors, multi 1: LBA48 NCQ (depth 31/32)
[    0.977695] ata10.00: configured for UDMA/133
[    0.978069] ata9.00: configured for UDMA/133
[    0.978249] scsi 8:0:0:0: Direct-Access     ATA      INTEL SSDSC2BB08 0140 PQ: 0 ANSI: 5
[    0.978482] ata9.00: Enabling discard_zeroes_data
[    0.978517] sd 8:0:0:0: Attached scsi generic sg6 type 0
[    0.978664] sd 8:0:0:0: [sdg] 156301488 512-byte logical blocks: (80.0 GB/74.5 GiB)
[    0.978692] scsi 9:0:0:0: Direct-Access     ATA      INTEL SSDSA2CW12 0362 PQ: 0 ANSI: 5
[    0.978799] sd 9:0:0:0: Attached scsi generic sg7 type 0
[    0.978802] ata10.00: Enabling discard_zeroes_data
[    0.978815] sd 9:0:0:0: [sdh] 234441648 512-byte logical blocks: (120 GB/112 GiB)
[    0.978885] sd 9:0:0:0: [sdh] Write Protect is off
[    0.978886] sd 9:0:0:0: [sdh] Mode Sense: 00 3a 00 00
[    0.978910] sd 9:0:0:0: [sdh] Write cache: enabled, read cache: enabled, doesn't support DPO or FUA
[    0.978967] ata10.00: Enabling discard_zeroes_data
[    0.979279]  sdh: sdh1
[    0.979354] ata10.00: Enabling discard_zeroes_data
[    0.979456] sd 9:0:0:0: [sdh] Attached SCSI disk
[    0.979807] sd 8:0:0:0: [sdg] 4096-byte physical blocks
[    0.979946] sd 8:0:0:0: [sdg] Write Protect is off
[    0.980020] sd 8:0:0:0: [sdg] Mode Sense: 00 3a 00 00
[    0.980040] sd 8:0:0:0: [sdg] Write cache: enabled, read cache: enabled, doesn't support DPO or FUA
[    0.980226] ata9.00: Enabling discard_zeroes_data
[    0.980745]  sdg: sdg1 sdg2 sdg3 sdg4
[    0.981082] ata9.00: Enabling discard_zeroes_data
[    0.981276] sd 8:0:0:0: [sdg] Attached SCSI disk
[    0.981357] md: Waiting for all devices to be available before autodetect
[    0.981434] md: If you don't use raid, use raid=noautodetect
[    0.981586] md: Autodetecting RAID arrays.
[    0.981789] md: invalid raid superblock magic on sda1
[    0.981871] md: sda1 does not have a valid v0.90 superblock, not importing!
[    0.982005] md: invalid raid superblock magic on sdd1
[    0.982077] md: sdd1 does not have a valid v0.90 superblock, not importing!
[    0.982203] md: invalid raid superblock magic on sde1
[    0.982274] md: sde1 does not have a valid v0.90 superblock, not importing!
[    0.982399] md: invalid raid superblock magic on sdf1
[    0.982471] md: sdf1 does not have a valid v0.90 superblock, not importing!
[    0.982597] md: invalid raid superblock magic on sdc1
[    0.982669] md: sdc1 does not have a valid v0.90 superblock, not importing!
[    0.982872] md: invalid raid superblock magic on sdb1
[    0.982945] md: sdb1 does not have a valid v0.90 superblock, not importing!
[    0.983021] md: Scanned 6 and added 0 devices.
[    0.983092] md: autorun ...
[    0.983160] md: ... autorun DONE.
[    0.983362] EXT4-fs (sdg3): couldn't mount as ext2 due to feature incompatibilities
[    0.985091] EXT4-fs (sdg3): mounted filesystem with ordered data mode. Opts: (null)
[    0.985205] VFS: Mounted root (ext4 filesystem) readonly on device 8:99.
[    0.985436] Freeing unused kernel memory: 1036K (ffffffff81cf9000 - ffffffff81dfc000)
[    0.985540] Write protecting the kernel read-only data: 12288k
[    0.985711] Freeing unused kernel memory: 4K (ffff8800017ff000 - ffff880001800000)
[    0.986061] Freeing unused kernel memory: 1560K (ffff880001a7a000 - ffff880001c00000)
[    1.042254] kbd_mode (1237) used greatest stack depth: 14008 bytes left
[    1.045659] loadkeys (1238) used greatest stack depth: 13504 bytes left
[    1.045783] init-early.sh (1236) used greatest stack depth: 12360 bytes left
[    1.233495] usb 2-1.7: new full-speed USB device number 3 using ehci-pci
[    1.241241] random: systemd-udevd urandom read with 47 bits of entropy available
[    1.289737] pps_core: LinuxPPS API ver. 1 registered
[    1.289739] pps_core: Software ver. 5.3.6 - Copyright 2005-2007 Rodolfo Giometti <giometti@linux.it>
[    1.290357] PTP clock support registered
[    1.292839] e1000e: Intel(R) PRO/1000 Network Driver - 2.3.2-k
[    1.292841] e1000e: Copyright(c) 1999 - 2014 Intel Corporation.
[    1.292957] e1000e 0000:00:19.0: Interrupt Throttling Rate (ints/sec) set to dynamic conservative mode
[    1.318266] md: bind<sdc1>
[    1.319142] md: bind<sdd1>
[    1.320089] usb 2-1.7: New USB device found, idVendor=0cf3, idProduct=3000
[    1.320091] usb 2-1.7: New USB device strings: Mfr=0, Product=0, SerialNumber=0
[    1.320127] md: bind<sde1>
[    1.321511] md: bind<sdf1>
[    1.324920] md: bind<sda1>
[    1.326429] md: bind<sdb1>
[    1.328753] md: raid10 personality registered for level 10
[    1.328936] md/raid10:md127: active with 6 out of 6 devices
[    1.328954] md127: detected capacity change from 0 to 299885395968
[    1.482254] tsc: Refined TSC clocksource calibration: 3300.023 MHz
[    1.482257] clocksource tsc: mask: 0xffffffffffffffff max_cycles: 0x2f91626a655, max_idle_ns: 440795305688 ns
[    1.556493] e1000e 0000:00:19.0 eth0: registered PHC clock
[    1.556495] e1000e 0000:00:19.0 eth0: (PCI Express:2.5GT/s:Width x1) 14:da:e9:0f:78:84
[    1.556497] e1000e 0000:00:19.0 eth0: Intel(R) PRO/1000 Network Connection
[    1.556527] e1000e 0000:00:19.0 eth0: MAC: 10, PHY: 11, PBA No: FFFFFF-0FF
[    1.558475] e1000e 0000:00:19.0 eno1: renamed from eth0
[    2.481439] Switched to clocksource tsc
[    2.506955] EXT4-fs (sdg3): re-mounted. Opts: (null)
[    2.545449] Adding 1020k swap on /dev/sdg2.  Priority:-1 extents:1 across:1020k SS
[    6.002960] e1000e: eno1 NIC Link is Up 1000 Mbps Full Duplex, Flow Control: Rx/Tx
[   81.736484] random: nonblocking pool is initialized
[  143.208850] EXT4-fs (md127): barriers disabled
[  143.212682] EXT4-fs (md127): mounted filesystem with ordered data mode. Opts: nobarrier
