[    0.000000] Linux version 3.0.101 (root@bench) (gcc version 4.7.3 (Gentoo 4.7.3-r1 p1.4, pie-0.5.5) ) #1 SMP Sat Apr 30 02:26:00 CEST 2016
[    0.000000] Command line: BOOT_IMAGE=/kernel-3.0.101 root=/dev/sdg3 ro
[    0.000000] BIOS-provided physical RAM map:
[    0.000000]  BIOS-e820: 0000000000000000 - 000000000009b400 (usable)
[    0.000000]  BIOS-e820: 000000000009b400 - 00000000000a0000 (reserved)
[    0.000000]  BIOS-e820: 00000000000e0000 - 0000000000100000 (reserved)
[    0.000000]  BIOS-e820: 0000000000100000 - 0000000020000000 (usable)
[    0.000000]  BIOS-e820: 0000000020000000 - 0000000020200000 (reserved)
[    0.000000]  BIOS-e820: 0000000020200000 - 0000000040000000 (usable)
[    0.000000]  BIOS-e820: 0000000040000000 - 0000000040200000 (reserved)
[    0.000000]  BIOS-e820: 0000000040200000 - 00000000b677e000 (usable)
[    0.000000]  BIOS-e820: 00000000b677e000 - 00000000b67d5000 (ACPI NVS)
[    0.000000]  BIOS-e820: 00000000b67d5000 - 00000000b6b5c000 (reserved)
[    0.000000]  BIOS-e820: 00000000b6b5c000 - 00000000b6b5f000 (ACPI NVS)
[    0.000000]  BIOS-e820: 00000000b6b5f000 - 00000000b6da5000 (reserved)
[    0.000000]  BIOS-e820: 00000000b6da5000 - 00000000b6db6000 (ACPI NVS)
[    0.000000]  BIOS-e820: 00000000b6db6000 - 00000000b6dcd000 (reserved)
[    0.000000]  BIOS-e820: 00000000b6dcd000 - 00000000b6dcf000 (usable)
[    0.000000]  BIOS-e820: 00000000b6dcf000 - 00000000b6dd7000 (reserved)
[    0.000000]  BIOS-e820: 00000000b6dd7000 - 00000000b6de2000 (ACPI NVS)
[    0.000000]  BIOS-e820: 00000000b6de2000 - 00000000b6e3e000 (reserved)
[    0.000000]  BIOS-e820: 00000000b6e3e000 - 00000000b6e81000 (ACPI NVS)
[    0.000000]  BIOS-e820: 00000000b6e81000 - 00000000b7000000 (usable)
[    0.000000]  BIOS-e820: 00000000b7800000 - 00000000bfa00000 (reserved)
[    0.000000]  BIOS-e820: 00000000fed1c000 - 00000000fed20000 (reserved)
[    0.000000]  BIOS-e820: 00000000ff000000 - 0000000100000000 (reserved)
[    0.000000]  BIOS-e820: 0000000100000000 - 000000023fe00000 (usable)
[    0.000000] NX (Execute Disable) protection: active
[    0.000000] SMBIOS 2.6 present.
[    0.000000] DMI: System manufacturer System Product Name/P8Z68-V PRO, BIOS 0501 05/09/2011
[    0.000000] e820 update range: 0000000000000000 - 0000000000010000 (usable) ==> (reserved)
[    0.000000] e820 remove range: 00000000000a0000 - 0000000000100000 (usable)
[    0.000000] No AGP bridge found
[    0.000000] last_pfn = 0x23fe00 max_arch_pfn = 0x400000000
[    0.000000] MTRR default type: uncachable
[    0.000000] MTRR fixed ranges enabled:
[    0.000000]   00000-9FFFF write-back
[    0.000000]   A0000-BFFFF uncachable
[    0.000000]   C0000-D3FFF write-protect
[    0.000000]   D4000-E7FFF uncachable
[    0.000000]   E8000-FFFFF write-protect
[    0.000000] MTRR variable ranges enabled:
[    0.000000]   0 base 000000000 mask E00000000 write-back
[    0.000000]   1 base 200000000 mask FC0000000 write-back
[    0.000000]   2 base 0B7800000 mask FFF800000 uncachable
[    0.000000]   3 base 0B8000000 mask FF8000000 uncachable
[    0.000000]   4 base 0C0000000 mask FC0000000 uncachable
[    0.000000]   5 base 23FE00000 mask FFFE00000 uncachable
[    0.000000]   6 disabled
[    0.000000]   7 disabled
[    0.000000]   8 disabled
[    0.000000]   9 disabled
[    0.000000] x86 PAT enabled: cpu 0, old 0x7040600070406, new 0x7010600070106
[    0.000000] e820 update range: 00000000b7800000 - 0000000100000000 (usable) ==> (reserved)
[    0.000000] last_pfn = 0xb7000 max_arch_pfn = 0x400000000
[    0.000000] found SMP MP-table at [ffff8800000fcee0] fcee0
[    0.000000] initial memory mapped : 0 - 20000000
[    0.000000] Base memory trampoline at [ffff880000099000] 99000 size 8192
[    0.000000] reserving inaccessible SNB gfx pages
[    0.000000] init_memory_mapping: 0000000000000000-00000000b7000000
[    0.000000]  0000000000 - 00b7000000 page 2M
[    0.000000] kernel direct mapping tables up to 0xb6ffffff @ [mem 0x1fffc000-0x1fffffff]
[    0.000000] init_memory_mapping: 0000000100000000-000000023fe00000
[    0.000000]  0100000000 - 023fe00000 page 2M
[    0.000000] kernel direct mapping tables up to 0x23fdfffff @ [mem 0xb6ffa000-0xb6ffffff]
[    0.000000] ACPI: RSDP 00000000000f0420 00024 (v02 ALASKA)
[    0.000000] ACPI: XSDT 00000000b67ca068 0004C (v01 ALASKA    A M I 01072009 AMI  00010013)
[    0.000000] ACPI: FACP 00000000b67d42d8 000F4 (v04 ALASKA    A M I 01072009 AMI  00010013)
[    0.000000] ACPI: DSDT 00000000b67ca140 0A198 (v02 ALASKA    A M I 00000000 INTL 20051117)
[    0.000000] ACPI: FACS 00000000b6dd9f80 00040
[    0.000000] ACPI: APIC 00000000b67d43d0 00072 (v03 ALASKA    A M I 01072009 AMI  00010013)
[    0.000000] ACPI: SSDT 00000000b67d4448 00102 (v01 AMICPU     PROC 00000001 MSFT 03000001)
[    0.000000] ACPI: MCFG 00000000b67d4550 0003C (v01 ALASKA    A M I 01072009 MSFT 00000097)
[    0.000000] ACPI: HPET 00000000b67d4590 00038 (v01 ALASKA    A M I 01072009 AMI. 00000004)
[    0.000000] ACPI: Local APIC address 0xfee00000
[    0.000000] No NUMA configuration found
[    0.000000] Faking a node at 0000000000000000-000000023fe00000
[    0.000000] Initmem setup node 0 0000000000000000-000000023fe00000
[    0.000000]   NODE_DATA [000000023fdfb000 - 000000023fdfffff]
[    0.000000]  [ffffea0000000000-ffffea0007dfffff] PMD -> [ffff880237600000-ffff88023e5fffff] on node 0
[    0.000000] Zone PFN ranges:
[    0.000000]   DMA      0x00000010 -> 0x00001000
[    0.000000]   DMA32    0x00001000 -> 0x00100000
[    0.000000]   Normal   0x00100000 -> 0x0023fe00
[    0.000000] Movable zone start PFN for each node
[    0.000000] early_node_map[7] active PFN ranges
[    0.000000]     0: 0x00000010 -> 0x0000009b
[    0.000000]     0: 0x00000100 -> 0x00020000
[    0.000000]     0: 0x00020200 -> 0x00040000
[    0.000000]     0: 0x00040200 -> 0x000b677e
[    0.000000]     0: 0x000b6dcd -> 0x000b6dcf
[    0.000000]     0: 0x000b6e81 -> 0x000b7000
[    0.000000]     0: 0x00100000 -> 0x0023fe00
[    0.000000] On node 0 totalpages: 2056842
[    0.000000]   DMA zone: 56 pages used for memmap
[    0.000000]   DMA zone: 139 pages reserved
[    0.000000]   DMA zone: 3784 pages, LIFO batch:0
[    0.000000]   DMA32 zone: 14280 pages used for memmap
[    0.000000]   DMA32 zone: 728375 pages, LIFO batch:31
[    0.000000]   Normal zone: 17913 pages used for memmap
[    0.000000]   Normal zone: 1292295 pages, LIFO batch:31
[    0.000000] ACPI: PM-Timer IO Port: 0x408
[    0.000000] ACPI: Local APIC address 0xfee00000
[    0.000000] ACPI: LAPIC (acpi_id[0x01] lapic_id[0x00] enabled)
[    0.000000] ACPI: LAPIC (acpi_id[0x02] lapic_id[0x02] enabled)
[    0.000000] ACPI: LAPIC (acpi_id[0x03] lapic_id[0x04] enabled)
[    0.000000] ACPI: LAPIC (acpi_id[0x04] lapic_id[0x06] enabled)
[    0.000000] ACPI: LAPIC_NMI (acpi_id[0xff] high edge lint[0x1])
[    0.000000] ACPI: IOAPIC (id[0x00] address[0xfec00000] gsi_base[0])
[    0.000000] IOAPIC[0]: apic_id 0, version 32, address 0xfec00000, GSI 0-23
[    0.000000] ACPI: INT_SRC_OVR (bus 0 bus_irq 0 global_irq 2 dfl dfl)
[    0.000000] ACPI: INT_SRC_OVR (bus 0 bus_irq 9 global_irq 9 high level)
[    0.000000] ACPI: IRQ0 used by override.
[    0.000000] ACPI: IRQ2 used by override.
[    0.000000] ACPI: IRQ9 used by override.
[    0.000000] Using ACPI (MADT) for SMP configuration information
[    0.000000] ACPI: HPET id: 0x8086a701 base: 0xfed00000
[    0.000000] SMP: Allowing 4 CPUs, 0 hotplug CPUs
[    0.000000] nr_irqs_gsi: 40
[    0.000000] Allocating PCI resources starting at bfa00000 (gap: bfa00000:3f31c000)
[    0.000000] setup_percpu: NR_CPUS:64 nr_cpumask_bits:64 nr_cpu_ids:4 nr_node_ids:1
[    0.000000] PERCPU: Embedded 25 pages/cpu @ffff88023fa00000 s71040 r8192 d23168 u524288
[    0.000000] pcpu-alloc: s71040 r8192 d23168 u524288 alloc=1*2097152
[    0.000000] pcpu-alloc: [0] 0 1 2 3 
[    0.000000] Built 1 zonelists in Zone order, mobility grouping on.  Total pages: 2024454
[    0.000000] Policy zone: Normal
[    0.000000] Kernel command line: BOOT_IMAGE=/kernel-3.0.101 root=/dev/sdg3 ro
[    0.000000] PID hash table entries: 4096 (order: 3, 32768 bytes)
[    0.000000] xsave/xrstor: enabled xstate_bv 0x7, cntxt size 0x340
[    0.000000] Checking aperture...
[    0.000000] No AGP bridge found
[    0.000000] Memory: 8035116k/9435136k available (6088k kernel code, 1207768k absent, 192252k reserved, 2694k data, 620k init)
[    0.000000] SLUB: Genslabs=15, HWalign=64, Order=0-3, MinObjects=0, CPUs=4, Nodes=1
[    0.000000] Hierarchical RCU implementation.
[    0.000000] NR_IRQS:4352 nr_irqs:712 16
[    0.000000] Extended CMOS year: 2000
[    0.000000] Console: colour VGA+ 80x25
[    0.000000] console [tty0] enabled
[    0.000000] hpet clockevent registered
[    0.000000] Fast TSC calibration using PIT
[    0.001000] Detected 3300.299 MHz processor.
[    0.000001] Calibrating delay loop (skipped), value calculated using timer frequency.. 6600.59 BogoMIPS (lpj=3300299)
[    0.000140] pid_max: default: 32768 minimum: 301
[    0.000220] Security Framework initialized
[    0.000604] Dentry cache hash table entries: 1048576 (order: 11, 8388608 bytes)
[    0.001870] Inode-cache hash table entries: 524288 (order: 10, 4194304 bytes)
[    0.002470] Mount-cache hash table entries: 256
[    0.002609] CPU: Physical Processor ID: 0
[    0.002676] CPU: Processor Core ID: 0
[    0.002745] ENERGY_PERF_BIAS: Set to 'normal', was 'performance'
[    0.002745] ENERGY_PERF_BIAS: View and update with x86_energy_perf_policy(8)
[    0.002887] mce: CPU supports 9 MCE banks
[    0.002962] CPU0: Thermal monitoring enabled (TM1)
[    0.003035] using mwait in idle threads.
[    0.003166] ACPI: Core revision 20110413
[    0.108169] ..TIMER: vector=0x30 apic1=0 pin1=2 apic2=-1 pin2=-1
[    0.118233] CPU0: Intel(R) Core(TM) i5-2500K CPU @ 3.30GHz stepping 07
[    0.220036] Performance Events: PEBS fmt1+, SandyBridge events, Intel PMU driver.
[    0.220246] ... version:                3
[    0.220313] ... bit width:              48
[    0.220380] ... generic registers:      8
[    0.220447] ... value mask:             0000ffffffffffff
[    0.220515] ... max period:             000000007fffffff
[    0.220584] ... fixed-purpose events:   3
[    0.220650] ... event mask:             00000007000000ff
[    0.220803] Booting Node   0, Processors  #1
[    0.220884] smpboot cpu 1: start_ip = 99000
[    0.312100]  #2
[    0.312141] smpboot cpu 2: start_ip = 99000
[    0.402956]  #3 Ok.
[    0.403022] smpboot cpu 3: start_ip = 99000
[    0.493835] Brought up 4 CPUs
[    0.493903] Total of 4 processors activated (26397.53 BogoMIPS).
[    0.495261] devtmpfs: initialized
[    0.495380] kworker/u:0 used greatest stack depth: 5760 bytes left
[    0.495500] NET: Registered protocol family 16
[    0.495740] ACPI: bus type pci registered
[    0.495854] PCI: MMCONFIG for domain 0000 [bus 00-3f] at [mem 0xe0000000-0xe3ffffff] (base 0xe0000000)
[    0.495954] PCI: not using MMCONFIG
[    0.496020] PCI: Using configuration type 1 for base access
[    0.498803] bio: create slab <bio-0> at 0
[    0.499669] ACPI: EC: Look up EC in DSDT
[    0.500374] ACPI: Executed 1 blocks of module-level executable AML code
[    0.502124] ACPI: SSDT 00000000b6dd8918 003E0 (v01    AMI      IST 00000001 MSFT 03000001)
[    0.502508] ACPI: Dynamic OEM Table Load:
[    0.502650] ACPI: SSDT           (null) 003E0 (v01    AMI      IST 00000001 MSFT 03000001)
[    0.502837] ACPI: SSDT 00000000b6dd7d98 000E4 (v01    AMI      CST 00000001 MSFT 03000001)
[    0.503191] ACPI: Dynamic OEM Table Load:
[    0.503332] ACPI: SSDT           (null) 000E4 (v01    AMI      CST 00000001 MSFT 03000001)
[    0.503767] ACPI: Interpreter enabled
[    0.503835] ACPI: (supports S0 S5)
[    0.503980] ACPI: Using IOAPIC for interrupt routing
[    0.504060] PCI: MMCONFIG for domain 0000 [bus 00-3f] at [mem 0xe0000000-0xe3ffffff] (base 0xe0000000)
[    0.504189] PCI: MMCONFIG at [mem 0xe0000000-0xe3ffffff] reserved in ACPI motherboard resources
[    0.515186] [Firmware Bug]: ACPI: BIOS _OSI(Linux) query ignored
[    0.519059] ACPI: EC: GPE = 0x18, I/O: command/status = 0x66, data = 0x62
[    0.519237] ACPI: No dock devices found.
[    0.519305] PCI: Using host bridge windows from ACPI; if necessary, use "pci=nocrs" and report a bug
[    0.519504] ACPI: PCI Root Bridge [PCI0] (domain 0000 [bus 00-ff])
[    0.519695] pci_root PNP0A08:00: host bridge window [io  0x0000-0x0cf7]
[    0.519767] pci_root PNP0A08:00: host bridge window [io  0x0d00-0xffff]
[    0.519840] pci_root PNP0A08:00: host bridge window [mem 0x000a0000-0x000bffff]
[    0.519936] pci_root PNP0A08:00: host bridge window [mem 0x000c8000-0x000dffff]
[    0.520031] pci_root PNP0A08:00: host bridge window [mem 0xbfa00000-0xffffffff]
[    0.520128] pci_root PNP0A08:00: address space collision: host bridge window [mem 0x000c8000-0x000dffff] conflicts with Video ROM [mem 0x000c0000-0x000cdbff]
[    0.520239] pci 0000:00:00.0: [8086:0100] type 0 class 0x000600
[    0.520265] pci 0000:00:01.0: [8086:0101] type 1 class 0x000604
[    0.520288] pci 0000:00:01.0: PME# supported from D0 D3hot D3cold
[    0.520289] pci 0000:00:01.0: PME# disabled
[    0.520303] pci 0000:00:02.0: [8086:0112] type 0 class 0x000300
[    0.520311] pci 0000:00:02.0: reg 10: [mem 0xfa400000-0xfa7fffff 64bit]
[    0.520315] pci 0000:00:02.0: reg 18: [mem 0xc0000000-0xcfffffff 64bit pref]
[    0.520319] pci 0000:00:02.0: reg 20: [io  0xf000-0xf03f]
[    0.520363] pci 0000:00:16.0: [8086:1c3a] type 0 class 0x000780
[    0.520384] pci 0000:00:16.0: reg 10: [mem 0xfad29000-0xfad2900f 64bit]
[    0.520453] pci 0000:00:16.0: PME# supported from D0 D3hot D3cold
[    0.520457] pci 0000:00:16.0: PME# disabled
[    0.520482] pci 0000:00:19.0: [8086:1503] type 0 class 0x000200
[    0.520499] pci 0000:00:19.0: reg 10: [mem 0xfad00000-0xfad1ffff]
[    0.520507] pci 0000:00:19.0: reg 14: [mem 0xfad28000-0xfad28fff]
[    0.520515] pci 0000:00:19.0: reg 18: [io  0xf080-0xf09f]
[    0.520573] pci 0000:00:19.0: PME# supported from D0 D3hot D3cold
[    0.520576] pci 0000:00:19.0: PME# disabled
[    0.520598] pci 0000:00:1a.0: [8086:1c2d] type 0 class 0x000c03
[    0.520617] pci 0000:00:1a.0: reg 10: [mem 0xfad27000-0xfad273ff]
[    0.520701] pci 0000:00:1a.0: PME# supported from D0 D3hot D3cold
[    0.520705] pci 0000:00:1a.0: PME# disabled
[    0.520726] pci 0000:00:1b.0: [8086:1c20] type 0 class 0x000403
[    0.520740] pci 0000:00:1b.0: reg 10: [mem 0xfad20000-0xfad23fff 64bit]
[    0.520803] pci 0000:00:1b.0: PME# supported from D0 D3hot D3cold
[    0.520807] pci 0000:00:1b.0: PME# disabled
[    0.520825] pci 0000:00:1c.0: [8086:1c10] type 1 class 0x000604
[    0.520898] pci 0000:00:1c.0: PME# supported from D0 D3hot D3cold
[    0.520902] pci 0000:00:1c.0: PME# disabled
[    0.520922] pci 0000:00:1c.1: [8086:1c12] type 1 class 0x000604
[    0.520995] pci 0000:00:1c.1: PME# supported from D0 D3hot D3cold
[    0.520999] pci 0000:00:1c.1: PME# disabled
[    0.521018] pci 0000:00:1c.2: [8086:1c14] type 1 class 0x000604
[    0.521092] pci 0000:00:1c.2: PME# supported from D0 D3hot D3cold
[    0.521095] pci 0000:00:1c.2: PME# disabled
[    0.521115] pci 0000:00:1c.3: [8086:1c16] type 1 class 0x000604
[    0.521189] pci 0000:00:1c.3: PME# supported from D0 D3hot D3cold
[    0.521192] pci 0000:00:1c.3: PME# disabled
[    0.521213] pci 0000:00:1c.4: [8086:1c18] type 1 class 0x000604
[    0.521286] pci 0000:00:1c.4: PME# supported from D0 D3hot D3cold
[    0.521290] pci 0000:00:1c.4: PME# disabled
[    0.521311] pci 0000:00:1c.6: [8086:244e] type 1 class 0x000604
[    0.521384] pci 0000:00:1c.6: PME# supported from D0 D3hot D3cold
[    0.521388] pci 0000:00:1c.6: PME# disabled
[    0.521407] pci 0000:00:1c.7: [8086:1c1e] type 1 class 0x000604
[    0.521480] pci 0000:00:1c.7: PME# supported from D0 D3hot D3cold
[    0.521483] pci 0000:00:1c.7: PME# disabled
[    0.521508] pci 0000:00:1d.0: [8086:1c26] type 0 class 0x000c03
[    0.521527] pci 0000:00:1d.0: reg 10: [mem 0xfad26000-0xfad263ff]
[    0.521611] pci 0000:00:1d.0: PME# supported from D0 D3hot D3cold
[    0.521615] pci 0000:00:1d.0: PME# disabled
[    0.521636] pci 0000:00:1f.0: [8086:1c44] type 0 class 0x000601
[    0.521752] pci 0000:00:1f.2: [8086:1c02] type 0 class 0x000106
[    0.521768] pci 0000:00:1f.2: reg 10: [io  0xf0d0-0xf0d7]
[    0.521775] pci 0000:00:1f.2: reg 14: [io  0xf0c0-0xf0c3]
[    0.521782] pci 0000:00:1f.2: reg 18: [io  0xf0b0-0xf0b7]
[    0.521789] pci 0000:00:1f.2: reg 1c: [io  0xf0a0-0xf0a3]
[    0.521796] pci 0000:00:1f.2: reg 20: [io  0xf060-0xf07f]
[    0.521805] pci 0000:00:1f.2: reg 24: [mem 0xfad25000-0xfad257ff]
[    0.521846] pci 0000:00:1f.2: PME# supported from D3hot
[    0.521849] pci 0000:00:1f.2: PME# disabled
[    0.521864] pci 0000:00:1f.3: [8086:1c22] type 0 class 0x000c05
[    0.521878] pci 0000:00:1f.3: reg 10: [mem 0xfad24000-0xfad240ff 64bit]
[    0.521897] pci 0000:00:1f.3: reg 20: [io  0xf040-0xf05f]
[    0.521944] pci 0000:01:00.0: [10de:1245] type 0 class 0x000300
[    0.521951] pci 0000:01:00.0: reg 10: [mem 0xf8000000-0xf9ffffff]
[    0.521960] pci 0000:01:00.0: reg 14: [mem 0xd0000000-0xd7ffffff 64bit pref]
[    0.521969] pci 0000:01:00.0: reg 1c: [mem 0xd8000000-0xdbffffff 64bit pref]
[    0.521975] pci 0000:01:00.0: reg 24: [io  0xe000-0xe07f]
[    0.521981] pci 0000:01:00.0: reg 30: [mem 0xfa000000-0xfa07ffff pref]
[    0.522028] pci 0000:01:00.1: [10de:0bee] type 0 class 0x000403
[    0.522036] pci 0000:01:00.1: reg 10: [mem 0xfa080000-0xfa083fff]
[    0.523807] pci 0000:00:01.0: PCI bridge to [bus 01-01]
[    0.523876] pci 0000:00:01.0:   bridge window [io  0xe000-0xefff]
[    0.523878] pci 0000:00:01.0:   bridge window [mem 0xf8000000-0xfa0fffff]
[    0.523880] pci 0000:00:01.0:   bridge window [mem 0xd0000000-0xdbffffff 64bit pref]
[    0.523921] pci 0000:00:1c.0: PCI bridge to [bus 02-02]
[    0.523992] pci 0000:00:1c.0:   bridge window [io  0xf000-0x0000] (disabled)
[    0.523996] pci 0000:00:1c.0:   bridge window [mem 0xfff00000-0x000fffff] (disabled)
[    0.524002] pci 0000:00:1c.0:   bridge window [mem 0xfff00000-0x000fffff pref] (disabled)
[    0.524068] pci 0000:03:00.0: [1b21:1042] type 0 class 0x000c03
[    0.524096] pci 0000:03:00.0: reg 10: [mem 0xfac00000-0xfac07fff 64bit]
[    0.524240] pci 0000:03:00.0: PME# supported from D3hot D3cold
[    0.524246] pci 0000:03:00.0: PME# disabled
[    0.525807] pci 0000:00:1c.1: PCI bridge to [bus 03-03]
[    0.525878] pci 0000:00:1c.1:   bridge window [io  0xf000-0x0000] (disabled)
[    0.525882] pci 0000:00:1c.1:   bridge window [mem 0xfac00000-0xfacfffff]
[    0.525888] pci 0000:00:1c.1:   bridge window [mem 0xfff00000-0x000fffff pref] (disabled)
[    0.525929] pci 0000:00:1c.2: PCI bridge to [bus 04-04]
[    0.525999] pci 0000:00:1c.2:   bridge window [io  0xf000-0x0000] (disabled)
[    0.526003] pci 0000:00:1c.2:   bridge window [mem 0xfff00000-0x000fffff] (disabled)
[    0.526008] pci 0000:00:1c.2:   bridge window [mem 0xfff00000-0x000fffff pref] (disabled)
[    0.526068] pci 0000:05:00.0: [197b:2362] type 0 class 0x000101
[    0.526101] pci 0000:05:00.0: reg 10: [io  0xd040-0xd047]
[    0.526117] pci 0000:05:00.0: reg 14: [io  0xd030-0xd033]
[    0.526132] pci 0000:05:00.0: reg 18: [io  0xd020-0xd027]
[    0.526148] pci 0000:05:00.0: reg 1c: [io  0xd010-0xd013]
[    0.526164] pci 0000:05:00.0: reg 20: [io  0xd000-0xd00f]
[    0.526179] pci 0000:05:00.0: reg 24: [mem 0xfab10000-0xfab101ff]
[    0.526195] pci 0000:05:00.0: reg 30: [mem 0x00000000-0x0000ffff pref]
[    0.526255] pci 0000:05:00.0: PME# supported from D3hot
[    0.526261] pci 0000:05:00.0: PME# disabled
[    0.527805] pci 0000:00:1c.3: PCI bridge to [bus 05-05]
[    0.527877] pci 0000:00:1c.3:   bridge window [io  0xd000-0xdfff]
[    0.527880] pci 0000:00:1c.3:   bridge window [mem 0xfab00000-0xfabfffff]
[    0.527886] pci 0000:00:1c.3:   bridge window [mem 0xfff00000-0x000fffff pref] (disabled)
[    0.527952] pci 0000:06:00.0: [1b21:1042] type 0 class 0x000c03
[    0.527980] pci 0000:06:00.0: reg 10: [mem 0xfaa00000-0xfaa07fff 64bit]
[    0.528124] pci 0000:06:00.0: PME# supported from D3hot D3cold
[    0.528129] pci 0000:06:00.0: PME# disabled
[    0.529802] pci 0000:00:1c.4: PCI bridge to [bus 06-06]
[    0.529873] pci 0000:00:1c.4:   bridge window [io  0xf000-0x0000] (disabled)
[    0.529877] pci 0000:00:1c.4:   bridge window [mem 0xfaa00000-0xfaafffff]
[    0.529882] pci 0000:00:1c.4:   bridge window [mem 0xfff00000-0x000fffff pref] (disabled)
[    0.529937] pci 0000:07:00.0: [1b21:1080] type 1 class 0x000604
[    0.530055] pci 0000:00:1c.6: PCI bridge to [bus 07-08] (subtractive decode)
[    0.530129] pci 0000:00:1c.6:   bridge window [io  0xc000-0xcfff]
[    0.530132] pci 0000:00:1c.6:   bridge window [mem 0xfa900000-0xfa9fffff]
[    0.530138] pci 0000:00:1c.6:   bridge window [mem 0xfff00000-0x000fffff pref] (disabled)
[    0.530140] pci 0000:00:1c.6:   bridge window [io  0x0000-0x0cf7] (subtractive decode)
[    0.530141] pci 0000:00:1c.6:   bridge window [io  0x0d00-0xffff] (subtractive decode)
[    0.530142] pci 0000:00:1c.6:   bridge window [mem 0x000a0000-0x000bffff] (subtractive decode)
[    0.530144] pci 0000:00:1c.6:   bridge window [mem 0xbfa00000-0xffffffff] (subtractive decode)
[    0.530205] pci 0000:08:02.0: [1106:3044] type 0 class 0x000c00
[    0.530236] pci 0000:08:02.0: reg 10: [mem 0xfa900000-0xfa9007ff]
[    0.530254] pci 0000:08:02.0: reg 14: [io  0xc000-0xc07f]
[    0.530383] pci 0000:08:02.0: supports D2
[    0.530384] pci 0000:08:02.0: PME# supported from D2 D3hot D3cold
[    0.530390] pci 0000:08:02.0: PME# disabled
[    0.530465] pci 0000:07:00.0: PCI bridge to [bus 08-08] (subtractive decode)
[    0.530544] pci 0000:07:00.0:   bridge window [io  0xc000-0xcfff]
[    0.530550] pci 0000:07:00.0:   bridge window [mem 0xfa900000-0xfa9fffff]
[    0.530559] pci 0000:07:00.0:   bridge window [mem 0xfff00000-0x000fffff pref] (disabled)
[    0.530561] pci 0000:07:00.0:   bridge window [io  0xc000-0xcfff] (subtractive decode)
[    0.530562] pci 0000:07:00.0:   bridge window [mem 0xfa900000-0xfa9fffff] (subtractive decode)
[    0.530564] pci 0000:07:00.0:   bridge window [??? 0x00000000 flags 0x0] (subtractive decode)
[    0.530565] pci 0000:07:00.0:   bridge window [??? 0x00000000 flags 0x0] (subtractive decode)
[    0.530566] pci 0000:07:00.0:   bridge window [io  0x0000-0x0cf7] (subtractive decode)
[    0.530568] pci 0000:07:00.0:   bridge window [io  0x0d00-0xffff] (subtractive decode)
[    0.530569] pci 0000:07:00.0:   bridge window [mem 0x000a0000-0x000bffff] (subtractive decode)
[    0.530571] pci 0000:07:00.0:   bridge window [mem 0xbfa00000-0xffffffff] (subtractive decode)
[    0.530639] pci 0000:09:00.0: [1b4b:9172] type 0 class 0x000106
[    0.530656] pci 0000:09:00.0: reg 10: [io  0xb040-0xb047]
[    0.530668] pci 0000:09:00.0: reg 14: [io  0xb030-0xb033]
[    0.530680] pci 0000:09:00.0: reg 18: [io  0xb020-0xb027]
[    0.530693] pci 0000:09:00.0: reg 1c: [io  0xb010-0xb013]
[    0.530705] pci 0000:09:00.0: reg 20: [io  0xb000-0xb00f]
[    0.530717] pci 0000:09:00.0: reg 24: [mem 0xfa810000-0xfa8101ff]
[    0.530729] pci 0000:09:00.0: reg 30: [mem 0xfa800000-0xfa80ffff pref]
[    0.530786] pci 0000:09:00.0: PME# supported from D3hot
[    0.530792] pci 0000:09:00.0: PME# disabled
[    0.532798] pci 0000:00:1c.7: PCI bridge to [bus 09-09]
[    0.532868] pci 0000:00:1c.7:   bridge window [io  0xb000-0xbfff]
[    0.532872] pci 0000:00:1c.7:   bridge window [mem 0xfa800000-0xfa8fffff]
[    0.532877] pci 0000:00:1c.7:   bridge window [mem 0xfff00000-0x000fffff pref] (disabled)
[    0.532910] ACPI: PCI Interrupt Routing Table [\_SB_.PCI0._PRT]
[    0.532962] ACPI: PCI Interrupt Routing Table [\_SB_.PCI0.P0P1._PRT]
[    0.532977] ACPI: PCI Interrupt Routing Table [\_SB_.PCI0.PEX0._PRT]
[    0.532991] ACPI: PCI Interrupt Routing Table [\_SB_.PCI0.PEX1._PRT]
[    0.533004] ACPI: PCI Interrupt Routing Table [\_SB_.PCI0.PEX2._PRT]
[    0.533018] ACPI: PCI Interrupt Routing Table [\_SB_.PCI0.PEX3._PRT]
[    0.533041] ACPI: PCI Interrupt Routing Table [\_SB_.PCI0.PEX4._PRT]
[    0.533055] ACPI: PCI Interrupt Routing Table [\_SB_.PCI0.PEX6._PRT]
[    0.533070] ACPI: PCI Interrupt Routing Table [\_SB_.PCI0.PEX6.BR24._PRT]
[    0.533094] ACPI: PCI Interrupt Routing Table [\_SB_.PCI0.PEX7._PRT]
[    0.533158]  pci0000:00: Requesting ACPI _OSC control (0x1d)
[    0.533339]  pci0000:00: ACPI _OSC control (0x1c) granted
[    0.536189] ACPI: PCI Interrupt Link [LNKA] (IRQs 3 4 5 6 7 10 *11 12 14 15)
[    0.536731] ACPI: PCI Interrupt Link [LNKB] (IRQs 3 4 5 6 7 *10 11 12 14 15)
[    0.537273] ACPI: PCI Interrupt Link [LNKC] (IRQs *3 4 5 6 10 11 12 14 15)
[    0.537775] ACPI: PCI Interrupt Link [LNKD] (IRQs 3 4 5 6 10 *11 12 14 15)
[    0.538737] ACPI: PCI Interrupt Link [LNKE] (IRQs 3 4 6 7 *10 11 12 14 15)
[    0.539242] ACPI: PCI Interrupt Link [LNKF] (IRQs 3 4 *5 6 7 10 11 12 14 15)
[    0.539783] ACPI: PCI Interrupt Link [LNKG] (IRQs 3 *4 5 6 7 10 11 12 14 15)
[    0.540323] ACPI: PCI Interrupt Link [LNKH] (IRQs 3 4 5 6 *7 10 11 12 14 15)
[    0.540917] vgaarb: device added: PCI:0000:00:02.0,decodes=io+mem,owns=io+mem,locks=none
[    0.541017] vgaarb: device added: PCI:0000:01:00.0,decodes=io+mem,owns=none,locks=none
[    0.541115] vgaarb: loaded
[    0.541179] vgaarb: bridge control possible 0000:01:00.0
[    0.541248] vgaarb: bridge control possible 0000:00:02.0
[    0.541379] SCSI subsystem initialized
[    0.541489] libata version 3.00 loaded.
[    0.541531] usbcore: registered new interface driver usbfs
[    0.541625] usbcore: registered new interface driver hub
[    0.541711] usbcore: registered new device driver usb
[    0.541879] PCI: Using ACPI for IRQ routing
[    0.543265] PCI: pci_cache_line_size set to 64 bytes
[    0.543350] reserve RAM buffer: 000000000009b400 - 000000000009ffff 
[    0.543352] reserve RAM buffer: 00000000b677e000 - 00000000b7ffffff 
[    0.543354] reserve RAM buffer: 00000000b6dcf000 - 00000000b7ffffff 
[    0.543355] reserve RAM buffer: 00000000b7000000 - 00000000b7ffffff 
[    0.543356] reserve RAM buffer: 000000023fe00000 - 000000023fffffff 
[    0.543441] NetLabel: Initializing
[    0.543507] NetLabel:  domain hash size = 128
[    0.543574] NetLabel:  protocols = UNLABELED CIPSOv4
[    0.543647] NetLabel:  unlabeled traffic allowed by default
[    0.543723] hpet0: at MMIO 0xfed00000, IRQs 2, 8, 0, 0, 0, 0, 0, 0
[    0.544131] hpet0: 8 comparators, 64-bit 14.318180 MHz counter
[    0.547213] Switching to clocksource hpet
[    0.547669] Switched to NOHz mode on CPU #0
[    0.547752] Switched to NOHz mode on CPU #2
[    0.547774] Switched to NOHz mode on CPU #3
[    0.547793] Switched to NOHz mode on CPU #1
[    0.548435] pnp: PnP ACPI init
[    0.548504] ACPI: bus type pnp registered
[    0.548640] pnp 00:00: [bus 00-ff]
[    0.548642] pnp 00:00: [io  0x0cf8-0x0cff]
[    0.548643] pnp 00:00: [io  0x0000-0x0cf7 window]
[    0.548645] pnp 00:00: [io  0x0d00-0xffff window]
[    0.548646] pnp 00:00: [mem 0x000a0000-0x000bffff window]
[    0.548647] pnp 00:00: [mem 0x000c8000-0x000dffff window]
[    0.548649] pnp 00:00: [mem 0xbfa00000-0xffffffff window]
[    0.548650] pnp 00:00: [mem 0x00000000 window]
[    0.548695] pnp 00:00: Plug and Play ACPI device, IDs PNP0a08 PNP0a03 (active)
[    0.548726] pnp 00:01: [mem 0xfed10000-0xfed19fff]
[    0.548727] pnp 00:01: [mem 0xe0000000-0xe3ffffff]
[    0.548728] pnp 00:01: [mem 0xfed90000-0xfed93fff]
[    0.548729] pnp 00:01: [mem 0xfed20000-0xfed3ffff]
[    0.548730] pnp 00:01: [mem 0xfee00000-0xfee0ffff]
[    0.548772] system 00:01: [mem 0xfed10000-0xfed19fff] has been reserved
[    0.548843] system 00:01: [mem 0xe0000000-0xe3ffffff] has been reserved
[    0.548915] system 00:01: [mem 0xfed90000-0xfed93fff] has been reserved
[    0.548986] system 00:01: [mem 0xfed20000-0xfed3ffff] has been reserved
[    0.549057] system 00:01: [mem 0xfee00000-0xfee0ffff] has been reserved
[    0.549129] system 00:01: Plug and Play ACPI device, IDs PNP0c01 (active)
[    0.549164] pnp 00:02: [io  0x0000-0xffffffffffffffff disabled]
[    0.549166] pnp 00:02: [io  0x0000-0xffffffffffffffff disabled]
[    0.549167] pnp 00:02: [io  0x0290-0x029f]
[    0.549168] pnp 00:02: [io  0x0000-0xffffffffffffffff disabled]
[    0.549205] system 00:02: [io  0x0290-0x029f] has been reserved
[    0.549276] system 00:02: Plug and Play ACPI device, IDs PNP0c02 (active)
[    0.549283] pnp 00:03: [dma 4]
[    0.549284] pnp 00:03: [io  0x0000-0x000f]
[    0.549285] pnp 00:03: [io  0x0081-0x0083]
[    0.549286] pnp 00:03: [io  0x0087]
[    0.549287] pnp 00:03: [io  0x0089-0x008b]
[    0.549288] pnp 00:03: [io  0x008f]
[    0.549289] pnp 00:03: [io  0x00c0-0x00df]
[    0.549325] pnp 00:03: Plug and Play ACPI device, IDs PNP0200 (active)
[    0.549330] pnp 00:04: [io  0x0070-0x0071]
[    0.549337] pnp 00:04: [irq 8]
[    0.549366] pnp 00:04: Plug and Play ACPI device, IDs PNP0b00 (active)
[    0.549370] pnp 00:05: [io  0x0061]
[    0.549400] pnp 00:05: Plug and Play ACPI device, IDs PNP0800 (active)
[    0.549409] pnp 00:06: [io  0x0010-0x001f]
[    0.549410] pnp 00:06: [io  0x0022-0x003f]
[    0.549411] pnp 00:06: [io  0x0044-0x005f]
[    0.549412] pnp 00:06: [io  0x0063]
[    0.549413] pnp 00:06: [io  0x0065]
[    0.549414] pnp 00:06: [io  0x0067-0x006f]
[    0.549415] pnp 00:06: [io  0x0072-0x007f]
[    0.549416] pnp 00:06: [io  0x0080]
[    0.549417] pnp 00:06: [io  0x0084-0x0086]
[    0.549418] pnp 00:06: [io  0x0088]
[    0.549419] pnp 00:06: [io  0x008c-0x008e]
[    0.549420] pnp 00:06: [io  0x0090-0x009f]
[    0.549421] pnp 00:06: [io  0x00a2-0x00bf]
[    0.549422] pnp 00:06: [io  0x00e0-0x00ef]
[    0.549423] pnp 00:06: [io  0x04d0-0x04d1]
[    0.549466] system 00:06: [io  0x04d0-0x04d1] has been reserved
[    0.549537] system 00:06: Plug and Play ACPI device, IDs PNP0c02 (active)
[    0.549542] pnp 00:07: [io  0x00f0-0x00ff]
[    0.549546] pnp 00:07: [irq 13]
[    0.549576] pnp 00:07: Plug and Play ACPI device, IDs PNP0c04 (active)
[    0.549731] pnp 00:08: [io  0x0400-0x0453]
[    0.549734] pnp 00:08: [io  0x0458-0x047f]
[    0.549735] pnp 00:08: [io  0x0000-0xffffffffffffffff disabled]
[    0.549736] pnp 00:08: [io  0x0500-0x057f]
[    0.549737] pnp 00:08: [mem 0xfed1c000-0xfed1ffff]
[    0.549738] pnp 00:08: [mem 0xfec00000-0xfecfffff]
[    0.549739] pnp 00:08: [mem 0xfed08000-0xfed08fff]
[    0.549740] pnp 00:08: [mem 0xff000000-0xffffffff]
[    0.549783] system 00:08: [io  0x0400-0x0453] has been reserved
[    0.549853] system 00:08: [io  0x0458-0x047f] has been reserved
[    0.549923] system 00:08: [io  0x0500-0x057f] has been reserved
[    0.549994] system 00:08: [mem 0xfed1c000-0xfed1ffff] has been reserved
[    0.550066] system 00:08: [mem 0xfec00000-0xfecfffff] could not be reserved
[    0.550138] system 00:08: [mem 0xfed08000-0xfed08fff] has been reserved
[    0.550209] system 00:08: [mem 0xff000000-0xffffffff] has been reserved
[    0.550281] system 00:08: Plug and Play ACPI device, IDs PNP0c01 (active)
[    0.550303] pnp 00:09: [io  0x0454-0x0457]
[    0.550348] system 00:09: [io  0x0454-0x0457] has been reserved
[    0.550419] system 00:09: Plug and Play ACPI device, IDs INT3f0d PNP0c02 (active)
[    0.550487] pnp 00:0a: [mem 0xfed00000-0xfed003ff]
[    0.550525] pnp 00:0a: Plug and Play ACPI device, IDs PNP0103 (active)
[    0.550611] pnp: PnP ACPI: found 11 devices
[    0.550679] ACPI: ACPI bus type pnp unregistered
[    0.557651] PCI: max bus depth: 2 pci_try_num: 3
[    0.557717] pci 0000:00:1c.3: BAR 15: assigned [mem 0xbfa00000-0xbfafffff pref]
[    0.557813] pci 0000:00:01.0: PCI bridge to [bus 01-01]
[    0.557882] pci 0000:00:01.0:   bridge window [io  0xe000-0xefff]
[    0.557954] pci 0000:00:01.0:   bridge window [mem 0xf8000000-0xfa0fffff]
[    0.558026] pci 0000:00:01.0:   bridge window [mem 0xd0000000-0xdbffffff 64bit pref]
[    0.558124] pci 0000:00:1c.0: PCI bridge to [bus 02-02]
[    0.558193] pci 0000:00:1c.0:   bridge window [io  disabled]
[    0.558265] pci 0000:00:1c.0:   bridge window [mem disabled]
[    0.558344] pci 0000:00:1c.0:   bridge window [mem pref disabled]
[    0.558418] pci 0000:00:1c.1: PCI bridge to [bus 03-03]
[    0.558486] pci 0000:00:1c.1:   bridge window [io  disabled]
[    0.558558] pci 0000:00:1c.1:   bridge window [mem 0xfac00000-0xfacfffff]
[    0.558631] pci 0000:00:1c.1:   bridge window [mem pref disabled]
[    0.558705] pci 0000:00:1c.2: PCI bridge to [bus 04-04]
[    0.558774] pci 0000:00:1c.2:   bridge window [io  disabled]
[    0.558846] pci 0000:00:1c.2:   bridge window [mem disabled]
[    0.558917] pci 0000:00:1c.2:   bridge window [mem pref disabled]
[    0.558992] pci 0000:05:00.0: BAR 6: assigned [mem 0xbfa00000-0xbfa0ffff pref]
[    0.559087] pci 0000:00:1c.3: PCI bridge to [bus 05-05]
[    0.559157] pci 0000:00:1c.3:   bridge window [io  0xd000-0xdfff]
[    0.559230] pci 0000:00:1c.3:   bridge window [mem 0xfab00000-0xfabfffff]
[    0.559303] pci 0000:00:1c.3:   bridge window [mem 0xbfa00000-0xbfafffff pref]
[    0.559408] pci 0000:00:1c.4: PCI bridge to [bus 06-06]
[    0.559477] pci 0000:00:1c.4:   bridge window [io  disabled]
[    0.559549] pci 0000:00:1c.4:   bridge window [mem 0xfaa00000-0xfaafffff]
[    0.559622] pci 0000:00:1c.4:   bridge window [mem pref disabled]
[    0.559696] pci 0000:07:00.0: PCI bridge to [bus 08-08]
[    0.559766] pci 0000:07:00.0:   bridge window [io  0xc000-0xcfff]
[    0.559842] pci 0000:07:00.0:   bridge window [mem 0xfa900000-0xfa9fffff]
[    0.559918] pci 0000:07:00.0:   bridge window [mem pref disabled]
[    0.559995] pci 0000:00:1c.6: PCI bridge to [bus 07-08]
[    0.560064] pci 0000:00:1c.6:   bridge window [io  0xc000-0xcfff]
[    0.560138] pci 0000:00:1c.6:   bridge window [mem 0xfa900000-0xfa9fffff]
[    0.560211] pci 0000:00:1c.6:   bridge window [mem pref disabled]
[    0.560285] pci 0000:00:1c.7: PCI bridge to [bus 09-09]
[    0.560363] pci 0000:00:1c.7:   bridge window [io  0xb000-0xbfff]
[    0.560436] pci 0000:00:1c.7:   bridge window [mem 0xfa800000-0xfa8fffff]
[    0.560509] pci 0000:00:1c.7:   bridge window [mem pref disabled]
[    0.560590] pci 0000:00:01.0: PCI INT A -> GSI 16 (level, low) -> IRQ 16
[    0.560662] pci 0000:00:01.0: setting latency timer to 64
[    0.560669] pci 0000:00:1c.0: PCI INT A -> GSI 17 (level, low) -> IRQ 17
[    0.560743] pci 0000:00:1c.0: setting latency timer to 64
[    0.560748] pci 0000:00:1c.1: PCI INT B -> GSI 16 (level, low) -> IRQ 16
[    0.560821] pci 0000:00:1c.1: setting latency timer to 64
[    0.560828] pci 0000:00:1c.2: PCI INT C -> GSI 18 (level, low) -> IRQ 18
[    0.560901] pci 0000:00:1c.2: setting latency timer to 64
[    0.560908] pci 0000:00:1c.3: PCI INT D -> GSI 19 (level, low) -> IRQ 19
[    0.560981] pci 0000:00:1c.3: setting latency timer to 64
[    0.560987] pci 0000:00:1c.4: PCI INT A -> GSI 17 (level, low) -> IRQ 17
[    0.561060] pci 0000:00:1c.4: setting latency timer to 64
[    0.561065] pci 0000:00:1c.6: PCI INT C -> GSI 18 (level, low) -> IRQ 18
[    0.561138] pci 0000:00:1c.6: setting latency timer to 64
[    0.561144] pci 0000:07:00.0: PCI INT A -> GSI 18 (level, low) -> IRQ 18
[    0.561220] pci 0000:07:00.0: setting latency timer to 64
[    0.561226] pci 0000:00:1c.7: PCI INT D -> GSI 19 (level, low) -> IRQ 19
[    0.561298] pci 0000:00:1c.7: setting latency timer to 64
[    0.561302] pci_bus 0000:00: resource 4 [io  0x0000-0x0cf7]
[    0.561303] pci_bus 0000:00: resource 5 [io  0x0d00-0xffff]
[    0.561304] pci_bus 0000:00: resource 6 [mem 0x000a0000-0x000bffff]
[    0.561311] pci_bus 0000:00: resource 7 [mem 0xbfa00000-0xffffffff]
[    0.561312] pci_bus 0000:01: resource 0 [io  0xe000-0xefff]
[    0.561314] pci_bus 0000:01: resource 1 [mem 0xf8000000-0xfa0fffff]
[    0.561315] pci_bus 0000:01: resource 2 [mem 0xd0000000-0xdbffffff 64bit pref]
[    0.561317] pci_bus 0000:03: resource 1 [mem 0xfac00000-0xfacfffff]
[    0.561318] pci_bus 0000:05: resource 0 [io  0xd000-0xdfff]
[    0.561319] pci_bus 0000:05: resource 1 [mem 0xfab00000-0xfabfffff]
[    0.561320] pci_bus 0000:05: resource 2 [mem 0xbfa00000-0xbfafffff pref]
[    0.561322] pci_bus 0000:06: resource 1 [mem 0xfaa00000-0xfaafffff]
[    0.561323] pci_bus 0000:07: resource 0 [io  0xc000-0xcfff]
[    0.561324] pci_bus 0000:07: resource 1 [mem 0xfa900000-0xfa9fffff]
[    0.561326] pci_bus 0000:07: resource 4 [io  0x0000-0x0cf7]
[    0.561327] pci_bus 0000:07: resource 5 [io  0x0d00-0xffff]
[    0.561328] pci_bus 0000:07: resource 6 [mem 0x000a0000-0x000bffff]
[    0.561329] pci_bus 0000:07: resource 7 [mem 0xbfa00000-0xffffffff]
[    0.561331] pci_bus 0000:08: resource 0 [io  0xc000-0xcfff]
[    0.561332] pci_bus 0000:08: resource 1 [mem 0xfa900000-0xfa9fffff]
[    0.561333] pci_bus 0000:08: resource 4 [io  0xc000-0xcfff]
[    0.561334] pci_bus 0000:08: resource 5 [mem 0xfa900000-0xfa9fffff]
[    0.561336] pci_bus 0000:08: resource 8 [io  0x0000-0x0cf7]
[    0.561337] pci_bus 0000:08: resource 9 [io  0x0d00-0xffff]
[    0.561338] pci_bus 0000:08: resource 10 [mem 0x000a0000-0x000bffff]
[    0.561339] pci_bus 0000:08: resource 11 [mem 0xbfa00000-0xffffffff]
[    0.561341] pci_bus 0000:09: resource 0 [io  0xb000-0xbfff]
[    0.561342] pci_bus 0000:09: resource 1 [mem 0xfa800000-0xfa8fffff]
[    0.561357] NET: Registered protocol family 2
[    0.561522] IP route cache hash table entries: 262144 (order: 9, 2097152 bytes)
[    0.562066] TCP established hash table entries: 524288 (order: 11, 8388608 bytes)
[    0.563156] TCP bind hash table entries: 65536 (order: 8, 1048576 bytes)
[    0.563359] TCP: Hash tables configured (established 524288 bind 65536)
[    0.563430] TCP reno registered
[    0.563502] UDP hash table entries: 4096 (order: 5, 131072 bytes)
[    0.563594] UDP-Lite hash table entries: 4096 (order: 5, 131072 bytes)
[    0.563730] NET: Registered protocol family 1
[    0.563851] RPC: Registered named UNIX socket transport module.
[    0.563923] RPC: Registered udp transport module.
[    0.563991] RPC: Registered tcp transport module.
[    0.564059] RPC: Registered tcp NFSv4.1 backchannel transport module.
[    0.564142] pci 0000:00:02.0: Boot video device
[    0.564161] pci 0000:00:1a.0: PCI INT A -> GSI 23 (level, low) -> IRQ 23
[    0.687203] pci 0000:00:1a.0: PCI INT A disabled
[    0.687295] pci 0000:00:1d.0: PCI INT A -> GSI 23 (level, low) -> IRQ 23
[    0.810076] pci 0000:00:1d.0: PCI INT A disabled
[    0.810175] pci 0000:03:00.0: PCI INT A -> GSI 17 (level, low) -> IRQ 17
[    0.810279] pci 0000:03:00.0: PCI INT A disabled
[    0.810358] pci 0000:06:00.0: PCI INT A -> GSI 16 (level, low) -> IRQ 16
[    0.810461] pci 0000:06:00.0: PCI INT A disabled
[    0.810540] PCI: CLS 64 bytes, default 64
[    0.810568] PCI-DMA: Using software bounce buffering for IO (SWIOTLB)
[    0.810639] Placing 64MB software IO TLB between ffff8800b277e000 - ffff8800b677e000
[    0.810736] software IO TLB at phys 0xb277e000 - 0xb677e000
[    0.811884] microcode: CPU0 sig=0x206a7, pf=0x2, revision=0x14
[    0.811958] microcode: CPU1 sig=0x206a7, pf=0x2, revision=0x14
[    0.812032] microcode: CPU2 sig=0x206a7, pf=0x2, revision=0x14
[    0.812115] microcode: CPU3 sig=0x206a7, pf=0x2, revision=0x14
[    0.812211] microcode: Microcode Update Driver: v2.00 <tigran@aivazian.fsnet.co.uk>, Peter Oruba
[    0.826264] HugeTLB registered 2 MB page size, pre-allocated 0 pages
[    0.828591] VFS: Disk quotas dquot_6.5.2
[    0.828701] Dquot-cache hash table entries: 512 (order 0, 4096 bytes)
[    0.829399] msgmni has been set to 15693
[    0.830570] NET: Registered protocol family 38
[    0.830705] Block layer SCSI generic (bsg) driver version 0.4 loaded (major 253)
[    0.830801] io scheduler noop registered
[    0.830868] io scheduler deadline registered
[    0.830975] io scheduler cfq registered (default)
[    0.831112] pcieport 0000:00:01.0: setting latency timer to 64
[    0.831128] pcieport 0000:00:01.0: irq 40 for MSI/MSI-X
[    0.831201] pcieport 0000:00:1c.0: setting latency timer to 64
[    0.831238] pcieport 0000:00:1c.0: irq 41 for MSI/MSI-X
[    0.831310] pcieport 0000:00:1c.1: setting latency timer to 64
[    0.831347] pcieport 0000:00:1c.1: irq 42 for MSI/MSI-X
[    0.831419] pcieport 0000:00:1c.2: setting latency timer to 64
[    0.831455] pcieport 0000:00:1c.2: irq 43 for MSI/MSI-X
[    0.831526] pcieport 0000:00:1c.3: setting latency timer to 64
[    0.831563] pcieport 0000:00:1c.3: irq 44 for MSI/MSI-X
[    0.831635] pcieport 0000:00:1c.4: setting latency timer to 64
[    0.831671] pcieport 0000:00:1c.4: irq 45 for MSI/MSI-X
[    0.831743] pcieport 0000:00:1c.7: setting latency timer to 64
[    0.831779] pcieport 0000:00:1c.7: irq 46 for MSI/MSI-X
[    0.831926] pci_hotplug: PCI Hot Plug PCI Core version: 0.5
[    0.832140] input: Power Button as /devices/LNXSYSTM:00/LNXSYBUS:00/PNP0C0C:00/input/input0
[    0.832240] ACPI: Power Button [PWRB]
[    0.832345] input: Power Button as /devices/LNXSYSTM:00/LNXPWRBN:00/input/input1
[    0.832441] ACPI: Power Button [PWRF]
[    0.832571] ACPI: acpi_idle registered with cpuidle
[    0.832687] Monitor-Mwait will be used to enter C-1 state
[    0.832690] Monitor-Mwait will be used to enter C-3 state
[    0.834102] Serial: 8250/16550 driver, 4 ports, IRQ sharing enabled
[    0.834621] Non-volatile memory driver v1.3
[    0.834689] Linux agpgart interface v0.103
[    0.834845] agpgart-intel 0000:00:00.0: Intel Sandybridge Chipset
[    0.835012] agpgart-intel 0000:00:00.0: detected gtt size: 2097152K total, 262144K mappable
[    0.835989] agpgart-intel 0000:00:00.0: detected 131072K stolen memory
[    0.836199] agpgart-intel 0000:00:00.0: AGP aperture is 256M @ 0xc0000000
[    0.836339] [drm] Initialized drm 1.1.0 20060810
[    0.836445] pci 0000:00:02.0: PCI INT A -> GSI 16 (level, low) -> IRQ 16
[    0.836517] pci 0000:00:02.0: setting latency timer to 64
[    0.883534] mtrr: type mismatch for c0000000,10000000 old: write-back new: write-combining
[    0.883631] [drm] MTRR allocation failed.  Graphics performance may suffer.
[    0.884045] pci 0000:00:02.0: irq 47 for MSI/MSI-X
[    0.884048] [drm] Supports vblank timestamp caching Rev 1 (10.10.2010).
[    0.884118] [drm] Driver supports precise vblank timestamp query.
[    0.884530] acpi device:41: registered as cooling_device4
[    0.884708] input: Video Bus as /devices/LNXSYSTM:00/LNXSYBUS:00/PNP0A08:00/LNXVIDEO:00/input/input2
[    0.884810] ACPI: Video Device [GFX0] (multi-head: yes  rom: no  post: no)
[    0.884905] [drm] Initialized i915 1.6.0 20080730 for 0000:00:02.0 on minor 0
[    0.885484] loop: module loaded
[    0.885697] ahci 0000:00:1f.2: version 3.0
[    0.885707] ahci 0000:00:1f.2: PCI INT B -> GSI 20 (level, low) -> IRQ 20
[    0.885803] ahci 0000:00:1f.2: irq 48 for MSI/MSI-X
[    0.896017] ahci 0000:00:1f.2: AHCI 0001.0300 32 slots 6 ports 6 Gbps 0x3f impl SATA mode
[    0.896114] ahci 0000:00:1f.2: flags: 64bit ncq sntf pm led clo pio slum part ems apst 
[    0.896213] ahci 0000:00:1f.2: setting latency timer to 64
[    0.906506] scsi0 : ahci
[    0.906653] scsi1 : ahci
[    0.906781] scsi2 : ahci
[    0.906908] scsi3 : ahci
[    0.907043] scsi4 : ahci
[    0.907170] scsi5 : ahci
[    0.907333] ata1: SATA max UDMA/133 abar m2048@0xfad25000 port 0xfad25100 irq 48
[    0.907890] ata2: SATA max UDMA/133 abar m2048@0xfad25000 port 0xfad25180 irq 48
[    0.907997] ata3: SATA max UDMA/133 abar m2048@0xfad25000 port 0xfad25200 irq 48
[    0.908092] ata4: SATA max UDMA/133 abar m2048@0xfad25000 port 0xfad25280 irq 48
[    0.908189] ata5: SATA max UDMA/133 abar m2048@0xfad25000 port 0xfad25300 irq 48
[    0.908284] ata6: SATA max UDMA/133 abar m2048@0xfad25000 port 0xfad25380 irq 48
[    0.908393] ahci 0000:05:00.0: PCI INT A -> GSI 19 (level, low) -> IRQ 19
[    0.908602] ahci 0000:05:00.0: AHCI 0001.0100 32 slots 2 ports 3 Gbps 0x3 impl SATA mode
[    0.908699] ahci 0000:05:00.0: flags: 64bit ncq pm led clo pmp pio slum part 
[    0.908774] ahci 0000:05:00.0: setting latency timer to 64
[    0.909024] scsi6 : ahci
[    0.909164] scsi7 : ahci
[    0.909287] ata7: SATA max UDMA/133 abar m512@0xfab10000 port 0xfab10100 irq 19
[    0.909385] ata8: SATA max UDMA/133 abar m512@0xfab10000 port 0xfab10180 irq 19
[    0.909492] ahci 0000:09:00.0: PCI INT A -> GSI 19 (level, low) -> IRQ 19
[    0.909635] ahci 0000:09:00.0: irq 49 for MSI/MSI-X
[    0.909687] ahci 0000:09:00.0: AHCI 0001.0000 32 slots 2 ports 6 Gbps 0x3 impl SATA mode
[    0.909784] ahci 0000:09:00.0: flags: 64bit ncq sntf led only pmp fbs pio slum part sxs 
[    0.909883] ahci 0000:09:00.0: setting latency timer to 64
[    0.910136] scsi8 : ahci
[    0.910264] scsi9 : ahci
[    0.910380] ata9: SATA max UDMA/133 abar m512@0xfa810000 port 0xfa810100 irq 49
[    0.910477] ata10: SATA max UDMA/133 abar m512@0xfa810000 port 0xfa810180 irq 49
[    0.910676] console [netcon0] enabled
[    0.910743] netconsole: network logging started
[    0.910891] ehci_hcd: USB 2.0 'Enhanced' Host Controller (EHCI) Driver
[    0.910979] ehci_hcd 0000:00:1a.0: PCI INT A -> GSI 23 (level, low) -> IRQ 23
[    0.911060] ehci_hcd 0000:00:1a.0: setting latency timer to 64
[    0.911063] ehci_hcd 0000:00:1a.0: EHCI Host Controller
[    0.911162] ehci_hcd 0000:00:1a.0: new USB bus registered, assigned bus number 1
[    0.911277] ehci_hcd 0000:00:1a.0: debug port 2
[    0.915212] ehci_hcd 0000:00:1a.0: cache line size of 64 is not supported
[    0.915222] ehci_hcd 0000:00:1a.0: irq 23, io mem 0xfad27000
[    0.924967] ehci_hcd 0000:00:1a.0: USB 2.0 started, EHCI 1.00
[    0.925053] usb usb1: New USB device found, idVendor=1d6b, idProduct=0002
[    0.925125] usb usb1: New USB device strings: Mfr=3, Product=2, SerialNumber=1
[    0.925221] usb usb1: Product: EHCI Host Controller
[    0.925289] usb usb1: Manufacturer: Linux 3.0.101 ehci_hcd
[    0.925358] usb usb1: SerialNumber: 0000:00:1a.0
[    0.925498] hub 1-0:1.0: USB hub found
[    0.925567] hub 1-0:1.0: 2 ports detected
[    0.925680] ehci_hcd 0000:00:1d.0: PCI INT A -> GSI 23 (level, low) -> IRQ 23
[    0.925761] ehci_hcd 0000:00:1d.0: setting latency timer to 64
[    0.925763] ehci_hcd 0000:00:1d.0: EHCI Host Controller
[    0.925861] ehci_hcd 0000:00:1d.0: new USB bus registered, assigned bus number 2
[    0.925980] ehci_hcd 0000:00:1d.0: debug port 2
[    0.929937] ehci_hcd 0000:00:1d.0: cache line size of 64 is not supported
[    0.929939] ehci_hcd 0000:00:1d.0: irq 23, io mem 0xfad26000
[    0.938951] ehci_hcd 0000:00:1d.0: USB 2.0 started, EHCI 1.00
[    0.939034] usb usb2: New USB device found, idVendor=1d6b, idProduct=0002
[    0.939106] usb usb2: New USB device strings: Mfr=3, Product=2, SerialNumber=1
[    0.939201] usb usb2: Product: EHCI Host Controller
[    0.939270] usb usb2: Manufacturer: Linux 3.0.101 ehci_hcd
[    0.939339] usb usb2: SerialNumber: 0000:00:1d.0
[    0.939470] hub 2-0:1.0: USB hub found
[    0.939538] hub 2-0:1.0: 2 ports detected
[    0.939662] ohci_hcd: USB 1.1 'Open' Host Controller (OHCI) Driver
[    0.939753] uhci_hcd: USB Universal Host Controller Interface driver
[    0.939873] usbcore: registered new interface driver usblp
[    0.939951] Initializing USB Mass Storage driver...
[    0.940044] usbcore: registered new interface driver usb-storage
[    0.940114] USB Mass Storage support registered.
[    0.940267] i8042: PNP: No PS/2 controller found. Probing ports directly.
[    0.942975] serio: i8042 KBD port at 0x60,0x64 irq 1
[    0.943045] serio: i8042 AUX port at 0x60,0x64 irq 12
[    0.943190] mousedev: PS/2 mouse device common for all mice
[    0.943416] rtc_cmos 00:04: RTC can wake from S4
[    0.943571] rtc_cmos 00:04: rtc core: registered rtc_cmos as rtc0
[    0.943665] rtc0: alarms up to one month, y3k, 114 bytes nvram, hpet irqs
[    0.943765] i801_smbus 0000:00:1f.3: PCI INT C -> GSI 18 (level, low) -> IRQ 18
[    0.944045] device-mapper: ioctl: 4.20.0-ioctl (2011-02-02) initialised: dm-devel@redhat.com
[    0.944411] cpuidle: using governor ladder
[    0.944957] cpuidle: using governor menu
[    0.945024] EFI Variables Facility v0.08 2004-May-17
[    0.945996] usbcore: registered new interface driver usbhid
[    0.946067] usbhid: USB HID core driver
[    0.946146] Netfilter messages via NETLINK v0.30.
[    0.946223] nf_conntrack version 0.5.0 (16384 buckets, 65536 max)
[    0.946441] ctnetlink v0.93: registering with nfnetlink.
[    0.946554] ip_tables: (C) 2000-2006 Netfilter Core Team
[    0.946638] TCP cubic registered
[    0.946703] Initializing XFRM netlink socket
[    0.947071] NET: Registered protocol family 10
[    0.947227] ip6_tables: (C) 2000-2006 Netfilter Core Team
[    0.947310] IPv6 over IPv4 tunneling driver
[    0.947572] NET: Registered protocol family 17
[    0.947648] Registering the dns_resolver key type
[    1.212741] ata2: SATA link up 6.0 Gbps (SStatus 133 SControl 300)
[    1.212847] ata3: SATA link up 3.0 Gbps (SStatus 123 SControl 300)
[    1.212930] ata4: SATA link up 3.0 Gbps (SStatus 123 SControl 300)
[    1.213019] ata6: SATA link up 3.0 Gbps (SStatus 123 SControl 300)
[    1.213106] ata5: SATA link up 3.0 Gbps (SStatus 123 SControl 300)
[    1.213204] ata1: SATA link up 6.0 Gbps (SStatus 133 SControl 300)
[    1.213294] ata3.00: ATA-9: INTEL SSDSC2BA100G3, 5DV10270, max UDMA/133
[    1.213367] ata3.00: 195371568 sectors, multi 1: LBA48 NCQ (depth 31/32)
[    1.213453] ata4.00: ATA-9: INTEL SSDSC2BA100G3, 5DV10270, max UDMA/133
[    1.213530] ata4.00: 195371568 sectors, multi 1: LBA48 NCQ (depth 31/32)
[    1.213605] ata5.00: ATA-9: INTEL SSDSC2BA100G3, 5DV10270, max UDMA/133
[    1.213691] ata5.00: 195371568 sectors, multi 1: LBA48 NCQ (depth 31/32)
[    1.213764] ata2.00: ATA-9: INTEL SSDSC2BA100G3, 5DV10270, max UDMA/133
[    1.213836] ata2.00: 195371568 sectors, multi 1: LBA48 NCQ (depth 31/32)
[    1.213911] ata1.00: ATA-9: INTEL SSDSC2BA100G3, 5DV10270, max UDMA/133
[    1.213944] ata8: SATA link down (SStatus 0 SControl 300)
[    1.214085] ata1.00: 195371568 sectors, multi 1: LBA48 NCQ (depth 31/32)
[    1.214160] ata6.00: ATA-9: INTEL SSDSC2BA100G3, 5DV10270, max UDMA/133
[    1.214189] ata7: SATA link down (SStatus 0 SControl 300)
[    1.214333] ata6.00: 195371568 sectors, multi 1: LBA48 NCQ (depth 31/32)
[    1.214513] ata2.00: configured for UDMA/133
[    1.214600] ata3.00: configured for UDMA/133
[    1.214703] ata1.00: configured for UDMA/133
[    1.214798] ata5.00: configured for UDMA/133
[    1.214880] ata4.00: configured for UDMA/133
[    1.214948] scsi 0:0:0:0: Direct-Access     ATA      INTEL SSDSC2BA10 5DV1 PQ: 0 ANSI: 5
[    1.215111] ata6.00: configured for UDMA/133
[    1.215402] sd 0:0:0:0: [sda] 195371568 512-byte logical blocks: (100 GB/93.1 GiB)
[    1.215514] sd 0:0:0:0: [sda] 4096-byte physical blocks
[    1.215546] sd 0:0:0:0: Attached scsi generic sg0 type 0
[    1.215687] scsi 1:0:0:0: Direct-Access     ATA      INTEL SSDSC2BA10 5DV1 PQ: 0 ANSI: 5
[    1.215869] sd 1:0:0:0: [sdb] 195371568 512-byte logical blocks: (100 GB/93.1 GiB)
[    1.215943] sd 1:0:0:0: Attached scsi generic sg1 type 0
[    1.215972] sd 0:0:0:0: [sda] Write Protect is off
[    1.215973] sd 0:0:0:0: [sda] Mode Sense: 00 3a 00 00
[    1.216032] sd 0:0:0:0: [sda] Write cache: enabled, read cache: enabled, doesn't support DPO or FUA
[    1.216035] scsi 2:0:0:0: Direct-Access     ATA      INTEL SSDSC2BA10 5DV1 PQ: 0 ANSI: 5
[    1.216228] sd 2:0:0:0: [sdc] 195371568 512-byte logical blocks: (100 GB/93.1 GiB)
[    1.216229] sd 2:0:0:0: [sdc] 4096-byte physical blocks
[    1.216272] sd 2:0:0:0: Attached scsi generic sg2 type 0
[    1.216308] sd 2:0:0:0: [sdc] Write Protect is off
[    1.216310] sd 2:0:0:0: [sdc] Mode Sense: 00 3a 00 00
[    1.216345] sd 2:0:0:0: [sdc] Write cache: enabled, read cache: enabled, doesn't support DPO or FUA
[    1.216354] scsi 3:0:0:0: Direct-Access     ATA      INTEL SSDSC2BA10 5DV1 PQ: 0 ANSI: 5
[    1.216397]  sda: sda1
[    1.216924]  sdc: sdc1
[    1.217139] sd 1:0:0:0: [sdb] 4096-byte physical blocks
[    1.217283] sd 3:0:0:0: [sdd] 195371568 512-byte logical blocks: (100 GB/93.1 GiB)
[    1.217320] sd 3:0:0:0: Attached scsi generic sg3 type 0
[    1.217389] scsi 4:0:0:0: Direct-Access     ATA      INTEL SSDSC2BA10 5DV1 PQ: 0 ANSI: 5
[    1.217515] sd 4:0:0:0: [sde] 195371568 512-byte logical blocks: (100 GB/93.1 GiB)
[    1.217516] sd 4:0:0:0: [sde] 4096-byte physical blocks
[    1.217563] sd 4:0:0:0: Attached scsi generic sg4 type 0
[    1.217586] sd 4:0:0:0: [sde] Write Protect is off
[    1.217587] sd 4:0:0:0: [sde] Mode Sense: 00 3a 00 00
[    1.217622] sd 4:0:0:0: [sde] Write cache: enabled, read cache: enabled, doesn't support DPO or FUA
[    1.217637] scsi 5:0:0:0: Direct-Access     ATA      INTEL SSDSC2BA10 5DV1 PQ: 0 ANSI: 5
[    1.217793] sd 5:0:0:0: [sdf] 195371568 512-byte logical blocks: (100 GB/93.1 GiB)
[    1.217795] sd 5:0:0:0: [sdf] 4096-byte physical blocks
[    1.217861] sd 5:0:0:0: Attached scsi generic sg5 type 0
[    1.217875] sd 5:0:0:0: [sdf] Write Protect is off
[    1.217876] sd 5:0:0:0: [sdf] Mode Sense: 00 3a 00 00
[    1.217896] sd 5:0:0:0: [sdf] Write cache: enabled, read cache: enabled, doesn't support DPO or FUA
[    1.217954]  sde: sde1
[    1.218175]  sdf: sdf1
[    1.218856] sd 3:0:0:0: [sdd] 4096-byte physical blocks
[    1.219030] sd 5:0:0:0: [sdf] Attached SCSI disk
[    1.219031] sd 1:0:0:0: [sdb] Write Protect is off
[    1.219033] sd 1:0:0:0: [sdb] Mode Sense: 00 3a 00 00
[    1.219035] sd 2:0:0:0: [sdc] Attached SCSI disk
[    1.219037] sd 0:0:0:0: [sda] Attached SCSI disk
[    1.219041] sd 1:0:0:0: [sdb] Write cache: enabled, read cache: enabled, doesn't support DPO or FUA
[    1.219046] sd 3:0:0:0: [sdd] Write Protect is off
[    1.219047] sd 3:0:0:0: [sdd] Mode Sense: 00 3a 00 00
[    1.219060] sd 4:0:0:0: [sde] Attached SCSI disk
[    1.219087] sd 3:0:0:0: [sdd] Write cache: enabled, read cache: enabled, doesn't support DPO or FUA
[    1.220193]  sdb: sdb1
[    1.220286]  sdd: sdd1
[    1.220437] sd 1:0:0:0: [sdb] Attached SCSI disk
[    1.220601] sd 3:0:0:0: [sdd] Attached SCSI disk
[    1.226716] usb 1-1: new high speed USB device number 2 using ehci_hcd
[    1.340964] usb 1-1: New USB device found, idVendor=8087, idProduct=0024
[    1.341057] usb 1-1: New USB device strings: Mfr=0, Product=0, SerialNumber=0
[    1.341631] hub 1-1:1.0: USB hub found
[    1.341830] hub 1-1:1.0: 6 ports detected
[    1.369594] ata10: SATA link up 3.0 Gbps (SStatus 123 SControl 300)
[    1.369701] ata9: SATA link up 6.0 Gbps (SStatus 133 SControl 300)
[    1.370081] ata10.00: ATA-8: INTEL SSDSA2CW120G3, 4PC10362, max UDMA/133
[    1.370159] ata10.00: 234441648 sectors, multi 1: LBA48 NCQ (depth 31/32)
[    1.370329] ata9.00: ATA-9: INTEL SSDSC2BB080G6, G2010140, max UDMA/133
[    1.370401] ata9.00: 156301488 sectors, multi 1: LBA48 NCQ (depth 31/32)
[    1.370661] ata10.00: configured for UDMA/133
[    1.371097] ata9.00: configured for UDMA/133
[    1.371312] scsi 8:0:0:0: Direct-Access     ATA      INTEL SSDSC2BB08 G201 PQ: 0 ANSI: 5
[    1.371882] sd 8:0:0:0: [sdg] 156301488 512-byte logical blocks: (80.0 GB/74.5 GiB)
[    1.371947] sd 8:0:0:0: Attached scsi generic sg6 type 0
[    1.372050] scsi 9:0:0:0: Direct-Access     ATA      INTEL SSDSA2CW12 4PC1 PQ: 0 ANSI: 5
[    1.372208] sd 8:0:0:0: [sdg] 4096-byte physical blocks
[    1.372291] sd 9:0:0:0: [sdh] 234441648 512-byte logical blocks: (120 GB/111 GiB)
[    1.372343] sd 9:0:0:0: Attached scsi generic sg7 type 0
[    1.372369] sd 9:0:0:0: [sdh] Write Protect is off
[    1.372371] sd 9:0:0:0: [sdh] Mode Sense: 00 3a 00 00
[    1.372391] sd 9:0:0:0: [sdh] Write cache: enabled, read cache: enabled, doesn't support DPO or FUA
[    1.372745]  sdh: sdh1
[    1.372817] sd 8:0:0:0: [sdg] Write Protect is off
[    1.372818] sd 8:0:0:0: [sdg] Mode Sense: 00 3a 00 00
[    1.372846] sd 8:0:0:0: [sdg] Write cache: enabled, read cache: enabled, doesn't support DPO or FUA
[    1.373217] sd 9:0:0:0: [sdh] Attached SCSI disk
[    1.373294]  sdg: sdg1 sdg2 sdg3 sdg4
[    1.373609] sd 8:0:0:0: [sdg] Attached SCSI disk
[    1.373709] md: Waiting for all devices to be available before autodetect
[    1.373781] md: If you don't use raid, use raid=noautodetect
[    1.373934] md: Autodetecting RAID arrays.
[    1.374109] md: invalid raid superblock magic on sda1
[    1.374178] md: sda1 does not have a valid v0.90 superblock, not importing!
[    1.374303] md: invalid raid superblock magic on sdc1
[    1.374371] md: sdc1 does not have a valid v0.90 superblock, not importing!
[    1.374490] md: invalid raid superblock magic on sde1
[    1.374584] md: sde1 does not have a valid v0.90 superblock, not importing!
[    1.374703] md: invalid raid superblock magic on sdf1
[    1.374771] md: sdf1 does not have a valid v0.90 superblock, not importing!
[    1.374946] md: invalid raid superblock magic on sdb1
[    1.375014] md: sdb1 does not have a valid v0.90 superblock, not importing!
[    1.375132] md: invalid raid superblock magic on sdd1
[    1.375201] md: sdd1 does not have a valid v0.90 superblock, not importing!
[    1.375272] md: Scanned 6 and added 0 devices.
[    1.375338] md: autorun ...
[    1.375403] md: ... autorun DONE.
[    1.375612] EXT4-fs (sdg3): couldn't mount as ext2 due to feature incompatibilities
[    1.381233] EXT4-fs (sdg3): mounted filesystem with ordered data mode. Opts: (null)
[    1.381334] VFS: Mounted root (ext4 filesystem) readonly on device 8:99.
[    1.382018] Freeing unused kernel memory: 620k freed
[    1.382134] Write protecting the kernel read-only data: 8192k
[    1.382384] Freeing unused kernel memory: 32k freed
[    1.382740] Freeing unused kernel memory: 132k freed
[    1.435388] kbd_mode used greatest stack depth: 5544 bytes left
[    1.438617] loadkeys used greatest stack depth: 5112 bytes left
[    1.438796] init-early.sh used greatest stack depth: 4712 bytes left
[    1.444466] usb 2-1: new high speed USB device number 2 using ehci_hcd
[    1.558715] usb 2-1: New USB device found, idVendor=8087, idProduct=0024
[    1.558717] usb 2-1: New USB device strings: Mfr=0, Product=0, SerialNumber=0
[    1.559034] hub 2-1:1.0: USB hub found
[    1.559081] hub 2-1:1.0: 8 ports detected
[    1.671911] e1000e: Intel(R) PRO/1000 Network Driver - 1.3.10-k2
[    1.671913] e1000e: Copyright(c) 1999 - 2011 Intel Corporation.
[    1.671942] e1000e 0000:00:19.0: PCI INT A -> GSI 18 (level, low) -> IRQ 18
[    1.671954] e1000e 0000:00:19.0: setting latency timer to 64
[    1.672086] e1000e 0000:00:19.0: irq 50 for MSI/MSI-X
[    1.696564] md: bind<sdc1>
[    1.697231] md: bind<sdb1>
[    1.698078] md: bind<sdd1>
[    1.699101] md: bind<sdf1>
[    1.700309] md: bind<sde1>
[    1.701685] md: bind<sda1>
[    1.703764] md: raid10 personality registered for level 10
[    1.703857] bio: create slab <bio-1> at 1
[    1.703891] md/raid10:md127: active with 6 out of 6 devices
[    1.703908] md127: detected capacity change from 0 to 299885395968
[    1.704196]  md127: unknown partition table
[    1.810167] Refined TSC clocksource calibration: 3300.022 MHz.
[    1.810173] Switching to clocksource tsc
[    1.833214] usb 2-1.7: new full speed USB device number 3 using ehci_hcd
[    1.918809] usb 2-1.7: New USB device found, idVendor=0cf3, idProduct=3000
[    1.918814] usb 2-1.7: New USB device strings: Mfr=0, Product=0, SerialNumber=0
[    1.981744] e1000e 0000:00:19.0: eth0: (PCI Express:2.5GT/s:Width x1) 14:da:e9:0f:78:84
[    1.981746] e1000e 0000:00:19.0: eth0: Intel(R) PRO/1000 Network Connection
[    1.981779] e1000e 0000:00:19.0: eth0: MAC: 10, PHY: 11, PBA No: FFFFFF-0FF
[    2.287896] EXT4-fs (sdg3): re-mounted. Opts: (null)
[    2.323047] Adding 1020k swap on /dev/sdg2.  Priority:-1 extents:1 across:1020k SS
[    2.516002] ip used greatest stack depth: 4472 bytes left
[    2.853656] e1000e 0000:00:19.0: irq 50 for MSI/MSI-X
[    2.904148] e1000e 0000:00:19.0: irq 50 for MSI/MSI-X
[    2.904562] ADDRCONF(NETDEV_UP): eno1: link is not ready
[    5.759220] e1000e: eno1 NIC Link is Up 1000 Mbps Full Duplex, Flow Control: Rx/Tx
[    5.759599] ADDRCONF(NETDEV_CHANGE): eno1: link becomes ready
[   83.223305] EXT4-fs (md127): barriers disabled
[   83.228426] EXT4-fs (md127): mounted filesystem with ordered data mode. Opts: nobarrier
