[    0.000000] Linux version 3.7.10 (root@bench) (gcc version 4.7.3 (Gentoo 4.7.3-r1 p1.4, pie-0.5.5) ) #1 SMP Sat May 7 00:33:10 CEST 2016
[    0.000000] Command line: BOOT_IMAGE=/kernel-3.7.10 root=/dev/sdg3 ro
[    0.000000] e820: BIOS-provided physical RAM map:
[    0.000000] BIOS-e820: [mem 0x0000000000000000-0x000000000009b3ff] usable
[    0.000000] BIOS-e820: [mem 0x000000000009b400-0x000000000009ffff] reserved
[    0.000000] BIOS-e820: [mem 0x00000000000e0000-0x00000000000fffff] reserved
[    0.000000] BIOS-e820: [mem 0x0000000000100000-0x000000001fffffff] usable
[    0.000000] BIOS-e820: [mem 0x0000000020000000-0x00000000201fffff] reserved
[    0.000000] BIOS-e820: [mem 0x0000000020200000-0x000000003fffffff] usable
[    0.000000] BIOS-e820: [mem 0x0000000040000000-0x00000000401fffff] reserved
[    0.000000] BIOS-e820: [mem 0x0000000040200000-0x00000000b677dfff] usable
[    0.000000] BIOS-e820: [mem 0x00000000b677e000-0x00000000b67d4fff] ACPI NVS
[    0.000000] BIOS-e820: [mem 0x00000000b67d5000-0x00000000b6b5bfff] reserved
[    0.000000] BIOS-e820: [mem 0x00000000b6b5c000-0x00000000b6b5efff] ACPI NVS
[    0.000000] BIOS-e820: [mem 0x00000000b6b5f000-0x00000000b6da4fff] reserved
[    0.000000] BIOS-e820: [mem 0x00000000b6da5000-0x00000000b6db5fff] ACPI NVS
[    0.000000] BIOS-e820: [mem 0x00000000b6db6000-0x00000000b6dccfff] reserved
[    0.000000] BIOS-e820: [mem 0x00000000b6dcd000-0x00000000b6dcefff] usable
[    0.000000] BIOS-e820: [mem 0x00000000b6dcf000-0x00000000b6dd6fff] reserved
[    0.000000] BIOS-e820: [mem 0x00000000b6dd7000-0x00000000b6de1fff] ACPI NVS
[    0.000000] BIOS-e820: [mem 0x00000000b6de2000-0x00000000b6e3dfff] reserved
[    0.000000] BIOS-e820: [mem 0x00000000b6e3e000-0x00000000b6e80fff] ACPI NVS
[    0.000000] BIOS-e820: [mem 0x00000000b6e81000-0x00000000b6ffffff] usable
[    0.000000] BIOS-e820: [mem 0x00000000b7800000-0x00000000bf9fffff] reserved
[    0.000000] BIOS-e820: [mem 0x00000000fed1c000-0x00000000fed1ffff] reserved
[    0.000000] BIOS-e820: [mem 0x00000000ff000000-0x00000000ffffffff] reserved
[    0.000000] BIOS-e820: [mem 0x0000000100000000-0x000000023fdfffff] usable
[    0.000000] NX (Execute Disable) protection: active
[    0.000000] SMBIOS 2.6 present.
[    0.000000] DMI: System manufacturer System Product Name/P8Z68-V PRO, BIOS 0501 05/09/2011
[    0.000000] e820: update [mem 0x00000000-0x0000ffff] usable ==> reserved
[    0.000000] e820: remove [mem 0x000a0000-0x000fffff] usable
[    0.000000] No AGP bridge found
[    0.000000] e820: last_pfn = 0x23fe00 max_arch_pfn = 0x400000000
[    0.000000] MTRR default type: uncachable
[    0.000000] MTRR fixed ranges enabled:
[    0.000000]   00000-9FFFF write-back
[    0.000000]   A0000-BFFFF uncachable
[    0.000000]   C0000-D3FFF write-protect
[    0.000000]   D4000-E7FFF uncachable
[    0.000000]   E8000-FFFFF write-protect
[    0.000000] MTRR variable ranges enabled:
[    0.000000]   0 base 000000000 mask E00000000 write-back
[    0.000000]   1 base 200000000 mask FC0000000 write-back
[    0.000000]   2 base 0B7800000 mask FFF800000 uncachable
[    0.000000]   3 base 0B8000000 mask FF8000000 uncachable
[    0.000000]   4 base 0C0000000 mask FC0000000 uncachable
[    0.000000]   5 base 23FE00000 mask FFFE00000 uncachable
[    0.000000]   6 disabled
[    0.000000]   7 disabled
[    0.000000]   8 disabled
[    0.000000]   9 disabled
[    0.000000] x86 PAT enabled: cpu 0, old 0x7040600070406, new 0x7010600070106
[    0.000000] e820: update [mem 0xb7800000-0xffffffff] usable ==> reserved
[    0.000000] e820: last_pfn = 0xb7000 max_arch_pfn = 0x400000000
[    0.000000] found SMP MP-table at [mem 0x000fcee0-0x000fceef] mapped at [ffff8800000fcee0]
[    0.000000] initial memory mapped: [mem 0x00000000-0x1fffffff]
[    0.000000] Base memory trampoline at [ffff880000095000] 95000 size 24576
[    0.000000] reserving inaccessible SNB gfx pages
[    0.000000] init_memory_mapping: [mem 0x00000000-0xb6ffffff]
[    0.000000]  [mem 0x00000000-0xb6ffffff] page 2M
[    0.000000] kernel direct mapping tables up to 0xb6ffffff @ [mem 0x1fffc000-0x1fffffff]
[    0.000000] init_memory_mapping: [mem 0x100000000-0x23fdfffff]
[    0.000000]  [mem 0x100000000-0x23fdfffff] page 2M
[    0.000000] kernel direct mapping tables up to 0x23fdfffff @ [mem 0xb6ffa000-0xb6ffffff]
[    0.000000] ACPI: RSDP 00000000000f0420 00024 (v02 ALASKA)
[    0.000000] ACPI: XSDT 00000000b67ca068 0004C (v01 ALASKA    A M I 01072009 AMI  00010013)
[    0.000000] ACPI: FACP 00000000b67d42d8 000F4 (v04 ALASKA    A M I 01072009 AMI  00010013)
[    0.000000] ACPI: DSDT 00000000b67ca140 0A198 (v02 ALASKA    A M I 00000000 INTL 20051117)
[    0.000000] ACPI: FACS 00000000b6dd9f80 00040
[    0.000000] ACPI: APIC 00000000b67d43d0 00072 (v03 ALASKA    A M I 01072009 AMI  00010013)
[    0.000000] ACPI: SSDT 00000000b67d4448 00102 (v01 AMICPU     PROC 00000001 MSFT 03000001)
[    0.000000] ACPI: MCFG 00000000b67d4550 0003C (v01 ALASKA    A M I 01072009 MSFT 00000097)
[    0.000000] ACPI: HPET 00000000b67d4590 00038 (v01 ALASKA    A M I 01072009 AMI. 00000004)
[    0.000000] ACPI: Local APIC address 0xfee00000
[    0.000000] No NUMA configuration found
[    0.000000] Faking a node at [mem 0x0000000000000000-0x000000023fdfffff]
[    0.000000] Initmem setup node 0 [mem 0x00000000-0x23fdfffff]
[    0.000000]   NODE_DATA [mem 0x23fdfc000-0x23fdfffff]
[    0.000000]  [ffffea0000000000-ffffea0008ffffff] PMD -> [ffff880237600000-ffff88023f3fffff] on node 0
[    0.000000] Zone ranges:
[    0.000000]   DMA      [mem 0x00010000-0x00ffffff]
[    0.000000]   DMA32    [mem 0x01000000-0xffffffff]
[    0.000000]   Normal   [mem 0x100000000-0x23fdfffff]
[    0.000000] Movable zone start for each node
[    0.000000] Early memory node ranges
[    0.000000]   node   0: [mem 0x00010000-0x0009afff]
[    0.000000]   node   0: [mem 0x00100000-0x1fffffff]
[    0.000000]   node   0: [mem 0x20200000-0x3fffffff]
[    0.000000]   node   0: [mem 0x40200000-0xb677dfff]
[    0.000000]   node   0: [mem 0xb6dcd000-0xb6dcefff]
[    0.000000]   node   0: [mem 0xb6e81000-0xb6ffffff]
[    0.000000]   node   0: [mem 0x100000000-0x23fdfffff]
[    0.000000] On node 0 totalpages: 2056842
[    0.000000]   DMA zone: 64 pages used for memmap
[    0.000000]   DMA zone: 139 pages reserved
[    0.000000]   DMA zone: 3776 pages, LIFO batch:0
[    0.000000]   DMA32 zone: 16320 pages used for memmap
[    0.000000]   DMA32 zone: 726335 pages, LIFO batch:31
[    0.000000]   Normal zone: 20472 pages used for memmap
[    0.000000]   Normal zone: 1289736 pages, LIFO batch:31
[    0.000000] ACPI: PM-Timer IO Port: 0x408
[    0.000000] ACPI: Local APIC address 0xfee00000
[    0.000000] ACPI: LAPIC (acpi_id[0x01] lapic_id[0x00] enabled)
[    0.000000] ACPI: LAPIC (acpi_id[0x02] lapic_id[0x02] enabled)
[    0.000000] ACPI: LAPIC (acpi_id[0x03] lapic_id[0x04] enabled)
[    0.000000] ACPI: LAPIC (acpi_id[0x04] lapic_id[0x06] enabled)
[    0.000000] ACPI: LAPIC_NMI (acpi_id[0xff] high edge lint[0x1])
[    0.000000] ACPI: IOAPIC (id[0x00] address[0xfec00000] gsi_base[0])
[    0.000000] IOAPIC[0]: apic_id 0, version 32, address 0xfec00000, GSI 0-23
[    0.000000] ACPI: INT_SRC_OVR (bus 0 bus_irq 0 global_irq 2 dfl dfl)
[    0.000000] ACPI: INT_SRC_OVR (bus 0 bus_irq 9 global_irq 9 high level)
[    0.000000] ACPI: IRQ0 used by override.
[    0.000000] ACPI: IRQ2 used by override.
[    0.000000] ACPI: IRQ9 used by override.
[    0.000000] Using ACPI (MADT) for SMP configuration information
[    0.000000] ACPI: HPET id: 0x8086a701 base: 0xfed00000
[    0.000000] smpboot: Allowing 4 CPUs, 0 hotplug CPUs
[    0.000000] nr_irqs_gsi: 40
[    0.000000] e820: [mem 0xbfa00000-0xfed1bfff] available for PCI devices
[    0.000000] setup_percpu: NR_CPUS:64 nr_cpumask_bits:64 nr_cpu_ids:4 nr_node_ids:1
[    0.000000] PERCPU: Embedded 27 pages/cpu @ffff88023fa00000 s78400 r8192 d24000 u524288
[    0.000000] pcpu-alloc: s78400 r8192 d24000 u524288 alloc=1*2097152
[    0.000000] pcpu-alloc: [0] 0 1 2 3 
[    0.000000] Built 1 zonelists in Zone order, mobility grouping on.  Total pages: 2019847
[    0.000000] Policy zone: Normal
[    0.000000] Kernel command line: BOOT_IMAGE=/kernel-3.7.10 root=/dev/sdg3 ro
[    0.000000] PID hash table entries: 4096 (order: 3, 32768 bytes)
[    0.000000] __ex_table already sorted, skipping sort
[    0.000000] xsave: enabled xstate_bv 0x7, cntxt size 0x340
[    0.000000] Checking aperture...
[    0.000000] No AGP bridge found
[    0.000000] Memory: 8016596k/9435136k available (6550k kernel code, 1207768k absent, 210772k reserved, 6394k data, 604k init)
[    0.000000] SLUB: Genslabs=15, HWalign=64, Order=0-3, MinObjects=0, CPUs=4, Nodes=1
[    0.000000] Hierarchical RCU implementation.
[    0.000000] 	RCU restricting CPUs from NR_CPUS=64 to nr_cpu_ids=4.
[    0.000000] NR_IRQS:4352 nr_irqs:712 16
[    0.000000] Extended CMOS year: 2000
[    0.000000] Console: colour VGA+ 80x25
[    0.000000] console [tty0] enabled
[    0.000000] hpet clockevent registered
[    0.000000] tsc: Fast TSC calibration using PIT
[    0.001000] tsc: Detected 3300.113 MHz processor
[    0.000001] Calibrating delay loop (skipped), value calculated using timer frequency.. 6600.22 BogoMIPS (lpj=3300113)
[    0.000140] pid_max: default: 32768 minimum: 301
[    0.000220] Security Framework initialized
[    0.000596] Dentry cache hash table entries: 1048576 (order: 11, 8388608 bytes)
[    0.001895] Inode-cache hash table entries: 524288 (order: 10, 4194304 bytes)
[    0.002473] Mount-cache hash table entries: 256
[    0.002655] CPU: Physical Processor ID: 0
[    0.002734] CPU: Processor Core ID: 0
[    0.002802] ENERGY_PERF_BIAS: Set to 'normal', was 'performance'
               ENERGY_PERF_BIAS: View and update with x86_energy_perf_policy(8)
[    0.002906] mce: CPU supports 9 MCE banks
[    0.002982] CPU0: Thermal monitoring enabled (TM1)
[    0.003054] process: using mwait in idle threads
[    0.003123] Last level iTLB entries: 4KB 512, 2MB 0, 4MB 0
               Last level dTLB entries: 4KB 512, 2MB 32, 4MB 32
               tlb_flushall_shift: 5
[    0.003352] Freeing SMP alternatives: 24k freed
[    0.003425] ACPI: Core revision 20120913
[    0.109079] ..TIMER: vector=0x30 apic1=0 pin1=2 apic2=-1 pin2=-1
[    0.119141] smpboot: CPU0: Intel(R) Core(TM) i5-2500K CPU @ 3.30GHz (fam: 06, model: 2a, stepping: 07)
[    0.220449] Performance Events: PEBS fmt1+, 16-deep LBR, SandyBridge events, Intel PMU driver.
[    0.220696] perf_event_intel: PEBS disabled due to CPU errata, please upgrade microcode
[    0.220793] ... version:                3
[    0.220859] ... bit width:              48
[    0.220926] ... generic registers:      8
[    0.220993] ... value mask:             0000ffffffffffff
[    0.221061] ... max period:             000000007fffffff
[    0.221129] ... fixed-purpose events:   3
[    0.221196] ... event mask:             00000007000000ff
[    0.221379] smpboot: Booting Node   0, Processors  #1 #2 #3 OK
[    0.261287] Brought up 4 CPUs
[    0.261355] smpboot: Total of 4 processors activated (26400.90 BogoMIPS)
[    0.263521] devtmpfs: initialized
[    0.263725] NET: Registered protocol family 16
[    0.263844] kworker/u:0 (26) used greatest stack depth: 6760 bytes left
[    0.263918] kworker/u:0 (27) used greatest stack depth: 5896 bytes left
[    0.264112] ACPI: bus type pci registered
[    0.264222] PCI: MMCONFIG for domain 0000 [bus 00-3f] at [mem 0xe0000000-0xe3ffffff] (base 0xe0000000)
[    0.264320] PCI: not using MMCONFIG
[    0.264386] PCI: Using configuration type 1 for base access
[    0.267482] bio: create slab <bio-0> at 0
[    0.267614] ACPI: Added _OSI(Module Device)
[    0.267684] ACPI: Added _OSI(Processor Device)
[    0.267751] ACPI: Added _OSI(3.0 _SCP Extensions)
[    0.267819] ACPI: Added _OSI(Processor Aggregator Device)
[    0.268626] ACPI: EC: Look up EC in DSDT
[    0.269329] ACPI: Executed 1 blocks of module-level executable AML code
[    0.271096] ACPI: SSDT 00000000b6dd8918 003E0 (v01    AMI      IST 00000001 MSFT 03000001)
[    0.271478] ACPI: Dynamic OEM Table Load:
[    0.271618] ACPI: SSDT           (null) 003E0 (v01    AMI      IST 00000001 MSFT 03000001)
[    0.271805] ACPI: SSDT 00000000b6dd7d98 000E4 (v01    AMI      CST 00000001 MSFT 03000001)
[    0.272158] ACPI: Dynamic OEM Table Load:
[    0.272299] ACPI: SSDT           (null) 000E4 (v01    AMI      CST 00000001 MSFT 03000001)
[    0.272747] ACPI: Interpreter enabled
[    0.272813] ACPI: (supports S0 S5)
[    0.272956] ACPI: Using IOAPIC for interrupt routing
[    0.273037] PCI: MMCONFIG for domain 0000 [bus 00-3f] at [mem 0xe0000000-0xe3ffffff] (base 0xe0000000)
[    0.273167] PCI: MMCONFIG at [mem 0xe0000000-0xe3ffffff] reserved in ACPI motherboard resources
[    0.278988] [Firmware Bug]: ACPI: BIOS _OSI(Linux) query ignored
[    0.282926] ACPI: EC: GPE = 0x18, I/O: command/status = 0x66, data = 0x62
[    0.283105] ACPI: No dock devices found.
[    0.283174] PCI: Using host bridge windows from ACPI; if necessary, use "pci=nocrs" and report a bug
[    0.283379] ACPI: PCI Root Bridge [PCI0] (domain 0000 [bus 00-ff])
[    0.283557] pci_root PNP0A08:00: ignoring host bridge window [mem 0x000c8000-0x000dffff] (conflicts with Video ROM [mem 0x000c0000-0x000cdbff])
[    0.283663] pci_root PNP0A08:00: [Firmware Info]: MMCONFIG for domain 0000 [bus 00-3f] only partially covers this bridge
[    0.283782] PCI host bridge to bus 0000:00
[    0.283849] pci_bus 0000:00: root bus resource [bus 00-ff]
[    0.283918] pci_bus 0000:00: root bus resource [io  0x0000-0x0cf7]
[    0.283988] pci_bus 0000:00: root bus resource [io  0x0d00-0xffff]
[    0.284058] pci_bus 0000:00: root bus resource [mem 0x000a0000-0x000bffff]
[    0.284130] pci_bus 0000:00: root bus resource [mem 0xbfa00000-0xffffffff]
[    0.284206] pci 0000:00:00.0: [8086:0100] type 00 class 0x060000
[    0.284233] pci 0000:00:01.0: [8086:0101] type 01 class 0x060400
[    0.284255] pci 0000:00:01.0: PME# supported from D0 D3hot D3cold
[    0.284271] pci 0000:00:02.0: [8086:0112] type 00 class 0x030000
[    0.284279] pci 0000:00:02.0: reg 10: [mem 0xfa400000-0xfa7fffff 64bit]
[    0.284283] pci 0000:00:02.0: reg 18: [mem 0xc0000000-0xcfffffff 64bit pref]
[    0.284286] pci 0000:00:02.0: reg 20: [io  0xf000-0xf03f]
[    0.284329] pci 0000:00:16.0: [8086:1c3a] type 00 class 0x078000
[    0.284350] pci 0000:00:16.0: reg 10: [mem 0xfad29000-0xfad2900f 64bit]
[    0.284419] pci 0000:00:16.0: PME# supported from D0 D3hot D3cold
[    0.284447] pci 0000:00:19.0: [8086:1503] type 00 class 0x020000
[    0.284463] pci 0000:00:19.0: reg 10: [mem 0xfad00000-0xfad1ffff]
[    0.284471] pci 0000:00:19.0: reg 14: [mem 0xfad28000-0xfad28fff]
[    0.284479] pci 0000:00:19.0: reg 18: [io  0xf080-0xf09f]
[    0.284537] pci 0000:00:19.0: PME# supported from D0 D3hot D3cold
[    0.284560] pci 0000:00:1a.0: [8086:1c2d] type 00 class 0x0c0320
[    0.284579] pci 0000:00:1a.0: reg 10: [mem 0xfad27000-0xfad273ff]
[    0.284665] pci 0000:00:1a.0: PME# supported from D0 D3hot D3cold
[    0.284689] pci 0000:00:1b.0: [8086:1c20] type 00 class 0x040300
[    0.284702] pci 0000:00:1b.0: reg 10: [mem 0xfad20000-0xfad23fff 64bit]
[    0.284764] pci 0000:00:1b.0: PME# supported from D0 D3hot D3cold
[    0.284784] pci 0000:00:1c.0: [8086:1c10] type 01 class 0x060400
[    0.284856] pci 0000:00:1c.0: PME# supported from D0 D3hot D3cold
[    0.284879] pci 0000:00:1c.1: [8086:1c12] type 01 class 0x060400
[    0.284953] pci 0000:00:1c.1: PME# supported from D0 D3hot D3cold
[    0.284975] pci 0000:00:1c.2: [8086:1c14] type 01 class 0x060400
[    0.285048] pci 0000:00:1c.2: PME# supported from D0 D3hot D3cold
[    0.285070] pci 0000:00:1c.3: [8086:1c16] type 01 class 0x060400
[    0.285142] pci 0000:00:1c.3: PME# supported from D0 D3hot D3cold
[    0.285165] pci 0000:00:1c.4: [8086:1c18] type 01 class 0x060400
[    0.285237] pci 0000:00:1c.4: PME# supported from D0 D3hot D3cold
[    0.285261] pci 0000:00:1c.6: [8086:244e] type 01 class 0x060401
[    0.285333] pci 0000:00:1c.6: PME# supported from D0 D3hot D3cold
[    0.285356] pci 0000:00:1c.7: [8086:1c1e] type 01 class 0x060400
[    0.285428] pci 0000:00:1c.7: PME# supported from D0 D3hot D3cold
[    0.285455] pci 0000:00:1d.0: [8086:1c26] type 00 class 0x0c0320
[    0.285474] pci 0000:00:1d.0: reg 10: [mem 0xfad26000-0xfad263ff]
[    0.285559] pci 0000:00:1d.0: PME# supported from D0 D3hot D3cold
[    0.285581] pci 0000:00:1f.0: [8086:1c44] type 00 class 0x060100
[    0.285698] pci 0000:00:1f.2: [8086:1c02] type 00 class 0x010601
[    0.285715] pci 0000:00:1f.2: reg 10: [io  0xf0d0-0xf0d7]
[    0.285722] pci 0000:00:1f.2: reg 14: [io  0xf0c0-0xf0c3]
[    0.285729] pci 0000:00:1f.2: reg 18: [io  0xf0b0-0xf0b7]
[    0.285736] pci 0000:00:1f.2: reg 1c: [io  0xf0a0-0xf0a3]
[    0.285743] pci 0000:00:1f.2: reg 20: [io  0xf060-0xf07f]
[    0.285750] pci 0000:00:1f.2: reg 24: [mem 0xfad25000-0xfad257ff]
[    0.285791] pci 0000:00:1f.2: PME# supported from D3hot
[    0.285806] pci 0000:00:1f.3: [8086:1c22] type 00 class 0x0c0500
[    0.285820] pci 0000:00:1f.3: reg 10: [mem 0xfad24000-0xfad240ff 64bit]
[    0.285839] pci 0000:00:1f.3: reg 20: [io  0xf040-0xf05f]
[    0.285887] pci 0000:01:00.0: [10de:1245] type 00 class 0x030000
[    0.285895] pci 0000:01:00.0: reg 10: [mem 0xf8000000-0xf9ffffff]
[    0.285903] pci 0000:01:00.0: reg 14: [mem 0xd0000000-0xd7ffffff 64bit pref]
[    0.285912] pci 0000:01:00.0: reg 1c: [mem 0xd8000000-0xdbffffff 64bit pref]
[    0.285918] pci 0000:01:00.0: reg 24: [io  0xe000-0xe07f]
[    0.285924] pci 0000:01:00.0: reg 30: [mem 0xfa000000-0xfa07ffff pref]
[    0.285971] pci 0000:01:00.1: [10de:0bee] type 00 class 0x040300
[    0.285979] pci 0000:01:00.1: reg 10: [mem 0xfa080000-0xfa083fff]
[    0.287616] pci 0000:00:01.0: PCI bridge to [bus 01]
[    0.287685] pci 0000:00:01.0:   bridge window [io  0xe000-0xefff]
[    0.287687] pci 0000:00:01.0:   bridge window [mem 0xf8000000-0xfa0fffff]
[    0.287689] pci 0000:00:01.0:   bridge window [mem 0xd0000000-0xdbffffff 64bit pref]
[    0.287730] pci 0000:00:1c.0: PCI bridge to [bus 02]
[    0.288331] pci 0000:03:00.0: [1b21:1042] type 00 class 0x0c0330
[    0.288359] pci 0000:03:00.0: reg 10: [mem 0xfac00000-0xfac07fff 64bit]
[    0.288502] pci 0000:03:00.0: PME# supported from D3hot D3cold
[    0.290615] pci 0000:00:1c.1: PCI bridge to [bus 03]
[    0.290687] pci 0000:00:1c.1:   bridge window [mem 0xfac00000-0xfacfffff]
[    0.290733] pci 0000:00:1c.2: PCI bridge to [bus 04]
[    0.290868] pci 0000:05:00.0: [197b:2362] type 00 class 0x010185
[    0.290901] pci 0000:05:00.0: reg 10: [io  0xd040-0xd047]
[    0.290917] pci 0000:05:00.0: reg 14: [io  0xd030-0xd033]
[    0.290932] pci 0000:05:00.0: reg 18: [io  0xd020-0xd027]
[    0.290948] pci 0000:05:00.0: reg 1c: [io  0xd010-0xd013]
[    0.290964] pci 0000:05:00.0: reg 20: [io  0xd000-0xd00f]
[    0.290979] pci 0000:05:00.0: reg 24: [mem 0xfab10000-0xfab101ff]
[    0.290995] pci 0000:05:00.0: reg 30: [mem 0x00000000-0x0000ffff pref]
[    0.291055] pci 0000:05:00.0: PME# supported from D3hot
[    0.292614] pci 0000:00:1c.3: PCI bridge to [bus 05]
[    0.292684] pci 0000:00:1c.3:   bridge window [io  0xd000-0xdfff]
[    0.292688] pci 0000:00:1c.3:   bridge window [mem 0xfab00000-0xfabfffff]
[    0.292758] pci 0000:06:00.0: [1b21:1042] type 00 class 0x0c0330
[    0.292786] pci 0000:06:00.0: reg 10: [mem 0xfaa00000-0xfaa07fff 64bit]
[    0.292929] pci 0000:06:00.0: PME# supported from D3hot D3cold
[    0.294610] pci 0000:00:1c.4: PCI bridge to [bus 06]
[    0.294682] pci 0000:00:1c.4:   bridge window [mem 0xfaa00000-0xfaafffff]
[    0.294742] pci 0000:07:00.0: [1b21:1080] type 01 class 0x060401
[    0.294856] pci 0000:00:1c.6: PCI bridge to [bus 07-08] (subtractive decode)
[    0.294929] pci 0000:00:1c.6:   bridge window [io  0xc000-0xcfff]
[    0.294933] pci 0000:00:1c.6:   bridge window [mem 0xfa900000-0xfa9fffff]
[    0.294938] pci 0000:00:1c.6:   bridge window [io  0x0000-0x0cf7] (subtractive decode)
[    0.294940] pci 0000:00:1c.6:   bridge window [io  0x0d00-0xffff] (subtractive decode)
[    0.294941] pci 0000:00:1c.6:   bridge window [mem 0x000a0000-0x000bffff] (subtractive decode)
[    0.294942] pci 0000:00:1c.6:   bridge window [mem 0xbfa00000-0xffffffff] (subtractive decode)
[    0.295003] pci 0000:08:02.0: [1106:3044] type 00 class 0x0c0010
[    0.295033] pci 0000:08:02.0: reg 10: [mem 0xfa900000-0xfa9007ff]
[    0.295051] pci 0000:08:02.0: reg 14: [io  0xc000-0xc07f]
[    0.295180] pci 0000:08:02.0: supports D2
[    0.295181] pci 0000:08:02.0: PME# supported from D2 D3hot D3cold
[    0.295260] pci 0000:07:00.0: PCI bridge to [bus 08] (subtractive decode)
[    0.295339] pci 0000:07:00.0:   bridge window [io  0xc000-0xcfff]
[    0.295344] pci 0000:07:00.0:   bridge window [mem 0xfa900000-0xfa9fffff]
[    0.295354] pci 0000:07:00.0:   bridge window [io  0xc000-0xcfff] (subtractive decode)
[    0.295355] pci 0000:07:00.0:   bridge window [mem 0xfa900000-0xfa9fffff] (subtractive decode)
[    0.295356] pci 0000:07:00.0:   bridge window [??? 0x00000000 flags 0x0] (subtractive decode)
[    0.295357] pci 0000:07:00.0:   bridge window [??? 0x00000000 flags 0x0] (subtractive decode)
[    0.295359] pci 0000:07:00.0:   bridge window [io  0x0000-0x0cf7] (subtractive decode)
[    0.295360] pci 0000:07:00.0:   bridge window [io  0x0d00-0xffff] (subtractive decode)
[    0.295361] pci 0000:07:00.0:   bridge window [mem 0x000a0000-0x000bffff] (subtractive decode)
[    0.295362] pci 0000:07:00.0:   bridge window [mem 0xbfa00000-0xffffffff] (subtractive decode)
[    0.295431] pci 0000:09:00.0: [1b4b:9172] type 00 class 0x010601
[    0.295447] pci 0000:09:00.0: reg 10: [io  0xb040-0xb047]
[    0.295460] pci 0000:09:00.0: reg 14: [io  0xb030-0xb033]
[    0.295472] pci 0000:09:00.0: reg 18: [io  0xb020-0xb027]
[    0.295484] pci 0000:09:00.0: reg 1c: [io  0xb010-0xb013]
[    0.295496] pci 0000:09:00.0: reg 20: [io  0xb000-0xb00f]
[    0.295509] pci 0000:09:00.0: reg 24: [mem 0xfa810000-0xfa8101ff]
[    0.295521] pci 0000:09:00.0: reg 30: [mem 0xfa800000-0xfa80ffff pref]
[    0.295577] pci 0000:09:00.0: PME# supported from D3hot
[    0.297606] pci 0000:00:1c.7: PCI bridge to [bus 09]
[    0.297676] pci 0000:00:1c.7:   bridge window [io  0xb000-0xbfff]
[    0.297679] pci 0000:00:1c.7:   bridge window [mem 0xfa800000-0xfa8fffff]
[    0.297715] ACPI: PCI Interrupt Routing Table [\_SB_.PCI0._PRT]
[    0.297766] ACPI: PCI Interrupt Routing Table [\_SB_.PCI0.P0P1._PRT]
[    0.297782] ACPI: PCI Interrupt Routing Table [\_SB_.PCI0.PEX0._PRT]
[    0.297796] ACPI: PCI Interrupt Routing Table [\_SB_.PCI0.PEX1._PRT]
[    0.297810] ACPI: PCI Interrupt Routing Table [\_SB_.PCI0.PEX2._PRT]
[    0.297823] ACPI: PCI Interrupt Routing Table [\_SB_.PCI0.PEX3._PRT]
[    0.297847] ACPI: PCI Interrupt Routing Table [\_SB_.PCI0.PEX4._PRT]
[    0.297861] ACPI: PCI Interrupt Routing Table [\_SB_.PCI0.PEX6._PRT]
[    0.297877] ACPI: PCI Interrupt Routing Table [\_SB_.PCI0.PEX6.BR24._PRT]
[    0.297903] ACPI: PCI Interrupt Routing Table [\_SB_.PCI0.PEX7._PRT]
[    0.297971]  pci0000:00: Requesting ACPI _OSC control (0x1d)
[    0.298155]  pci0000:00: ACPI _OSC control (0x1c) granted
[    0.301006] ACPI: PCI Interrupt Link [LNKA] (IRQs 3 4 5 6 7 10 *11 12 14 15)
[    0.301546] ACPI: PCI Interrupt Link [LNKB] (IRQs 3 4 5 6 7 *10 11 12 14 15)
[    0.302086] ACPI: PCI Interrupt Link [LNKC] (IRQs *3 4 5 6 10 11 12 14 15)
[    0.302587] ACPI: PCI Interrupt Link [LNKD] (IRQs 3 4 5 6 10 *11 12 14 15)
[    0.303089] ACPI: PCI Interrupt Link [LNKE] (IRQs 3 4 6 7 *10 11 12 14 15)
[    0.303591] ACPI: PCI Interrupt Link [LNKF] (IRQs 3 4 *5 6 7 10 11 12 14 15)
[    0.304128] ACPI: PCI Interrupt Link [LNKG] (IRQs 3 *4 5 6 7 10 11 12 14 15)
[    0.304666] ACPI: PCI Interrupt Link [LNKH] (IRQs 3 4 5 6 *7 10 11 12 14 15)
[    0.305254] vgaarb: device added: PCI:0000:00:02.0,decodes=io+mem,owns=io+mem,locks=none
[    0.305353] vgaarb: device added: PCI:0000:01:00.0,decodes=io+mem,owns=none,locks=none
[    0.305449] vgaarb: loaded
[    0.305513] vgaarb: bridge control possible 0000:01:00.0
[    0.305582] vgaarb: no bridge control possible 0000:00:02.0
[    0.305716] SCSI subsystem initialized
[    0.305783] ACPI: bus type scsi registered
[    0.305892] libata version 3.00 loaded.
[    0.305908] ACPI: bus type usb registered
[    0.306003] usbcore: registered new interface driver usbfs
[    0.306085] usbcore: registered new interface driver hub
[    0.306171] usbcore: registered new device driver usb
[    0.306318] PCI: Using ACPI for IRQ routing
[    0.307695] PCI: pci_cache_line_size set to 64 bytes
[    0.307767] e820: reserve RAM buffer [mem 0x0009b400-0x0009ffff]
[    0.307769] e820: reserve RAM buffer [mem 0xb677e000-0xb7ffffff]
[    0.307770] e820: reserve RAM buffer [mem 0xb6dcf000-0xb7ffffff]
[    0.307771] e820: reserve RAM buffer [mem 0xb7000000-0xb7ffffff]
[    0.307772] e820: reserve RAM buffer [mem 0x23fe00000-0x23fffffff]
[    0.307857] NetLabel: Initializing
[    0.307923] NetLabel:  domain hash size = 128
[    0.307990] NetLabel:  protocols = UNLABELED CIPSOv4
[    0.308063] NetLabel:  unlabeled traffic allowed by default
[    0.308148] hpet0: at MMIO 0xfed00000, IRQs 2, 8, 0, 0, 0, 0, 0, 0
[    0.308550] hpet0: 8 comparators, 64-bit 14.318180 MHz counter
[    0.311631] Switching to clocksource hpet
[    0.313023] pnp: PnP ACPI init
[    0.313093] ACPI: bus type pnp registered
[    0.313234] pnp 00:00: [bus 00-ff]
[    0.313236] pnp 00:00: [io  0x0cf8-0x0cff]
[    0.313237] pnp 00:00: [io  0x0000-0x0cf7 window]
[    0.313238] pnp 00:00: [io  0x0d00-0xffff window]
[    0.313240] pnp 00:00: [mem 0x000a0000-0x000bffff window]
[    0.313241] pnp 00:00: [mem 0x000c8000-0x000dffff window]
[    0.313242] pnp 00:00: [mem 0xbfa00000-0xffffffff window]
[    0.313243] pnp 00:00: [mem 0x00000000 window]
[    0.313278] pnp 00:00: Plug and Play ACPI device, IDs PNP0a08 PNP0a03 (active)
[    0.313310] pnp 00:01: [mem 0xfed10000-0xfed19fff]
[    0.313311] pnp 00:01: [mem 0xe0000000-0xe3ffffff]
[    0.313312] pnp 00:01: [mem 0xfed90000-0xfed93fff]
[    0.313313] pnp 00:01: [mem 0xfed20000-0xfed3ffff]
[    0.313314] pnp 00:01: [mem 0xfee00000-0xfee0ffff]
[    0.313350] system 00:01: [mem 0xfed10000-0xfed19fff] has been reserved
[    0.313421] system 00:01: [mem 0xe0000000-0xe3ffffff] has been reserved
[    0.313492] system 00:01: [mem 0xfed90000-0xfed93fff] has been reserved
[    0.313564] system 00:01: [mem 0xfed20000-0xfed3ffff] has been reserved
[    0.313635] system 00:01: [mem 0xfee00000-0xfee0ffff] has been reserved
[    0.313712] system 00:01: Plug and Play ACPI device, IDs PNP0c01 (active)
[    0.313750] pnp 00:02: [io  0x0000-0xffffffffffffffff disabled]
[    0.313752] pnp 00:02: [io  0x0000-0xffffffffffffffff disabled]
[    0.313753] pnp 00:02: [io  0x0290-0x029f]
[    0.313754] pnp 00:02: [io  0x0000-0xffffffffffffffff disabled]
[    0.313785] system 00:02: [io  0x0290-0x029f] has been reserved
[    0.313856] system 00:02: Plug and Play ACPI device, IDs PNP0c02 (active)
[    0.313863] pnp 00:03: [dma 4]
[    0.313864] pnp 00:03: [io  0x0000-0x000f]
[    0.313865] pnp 00:03: [io  0x0081-0x0083]
[    0.313868] pnp 00:03: [io  0x0087]
[    0.313869] pnp 00:03: [io  0x0089-0x008b]
[    0.313870] pnp 00:03: [io  0x008f]
[    0.313871] pnp 00:03: [io  0x00c0-0x00df]
[    0.313895] pnp 00:03: Plug and Play ACPI device, IDs PNP0200 (active)
[    0.313901] pnp 00:04: [io  0x0070-0x0071]
[    0.313908] pnp 00:04: [irq 8]
[    0.313932] pnp 00:04: Plug and Play ACPI device, IDs PNP0b00 (active)
[    0.313937] pnp 00:05: [io  0x0061]
[    0.313961] pnp 00:05: Plug and Play ACPI device, IDs PNP0800 (active)
[    0.313970] pnp 00:06: [io  0x0010-0x001f]
[    0.313971] pnp 00:06: [io  0x0022-0x003f]
[    0.313972] pnp 00:06: [io  0x0044-0x005f]
[    0.313973] pnp 00:06: [io  0x0063]
[    0.313974] pnp 00:06: [io  0x0065]
[    0.313976] pnp 00:06: [io  0x0067-0x006f]
[    0.313977] pnp 00:06: [io  0x0072-0x007f]
[    0.313978] pnp 00:06: [io  0x0080]
[    0.313979] pnp 00:06: [io  0x0084-0x0086]
[    0.313980] pnp 00:06: [io  0x0088]
[    0.313981] pnp 00:06: [io  0x008c-0x008e]
[    0.313982] pnp 00:06: [io  0x0090-0x009f]
[    0.313983] pnp 00:06: [io  0x00a2-0x00bf]
[    0.313984] pnp 00:06: [io  0x00e0-0x00ef]
[    0.313985] pnp 00:06: [io  0x04d0-0x04d1]
[    0.314020] system 00:06: [io  0x04d0-0x04d1] has been reserved
[    0.314091] system 00:06: Plug and Play ACPI device, IDs PNP0c02 (active)
[    0.314095] pnp 00:07: [io  0x00f0-0x00ff]
[    0.314100] pnp 00:07: [irq 13]
[    0.314126] pnp 00:07: Plug and Play ACPI device, IDs PNP0c04 (active)
[    0.314284] pnp 00:08: [io  0x0400-0x0453]
[    0.314285] pnp 00:08: [io  0x0458-0x047f]
[    0.314286] pnp 00:08: [io  0x0000-0xffffffffffffffff disabled]
[    0.314287] pnp 00:08: [io  0x0500-0x057f]
[    0.314288] pnp 00:08: [mem 0xfed1c000-0xfed1ffff]
[    0.314290] pnp 00:08: [mem 0xfec00000-0xfecfffff]
[    0.314291] pnp 00:08: [mem 0xfed08000-0xfed08fff]
[    0.314292] pnp 00:08: [mem 0xff000000-0xffffffff]
[    0.314325] system 00:08: [io  0x0400-0x0453] has been reserved
[    0.314395] system 00:08: [io  0x0458-0x047f] has been reserved
[    0.314465] system 00:08: [io  0x0500-0x057f] has been reserved
[    0.314535] system 00:08: [mem 0xfed1c000-0xfed1ffff] has been reserved
[    0.314606] system 00:08: [mem 0xfec00000-0xfecfffff] could not be reserved
[    0.314678] system 00:08: [mem 0xfed08000-0xfed08fff] has been reserved
[    0.314757] system 00:08: [mem 0xff000000-0xffffffff] has been reserved
[    0.314829] system 00:08: Plug and Play ACPI device, IDs PNP0c01 (active)
[    0.314849] pnp 00:09: [io  0x0454-0x0457]
[    0.314880] system 00:09: [io  0x0454-0x0457] has been reserved
[    0.314951] system 00:09: Plug and Play ACPI device, IDs INT3f0d PNP0c02 (active)
[    0.315021] pnp 00:0a: [mem 0xfed00000-0xfed003ff]
[    0.315048] pnp 00:0a: Plug and Play ACPI device, IDs PNP0103 (active)
[    0.315135] pnp: PnP ACPI: found 11 devices
[    0.315202] ACPI: ACPI bus type pnp unregistered
[    0.322355] pci 0000:00:1c.3: BAR 15: assigned [mem 0xbfa00000-0xbfafffff pref]
[    0.322451] pci 0000:00:01.0: PCI bridge to [bus 01]
[    0.322521] pci 0000:00:01.0:   bridge window [io  0xe000-0xefff]
[    0.322592] pci 0000:00:01.0:   bridge window [mem 0xf8000000-0xfa0fffff]
[    0.322663] pci 0000:00:01.0:   bridge window [mem 0xd0000000-0xdbffffff 64bit pref]
[    0.322767] pci 0000:00:1c.0: PCI bridge to [bus 02]
[    0.322844] pci 0000:00:1c.1: PCI bridge to [bus 03]
[    0.322915] pci 0000:00:1c.1:   bridge window [mem 0xfac00000-0xfacfffff]
[    0.322992] pci 0000:00:1c.2: PCI bridge to [bus 04]
[    0.323069] pci 0000:05:00.0: BAR 6: assigned [mem 0xbfa00000-0xbfa0ffff pref]
[    0.323164] pci 0000:00:1c.3: PCI bridge to [bus 05]
[    0.323233] pci 0000:00:1c.3:   bridge window [io  0xd000-0xdfff]
[    0.323306] pci 0000:00:1c.3:   bridge window [mem 0xfab00000-0xfabfffff]
[    0.323378] pci 0000:00:1c.3:   bridge window [mem 0xbfa00000-0xbfafffff pref]
[    0.323478] pci 0000:00:1c.4: PCI bridge to [bus 06]
[    0.323549] pci 0000:00:1c.4:   bridge window [mem 0xfaa00000-0xfaafffff]
[    0.323625] pci 0000:07:00.0: PCI bridge to [bus 08]
[    0.323701] pci 0000:07:00.0:   bridge window [io  0xc000-0xcfff]
[    0.323777] pci 0000:07:00.0:   bridge window [mem 0xfa900000-0xfa9fffff]
[    0.323859] pci 0000:00:1c.6: PCI bridge to [bus 07-08]
[    0.323929] pci 0000:00:1c.6:   bridge window [io  0xc000-0xcfff]
[    0.324002] pci 0000:00:1c.6:   bridge window [mem 0xfa900000-0xfa9fffff]
[    0.324078] pci 0000:00:1c.7: PCI bridge to [bus 09]
[    0.324147] pci 0000:00:1c.7:   bridge window [io  0xb000-0xbfff]
[    0.324220] pci 0000:00:1c.7:   bridge window [mem 0xfa800000-0xfa8fffff]
[    0.324337] pci 0000:07:00.0: setting latency timer to 64
[    0.324344] pci_bus 0000:00: resource 4 [io  0x0000-0x0cf7]
[    0.324345] pci_bus 0000:00: resource 5 [io  0x0d00-0xffff]
[    0.324347] pci_bus 0000:00: resource 6 [mem 0x000a0000-0x000bffff]
[    0.324348] pci_bus 0000:00: resource 7 [mem 0xbfa00000-0xffffffff]
[    0.324349] pci_bus 0000:01: resource 0 [io  0xe000-0xefff]
[    0.324350] pci_bus 0000:01: resource 1 [mem 0xf8000000-0xfa0fffff]
[    0.324352] pci_bus 0000:01: resource 2 [mem 0xd0000000-0xdbffffff 64bit pref]
[    0.324353] pci_bus 0000:03: resource 1 [mem 0xfac00000-0xfacfffff]
[    0.324354] pci_bus 0000:05: resource 0 [io  0xd000-0xdfff]
[    0.324356] pci_bus 0000:05: resource 1 [mem 0xfab00000-0xfabfffff]
[    0.324357] pci_bus 0000:05: resource 2 [mem 0xbfa00000-0xbfafffff pref]
[    0.324358] pci_bus 0000:06: resource 1 [mem 0xfaa00000-0xfaafffff]
[    0.324359] pci_bus 0000:07: resource 0 [io  0xc000-0xcfff]
[    0.324360] pci_bus 0000:07: resource 1 [mem 0xfa900000-0xfa9fffff]
[    0.324362] pci_bus 0000:07: resource 4 [io  0x0000-0x0cf7]
[    0.324363] pci_bus 0000:07: resource 5 [io  0x0d00-0xffff]
[    0.324364] pci_bus 0000:07: resource 6 [mem 0x000a0000-0x000bffff]
[    0.324365] pci_bus 0000:07: resource 7 [mem 0xbfa00000-0xffffffff]
[    0.324367] pci_bus 0000:08: resource 0 [io  0xc000-0xcfff]
[    0.324368] pci_bus 0000:08: resource 1 [mem 0xfa900000-0xfa9fffff]
[    0.324369] pci_bus 0000:08: resource 4 [io  0xc000-0xcfff]
[    0.324370] pci_bus 0000:08: resource 5 [mem 0xfa900000-0xfa9fffff]
[    0.324371] pci_bus 0000:08: resource 8 [io  0x0000-0x0cf7]
[    0.324373] pci_bus 0000:08: resource 9 [io  0x0d00-0xffff]
[    0.324374] pci_bus 0000:08: resource 10 [mem 0x000a0000-0x000bffff]
[    0.324375] pci_bus 0000:08: resource 11 [mem 0xbfa00000-0xffffffff]
[    0.324376] pci_bus 0000:09: resource 0 [io  0xb000-0xbfff]
[    0.324377] pci_bus 0000:09: resource 1 [mem 0xfa800000-0xfa8fffff]
[    0.324394] NET: Registered protocol family 2
[    0.324851] TCP established hash table entries: 524288 (order: 11, 8388608 bytes)
[    0.325913] TCP bind hash table entries: 65536 (order: 8, 1048576 bytes)
[    0.326105] TCP: Hash tables configured (established 524288 bind 65536)
[    0.326191] TCP: reno registered
[    0.326263] UDP hash table entries: 4096 (order: 5, 131072 bytes)
[    0.326355] UDP-Lite hash table entries: 4096 (order: 5, 131072 bytes)
[    0.326481] NET: Registered protocol family 1
[    0.326599] RPC: Registered named UNIX socket transport module.
[    0.326669] RPC: Registered udp transport module.
[    0.326745] RPC: Registered tcp transport module.
[    0.326812] RPC: Registered tcp NFSv4.1 backchannel transport module.
[    0.326890] pci 0000:00:02.0: Boot video device
[    0.562581] PCI: CLS 64 bytes, default 64
[    0.562613] PCI-DMA: Using software bounce buffering for IO (SWIOTLB)
[    0.562685] software IO TLB [mem 0xb277e000-0xb677dfff] (64MB) mapped at [ffff8800b277e000-ffff8800b677dfff]
[    0.563320] microcode: CPU0 sig=0x206a7, pf=0x2, revision=0x14
[    0.563394] microcode: CPU1 sig=0x206a7, pf=0x2, revision=0x14
[    0.563473] microcode: CPU2 sig=0x206a7, pf=0x2, revision=0x14
[    0.563547] microcode: CPU3 sig=0x206a7, pf=0x2, revision=0x14
[    0.563644] microcode: Microcode Update Driver: v2.00 <tigran@aivazian.fsnet.co.uk>, Peter Oruba
[    0.564758] sha1_ssse3: Using AVX optimized SHA-1 implementation
[    0.577868] HugeTLB registered 2 MB page size, pre-allocated 0 pages
[    0.579695] VFS: Disk quotas dquot_6.5.2
[    0.579802] Dquot-cache hash table entries: 512 (order 0, 4096 bytes)
[    0.580395] NFS: Registering the id_resolver key type
[    0.580480] Key type id_resolver registered
[    0.580547] Key type id_legacy registered
[    0.580651] msgmni has been set to 15657
[    0.581534] NET: Registered protocol family 38
[    0.581602] Key type asymmetric registered
[    0.581669] Asymmetric key parser 'x509' registered
[    0.581786] Block layer SCSI generic (bsg) driver version 0.4 loaded (major 253)
[    0.581881] io scheduler noop registered
[    0.581948] io scheduler deadline registered
[    0.582017] io scheduler cfq registered (default)
[    0.582152] pcieport 0000:00:01.0: irq 40 for MSI/MSI-X
[    0.582246] pcieport 0000:00:1c.0: irq 41 for MSI/MSI-X
[    0.582341] pcieport 0000:00:1c.1: irq 42 for MSI/MSI-X
[    0.582436] pcieport 0000:00:1c.2: irq 43 for MSI/MSI-X
[    0.582546] pcieport 0000:00:1c.3: irq 44 for MSI/MSI-X
[    0.582644] pcieport 0000:00:1c.4: irq 45 for MSI/MSI-X
[    0.582739] pcieport 0000:00:1c.7: irq 46 for MSI/MSI-X
[    0.582860] pci_hotplug: PCI Hot Plug PCI Core version: 0.5
[    0.583047] input: Power Button as /devices/LNXSYSTM:00/LNXSYBUS:00/PNP0C0C:00/input/input0
[    0.583145] ACPI: Power Button [PWRB]
[    0.583246] input: Power Button as /devices/LNXSYSTM:00/LNXPWRBN:00/input/input1
[    0.583341] ACPI: Power Button [PWRF]
[    0.583503] ACPI: Requesting acpi_cpufreq
[    0.583693] Monitor-Mwait will be used to enter C-1 state
[    0.583700] Monitor-Mwait will be used to enter C-3 state
[    0.583711] ACPI: acpi_idle registered with cpuidle
[    0.585963] Serial: 8250/16550 driver, 4 ports, IRQ sharing enabled
[    0.586451] Non-volatile memory driver v1.3
[    0.586519] Linux agpgart interface v0.103
[    0.586682] [drm] Initialized drm 1.1.0 20060810
[    0.586782] [drm:drm_pci_agp_init] *ERROR* Cannot initialize the agpgart module.
[    0.586877] DRM: Fill_in_dev failed.
[    0.587574] loop: module loaded
[    0.587771] ahci 0000:00:1f.2: version 3.0
[    0.587810] ahci 0000:00:1f.2: irq 47 for MSI/MSI-X
[    0.598465] ahci 0000:00:1f.2: AHCI 0001.0300 32 slots 6 ports 6 Gbps 0x3f impl SATA mode
[    0.598563] ahci 0000:00:1f.2: flags: 64bit ncq sntf pm led clo pio slum part ems apst 
[    0.598662] ahci 0000:00:1f.2: setting latency timer to 64
[    0.608844] scsi0 : ahci
[    0.608978] scsi1 : ahci
[    0.609097] scsi2 : ahci
[    0.609217] scsi3 : ahci
[    0.609336] scsi4 : ahci
[    0.609466] scsi5 : ahci
[    0.609577] ata1: SATA max UDMA/133 abar m2048@0xfad25000 port 0xfad25100 irq 47
[    0.609673] ata2: SATA max UDMA/133 abar m2048@0xfad25000 port 0xfad25180 irq 47
[    0.609769] ata3: SATA max UDMA/133 abar m2048@0xfad25000 port 0xfad25200 irq 47
[    0.609864] ata4: SATA max UDMA/133 abar m2048@0xfad25000 port 0xfad25280 irq 47
[    0.609959] ata5: SATA max UDMA/133 abar m2048@0xfad25000 port 0xfad25300 irq 47
[    0.610055] ata6: SATA max UDMA/133 abar m2048@0xfad25000 port 0xfad25380 irq 47
[    0.610272] ahci 0000:05:00.0: AHCI 0001.0100 32 slots 2 ports 3 Gbps 0x3 impl SATA mode
[    0.610372] ahci 0000:05:00.0: flags: 64bit ncq pm led clo pmp pio slum part 
[    0.610687] scsi6 : ahci
[    0.610814] scsi7 : ahci
[    0.610926] ata7: SATA max UDMA/133 abar m512@0xfab10000 port 0xfab10100 irq 19
[    0.611022] ata8: SATA max UDMA/133 abar m512@0xfab10000 port 0xfab10180 irq 19
[    0.611191] ahci 0000:09:00.0: irq 48 for MSI/MSI-X
[    0.611245] ahci 0000:09:00.0: AHCI 0001.0000 32 slots 2 ports 6 Gbps 0x3 impl SATA mode
[    0.611341] ahci 0000:09:00.0: flags: 64bit ncq sntf led only pmp fbs pio slum part sxs 
[    0.611676] scsi8 : ahci
[    0.611797] scsi9 : ahci
[    0.611907] ata9: SATA max UDMA/133 abar m512@0xfa810000 port 0xfa810100 irq 48
[    0.612003] ata10: SATA max UDMA/133 abar m512@0xfa810000 port 0xfa810180 irq 48
[    0.612733] ehci_hcd: USB 2.0 'Enhanced' Host Controller (EHCI) Driver
[    0.612819] ehci_hcd 0000:00:1a.0: setting latency timer to 64
[    0.612822] ehci_hcd 0000:00:1a.0: EHCI Host Controller
[    0.612922] ehci_hcd 0000:00:1a.0: new USB bus registered, assigned bus number 1
[    0.613028] ehci_hcd 0000:00:1a.0: debug port 2
[    0.616999] ehci_hcd 0000:00:1a.0: cache line size of 64 is not supported
[    0.617009] ehci_hcd 0000:00:1a.0: irq 23, io mem 0xfad27000
[    0.622416] ehci_hcd 0000:00:1a.0: USB 2.0 started, EHCI 1.00
[    0.622496] usb usb1: New USB device found, idVendor=1d6b, idProduct=0002
[    0.622567] usb usb1: New USB device strings: Mfr=3, Product=2, SerialNumber=1
[    0.622662] usb usb1: Product: EHCI Host Controller
[    0.622731] usb usb1: Manufacturer: Linux 3.7.10 ehci_hcd
[    0.622799] usb usb1: SerialNumber: 0000:00:1a.0
[    0.622950] hub 1-0:1.0: USB hub found
[    0.623018] hub 1-0:1.0: 2 ports detected
[    0.623134] ehci_hcd 0000:00:1d.0: setting latency timer to 64
[    0.623137] ehci_hcd 0000:00:1d.0: EHCI Host Controller
[    0.623235] ehci_hcd 0000:00:1d.0: new USB bus registered, assigned bus number 2
[    0.623339] ehci_hcd 0000:00:1d.0: debug port 2
[    0.627304] ehci_hcd 0000:00:1d.0: cache line size of 64 is not supported
[    0.627307] ehci_hcd 0000:00:1d.0: irq 23, io mem 0xfad26000
[    0.632405] ehci_hcd 0000:00:1d.0: USB 2.0 started, EHCI 1.00
[    0.632480] usb usb2: New USB device found, idVendor=1d6b, idProduct=0002
[    0.632553] usb usb2: New USB device strings: Mfr=3, Product=2, SerialNumber=1
[    0.632648] usb usb2: Product: EHCI Host Controller
[    0.632716] usb usb2: Manufacturer: Linux 3.7.10 ehci_hcd
[    0.632786] usb usb2: SerialNumber: 0000:00:1d.0
[    0.632930] hub 2-0:1.0: USB hub found
[    0.632998] hub 2-0:1.0: 2 ports detected
[    0.633120] ohci_hcd: USB 1.1 'Open' Host Controller (OHCI) Driver
[    0.633212] uhci_hcd: USB Universal Host Controller Interface driver
[    0.633331] usbcore: registered new interface driver usblp
[    0.633406] Initializing USB Mass Storage driver...
[    0.633501] usbcore: registered new interface driver usb-storage
[    0.633570] USB Mass Storage support registered.
[    0.633726] i8042: PNP: No PS/2 controller found. Probing ports directly.
[    0.636486] serio: i8042 KBD port at 0x60,0x64 irq 1
[    0.636557] serio: i8042 AUX port at 0x60,0x64 irq 12
[    0.636706] mousedev: PS/2 mouse device common for all mice
[    0.636906] rtc_cmos 00:04: RTC can wake from S4
[    0.637083] rtc_cmos 00:04: rtc core: registered rtc_cmos as rtc0
[    0.637178] rtc0: alarms up to one month, y3k, 114 bytes nvram, hpet irqs
[    0.637294] i801_smbus 0000:00:1f.3: SMBus using PCI Interrupt
[    0.637520] device-mapper: ioctl: 4.23.0-ioctl (2012-07-25) initialised: dm-devel@redhat.com
[    0.637673] cpuidle: using governor ladder
[    0.637776] cpuidle: using governor menu
[    0.637843] EFI Variables Facility v0.08 2004-May-17
[    0.638671] usbcore: registered new interface driver usbhid
[    0.638740] usbhid: USB HID core driver
[    0.638854] Netfilter messages via NETLINK v0.30.
[    0.638927] nf_conntrack version 0.5.0 (16384 buckets, 65536 max)
[    0.639066] ctnetlink v0.93: registering with nfnetlink.
[    0.639192] ip_tables: (C) 2000-2006 Netfilter Core Team
[    0.639271] TCP: cubic registered
[    0.639337] Initializing XFRM netlink socket
[    0.639589] NET: Registered protocol family 10
[    0.639737] ip6_tables: (C) 2000-2006 Netfilter Core Team
[    0.639823] sit: IPv6 over IPv4 tunneling driver
[    0.640013] NET: Registered protocol family 17
[    0.640093] Key type dns_resolver registered
[    0.640539] registered taskstats version 1
[    0.640957] console [netcon0] enabled
[    0.641023] netconsole: network logging started
[    0.914187] ata6: SATA link up 3.0 Gbps (SStatus 123 SControl 300)
[    0.914295] ata5: SATA link up 3.0 Gbps (SStatus 123 SControl 300)
[    0.914379] ata3: SATA link up 3.0 Gbps (SStatus 123 SControl 300)
[    0.914466] ata1: SATA link up 6.0 Gbps (SStatus 133 SControl 300)
[    0.914568] ata2: SATA link up 6.0 Gbps (SStatus 133 SControl 300)
[    0.914657] ata5.00: ATA-9: INTEL SSDSC2BA100G3, 5DV10270, max UDMA/133
[    0.914731] ata5.00: 195371568 sectors, multi 1: LBA48 NCQ (depth 31/32)
[    0.914818] ata4: SATA link up 3.0 Gbps (SStatus 123 SControl 300)
[    0.914926] ata3.00: ATA-9: INTEL SSDSC2BA100G3, 5DV10270, max UDMA/133
[    0.915001] ata3.00: 195371568 sectors, multi 1: LBA48 NCQ (depth 31/32)
[    0.915085] ata2.00: ATA-9: INTEL SSDSC2BA100G3, 5DV10270, max UDMA/133
[    0.915174] ata2.00: 195371568 sectors, multi 1: LBA48 NCQ (depth 31/32)
[    0.915248] ata6.00: ATA-9: INTEL SSDSC2BA100G3, 5DV10270, max UDMA/133
[    0.915322] ata6.00: 195371568 sectors, multi 1: LBA48 NCQ (depth 31/32)
[    0.915413] ata1.00: ATA-9: INTEL SSDSC2BA100G3, 5DV10270, max UDMA/133
[    0.915494] ata1.00: 195371568 sectors, multi 1: LBA48 NCQ (depth 31/32)
[    0.915589] ata5.00: configured for UDMA/133
[    0.915675] ata3.00: configured for UDMA/133
[    0.915768] ata4.00: ATA-9: INTEL SSDSC2BA100G3, 5DV10270, max UDMA/133
[    0.915846] ata4.00: 195371568 sectors, multi 1: LBA48 NCQ (depth 31/32)
[    0.915920] ata6.00: configured for UDMA/133
[    0.916006] ata2.00: configured for UDMA/133
[    0.916098] ata1.00: configured for UDMA/133
[    0.916204] ata8: SATA link down (SStatus 0 SControl 300)
[    0.916299] scsi 0:0:0:0: Direct-Access     ATA      INTEL SSDSC2BA10 5DV1 PQ: 0 ANSI: 5
[    0.916324] ata4.00: configured for UDMA/133
[    0.916346] ata7: SATA link down (SStatus 0 SControl 300)
[    0.916837] sd 0:0:0:0: [sda] 195371568 512-byte logical blocks: (100 GB/93.1 GiB)
[    0.916962] sd 0:0:0:0: Attached scsi generic sg0 type 0
[    0.917058] sd 0:0:0:0: [sda] 4096-byte physical blocks
[    0.917269] scsi 1:0:0:0: Direct-Access     ATA      INTEL SSDSC2BA10 5DV1 PQ: 0 ANSI: 5
[    0.917301] sd 0:0:0:0: [sda] Write Protect is off
[    0.917303] sd 0:0:0:0: [sda] Mode Sense: 00 3a 00 00
[    0.917379] sd 0:0:0:0: [sda] Write cache: enabled, read cache: enabled, doesn't support DPO or FUA
[    0.917726] sd 1:0:0:0: [sdb] 195371568 512-byte logical blocks: (100 GB/93.1 GiB)
[    0.917792] sd 1:0:0:0: Attached scsi generic sg1 type 0
[    0.917818]  sda: sda1
[    0.917927] scsi 2:0:0:0: Direct-Access     ATA      INTEL SSDSC2BA10 5DV1 PQ: 0 ANSI: 5
[    0.918058] sd 0:0:0:0: [sda] Attached SCSI disk
[    0.918081] sd 2:0:0:0: [sdc] 195371568 512-byte logical blocks: (100 GB/93.1 GiB)
[    0.918082] sd 2:0:0:0: [sdc] 4096-byte physical blocks
[    0.918155] sd 2:0:0:0: Attached scsi generic sg2 type 0
[    0.918162] sd 2:0:0:0: [sdc] Write Protect is off
[    0.918164] sd 2:0:0:0: [sdc] Mode Sense: 00 3a 00 00
[    0.918195] sd 2:0:0:0: [sdc] Write cache: enabled, read cache: enabled, doesn't support DPO or FUA
[    0.918262] scsi 3:0:0:0: Direct-Access     ATA      INTEL SSDSC2BA10 5DV1 PQ: 0 ANSI: 5
[    0.918406] sd 3:0:0:0: [sdd] 195371568 512-byte logical blocks: (100 GB/93.1 GiB)
[    0.918407] sd 3:0:0:0: [sdd] 4096-byte physical blocks
[    0.918469] sd 3:0:0:0: Attached scsi generic sg3 type 0
[    0.918471] sd 3:0:0:0: [sdd] Write Protect is off
[    0.918472] sd 3:0:0:0: [sdd] Mode Sense: 00 3a 00 00
[    0.918494] sd 3:0:0:0: [sdd] Write cache: enabled, read cache: enabled, doesn't support DPO or FUA
[    0.918498]  sdc: sdc1
[    0.918557] scsi 4:0:0:0: Direct-Access     ATA      INTEL SSDSC2BA10 5DV1 PQ: 0 ANSI: 5
[    0.918659] sd 2:0:0:0: [sdc] Attached SCSI disk
[    0.918684] sd 4:0:0:0: [sde] 195371568 512-byte logical blocks: (100 GB/93.1 GiB)
[    0.918685] sd 4:0:0:0: [sde] 4096-byte physical blocks
[    0.918744] sd 4:0:0:0: [sde] Write Protect is off
[    0.918745] sd 4:0:0:0: [sde] Mode Sense: 00 3a 00 00
[    0.918749] sd 4:0:0:0: Attached scsi generic sg4 type 0
[    0.918764]  sdd: sdd1
[    0.918767] sd 4:0:0:0: [sde] Write cache: enabled, read cache: enabled, doesn't support DPO or FUA
[    0.918872] scsi 5:0:0:0: Direct-Access     ATA      INTEL SSDSC2BA10 5DV1 PQ: 0 ANSI: 5
[    0.918908] sd 3:0:0:0: [sdd] Attached SCSI disk
[    0.918998] sd 5:0:0:0: [sdf] 195371568 512-byte logical blocks: (100 GB/93.1 GiB)
[    0.918999] sd 5:0:0:0: [sdf] 4096-byte physical blocks
[    0.919009]  sde: sde1
[    0.919068] sd 5:0:0:0: [sdf] Write Protect is off
[    0.919069] sd 5:0:0:0: [sdf] Mode Sense: 00 3a 00 00
[    0.919081] sd 5:0:0:0: [sdf] Write cache: enabled, read cache: enabled, doesn't support DPO or FUA
[    0.919085] sd 5:0:0:0: Attached scsi generic sg5 type 0
[    0.919169] sd 4:0:0:0: [sde] Attached SCSI disk
[    0.919347]  sdf: sdf1
[    0.919532] sd 5:0:0:0: [sdf] Attached SCSI disk
[    0.921185] sd 1:0:0:0: [sdb] 4096-byte physical blocks
[    0.921284] sd 1:0:0:0: [sdb] Write Protect is off
[    0.921352] sd 1:0:0:0: [sdb] Mode Sense: 00 3a 00 00
[    0.921359] sd 1:0:0:0: [sdb] Write cache: enabled, read cache: enabled, doesn't support DPO or FUA
[    0.921725]  sdb: sdb1
[    0.921943] sd 1:0:0:0: [sdb] Attached SCSI disk
[    0.924181] usb 1-1: new high-speed USB device number 2 using ehci_hcd
[    1.038498] usb 1-1: New USB device found, idVendor=8087, idProduct=0024
[    1.038591] usb 1-1: New USB device strings: Mfr=0, Product=0, SerialNumber=0
[    1.039095] hub 1-1:1.0: USB hub found
[    1.039233] hub 1-1:1.0: 6 ports detected
[    1.072033] ata10: SATA link up 3.0 Gbps (SStatus 123 SControl 300)
[    1.072562] ata10.00: ATA-8: INTEL SSDSA2CW120G3, 4PC10362, max UDMA/133
[    1.072634] ata10.00: 234441648 sectors, multi 1: LBA48 NCQ (depth 31/32)
[    1.073211] ata10.00: configured for UDMA/133
[    1.075032] ata9: SATA link up 6.0 Gbps (SStatus 133 SControl 300)
[    1.075727] ata9.00: ATA-9: INTEL SSDSC2BB080G6, G2010140, max UDMA/133
[    1.075819] ata9.00: 156301488 sectors, multi 1: LBA48 NCQ (depth 31/32)
[    1.076506] ata9.00: configured for UDMA/133
[    1.076718] scsi 8:0:0:0: Direct-Access     ATA      INTEL SSDSC2BB08 G201 PQ: 0 ANSI: 5
[    1.077288] sd 8:0:0:0: [sdg] 156301488 512-byte logical blocks: (80.0 GB/74.5 GiB)
[    1.077404] sd 8:0:0:0: [sdg] 4096-byte physical blocks
[    1.077472] sd 8:0:0:0: Attached scsi generic sg6 type 0
[    1.077672] sd 8:0:0:0: [sdg] Write Protect is off
[    1.077707] scsi 9:0:0:0: Direct-Access     ATA      INTEL SSDSA2CW12 4PC1 PQ: 0 ANSI: 5
[    1.077883] sd 8:0:0:0: [sdg] Mode Sense: 00 3a 00 00
[    1.077899] sd 8:0:0:0: [sdg] Write cache: enabled, read cache: enabled, doesn't support DPO or FUA
[    1.077901] sd 9:0:0:0: [sdh] 234441648 512-byte logical blocks: (120 GB/111 GiB)
[    1.077953] sd 9:0:0:0: Attached scsi generic sg7 type 0
[    1.077981] sd 9:0:0:0: [sdh] Write Protect is off
[    1.077982] sd 9:0:0:0: [sdh] Mode Sense: 00 3a 00 00
[    1.078017] sd 9:0:0:0: [sdh] Write cache: enabled, read cache: enabled, doesn't support DPO or FUA
[    1.078363]  sdh: sdh1
[    1.078547] sd 9:0:0:0: [sdh] Attached SCSI disk
[    1.079604]  sdg: sdg1 sdg2 sdg3 sdg4
[    1.079920] sd 8:0:0:0: [sdg] Attached SCSI disk
[    1.080016] md: Waiting for all devices to be available before autodetect
[    1.080087] md: If you don't use raid, use raid=noautodetect
[    1.080247] md: Autodetecting RAID arrays.
[    1.080440] md: invalid raid superblock magic on sda1
[    1.080512] md: sda1 does not have a valid v0.90 superblock, not importing!
[    1.080639] md: invalid raid superblock magic on sdc1
[    1.080707] md: sdc1 does not have a valid v0.90 superblock, not importing!
[    1.080828] md: invalid raid superblock magic on sdd1
[    1.080895] md: sdd1 does not have a valid v0.90 superblock, not importing!
[    1.081028] md: invalid raid superblock magic on sde1
[    1.081097] md: sde1 does not have a valid v0.90 superblock, not importing!
[    1.081216] md: invalid raid superblock magic on sdf1
[    1.081284] md: sdf1 does not have a valid v0.90 superblock, not importing!
[    1.081473] md: invalid raid superblock magic on sdb1
[    1.081541] md: sdb1 does not have a valid v0.90 superblock, not importing!
[    1.081613] md: Scanned 6 and added 0 devices.
[    1.081679] md: autorun ...
[    1.081743] md: ... autorun DONE.
[    1.081969] EXT4-fs (sdg3): couldn't mount as ext2 due to feature incompatibilities
[    1.083604] EXT4-fs (sdg3): mounted filesystem with ordered data mode. Opts: (null)
[    1.083703] VFS: Mounted root (ext4 filesystem) readonly on device 8:99.
[    1.084247] Freeing unused kernel memory: 604k freed
[    1.084362] Write protecting the kernel read-only data: 12288k
[    1.086827] Freeing unused kernel memory: 1628k freed
[    1.089646] Freeing unused kernel memory: 1976k freed
[    1.142181] kbd_mode (1116) used greatest stack depth: 5664 bytes left
[    1.142910] usb 2-1: new high-speed USB device number 2 using ehci_hcd
[    1.145410] loadkeys (1117) used greatest stack depth: 5224 bytes left
[    1.145587] init-early.sh (1115) used greatest stack depth: 4640 bytes left
[    1.257145] usb 2-1: New USB device found, idVendor=8087, idProduct=0024
[    1.257148] usb 2-1: New USB device strings: Mfr=0, Product=0, SerialNumber=0
[    1.257443] hub 2-1:1.0: USB hub found
[    1.257488] hub 2-1:1.0: 8 ports detected
[    1.303504] sort (1257) used greatest stack depth: 4344 bytes left
[    1.380196] e1000e: Intel(R) PRO/1000 Network Driver - 2.1.4-k
[    1.380199] e1000e: Copyright(c) 1999 - 2012 Intel Corporation.
[    1.380254] e1000e 0000:00:19.0: setting latency timer to 64
[    1.380333] e1000e 0000:00:19.0: Interrupt Throttling Rate (ints/sec) set to dynamic conservative mode
[    1.380392] e1000e 0000:00:19.0: irq 49 for MSI/MSI-X
[    1.406520] md: bind<sdd1>
[    1.407266] md: bind<sdb1>
[    1.408117] md: bind<sdc1>
[    1.409105] md: bind<sde1>
[    1.410412] md: bind<sdf1>
[    1.413667] md: bind<sda1>
[    1.416000] md: raid10 personality registered for level 10
[    1.416141] md/raid10:md127: active with 6 out of 6 devices
[    1.416152] md127: detected capacity change from 0 to 299885395968
[    1.416938]  md127: unknown partition table
[    1.534770] usb 2-1.7: new full-speed USB device number 3 using ehci_hcd
[    1.563503] tsc: Refined TSC clocksource calibration: 3300.023 MHz
[    1.563506] Switching to clocksource tsc
[    1.620349] usb 2-1.7: New USB device found, idVendor=0cf3, idProduct=3000
[    1.620354] usb 2-1.7: New USB device strings: Mfr=0, Product=0, SerialNumber=0
[    1.638639] e1000e 0000:00:19.0 eth0: (PCI Express:2.5GT/s:Width x1) 14:da:e9:0f:78:84
[    1.638641] e1000e 0000:00:19.0 eth0: Intel(R) PRO/1000 Network Connection
[    1.638673] e1000e 0000:00:19.0 eth0: MAC: 10, PHY: 11, PBA No: FFFFFF-0FF
[    2.112759] EXT4-fs (sdg3): re-mounted. Opts: (null)
[    2.148469] Adding 1020k swap on /dev/sdg2.  Priority:-1 extents:1 across:1020k SS
[    2.666495] e1000e 0000:00:19.0: irq 49 for MSI/MSI-X
[    2.767434] e1000e 0000:00:19.0: irq 49 for MSI/MSI-X
[    2.767519] IPv6: ADDRCONF(NETDEV_UP): eno1: link is not ready
[    5.577211] e1000e: eno1 NIC Link is Up 1000 Mbps Full Duplex, Flow Control: Rx/Tx
[    5.577244] IPv6: ADDRCONF(NETDEV_CHANGE): eno1: link becomes ready
[   43.937520] EXT4-fs (md127): barriers disabled
[   43.940710] EXT4-fs (md127): mounted filesystem with ordered data mode. Opts: nobarrier
