[    0.000000] Initializing cgroup subsys cpuset
[    0.000000] Initializing cgroup subsys cpu
[    0.000000] Linux version 3.2.80 (root@axle) (gcc version 4.6.4 (Ubuntu/Linaro 4.6.4-1ubuntu1~12.04) ) #1 SMP Sun May 29 11:38:19 UTC 2016
[    0.000000] Command line: BOOT_IMAGE=/boot/vmlinuz-3.2.80 root=UUID=7c9bb05c-372c-44bd-9ac8-6e53160d10e4 ro
[    0.000000] KERNEL supported cpus:
[    0.000000]   Intel GenuineIntel
[    0.000000]   AMD AuthenticAMD
[    0.000000]   Centaur CentaurHauls
[    0.000000] BIOS-provided physical RAM map:
[    0.000000]  BIOS-e820: 0000000000000000 - 000000000009b000 (usable)
[    0.000000]  BIOS-e820: 000000000009b000 - 00000000000a0000 (reserved)
[    0.000000]  BIOS-e820: 00000000000e0000 - 0000000000100000 (reserved)
[    0.000000]  BIOS-e820: 0000000000100000 - 000000007e00c000 (usable)
[    0.000000]  BIOS-e820: 000000007e00c000 - 000000007e049000 (reserved)
[    0.000000]  BIOS-e820: 000000007e049000 - 000000007e349000 (ACPI NVS)
[    0.000000]  BIOS-e820: 000000007e349000 - 000000007f335000 (reserved)
[    0.000000]  BIOS-e820: 000000007f335000 - 000000007f800000 (ACPI NVS)
[    0.000000]  BIOS-e820: 0000000080000000 - 0000000090000000 (reserved)
[    0.000000]  BIOS-e820: 00000000fed1c000 - 00000000fed40000 (reserved)
[    0.000000]  BIOS-e820: 00000000ff000000 - 0000000100000000 (reserved)
[    0.000000]  BIOS-e820: 0000000100000000 - 0000004080000000 (usable)
[    0.000000] NX (Execute Disable) protection: active
[    0.000000] SMBIOS 2.7 present.
[    0.000000] DMI: Supermicro X9QR7-(J)TF/X9QRi-F/X9QRi-F, BIOS 4.6.5 09/05/2012
[    0.000000] e820 update range: 0000000000000000 - 0000000000010000 (usable) ==> (reserved)
[    0.000000] e820 remove range: 00000000000a0000 - 0000000000100000 (usable)
[    0.000000] No AGP bridge found
[    0.000000] last_pfn = 0x4080000 max_arch_pfn = 0x400000000
[    0.000000] MTRR default type: uncachable
[    0.000000] MTRR fixed ranges enabled:
[    0.000000]   00000-9FFFF write-back
[    0.000000]   A0000-BFFFF uncachable
[    0.000000]   C0000-FFFFF write-protect
[    0.000000] MTRR variable ranges enabled:
[    0.000000]   0 base 000000000000 mask 3FC000000000 write-back
[    0.000000]   1 base 004000000000 mask 3FFF80000000 write-back
[    0.000000]   2 base 000080000000 mask 3FFF80000000 uncachable
[    0.000000]   3 disabled
[    0.000000]   4 disabled
[    0.000000]   5 disabled
[    0.000000]   6 disabled
[    0.000000]   7 disabled
[    0.000000]   8 disabled
[    0.000000]   9 disabled
[    0.000000] x86 PAT enabled: cpu 0, old 0x7040600070406, new 0x7010600070106
[    0.000000] original variable MTRRs
[    0.000000] reg 0, base: 0GB, range: 256GB, type WB
[    0.000000] reg 1, base: 256GB, range: 2GB, type WB
[    0.000000] reg 2, base: 2GB, range: 2GB, type UC
[    0.000000] total RAM covered: 262144M
[    0.000000] Found optimal setting for mtrr clean up
[    0.000000]  gran_size: 64K 	chunk_size: 64K 	num_reg: 8  	lose cover RAM: 0G
[    0.000000] New variable MTRRs
[    0.000000] reg 0, base: 0GB, range: 2GB, type WB
[    0.000000] reg 1, base: 4GB, range: 4GB, type WB
[    0.000000] reg 2, base: 8GB, range: 8GB, type WB
[    0.000000] reg 3, base: 16GB, range: 16GB, type WB
[    0.000000] reg 4, base: 32GB, range: 32GB, type WB
[    0.000000] reg 5, base: 64GB, range: 64GB, type WB
[    0.000000] reg 6, base: 128GB, range: 128GB, type WB
[    0.000000] reg 7, base: 256GB, range: 2GB, type WB
[    0.000000] e820 update range: 0000000080000000 - 0000000100000000 (usable) ==> (reserved)
[    0.000000] last_pfn = 0x7e00c max_arch_pfn = 0x400000000
[    0.000000] found SMP MP-table at [ffff8800000fdf40] fdf40
[    0.000000] initial memory mapped : 0 - 20000000
[    0.000000] Base memory trampoline at [ffff880000096000] 96000 size 20480
[    0.000000] Using GB pages for direct mapping
[    0.000000] init_memory_mapping: 0000000000000000-000000007e00c000
[    0.000000]  0000000000 - 0040000000 page 1G
[    0.000000]  0040000000 - 007e000000 page 2M
[    0.000000]  007e000000 - 007e00c000 page 4k
[    0.000000] kernel direct mapping tables up to 7e00c000 @ 1fffd000-20000000
[    0.000000] init_memory_mapping: 0000000100000000-0000004080000000
[    0.000000]  0100000000 - 4080000000 page 1G
[    0.000000] kernel direct mapping tables up to 4080000000 @ 7e00b000-7e00c000
[    0.000000] RAMDISK: 37a62000 - 37d29000
[    0.000000] ACPI: RSDP 0x00000000000F0490 00024 (v02 ALASKA)
[    0.000000] ACPI: XSDT 0x000000007E2B2098 000AC (v01 ALASKA A M I    01072009 AMI  00010013)
[    0.000000] ACPI: FACP 0x000000007E2BE0F0 000F4 (v04 ALASKA A M I    01072009 AMI  00010013)
[    0.000000] ACPI: DSDT 0x000000007E2B21D8 0BF15 (v02 ALASKA A M I    00000001 INTL 20051117)
[    0.000000] ACPI: FACS 0x000000007E346F80 00040
[    0.000000] ACPI: APIC 0x000000007E2BE1E8 003FC (v03 ALASKA A M I    01072009 AMI  00010013)
[    0.000000] ACPI: FPDT 0x000000007E2BE5E8 00044 (v01 ALASKA A M I    01072009 AMI  00010013)
[    0.000000] ACPI: TCPA 0x000000007E2BE630 00032 (v02 APTIO4 NAPAASF  00000001 MSFT 01000013)
[    0.000000] ACPI: SRAT 0x000000007E2BE668 00930 (v01 A M I  AMI SRAT 00000001 AMI. 00000000)
[    0.000000] ACPI: SLIT 0x000000007E2BEF98 0003C (v01 A M I  AMI SLIT 00000000 AMI. 00000000)
[    0.000000] ACPI: HPET 0x000000007E2BEFD8 00038 (v01 ALASKA A M I    01072009 AMI. 00000005)
[    0.000000] ACPI: PRAD 0x000000007E2BF010 000BE (v02 PRADID PRADTID  00000001 MSFT 03000001)
[    0.000000] ACPI: SPMI 0x000000007E2BF0D0 00040 (v05 A M I  OEMSPMI  00000000 AMI. 00000000)
[    0.000000] ACPI: SSDT 0x000000007E2BF110 70104 (v02 INTEL  CpuPm    00004000 INTL 20051117)
[    0.000000] ACPI: SPCR 0x000000007E32F218 00050 (v01 A M I  APTIO4   01072009 AMI. 00000005)
[    0.000000] ACPI: EINJ 0x000000007E32F268 00130 (v01 AMI    AMI EINJ 00000000      00000000)
[    0.000000] ACPI: ERST 0x000000007E32F398 00230 (v01 AMIER  AMI ERST 00000000      00000000)
[    0.000000] ACPI: HEST 0x000000007E32F5C8 000A8 (v01 AMI    AMI HEST 00000000      00000000)
[    0.000000] ACPI: BERT 0x000000007E32F670 00030 (v01 AMI    AMI BERT 00000000      00000000)
[    0.000000] ACPI: DMAR 0x000000007E32F6A0 002A0 (v01 A M I  OEMDMAR  00000001 INTL 00000001)
[    0.000000] ACPI: MCFG 0x000000007E32F940 0003C (v01 ALASKA A M I    01072009 MSFT 00000097)
[    0.000000] ACPI: Local APIC address 0xfee00000
[    0.000000] SRAT: PXM 0 -> APIC 0x00 -> Node 0
[    0.000000] SRAT: PXM 0 -> APIC 0x01 -> Node 0
[    0.000000] SRAT: PXM 0 -> APIC 0x02 -> Node 0
[    0.000000] SRAT: PXM 0 -> APIC 0x03 -> Node 0
[    0.000000] SRAT: PXM 0 -> APIC 0x04 -> Node 0
[    0.000000] SRAT: PXM 0 -> APIC 0x05 -> Node 0
[    0.000000] SRAT: PXM 0 -> APIC 0x06 -> Node 0
[    0.000000] SRAT: PXM 0 -> APIC 0x07 -> Node 0
[    0.000000] SRAT: PXM 0 -> APIC 0x08 -> Node 0
[    0.000000] SRAT: PXM 0 -> APIC 0x09 -> Node 0
[    0.000000] SRAT: PXM 0 -> APIC 0x0a -> Node 0
[    0.000000] SRAT: PXM 0 -> APIC 0x0b -> Node 0
[    0.000000] SRAT: PXM 0 -> APIC 0x0c -> Node 0
[    0.000000] SRAT: PXM 0 -> APIC 0x0d -> Node 0
[    0.000000] SRAT: PXM 0 -> APIC 0x0e -> Node 0
[    0.000000] SRAT: PXM 0 -> APIC 0x0f -> Node 0
[    0.000000] SRAT: PXM 1 -> APIC 0x20 -> Node 1
[    0.000000] SRAT: PXM 1 -> APIC 0x21 -> Node 1
[    0.000000] SRAT: PXM 1 -> APIC 0x22 -> Node 1
[    0.000000] SRAT: PXM 1 -> APIC 0x23 -> Node 1
[    0.000000] SRAT: PXM 1 -> APIC 0x24 -> Node 1
[    0.000000] SRAT: PXM 1 -> APIC 0x25 -> Node 1
[    0.000000] SRAT: PXM 1 -> APIC 0x26 -> Node 1
[    0.000000] SRAT: PXM 1 -> APIC 0x27 -> Node 1
[    0.000000] SRAT: PXM 1 -> APIC 0x28 -> Node 1
[    0.000000] SRAT: PXM 1 -> APIC 0x29 -> Node 1
[    0.000000] SRAT: PXM 1 -> APIC 0x2a -> Node 1
[    0.000000] SRAT: PXM 1 -> APIC 0x2b -> Node 1
[    0.000000] SRAT: PXM 1 -> APIC 0x2c -> Node 1
[    0.000000] SRAT: PXM 1 -> APIC 0x2d -> Node 1
[    0.000000] SRAT: PXM 1 -> APIC 0x2e -> Node 1
[    0.000000] SRAT: PXM 1 -> APIC 0x2f -> Node 1
[    0.000000] SRAT: PXM 2 -> APIC 0x40 -> Node 2
[    0.000000] SRAT: PXM 2 -> APIC 0x41 -> Node 2
[    0.000000] SRAT: PXM 2 -> APIC 0x42 -> Node 2
[    0.000000] SRAT: PXM 2 -> APIC 0x43 -> Node 2
[    0.000000] SRAT: PXM 2 -> APIC 0x44 -> Node 2
[    0.000000] SRAT: PXM 2 -> APIC 0x45 -> Node 2
[    0.000000] SRAT: PXM 2 -> APIC 0x46 -> Node 2
[    0.000000] SRAT: PXM 2 -> APIC 0x47 -> Node 2
[    0.000000] SRAT: PXM 2 -> APIC 0x48 -> Node 2
[    0.000000] SRAT: PXM 2 -> APIC 0x49 -> Node 2
[    0.000000] SRAT: PXM 2 -> APIC 0x4a -> Node 2
[    0.000000] SRAT: PXM 2 -> APIC 0x4b -> Node 2
[    0.000000] SRAT: PXM 2 -> APIC 0x4c -> Node 2
[    0.000000] SRAT: PXM 2 -> APIC 0x4d -> Node 2
[    0.000000] SRAT: PXM 2 -> APIC 0x4e -> Node 2
[    0.000000] SRAT: PXM 2 -> APIC 0x4f -> Node 2
[    0.000000] SRAT: PXM 3 -> APIC 0x60 -> Node 3
[    0.000000] SRAT: PXM 3 -> APIC 0x61 -> Node 3
[    0.000000] SRAT: PXM 3 -> APIC 0x62 -> Node 3
[    0.000000] SRAT: PXM 3 -> APIC 0x63 -> Node 3
[    0.000000] SRAT: PXM 3 -> APIC 0x64 -> Node 3
[    0.000000] SRAT: PXM 3 -> APIC 0x65 -> Node 3
[    0.000000] SRAT: PXM 3 -> APIC 0x66 -> Node 3
[    0.000000] SRAT: PXM 3 -> APIC 0x67 -> Node 3
[    0.000000] SRAT: PXM 3 -> APIC 0x68 -> Node 3
[    0.000000] SRAT: PXM 3 -> APIC 0x69 -> Node 3
[    0.000000] SRAT: PXM 3 -> APIC 0x6a -> Node 3
[    0.000000] SRAT: PXM 3 -> APIC 0x6b -> Node 3
[    0.000000] SRAT: PXM 3 -> APIC 0x6c -> Node 3
[    0.000000] SRAT: PXM 3 -> APIC 0x6d -> Node 3
[    0.000000] SRAT: PXM 3 -> APIC 0x6e -> Node 3
[    0.000000] SRAT: PXM 3 -> APIC 0x6f -> Node 3
[    0.000000] SRAT: Node 0 PXM 0 0-80000000
[    0.000000] SRAT: Node 0 PXM 0 100000000-1080000000
[    0.000000] SRAT: Node 1 PXM 1 1080000000-2080000000
[    0.000000] SRAT: Node 2 PXM 2 2080000000-3080000000
[    0.000000] SRAT: Node 3 PXM 3 3080000000-4080000000
[    0.000000] NUMA: Initialized distance table, cnt=4
[    0.000000] NUMA: Node 0 [0,80000000) + [100000000,1080000000) -> [0,1080000000)
[    0.000000] Initmem setup node 0 0000000000000000-0000001080000000
[    0.000000]   NODE_DATA [000000107fffb000 - 000000107fffffff]
[    0.000000] Initmem setup node 1 0000001080000000-0000002080000000
[    0.000000]   NODE_DATA [000000207fffb000 - 000000207fffffff]
[    0.000000] Initmem setup node 2 0000002080000000-0000003080000000
[    0.000000]   NODE_DATA [000000307fffb000 - 000000307fffffff]
[    0.000000] Initmem setup node 3 0000003080000000-0000004080000000
[    0.000000]   NODE_DATA [000000407fffa000 - 000000407fffefff]
[    0.000000]  [ffffea0000000000-ffffea0041ffffff] PMD -> [ffff88103fe00000-ffff88107fdfffff] on node 0
[    0.000000]  [ffffea0042000000-ffffea0081ffffff] PMD -> [ffff88203fe00000-ffff88207fdfffff] on node 1
[    0.000000]  [ffffea0082000000-ffffea00c1ffffff] PMD -> [ffff88303fe00000-ffff88307fdfffff] on node 2
[    0.000000]  [ffffea00c2000000-ffffea0101ffffff] PMD -> [ffff88403f600000-ffff88407f5fffff] on node 3
[    0.000000] Zone PFN ranges:
[    0.000000]   DMA      0x00000010 -> 0x00001000
[    0.000000]   DMA32    0x00001000 -> 0x00100000
[    0.000000]   Normal   0x00100000 -> 0x04080000
[    0.000000] Movable zone start PFN for each node
[    0.000000] early_node_map[6] active PFN ranges
[    0.000000]     0: 0x00000010 -> 0x0000009b
[    0.000000]     0: 0x00000100 -> 0x0007e00c
[    0.000000]     0: 0x00100000 -> 0x01080000
[    0.000000]     1: 0x01080000 -> 0x02080000
[    0.000000]     2: 0x02080000 -> 0x03080000
[    0.000000]     3: 0x03080000 -> 0x04080000
[    0.000000] On node 0 totalpages: 16768919
[    0.000000]   DMA zone: 64 pages used for memmap
[    0.000000]   DMA zone: 5 pages reserved
[    0.000000]   DMA zone: 3910 pages, LIFO batch:0
[    0.000000]   DMA32 zone: 16320 pages used for memmap
[    0.000000]   DMA32 zone: 495692 pages, LIFO batch:31
[    0.000000]   Normal zone: 253952 pages used for memmap
[    0.000000]   Normal zone: 15998976 pages, LIFO batch:31
[    0.000000] On node 1 totalpages: 16777216
[    0.000000]   Normal zone: 262144 pages used for memmap
[    0.000000]   Normal zone: 16515072 pages, LIFO batch:31
[    0.000000] On node 2 totalpages: 16777216
[    0.000000]   Normal zone: 262144 pages used for memmap
[    0.000000]   Normal zone: 16515072 pages, LIFO batch:31
[    0.000000] On node 3 totalpages: 16777216
[    0.000000]   Normal zone: 262144 pages used for memmap
[    0.000000]   Normal zone: 16515072 pages, LIFO batch:31
[    0.000000] ACPI: PM-Timer IO Port: 0x408
[    0.000000] ACPI: Local APIC address 0xfee00000
[    0.000000] ACPI: LAPIC (acpi_id[0x00] lapic_id[0x00] enabled)
[    0.000000] ACPI: LAPIC (acpi_id[0x02] lapic_id[0x02] enabled)
[    0.000000] ACPI: LAPIC (acpi_id[0x04] lapic_id[0x04] enabled)
[    0.000000] ACPI: LAPIC (acpi_id[0x06] lapic_id[0x06] enabled)
[    0.000000] ACPI: LAPIC (acpi_id[0x08] lapic_id[0x08] enabled)
[    0.000000] ACPI: LAPIC (acpi_id[0x0a] lapic_id[0x0a] enabled)
[    0.000000] ACPI: LAPIC (acpi_id[0x0c] lapic_id[0x0c] enabled)
[    0.000000] ACPI: LAPIC (acpi_id[0x0e] lapic_id[0x0e] enabled)
[    0.000000] ACPI: LAPIC (acpi_id[0x10] lapic_id[0x20] enabled)
[    0.000000] ACPI: LAPIC (acpi_id[0x12] lapic_id[0x22] enabled)
[    0.000000] ACPI: LAPIC (acpi_id[0x14] lapic_id[0x24] enabled)
[    0.000000] ACPI: LAPIC (acpi_id[0x16] lapic_id[0x26] enabled)
[    0.000000] ACPI: LAPIC (acpi_id[0x18] lapic_id[0x28] enabled)
[    0.000000] ACPI: LAPIC (acpi_id[0x1a] lapic_id[0x2a] enabled)
[    0.000000] ACPI: LAPIC (acpi_id[0x1c] lapic_id[0x2c] enabled)
[    0.000000] ACPI: LAPIC (acpi_id[0x1e] lapic_id[0x2e] enabled)
[    0.000000] ACPI: LAPIC (acpi_id[0x20] lapic_id[0x40] enabled)
[    0.000000] ACPI: LAPIC (acpi_id[0x22] lapic_id[0x42] enabled)
[    0.000000] ACPI: LAPIC (acpi_id[0x24] lapic_id[0x44] enabled)
[    0.000000] ACPI: LAPIC (acpi_id[0x26] lapic_id[0x46] enabled)
[    0.000000] ACPI: LAPIC (acpi_id[0x28] lapic_id[0x48] enabled)
[    0.000000] ACPI: LAPIC (acpi_id[0x2a] lapic_id[0x4a] enabled)
[    0.000000] ACPI: LAPIC (acpi_id[0x2c] lapic_id[0x4c] enabled)
[    0.000000] ACPI: LAPIC (acpi_id[0x2e] lapic_id[0x4e] enabled)
[    0.000000] ACPI: LAPIC (acpi_id[0x30] lapic_id[0x60] enabled)
[    0.000000] ACPI: LAPIC (acpi_id[0x32] lapic_id[0x62] enabled)
[    0.000000] ACPI: LAPIC (acpi_id[0x34] lapic_id[0x64] enabled)
[    0.000000] ACPI: LAPIC (acpi_id[0x36] lapic_id[0x66] enabled)
[    0.000000] ACPI: LAPIC (acpi_id[0x38] lapic_id[0x68] enabled)
[    0.000000] ACPI: LAPIC (acpi_id[0x3a] lapic_id[0x6a] enabled)
[    0.000000] ACPI: LAPIC (acpi_id[0x3c] lapic_id[0x6c] enabled)
[    0.000000] ACPI: LAPIC (acpi_id[0x3e] lapic_id[0x6e] enabled)
[    0.000000] ACPI: LAPIC (acpi_id[0x01] lapic_id[0x01] enabled)
[    0.000000] ACPI: LAPIC (acpi_id[0x03] lapic_id[0x03] enabled)
[    0.000000] ACPI: LAPIC (acpi_id[0x05] lapic_id[0x05] enabled)
[    0.000000] ACPI: LAPIC (acpi_id[0x07] lapic_id[0x07] enabled)
[    0.000000] ACPI: LAPIC (acpi_id[0x09] lapic_id[0x09] enabled)
[    0.000000] ACPI: LAPIC (acpi_id[0x0b] lapic_id[0x0b] enabled)
[    0.000000] ACPI: LAPIC (acpi_id[0x0d] lapic_id[0x0d] enabled)
[    0.000000] ACPI: LAPIC (acpi_id[0x0f] lapic_id[0x0f] enabled)
[    0.000000] ACPI: LAPIC (acpi_id[0x11] lapic_id[0x21] enabled)
[    0.000000] ACPI: LAPIC (acpi_id[0x13] lapic_id[0x23] enabled)
[    0.000000] ACPI: LAPIC (acpi_id[0x15] lapic_id[0x25] enabled)
[    0.000000] ACPI: LAPIC (acpi_id[0x17] lapic_id[0x27] enabled)
[    0.000000] ACPI: LAPIC (acpi_id[0x19] lapic_id[0x29] enabled)
[    0.000000] ACPI: LAPIC (acpi_id[0x1b] lapic_id[0x2b] enabled)
[    0.000000] ACPI: LAPIC (acpi_id[0x1d] lapic_id[0x2d] enabled)
[    0.000000] ACPI: LAPIC (acpi_id[0x1f] lapic_id[0x2f] enabled)
[    0.000000] ACPI: LAPIC (acpi_id[0x21] lapic_id[0x41] enabled)
[    0.000000] ACPI: LAPIC (acpi_id[0x23] lapic_id[0x43] enabled)
[    0.000000] ACPI: LAPIC (acpi_id[0x25] lapic_id[0x45] enabled)
[    0.000000] ACPI: LAPIC (acpi_id[0x27] lapic_id[0x47] enabled)
[    0.000000] ACPI: LAPIC (acpi_id[0x29] lapic_id[0x49] enabled)
[    0.000000] ACPI: LAPIC (acpi_id[0x2b] lapic_id[0x4b] enabled)
[    0.000000] ACPI: LAPIC (acpi_id[0x2d] lapic_id[0x4d] enabled)
[    0.000000] ACPI: LAPIC (acpi_id[0x2f] lapic_id[0x4f] enabled)
[    0.000000] ACPI: LAPIC (acpi_id[0x31] lapic_id[0x61] enabled)
[    0.000000] ACPI: LAPIC (acpi_id[0x33] lapic_id[0x63] enabled)
[    0.000000] ACPI: LAPIC (acpi_id[0x35] lapic_id[0x65] enabled)
[    0.000000] ACPI: LAPIC (acpi_id[0x37] lapic_id[0x67] enabled)
[    0.000000] ACPI: LAPIC (acpi_id[0x39] lapic_id[0x69] enabled)
[    0.000000] ACPI: LAPIC (acpi_id[0x3b] lapic_id[0x6b] enabled)
[    0.000000] ACPI: LAPIC (acpi_id[0x3d] lapic_id[0x6d] enabled)
[    0.000000] ACPI: LAPIC (acpi_id[0x3f] lapic_id[0x6f] enabled)
[    0.000000] ACPI: LAPIC_NMI (acpi_id[0x00] high edge lint[0x1])
[    0.000000] ACPI: LAPIC_NMI (acpi_id[0x02] high edge lint[0x1])
[    0.000000] ACPI: LAPIC_NMI (acpi_id[0x04] high edge lint[0x1])
[    0.000000] ACPI: LAPIC_NMI (acpi_id[0x06] high edge lint[0x1])
[    0.000000] ACPI: LAPIC_NMI (acpi_id[0x08] high edge lint[0x1])
[    0.000000] ACPI: LAPIC_NMI (acpi_id[0x0a] high edge lint[0x1])
[    0.000000] ACPI: LAPIC_NMI (acpi_id[0x0c] high edge lint[0x1])
[    0.000000] ACPI: LAPIC_NMI (acpi_id[0x0e] high edge lint[0x1])
[    0.000000] ACPI: LAPIC_NMI (acpi_id[0x10] high edge lint[0x1])
[    0.000000] ACPI: LAPIC_NMI (acpi_id[0x12] high edge lint[0x1])
[    0.000000] ACPI: LAPIC_NMI (acpi_id[0x14] high edge lint[0x1])
[    0.000000] ACPI: LAPIC_NMI (acpi_id[0x16] high edge lint[0x1])
[    0.000000] ACPI: LAPIC_NMI (acpi_id[0x18] high edge lint[0x1])
[    0.000000] ACPI: LAPIC_NMI (acpi_id[0x1a] high edge lint[0x1])
[    0.000000] ACPI: LAPIC_NMI (acpi_id[0x1c] high edge lint[0x1])
[    0.000000] ACPI: LAPIC_NMI (acpi_id[0x1e] high edge lint[0x1])
[    0.000000] ACPI: LAPIC_NMI (acpi_id[0x20] high edge lint[0x1])
[    0.000000] ACPI: LAPIC_NMI (acpi_id[0x22] high edge lint[0x1])
[    0.000000] ACPI: LAPIC_NMI (acpi_id[0x24] high edge lint[0x1])
[    0.000000] ACPI: LAPIC_NMI (acpi_id[0x26] high edge lint[0x1])
[    0.000000] ACPI: LAPIC_NMI (acpi_id[0x28] high edge lint[0x1])
[    0.000000] ACPI: LAPIC_NMI (acpi_id[0x2a] high edge lint[0x1])
[    0.000000] ACPI: LAPIC_NMI (acpi_id[0x2c] high edge lint[0x1])
[    0.000000] ACPI: LAPIC_NMI (acpi_id[0x2e] high edge lint[0x1])
[    0.000000] ACPI: LAPIC_NMI (acpi_id[0x30] high edge lint[0x1])
[    0.000000] ACPI: LAPIC_NMI (acpi_id[0x32] high edge lint[0x1])
[    0.000000] ACPI: LAPIC_NMI (acpi_id[0x34] high edge lint[0x1])
[    0.000000] ACPI: LAPIC_NMI (acpi_id[0x36] high edge lint[0x1])
[    0.000000] ACPI: LAPIC_NMI (acpi_id[0x38] high edge lint[0x1])
[    0.000000] ACPI: LAPIC_NMI (acpi_id[0x3a] high edge lint[0x1])
[    0.000000] ACPI: LAPIC_NMI (acpi_id[0x3c] high edge lint[0x1])
[    0.000000] ACPI: LAPIC_NMI (acpi_id[0x3e] high edge lint[0x1])
[    0.000000] ACPI: LAPIC_NMI (acpi_id[0x01] high edge lint[0x1])
[    0.000000] ACPI: LAPIC_NMI (acpi_id[0x03] high edge lint[0x1])
[    0.000000] ACPI: LAPIC_NMI (acpi_id[0x05] high edge lint[0x1])
[    0.000000] ACPI: LAPIC_NMI (acpi_id[0x07] high edge lint[0x1])
[    0.000000] ACPI: LAPIC_NMI (acpi_id[0x09] high edge lint[0x1])
[    0.000000] ACPI: LAPIC_NMI (acpi_id[0x0b] high edge lint[0x1])
[    0.000000] ACPI: LAPIC_NMI (acpi_id[0x0d] high edge lint[0x1])
[    0.000000] ACPI: LAPIC_NMI (acpi_id[0x0f] high edge lint[0x1])
[    0.000000] ACPI: LAPIC_NMI (acpi_id[0x11] high edge lint[0x1])
[    0.000000] ACPI: LAPIC_NMI (acpi_id[0x13] high edge lint[0x1])
[    0.000000] ACPI: LAPIC_NMI (acpi_id[0x15] high edge lint[0x1])
[    0.000000] ACPI: LAPIC_NMI (acpi_id[0x17] high edge lint[0x1])
[    0.000000] ACPI: LAPIC_NMI (acpi_id[0x19] high edge lint[0x1])
[    0.000000] ACPI: LAPIC_NMI (acpi_id[0x1b] high edge lint[0x1])
[    0.000000] ACPI: LAPIC_NMI (acpi_id[0x1d] high edge lint[0x1])
[    0.000000] ACPI: LAPIC_NMI (acpi_id[0x1f] high edge lint[0x1])
[    0.000000] ACPI: LAPIC_NMI (acpi_id[0x21] high edge lint[0x1])
[    0.000000] ACPI: LAPIC_NMI (acpi_id[0x23] high edge lint[0x1])
[    0.000000] ACPI: LAPIC_NMI (acpi_id[0x25] high edge lint[0x1])
[    0.000000] ACPI: LAPIC_NMI (acpi_id[0x27] high edge lint[0x1])
[    0.000000] ACPI: LAPIC_NMI (acpi_id[0x29] high edge lint[0x1])
[    0.000000] ACPI: LAPIC_NMI (acpi_id[0x2b] high edge lint[0x1])
[    0.000000] ACPI: LAPIC_NMI (acpi_id[0x2d] high edge lint[0x1])
[    0.000000] ACPI: LAPIC_NMI (acpi_id[0x2f] high edge lint[0x1])
[    0.000000] ACPI: LAPIC_NMI (acpi_id[0x31] high edge lint[0x1])
[    0.000000] ACPI: LAPIC_NMI (acpi_id[0x33] high edge lint[0x1])
[    0.000000] ACPI: LAPIC_NMI (acpi_id[0x35] high edge lint[0x1])
[    0.000000] ACPI: LAPIC_NMI (acpi_id[0x37] high edge lint[0x1])
[    0.000000] ACPI: LAPIC_NMI (acpi_id[0x39] high edge lint[0x1])
[    0.000000] ACPI: LAPIC_NMI (acpi_id[0x3b] high edge lint[0x1])
[    0.000000] ACPI: LAPIC_NMI (acpi_id[0x3d] high edge lint[0x1])
[    0.000000] ACPI: LAPIC_NMI (acpi_id[0x3f] high edge lint[0x1])
[    0.000000] ACPI: IOAPIC (id[0x00] address[0xfec00000] gsi_base[0])
[    0.000000] IOAPIC[0]: apic_id 0, version 32, address 0xfec00000, GSI 0-23
[    0.000000] ACPI: IOAPIC (id[0x02] address[0xfec01000] gsi_base[24])
[    0.000000] IOAPIC[1]: apic_id 2, version 32, address 0xfec01000, GSI 24-47
[    0.000000] ACPI: IOAPIC (id[0x03] address[0xfec40000] gsi_base[48])
[    0.000000] IOAPIC[2]: apic_id 3, version 32, address 0xfec40000, GSI 48-71
[    0.000000] ACPI: IOAPIC (id[0x04] address[0xfec80000] gsi_base[72])
[    0.000000] IOAPIC[3]: apic_id 4, version 32, address 0xfec80000, GSI 72-95
[    0.000000] ACPI: IOAPIC (id[0x05] address[0xfecc0000] gsi_base[96])
[    0.000000] IOAPIC[4]: apic_id 5, version 32, address 0xfecc0000, GSI 96-119
[    0.000000] ACPI: INT_SRC_OVR (bus 0 bus_irq 0 global_irq 2 dfl dfl)
[    0.000000] ACPI: INT_SRC_OVR (bus 0 bus_irq 9 global_irq 9 high level)
[    0.000000] ACPI: IRQ0 used by override.
[    0.000000] ACPI: IRQ2 used by override.
[    0.000000] ACPI: IRQ9 used by override.
[    0.000000] Using ACPI (MADT) for SMP configuration information
[    0.000000] ACPI: HPET id: 0x8086a701 base: 0xfed00000
[    0.000000] SMP: Allowing 64 CPUs, 0 hotplug CPUs
[    0.000000] nr_irqs_gsi: 136
[    0.000000] PM: Registered nosave memory: 000000000009b000 - 00000000000a0000
[    0.000000] PM: Registered nosave memory: 00000000000a0000 - 00000000000e0000
[    0.000000] PM: Registered nosave memory: 00000000000e0000 - 0000000000100000
[    0.000000] PM: Registered nosave memory: 000000007e00c000 - 000000007e049000
[    0.000000] PM: Registered nosave memory: 000000007e049000 - 000000007e349000
[    0.000000] PM: Registered nosave memory: 000000007e349000 - 000000007f335000
[    0.000000] PM: Registered nosave memory: 000000007f335000 - 000000007f800000
[    0.000000] PM: Registered nosave memory: 000000007f800000 - 0000000080000000
[    0.000000] PM: Registered nosave memory: 0000000080000000 - 0000000090000000
[    0.000000] PM: Registered nosave memory: 0000000090000000 - 00000000fed1c000
[    0.000000] PM: Registered nosave memory: 00000000fed1c000 - 00000000fed40000
[    0.000000] PM: Registered nosave memory: 00000000fed40000 - 00000000ff000000
[    0.000000] PM: Registered nosave memory: 00000000ff000000 - 0000000100000000
[    0.000000] Allocating PCI resources starting at 90000000 (gap: 90000000:6ed1c000)
[    0.000000] setup_percpu: NR_CPUS:256 nr_cpumask_bits:256 nr_cpu_ids:64 nr_node_ids:4
[    0.000000] PERCPU: Embedded 25 pages/cpu @ffff88103fc00000 s73024 r8192 d21184 u131072
[    0.000000] pcpu-alloc: s73024 r8192 d21184 u131072 alloc=1*2097152
[    0.000000] pcpu-alloc: [0] 00 01 02 03 04 05 06 07 32 33 34 35 36 37 38 39 
[    0.000000] pcpu-alloc: [1] 08 09 10 11 12 13 14 15 40 41 42 43 44 45 46 47 
[    0.000000] pcpu-alloc: [2] 16 17 18 19 20 21 22 23 48 49 50 51 52 53 54 55 
[    0.000000] pcpu-alloc: [3] 24 25 26 27 28 29 30 31 56 57 58 59 60 61 62 63 
[    0.000000] Built 4 zonelists in Zone order, mobility grouping on.  Total pages: 66043794
[    0.000000] Policy zone: Normal
[    0.000000] Kernel command line: BOOT_IMAGE=/boot/vmlinuz-3.2.80 root=UUID=7c9bb05c-372c-44bd-9ac8-6e53160d10e4 ro
[    0.000000] PID hash table entries: 4096 (order: 3, 32768 bytes)
[    0.000000] xsave/xrstor: enabled xstate_bv 0x7, cntxt size 0x340
[    0.000000] Checking aperture...
[    0.000000] No AGP bridge found
[    0.000000] Memory: 264119048k/270532608k available (5817k kernel code, 2130340k absent, 4283220k reserved, 5276k data, 760k init)
[    0.000000] SLUB: Genslabs=15, HWalign=64, Order=0-3, MinObjects=0, CPUs=64, Nodes=4
[    0.000000] Hierarchical RCU implementation.
[    0.000000] NR_IRQS:16640 nr_irqs:2824 16
[    0.000000] Extended CMOS year: 2000
[    0.000000] Console: colour VGA+ 80x25
[    0.000000] console [tty0] enabled
[    0.000000] hpet clockevent registered
[    0.000000] Fast TSC calibration using PIT
[    0.004000] Detected 2200.100 MHz processor.
[    0.000035] Calibrating delay loop (skipped), value calculated using timer frequency.. 4400.20 BogoMIPS (lpj=8800400)
[    0.000155] pid_max: default: 65536 minimum: 512
[    0.000410] Security Framework initialized
[    0.000488] AppArmor: AppArmor initialized
[    0.018468] Dentry cache hash table entries: 33554432 (order: 16, 268435456 bytes)
[    0.107717] Inode-cache hash table entries: 16777216 (order: 15, 134217728 bytes)
[    0.145930] Mount-cache hash table entries: 256
[    0.146436] Initializing cgroup subsys cpuacct
[    0.146525] Initializing cgroup subsys devices
[    0.146585] Initializing cgroup subsys freezer
[    0.146643] Initializing cgroup subsys blkio
[    0.146705] Initializing cgroup subsys perf_event
[    0.146873] CPU: Physical Processor ID: 0
[    0.146930] CPU: Processor Core ID: 0
[    0.146991] mce: CPU supports 20 MCE banks
[    0.147079] CPU0: Thermal monitoring enabled (TM1)
[    0.147155] using mwait in idle threads.
[    0.147266] ACPI: Core revision 20110623
[    0.165795] ftrace: allocating 21684 entries in 86 pages
[    0.175051] DMAR: Host address width 46
[    0.175108] DMAR: DRHD base: 0x000000fbffe000 flags: 0x0
[    0.175181] IOMMU 0: reg_base_addr fbffe000 ver 1:0 cap d2078c106f0462 ecap f020ff
[    0.175258] DMAR: DRHD base: 0x000000e7ffe000 flags: 0x0
[    0.175323] IOMMU 1: reg_base_addr e7ffe000 ver 1:0 cap d2078c106f0462 ecap f020ff
[    0.175401] DMAR: DRHD base: 0x000000d3ffe000 flags: 0x0
[    0.175466] IOMMU 2: reg_base_addr d3ffe000 ver 1:0 cap d2078c106f0462 ecap f020ff
[    0.175543] DMAR: DRHD base: 0x000000bbffc000 flags: 0x1
[    0.176853] IOMMU 3: reg_base_addr bbffc000 ver 1:0 cap d2078c106f0462 ecap f020ff
[    0.176930] DMAR: RMRR base: 0x0000007e01f000 end: 0x0000007e02bfff
[    0.176991] DMAR: ATSR flags: 0x0
[    0.177046] DMAR: RHSA base: 0x000000fbffe000 proximity domain: 0x3
[    0.177107] DMAR: RHSA base: 0x000000e7ffe000 proximity domain: 0x2
[    0.177167] DMAR: RHSA base: 0x000000d3ffe000 proximity domain: 0x1
[    0.177227] DMAR: RHSA base: 0x000000bbffc000 proximity domain: 0x0
[    0.177646] Switched APIC routing to physical flat.
[    0.178580] ..TIMER: vector=0x30 apic1=0 pin1=2 apic2=-1 pin2=-1
[    0.218286] CPU0: Intel(R) Xeon(R) CPU E5-4620 0 @ 2.20GHz stepping 07
[    0.323522] Performance Events: PEBS fmt1+, SandyBridge events, Intel PMU driver.
[    0.323710] ... version:                3
[    0.323767] ... bit width:              48
[    0.323823] ... generic registers:      4
[    0.323879] ... value mask:             0000ffffffffffff
[    0.323938] ... max period:             000000007fffffff
[    0.323997] ... fixed-purpose events:   3
[    0.324053] ... event mask:             000000070000000f
[    0.326180] NMI watchdog enabled, takes one hw-pmu counter.
[    0.326330] Booting Node   0, Processors  #1
[    0.326410] smpboot cpu 1: start_ip = 96000
[    0.435562] NMI watchdog enabled, takes one hw-pmu counter.
[    0.435754]  #2
[    0.435794] smpboot cpu 2: start_ip = 96000
[    0.543459] NMI watchdog enabled, takes one hw-pmu counter.
[    0.543657]  #3
[    0.543696] smpboot cpu 3: start_ip = 96000
[    0.651359] NMI watchdog enabled, takes one hw-pmu counter.
[    0.651533]  #4
[    0.651572] smpboot cpu 4: start_ip = 96000
[    0.759239] NMI watchdog enabled, takes one hw-pmu counter.
[    0.759438]  #5
[    0.759478] smpboot cpu 5: start_ip = 96000
[    0.867146] NMI watchdog enabled, takes one hw-pmu counter.
[    0.867337]  #6
[    0.867376] smpboot cpu 6: start_ip = 96000
[    0.975026] NMI watchdog enabled, takes one hw-pmu counter.
[    0.975229]  #7
[    0.975268] smpboot cpu 7: start_ip = 96000
[    1.082920] NMI watchdog enabled, takes one hw-pmu counter.
[    1.083170]  Ok.
[    1.083222] Booting Node   1, Processors  #8
[    1.083301] smpboot cpu 8: start_ip = 96000
[    1.190858] NMI watchdog enabled, takes one hw-pmu counter.
[    1.191036]  #9
[    1.191074] smpboot cpu 9: start_ip = 96000
[    1.298738] NMI watchdog enabled, takes one hw-pmu counter.
[    1.298921]  #10
[    1.298959] smpboot cpu 10: start_ip = 96000
[    1.406622] NMI watchdog enabled, takes one hw-pmu counter.
[    1.406816]  #11
[    1.406855] smpboot cpu 11: start_ip = 96000
[    1.514517] NMI watchdog enabled, takes one hw-pmu counter.
[    1.514689]  #12
[    1.514728] smpboot cpu 12: start_ip = 96000
[    1.622397] NMI watchdog enabled, takes one hw-pmu counter.
[    1.622583]  #13
[    1.622622] smpboot cpu 13: start_ip = 96000
[    1.730282] NMI watchdog enabled, takes one hw-pmu counter.
[    1.730481]  #14
[    1.730520] smpboot cpu 14: start_ip = 96000
[    1.838182] NMI watchdog enabled, takes one hw-pmu counter.
[    1.838361]  #15
[    1.838400] smpboot cpu 15: start_ip = 96000
[    1.946058] NMI watchdog enabled, takes one hw-pmu counter.
[    1.946309]  Ok.
[    1.946361] Booting Node   2, Processors  #16
[    1.946439] smpboot cpu 16: start_ip = 96000
[    2.054008] NMI watchdog enabled, takes one hw-pmu counter.
[    2.054185]  #17
[    2.054224] smpboot cpu 17: start_ip = 96000
[    2.161892] NMI watchdog enabled, takes one hw-pmu counter.
[    2.162057]  #18
[    2.162096] smpboot cpu 18: start_ip = 96000
[    2.269762] NMI watchdog enabled, takes one hw-pmu counter.
[    2.269937]  #19
[    2.269975] smpboot cpu 19: start_ip = 96000
[    2.377639] NMI watchdog enabled, takes one hw-pmu counter.
[    2.377838]  #20
[    2.377877] smpboot cpu 20: start_ip = 96000
[    2.485541] NMI watchdog enabled, takes one hw-pmu counter.
[    2.485718]  #21
[    2.485756] smpboot cpu 21: start_ip = 96000
[    2.593423] NMI watchdog enabled, takes one hw-pmu counter.
[    2.593598]  #22
[    2.593637] smpboot cpu 22: start_ip = 96000
[    2.701403] NMI watchdog enabled, takes one hw-pmu counter.
[    2.701603]  #23
[    2.701642] smpboot cpu 23: start_ip = 96000
[    2.809216] NMI watchdog enabled, takes one hw-pmu counter.
[    2.809404]  Ok.
[    2.809456] Booting Node   3, Processors  #24
[    2.809535] smpboot cpu 24: start_ip = 96000
[    2.917106] NMI watchdog enabled, takes one hw-pmu counter.
[    2.917294]  #25
[    2.917333] smpboot cpu 25: start_ip = 96000
[    3.024997] NMI watchdog enabled, takes one hw-pmu counter.
[    3.025171]  #26
[    3.025210] smpboot cpu 26: start_ip = 96000
[    3.132871] NMI watchdog enabled, takes one hw-pmu counter.
[    3.133027]  #27
[    3.133066] smpboot cpu 27: start_ip = 96000
[    3.240835] NMI watchdog enabled, takes one hw-pmu counter.
[    3.241013]  #28
[    3.241051] smpboot cpu 28: start_ip = 96000
[    3.348714] NMI watchdog enabled, takes one hw-pmu counter.
[    3.348892]  #29
[    3.348931] smpboot cpu 29: start_ip = 96000
[    3.456592] NMI watchdog enabled, takes one hw-pmu counter.
[    3.456799]  #30
[    3.456837] smpboot cpu 30: start_ip = 96000
[    3.564511] NMI watchdog enabled, takes one hw-pmu counter.
[    3.564677]  #31
[    3.564717] smpboot cpu 31: start_ip = 96000
[    3.672388] NMI watchdog enabled, takes one hw-pmu counter.
[    3.672546]  Ok.
[    3.672599] Booting Node   0, Processors  #32
[    3.672677] smpboot cpu 32: start_ip = 96000
[    3.780243] NMI watchdog enabled, takes one hw-pmu counter.
[    3.780433]  #33
[    3.780472] smpboot cpu 33: start_ip = 96000
[    3.888167] NMI watchdog enabled, takes one hw-pmu counter.
[    3.888351]  #34
[    3.888389] smpboot cpu 34: start_ip = 96000
[    3.996090] NMI watchdog enabled, takes one hw-pmu counter.
[    3.996277]  #35
[    3.996316] smpboot cpu 35: start_ip = 96000
[    4.103920] NMI watchdog enabled, takes one hw-pmu counter.
[    4.104111]  #36
[    4.104151] smpboot cpu 36: start_ip = 96000
[    4.211841] NMI watchdog enabled, takes one hw-pmu counter.
[    4.212027]  #37
[    4.212066] smpboot cpu 37: start_ip = 96000
[    4.319755] NMI watchdog enabled, takes one hw-pmu counter.
[    4.319940]  #38
[    4.319980] smpboot cpu 38: start_ip = 96000
[    4.427587] NMI watchdog enabled, takes one hw-pmu counter.
[    4.427771]  #39
[    4.427810] smpboot cpu 39: start_ip = 96000
[    4.535500] NMI watchdog enabled, takes one hw-pmu counter.
[    4.535717]  Ok.
[    4.535769] Booting Node   1, Processors  #40
[    4.535848] smpboot cpu 40: start_ip = 96000
[    4.643419] NMI watchdog enabled, takes one hw-pmu counter.
[    4.643612]  #41
[    4.643651] smpboot cpu 41: start_ip = 96000
[    4.751313] NMI watchdog enabled, takes one hw-pmu counter.
[    4.751489]  #42
[    4.751527] smpboot cpu 42: start_ip = 96000
[    4.859197] NMI watchdog enabled, takes one hw-pmu counter.
[    4.859374]  #43
[    4.859413] smpboot cpu 43: start_ip = 96000
[    4.967091] NMI watchdog enabled, takes one hw-pmu counter.
[    4.967275]  #44
[    4.967314] smpboot cpu 44: start_ip = 96000
[    5.074998] NMI watchdog enabled, takes one hw-pmu counter.
[    5.075174]  #45
[    5.075213] smpboot cpu 45: start_ip = 96000
[    5.182893] NMI watchdog enabled, takes one hw-pmu counter.
[    5.183070]  #46
[    5.183108] smpboot cpu 46: start_ip = 96000
[    5.290778] NMI watchdog enabled, takes one hw-pmu counter.
[    5.290974]  #47
[    5.291013] smpboot cpu 47: start_ip = 96000
[    5.398581] NMI watchdog enabled, takes one hw-pmu counter.
[    5.398787]  Ok.
[    5.398839] Booting Node   2, Processors  #48
[    5.398918] smpboot cpu 48: start_ip = 96000
[    5.506492] NMI watchdog enabled, takes one hw-pmu counter.
[    5.506667]  #49
[    5.506706] smpboot cpu 49: start_ip = 96000
[    5.614395] NMI watchdog enabled, takes one hw-pmu counter.
[    5.614579]  #50
[    5.614618] smpboot cpu 50: start_ip = 96000
[    5.722294] NMI watchdog enabled, takes one hw-pmu counter.
[    5.722479]  #51
[    5.722518] smpboot cpu 51: start_ip = 96000
[    5.830205] NMI watchdog enabled, takes one hw-pmu counter.
[    5.830427]  #52
[    5.830466] smpboot cpu 52: start_ip = 96000
[    5.938037] NMI watchdog enabled, takes one hw-pmu counter.
[    5.938232]  #53
[    5.938270] smpboot cpu 53: start_ip = 96000
[    6.045939] NMI watchdog enabled, takes one hw-pmu counter.
[    6.046117]  #54
[    6.046156] smpboot cpu 54: start_ip = 96000
[    6.153838] NMI watchdog enabled, takes one hw-pmu counter.
[    6.154000]  #55
[    6.154039] smpboot cpu 55: start_ip = 96000
[    6.261703] NMI watchdog enabled, takes one hw-pmu counter.
[    6.261890]  Ok.
[    6.261943] Booting Node   3, Processors  #56
[    6.262021] smpboot cpu 56: start_ip = 96000
[    6.369579] NMI watchdog enabled, takes one hw-pmu counter.
[    6.369762]  #57
[    6.369801] smpboot cpu 57: start_ip = 96000
[    6.477569] NMI watchdog enabled, takes one hw-pmu counter.
[    6.477758]  #58
[    6.477797] smpboot cpu 58: start_ip = 96000
[    6.585462] NMI watchdog enabled, takes one hw-pmu counter.
[    6.585639]  #59
[    6.585678] smpboot cpu 59: start_ip = 96000
[    6.693342] NMI watchdog enabled, takes one hw-pmu counter.
[    6.693518]  #60
[    6.693557] smpboot cpu 60: start_ip = 96000
[    6.801226] NMI watchdog enabled, takes one hw-pmu counter.
[    6.801402]  #61
[    6.801441] smpboot cpu 61: start_ip = 96000
[    6.909104] NMI watchdog enabled, takes one hw-pmu counter.
[    6.909275]  #62
[    6.909314] smpboot cpu 62: start_ip = 96000
[    7.016986] NMI watchdog enabled, takes one hw-pmu counter.
[    7.017167]  #63 Ok.
[    7.017221] smpboot cpu 63: start_ip = 96000
[    7.124831] NMI watchdog enabled, takes one hw-pmu counter.
[    7.124923] Brought up 64 CPUs
[    7.124990] Total of 64 processors activated (281598.76 BogoMIPS).
[    7.266909] devtmpfs: initialized
[    7.307711] EVM: security.selinux
[    7.307766] EVM: security.SMACK64
[    7.307822] EVM: security.capability
[    7.307969] PM: Registering ACPI NVS region at 7e049000 (3145728 bytes)
[    7.308103] PM: Registering ACPI NVS region at 7f335000 (5025792 bytes)
[    7.309088] print_constraints: dummy: 
[    7.309183] RTC time: 11:57:57, date: 05/29/16
[    7.309338] NET: Registered protocol family 16
[    7.309582] ACPI FADT declares the system doesn't support PCIe ASPM, so disable it
[    7.309660] ACPI: bus type pci registered
[    7.309802] PCI: MMCONFIG for domain 0000 [bus 00-ff] at [mem 0x80000000-0x8fffffff] (base 0x80000000)
[    7.309883] PCI: MMCONFIG at [mem 0x80000000-0x8fffffff] reserved in E820
[    7.329850] PCI: Using configuration type 1 for base access
[    7.335371] bio: create slab <bio-0> at 0
[    7.335657] ACPI: Added _OSI(Module Device)
[    7.335715] ACPI: Added _OSI(Processor Device)
[    7.335772] ACPI: Added _OSI(3.0 _SCP Extensions)
[    7.335830] ACPI: Added _OSI(Processor Aggregator Device)
[    7.340682] ACPI: EC: Look up EC in DSDT
[    7.345586] ACPI: Executed 1 blocks of module-level executable AML code
[    7.475376] ACPI: Interpreter enabled
[    7.475437] ACPI: (supports S0 S1 S4 S5)
[    7.476874] ACPI: Using IOAPIC for interrupt routing
[    7.477957] [Firmware Bug]: ACPI: BIOS _OSI(Linux) query ignored
[    7.487318] HEST: Table parsing has been initialized.
[    7.487380] PCI: Using host bridge windows from ACPI; if necessary, use "pci=nocrs" and report a bug
[    7.500630] ACPI: PCI Root Bridge [PCI0] (domain 0000 [bus 00-3e])
[    7.500924] pci_root PNP0A08:00: host bridge window [io  0x0000-0x03af]
[    7.500986] pci_root PNP0A08:00: host bridge window [io  0x03e0-0x0cf7]
[    7.501049] pci_root PNP0A08:00: host bridge window [io  0x03b0-0x03df]
[    7.501110] pci_root PNP0A08:00: host bridge window [io  0x0d00-0x7fff]
[    7.501172] pci_root PNP0A08:00: host bridge window [mem 0x000a0000-0x000bffff]
[    7.501249] pci_root PNP0A08:00: host bridge window [mem 0x000c0000-0x000dffff]
[    7.501326] pci_root PNP0A08:00: host bridge window [mem 0xfed0e000-0xfed0ffff]
[    7.501402] pci_root PNP0A08:00: host bridge window [mem 0x80000000-0xbbffffff]
[    7.501495] pci 0000:00:00.0: [8086:3c00] type 0 class 0x000600
[    7.501555] pci 0000:00:00.0: PME# supported from D0 D3hot D3cold
[    7.501559] pci 0000:00:00.0: PME# disabled
[    7.501582] pci 0000:00:01.0: [8086:3c02] type 1 class 0x000604
[    7.501646] pci 0000:00:01.0: PME# supported from D0 D3hot D3cold
[    7.501650] pci 0000:00:01.0: PME# disabled
[    7.501681] pci 0000:00:02.0: [8086:3c04] type 1 class 0x000604
[    7.501746] pci 0000:00:02.0: PME# supported from D0 D3hot D3cold
[    7.501749] pci 0000:00:02.0: PME# disabled
[    7.501775] pci 0000:00:02.2: [8086:3c06] type 1 class 0x000604
[    7.501838] pci 0000:00:02.2: PME# supported from D0 D3hot D3cold
[    7.501842] pci 0000:00:02.2: PME# disabled
[    7.501871] pci 0000:00:03.0: [8086:3c08] type 1 class 0x000604
[    7.501936] pci 0000:00:03.0: PME# supported from D0 D3hot D3cold
[    7.501939] pci 0000:00:03.0: PME# disabled
[    7.501967] pci 0000:00:04.0: [8086:3c20] type 0 class 0x000880
[    7.501982] pci 0000:00:04.0: reg 10: [mem 0xba11c000-0xba11ffff 64bit]
[    7.502061] pci 0000:00:04.1: [8086:3c21] type 0 class 0x000880
[    7.502074] pci 0000:00:04.1: reg 10: [mem 0xba118000-0xba11bfff 64bit]
[    7.502153] pci 0000:00:04.2: [8086:3c22] type 0 class 0x000880
[    7.502167] pci 0000:00:04.2: reg 10: [mem 0xba114000-0xba117fff 64bit]
[    7.502248] pci 0000:00:04.3: [8086:3c23] type 0 class 0x000880
[    7.502262] pci 0000:00:04.3: reg 10: [mem 0xba110000-0xba113fff 64bit]
[    7.502341] pci 0000:00:04.4: [8086:3c24] type 0 class 0x000880
[    7.502355] pci 0000:00:04.4: reg 10: [mem 0xba10c000-0xba10ffff 64bit]
[    7.502434] pci 0000:00:04.5: [8086:3c25] type 0 class 0x000880
[    7.502447] pci 0000:00:04.5: reg 10: [mem 0xba108000-0xba10bfff 64bit]
[    7.502528] pci 0000:00:04.6: [8086:3c26] type 0 class 0x000880
[    7.502542] pci 0000:00:04.6: reg 10: [mem 0xba104000-0xba107fff 64bit]
[    7.502621] pci 0000:00:04.7: [8086:3c27] type 0 class 0x000880
[    7.502634] pci 0000:00:04.7: reg 10: [mem 0xba100000-0xba103fff 64bit]
[    7.502712] pci 0000:00:05.0: [8086:3c28] type 0 class 0x000880
[    7.502789] pci 0000:00:05.2: [8086:3c2a] type 0 class 0x000880
[    7.502864] pci 0000:00:05.4: [8086:3c2c] type 0 class 0x000800
[    7.502877] pci 0000:00:05.4: reg 10: [mem 0xba126000-0xba126fff]
[    7.502969] pci 0000:00:11.0: [8086:1d3e] type 1 class 0x000604
[    7.503064] pci 0000:00:11.0: PME# supported from D0 D3hot D3cold
[    7.503068] pci 0000:00:11.0: PME# disabled
[    7.503101] pci 0000:00:16.0: [8086:1d3a] type 0 class 0x000780
[    7.503121] pci 0000:00:16.0: reg 10: [mem 0xfed0e000-0xfed0e00f 64bit]
[    7.503186] pci 0000:00:16.0: PME# supported from D0 D3hot D3cold
[    7.503189] pci 0000:00:16.0: PME# disabled
[    7.503209] pci 0000:00:16.1: [8086:1d3b] type 0 class 0x000780
[    7.503229] pci 0000:00:16.1: reg 10: [mem 0xfed0f000-0xfed0f00f 64bit]
[    7.503294] pci 0000:00:16.1: PME# supported from D0 D3hot D3cold
[    7.503297] pci 0000:00:16.1: PME# disabled
[    7.503331] pci 0000:00:1a.0: [8086:1d2d] type 0 class 0x000c03
[    7.503352] pci 0000:00:1a.0: reg 10: [mem 0xba124000-0xba1243ff]
[    7.503442] pci 0000:00:1a.0: PME# supported from D0 D3hot D3cold
[    7.503446] pci 0000:00:1a.0: PME# disabled
[    7.503475] pci 0000:00:1d.0: [8086:1d26] type 0 class 0x000c03
[    7.503496] pci 0000:00:1d.0: reg 10: [mem 0xba123000-0xba1233ff]
[    7.503587] pci 0000:00:1d.0: PME# supported from D0 D3hot D3cold
[    7.503591] pci 0000:00:1d.0: PME# disabled
[    7.503611] pci 0000:00:1e.0: [8086:244e] type 1 class 0x000604
[    7.503676] pci 0000:00:1f.0: [8086:1d41] type 0 class 0x000601
[    7.503803] pci 0000:00:1f.2: [8086:1d02] type 0 class 0x000106
[    7.503822] pci 0000:00:1f.2: reg 10: [io  0x7070-0x7077]
[    7.503830] pci 0000:00:1f.2: reg 14: [io  0x7060-0x7063]
[    7.503838] pci 0000:00:1f.2: reg 18: [io  0x7050-0x7057]
[    7.503845] pci 0000:00:1f.2: reg 1c: [io  0x7040-0x7043]
[    7.503853] pci 0000:00:1f.2: reg 20: [io  0x7020-0x703f]
[    7.503861] pci 0000:00:1f.2: reg 24: [mem 0xba122000-0xba1227ff]
[    7.503906] pci 0000:00:1f.2: PME# supported from D3hot
[    7.503910] pci 0000:00:1f.2: PME# disabled
[    7.503928] pci 0000:00:1f.3: [8086:1d22] type 0 class 0x000c05
[    7.503943] pci 0000:00:1f.3: reg 10: [mem 0xba121000-0xba1210ff 64bit]
[    7.503964] pci 0000:00:1f.3: reg 20: [io  0x7000-0x701f]
[    7.503999] pci 0000:00:1f.6: [8086:1d24] type 0 class 0x001180
[    7.504020] pci 0000:00:1f.6: reg 10: [mem 0xba120000-0xba120fff 64bit]
[    7.504129] pci 0000:00:01.0: PCI bridge to [bus 01-01]
[    7.504233] pci 0000:00:02.0: PCI bridge to [bus 02-02]
[    7.504354] pci 0000:03:00.0: [8086:1521] type 0 class 0x000200
[    7.504365] pci 0000:03:00.0: reg 10: [mem 0xbb320000-0xbb33ffff]
[    7.504378] pci 0000:03:00.0: reg 18: [io  0x6020-0x603f]
[    7.504386] pci 0000:03:00.0: reg 1c: [mem 0xbb3c4000-0xbb3c7fff]
[    7.504440] pci 0000:03:00.0: PME# supported from D0 D3hot D3cold
[    7.504443] pci 0000:03:00.0: PME# disabled
[    7.504471] pci 0000:03:00.0: reg 184: [mem 0xbb3a0000-0xbb3a3fff]
[    7.504488] pci 0000:03:00.0: reg 190: [mem 0xbb380000-0xbb383fff]
[    7.504517] pci 0000:03:00.1: [8086:1521] type 0 class 0x000200
[    7.504527] pci 0000:03:00.1: reg 10: [mem 0xbb300000-0xbb31ffff]
[    7.504541] pci 0000:03:00.1: reg 18: [io  0x6000-0x601f]
[    7.504548] pci 0000:03:00.1: reg 1c: [mem 0xbb3c0000-0xbb3c3fff]
[    7.504602] pci 0000:03:00.1: PME# supported from D0 D3hot D3cold
[    7.504606] pci 0000:03:00.1: PME# disabled
[    7.504628] pci 0000:03:00.1: reg 184: [mem 0xbb360000-0xbb363fff]
[    7.504644] pci 0000:03:00.1: reg 190: [mem 0xbb340000-0xbb343fff]
[    7.512359] pci 0000:00:02.2: PCI bridge to [bus 03-04]
[    7.512438] pci 0000:00:02.2:   bridge window [io  0x6000-0x6fff]
[    7.512441] pci 0000:00:02.2:   bridge window [mem 0xbb300000-0xbb3fffff]
[    7.512497] pci 0000:05:00.0: [10de:1028] type 0 class 0x000302
[    7.512506] pci 0000:05:00.0: reg 10: [mem 0xb9000000-0xb9ffffff]
[    7.512516] pci 0000:05:00.0: reg 14: [mem 0xa0000000-0xafffffff 64bit pref]
[    7.512525] pci 0000:05:00.0: reg 1c: [mem 0xb0000000-0xb1ffffff 64bit pref]
[    7.512537] pci 0000:05:00.0: reg 30: [mem 0xba000000-0xba07ffff pref]
[    7.520347] pci 0000:00:03.0: PCI bridge to [bus 05-05]
[    7.520428] pci 0000:00:03.0:   bridge window [mem 0xb9000000-0xba0fffff]
[    7.520434] pci 0000:00:03.0:   bridge window [mem 0xa0000000-0xb1ffffff 64bit pref]
[    7.520501] pci 0000:06:00.0: [8086:1d6b] type 0 class 0x000107
[    7.520520] pci 0000:06:00.0: reg 10: [mem 0xb447c000-0xb447ffff 64bit pref]
[    7.520540] pci 0000:06:00.0: reg 18: [mem 0xb4000000-0xb43fffff 64bit pref]
[    7.520551] pci 0000:06:00.0: reg 20: [io  0x5000-0x50ff]
[    7.520655] pci 0000:06:00.0: reg 164: [mem 0xb4400000-0xb4403fff 64bit pref]
[    7.520711] pci 0000:00:11.0: PCI bridge to [bus 06-06]
[    7.520772] pci 0000:00:11.0:   bridge window [io  0x5000-0x5fff]
[    7.520776] pci 0000:00:11.0:   bridge window [mem 0xbb200000-0xbb2fffff]
[    7.520783] pci 0000:00:11.0:   bridge window [mem 0xb4000000-0xb44fffff 64bit pref]
[    7.520817] pci 0000:07:01.0: [102b:0532] type 0 class 0x000300
[    7.520834] pci 0000:07:01.0: reg 10: [mem 0xb3000000-0xb3ffffff pref]
[    7.520843] pci 0000:07:01.0: reg 14: [mem 0xbb000000-0xbb003fff]
[    7.520853] pci 0000:07:01.0: reg 18: [mem 0xba800000-0xbaffffff]
[    7.520953] pci 0000:00:1e.0: PCI bridge to [bus 07-07] (subtractive decode)
[    7.521019] pci 0000:00:1e.0:   bridge window [mem 0xba800000-0xbb0fffff]
[    7.521024] pci 0000:00:1e.0:   bridge window [mem 0xb3000000-0xb3ffffff 64bit pref]
[    7.521027] pci 0000:00:1e.0:   bridge window [io  0x0000-0x03af] (subtractive decode)
[    7.521029] pci 0000:00:1e.0:   bridge window [io  0x03e0-0x0cf7] (subtractive decode)
[    7.521031] pci 0000:00:1e.0:   bridge window [io  0x03b0-0x03df] (subtractive decode)
[    7.521034] pci 0000:00:1e.0:   bridge window [io  0x0d00-0x7fff] (subtractive decode)
[    7.521036] pci 0000:00:1e.0:   bridge window [mem 0x000a0000-0x000bffff] (subtractive decode)
[    7.521038] pci 0000:00:1e.0:   bridge window [mem 0x000c0000-0x000dffff] (subtractive decode)
[    7.521040] pci 0000:00:1e.0:   bridge window [mem 0xfed0e000-0xfed0ffff] (subtractive decode)
[    7.521043] pci 0000:00:1e.0:   bridge window [mem 0x80000000-0xbbffffff] (subtractive decode)
[    7.521069] pci_bus 0000:00: on NUMA node 0 (pxm 0)
[    7.521073] ACPI: PCI Interrupt Routing Table [\_SB_.PCI0._PRT]
[    7.521171] ACPI: PCI Interrupt Routing Table [\_SB_.PCI0.BR20._PRT]
[    7.521200] ACPI: PCI Interrupt Routing Table [\_SB_.PCI0.BR33._PRT]
[    7.521217] ACPI: PCI Interrupt Routing Table [\_SB_.PCI0.NPE1._PRT]
[    7.521244] ACPI: PCI Interrupt Routing Table [\_SB_.PCI0.NPE3._PRT]
[    7.521266] ACPI: PCI Interrupt Routing Table [\_SB_.PCI0.NPE5._PRT]
[    7.521296] ACPI: PCI Interrupt Routing Table [\_SB_.PCI0.NPE7._PRT]
[    7.521392]  pci0000:00: Requesting ACPI _OSC control (0x1d)
[    7.521629]  pci0000:00: ACPI _OSC control (0x15) granted
[    7.528002] ACPI: PCI Root Bridge [UNC0] (domain 0000 [bus 3f])
[    7.528114] pci 0000:3f:08.0: [8086:3c80] type 0 class 0x000880
[    7.528161] pci 0000:3f:08.3: [8086:3c83] type 0 class 0x000880
[    7.528210] pci 0000:3f:08.4: [8086:3c84] type 0 class 0x000880
[    7.528264] pci 0000:3f:09.0: [8086:3c90] type 0 class 0x000880
[    7.528303] pci 0000:3f:09.3: [8086:3c93] type 0 class 0x000880
[    7.528355] pci 0000:3f:09.4: [8086:3c94] type 0 class 0x000880
[    7.528409] pci 0000:3f:0a.0: [8086:3cc0] type 0 class 0x000880
[    7.528442] pci 0000:3f:0a.1: [8086:3cc1] type 0 class 0x000880
[    7.528482] pci 0000:3f:0a.2: [8086:3cc2] type 0 class 0x000880
[    7.528518] pci 0000:3f:0a.3: [8086:3cd0] type 0 class 0x000880
[    7.528550] pci 0000:3f:0b.0: [8086:3ce0] type 0 class 0x000880
[    7.528579] pci 0000:3f:0b.3: [8086:3ce3] type 0 class 0x000880
[    7.528608] pci 0000:3f:0c.0: [8086:3ce8] type 0 class 0x000880
[    7.528637] pci 0000:3f:0c.1: [8086:3ce8] type 0 class 0x000880
[    7.528665] pci 0000:3f:0c.2: [8086:3ce8] type 0 class 0x000880
[    7.528695] pci 0000:3f:0c.3: [8086:3ce8] type 0 class 0x000880
[    7.528724] pci 0000:3f:0c.6: [8086:3cf4] type 0 class 0x000880
[    7.528757] pci 0000:3f:0c.7: [8086:3cf6] type 0 class 0x000880
[    7.528788] pci 0000:3f:0d.0: [8086:3ce8] type 0 class 0x000880
[    7.528818] pci 0000:3f:0d.1: [8086:3ce8] type 0 class 0x000880
[    7.528848] pci 0000:3f:0d.2: [8086:3ce8] type 0 class 0x000880
[    7.528878] pci 0000:3f:0d.3: [8086:3ce8] type 0 class 0x000880
[    7.528909] pci 0000:3f:0d.6: [8086:3cf5] type 0 class 0x000880
[    7.528941] pci 0000:3f:0e.0: [8086:3ca0] type 0 class 0x000880
[    7.528975] pci 0000:3f:0e.1: [8086:3c46] type 0 class 0x001101
[    7.529016] pci 0000:3f:0f.0: [8086:3ca8] type 0 class 0x000880
[    7.529060] pci 0000:3f:0f.1: [8086:3c71] type 0 class 0x000880
[    7.529104] pci 0000:3f:0f.2: [8086:3caa] type 0 class 0x000880
[    7.529148] pci 0000:3f:0f.3: [8086:3cab] type 0 class 0x000880
[    7.529192] pci 0000:3f:0f.4: [8086:3cac] type 0 class 0x000880
[    7.529236] pci 0000:3f:0f.5: [8086:3cad] type 0 class 0x000880
[    7.529279] pci 0000:3f:0f.6: [8086:3cae] type 0 class 0x000880
[    7.529315] pci 0000:3f:10.0: [8086:3cb0] type 0 class 0x000880
[    7.529364] pci 0000:3f:10.1: [8086:3cb1] type 0 class 0x000880
[    7.529410] pci 0000:3f:10.2: [8086:3cb2] type 0 class 0x000880
[    7.529456] pci 0000:3f:10.3: [8086:3cb3] type 0 class 0x000880
[    7.529501] pci 0000:3f:10.4: [8086:3cb4] type 0 class 0x000880
[    7.529548] pci 0000:3f:10.5: [8086:3cb5] type 0 class 0x000880
[    7.529594] pci 0000:3f:10.6: [8086:3cb6] type 0 class 0x000880
[    7.529640] pci 0000:3f:10.7: [8086:3cb7] type 0 class 0x000880
[    7.529684] pci 0000:3f:11.0: [8086:3cb8] type 0 class 0x000880
[    7.529725] pci 0000:3f:13.0: [8086:3ce4] type 0 class 0x000880
[    7.529753] pci 0000:3f:13.1: [8086:3c43] type 0 class 0x001101
[    7.529783] pci 0000:3f:13.4: [8086:3ce6] type 0 class 0x001101
[    7.529813] pci 0000:3f:13.5: [8086:3c44] type 0 class 0x001101
[    7.529841] pci 0000:3f:13.6: [8086:3c45] type 0 class 0x000880
[    7.529880]  pci0000:3f: Requesting ACPI _OSC control (0x1d)
[    7.529941]  pci0000:3f: ACPI _OSC request failed (AE_NOT_FOUND), returned control mask: 0x1d
[    7.530019] ACPI _OSC control for PCIe not granted, disabling ASPM
[    7.531037] ACPI: PCI Root Bridge [PCI1] (domain 0000 [bus 40-7e])
[    7.531262] pci_root PNP0A08:01: host bridge window [io  0x8000-0xbfff]
[    7.531325] pci_root PNP0A08:01: host bridge window [mem 0xbc000000-0xd3ffffff]
[    7.531415] pci 0000:40:00.0: [8086:3c01] type 1 class 0x000604
[    7.531487] pci 0000:40:00.0: PME# supported from D0 D3hot D3cold
[    7.531491] pci 0000:40:00.0: PME# disabled
[    7.531519] pci 0000:40:01.0: [8086:3c02] type 1 class 0x000604
[    7.531589] pci 0000:40:01.0: PME# supported from D0 D3hot D3cold
[    7.531592] pci 0000:40:01.0: PME# disabled
[    7.531627] pci 0000:40:02.0: [8086:3c04] type 1 class 0x000604
[    7.531697] pci 0000:40:02.0: PME# supported from D0 D3hot D3cold
[    7.531701] pci 0000:40:02.0: PME# disabled
[    7.531747] pci 0000:40:03.0: [8086:3c08] type 1 class 0x000604
[    7.531818] pci 0000:40:03.0: PME# supported from D0 D3hot D3cold
[    7.531821] pci 0000:40:03.0: PME# disabled
[    7.531855] pci 0000:40:04.0: [8086:3c20] type 0 class 0x000880
[    7.531870] pci 0000:40:04.0: reg 10: [mem 0xd311c000-0xd311ffff 64bit]
[    7.531958] pci 0000:40:04.1: [8086:3c21] type 0 class 0x000880
[    7.531973] pci 0000:40:04.1: reg 10: [mem 0xd3118000-0xd311bfff 64bit]
[    7.532064] pci 0000:40:04.2: [8086:3c22] type 0 class 0x000880
[    7.532079] pci 0000:40:04.2: reg 10: [mem 0xd3114000-0xd3117fff 64bit]
[    7.532167] pci 0000:40:04.3: [8086:3c23] type 0 class 0x000880
[    7.532182] pci 0000:40:04.3: reg 10: [mem 0xd3110000-0xd3113fff 64bit]
[    7.532270] pci 0000:40:04.4: [8086:3c24] type 0 class 0x000880
[    7.532285] pci 0000:40:04.4: reg 10: [mem 0xd310c000-0xd310ffff 64bit]
[    7.532377] pci 0000:40:04.5: [8086:3c25] type 0 class 0x000880
[    7.532392] pci 0000:40:04.5: reg 10: [mem 0xd3108000-0xd310bfff 64bit]
[    7.532482] pci 0000:40:04.6: [8086:3c26] type 0 class 0x000880
[    7.532496] pci 0000:40:04.6: reg 10: [mem 0xd3104000-0xd3107fff 64bit]
[    7.532585] pci 0000:40:04.7: [8086:3c27] type 0 class 0x000880
[    7.532600] pci 0000:40:04.7: reg 10: [mem 0xd3100000-0xd3103fff 64bit]
[    7.532685] pci 0000:40:05.0: [8086:3c28] type 0 class 0x000880
[    7.532769] pci 0000:40:05.2: [8086:3c2a] type 0 class 0x000880
[    7.532851] pci 0000:40:05.4: [8086:3c2c] type 0 class 0x000800
[    7.532865] pci 0000:40:05.4: reg 10: [mem 0xd3120000-0xd3120fff]
[    7.532989] pci 0000:40:00.0: PCI bridge to [bus 41-41]
[    7.533104] pci 0000:40:01.0: PCI bridge to [bus 42-42]
[    7.533222] pci 0000:43:00.0: [10de:1028] type 0 class 0x000302
[    7.533232] pci 0000:43:00.0: reg 10: [mem 0xd2000000-0xd2ffffff]
[    7.533243] pci 0000:43:00.0: reg 14: [mem 0xc0000000-0xcfffffff 64bit pref]
[    7.533253] pci 0000:43:00.0: reg 1c: [mem 0xd0000000-0xd1ffffff 64bit pref]
[    7.533266] pci 0000:43:00.0: reg 30: [mem 0xd3000000-0xd307ffff pref]
[    7.540329] pci 0000:40:02.0: PCI bridge to [bus 43-43]
[    7.540406] pci 0000:40:02.0:   bridge window [mem 0xd2000000-0xd30fffff]
[    7.540412] pci 0000:40:02.0:   bridge window [mem 0xc0000000-0xd1ffffff 64bit pref]
[    7.540477] pci 0000:40:03.0: PCI bridge to [bus 44-44]
[    7.540560] pci_bus 0000:40: on NUMA node 1 (pxm 1)
[    7.540563] ACPI: PCI Interrupt Routing Table [\_SB_.PCI1._PRT]
[    7.540627] ACPI: PCI Interrupt Routing Table [\_SB_.PCI1.NPE1._PRT]
[    7.540654] ACPI: PCI Interrupt Routing Table [\_SB_.PCI1.NPE3._PRT]
[    7.540679] ACPI: PCI Interrupt Routing Table [\_SB_.PCI1.NPE7._PRT]
[    7.540767]  pci0000:40: Requesting ACPI _OSC control (0x1d)
[    7.540999]  pci0000:40: ACPI _OSC control (0x15) granted
[    7.542687] ACPI: PCI Root Bridge [UNC1] (domain 0000 [bus 7f])
[    7.542797] pci 0000:7f:08.0: [8086:3c80] type 0 class 0x000880
[    7.542843] pci 0000:7f:08.3: [8086:3c83] type 0 class 0x000880
[    7.542897] pci 0000:7f:08.4: [8086:3c84] type 0 class 0x000880
[    7.542963] pci 0000:7f:09.0: [8086:3c90] type 0 class 0x000880
[    7.543009] pci 0000:7f:09.3: [8086:3c93] type 0 class 0x000880
[    7.543066] pci 0000:7f:09.4: [8086:3c94] type 0 class 0x000880
[    7.543127] pci 0000:7f:0a.0: [8086:3cc0] type 0 class 0x000880
[    7.543164] pci 0000:7f:0a.1: [8086:3cc1] type 0 class 0x000880
[    7.543202] pci 0000:7f:0a.2: [8086:3cc2] type 0 class 0x000880
[    7.543239] pci 0000:7f:0a.3: [8086:3cd0] type 0 class 0x000880
[    7.543279] pci 0000:7f:0b.0: [8086:3ce0] type 0 class 0x000880
[    7.543315] pci 0000:7f:0b.3: [8086:3ce3] type 0 class 0x000880
[    7.543350] pci 0000:7f:0c.0: [8086:3ce8] type 0 class 0x000880
[    7.543385] pci 0000:7f:0c.1: [8086:3ce8] type 0 class 0x000880
[    7.543421] pci 0000:7f:0c.2: [8086:3ce8] type 0 class 0x000880
[    7.543456] pci 0000:7f:0c.3: [8086:3ce8] type 0 class 0x000880
[    7.543493] pci 0000:7f:0c.6: [8086:3cf4] type 0 class 0x000880
[    7.543528] pci 0000:7f:0c.7: [8086:3cf6] type 0 class 0x000880
[    7.543563] pci 0000:7f:0d.0: [8086:3ce8] type 0 class 0x000880
[    7.543603] pci 0000:7f:0d.1: [8086:3ce8] type 0 class 0x000880
[    7.543640] pci 0000:7f:0d.2: [8086:3ce8] type 0 class 0x000880
[    7.543677] pci 0000:7f:0d.3: [8086:3ce8] type 0 class 0x000880
[    7.543715] pci 0000:7f:0d.6: [8086:3cf5] type 0 class 0x000880
[    7.543753] pci 0000:7f:0e.0: [8086:3ca0] type 0 class 0x000880
[    7.543798] pci 0000:7f:0e.1: [8086:3c46] type 0 class 0x001101
[    7.543850] pci 0000:7f:0f.0: [8086:3ca8] type 0 class 0x000880
[    7.543904] pci 0000:7f:0f.1: [8086:3c71] type 0 class 0x000880
[    7.543959] pci 0000:7f:0f.2: [8086:3caa] type 0 class 0x000880
[    7.544013] pci 0000:7f:0f.3: [8086:3cab] type 0 class 0x000880
[    7.544066] pci 0000:7f:0f.4: [8086:3cac] type 0 class 0x000880
[    7.544119] pci 0000:7f:0f.5: [8086:3cad] type 0 class 0x000880
[    7.544170] pci 0000:7f:0f.6: [8086:3cae] type 0 class 0x000880
[    7.544214] pci 0000:7f:10.0: [8086:3cb0] type 0 class 0x000880
[    7.544267] pci 0000:7f:10.1: [8086:3cb1] type 0 class 0x000880
[    7.544325] pci 0000:7f:10.2: [8086:3cb2] type 0 class 0x000880
[    7.544383] pci 0000:7f:10.3: [8086:3cb3] type 0 class 0x000880
[    7.544446] pci 0000:7f:10.4: [8086:3cb4] type 0 class 0x000880
[    7.544507] pci 0000:7f:10.5: [8086:3cb5] type 0 class 0x000880
[    7.544563] pci 0000:7f:10.6: [8086:3cb6] type 0 class 0x000880
[    7.544617] pci 0000:7f:10.7: [8086:3cb7] type 0 class 0x000880
[    7.544670] pci 0000:7f:11.0: [8086:3cb8] type 0 class 0x000880
[    7.544719] pci 0000:7f:13.0: [8086:3ce4] type 0 class 0x000880
[    7.544756] pci 0000:7f:13.1: [8086:3c43] type 0 class 0x001101
[    7.544794] pci 0000:7f:13.4: [8086:3ce6] type 0 class 0x001101
[    7.544830] pci 0000:7f:13.5: [8086:3c44] type 0 class 0x001101
[    7.544866] pci 0000:7f:13.6: [8086:3c45] type 0 class 0x000880
[    7.544911]  pci0000:7f: Requesting ACPI _OSC control (0x1d)
[    7.544972]  pci0000:7f: ACPI _OSC request failed (AE_NOT_FOUND), returned control mask: 0x1d
[    7.545051] ACPI _OSC control for PCIe not granted, disabling ASPM
[    7.546071] ACPI: PCI Root Bridge [PCI2] (domain 0000 [bus 80-be])
[    7.546296] pci_root PNP0A08:02: host bridge window [io  0xc000-0xdfff]
[    7.546359] pci_root PNP0A08:02: host bridge window [mem 0xd4000000-0xe7ffffff]
[    7.546450] pci 0000:80:00.0: [8086:3c01] type 1 class 0x000604
[    7.546526] pci 0000:80:00.0: PME# supported from D0 D3hot D3cold
[    7.546530] pci 0000:80:00.0: PME# disabled
[    7.546561] pci 0000:80:02.0: [8086:3c04] type 1 class 0x000604
[    7.546636] pci 0000:80:02.0: PME# supported from D0 D3hot D3cold
[    7.546640] pci 0000:80:02.0: PME# disabled
[    7.546676] pci 0000:80:03.0: [8086:3c08] type 1 class 0x000604
[    7.546751] pci 0000:80:03.0: PME# supported from D0 D3hot D3cold
[    7.546755] pci 0000:80:03.0: PME# disabled
[    7.546788] pci 0000:80:04.0: [8086:3c20] type 0 class 0x000880
[    7.546804] pci 0000:80:04.0: reg 10: [mem 0xe7f1c000-0xe7f1ffff 64bit]
[    7.546896] pci 0000:80:04.1: [8086:3c21] type 0 class 0x000880
[    7.546911] pci 0000:80:04.1: reg 10: [mem 0xe7f18000-0xe7f1bfff 64bit]
[    7.547006] pci 0000:80:04.2: [8086:3c22] type 0 class 0x000880
[    7.547022] pci 0000:80:04.2: reg 10: [mem 0xe7f14000-0xe7f17fff 64bit]
[    7.547114] pci 0000:80:04.3: [8086:3c23] type 0 class 0x000880
[    7.547130] pci 0000:80:04.3: reg 10: [mem 0xe7f10000-0xe7f13fff 64bit]
[    7.547222] pci 0000:80:04.4: [8086:3c24] type 0 class 0x000880
[    7.547237] pci 0000:80:04.4: reg 10: [mem 0xe7f0c000-0xe7f0ffff 64bit]
[    7.547330] pci 0000:80:04.5: [8086:3c25] type 0 class 0x000880
[    7.547345] pci 0000:80:04.5: reg 10: [mem 0xe7f08000-0xe7f0bfff 64bit]
[    7.547439] pci 0000:80:04.6: [8086:3c26] type 0 class 0x000880
[    7.547455] pci 0000:80:04.6: reg 10: [mem 0xe7f04000-0xe7f07fff 64bit]
[    7.547547] pci 0000:80:04.7: [8086:3c27] type 0 class 0x000880
[    7.547563] pci 0000:80:04.7: reg 10: [mem 0xe7f00000-0xe7f03fff 64bit]
[    7.547653] pci 0000:80:05.0: [8086:3c28] type 0 class 0x000880
[    7.547743] pci 0000:80:05.2: [8086:3c2a] type 0 class 0x000880
[    7.547848] pci 0000:80:05.4: [8086:3c2c] type 0 class 0x000800
[    7.547862] pci 0000:80:05.4: reg 10: [mem 0xe7f20000-0xe7f20fff]
[    7.547995] pci 0000:80:00.0: PCI bridge to [bus 81-81]
[    7.548107] pci 0000:80:02.0: PCI bridge to [bus 82-82]
[    7.548218] pci 0000:80:03.0: PCI bridge to [bus 83-83]
[    7.548298] pci_bus 0000:80: on NUMA node 2 (pxm 2)
[    7.548301] ACPI: PCI Interrupt Routing Table [\_SB_.PCI2._PRT]
[    7.548371] ACPI: PCI Interrupt Routing Table [\_SB_.PCI2.NPE3._PRT]
[    7.548398] ACPI: PCI Interrupt Routing Table [\_SB_.PCI2.NPE7._PRT]
[    7.548487]  pci0000:80: Requesting ACPI _OSC control (0x1d)
[    7.548720]  pci0000:80: ACPI _OSC control (0x15) granted
[    7.550271] ACPI: PCI Root Bridge [UNC2] (domain 0000 [bus bf])
[    7.550399] pci 0000:bf:08.0: [8086:3c80] type 0 class 0x000880
[    7.550451] pci 0000:bf:08.3: [8086:3c83] type 0 class 0x000880
[    7.550512] pci 0000:bf:08.4: [8086:3c84] type 0 class 0x000880
[    7.550579] pci 0000:bf:09.0: [8086:3c90] type 0 class 0x000880
[    7.550629] pci 0000:bf:09.3: [8086:3c93] type 0 class 0x000880
[    7.550691] pci 0000:bf:09.4: [8086:3c94] type 0 class 0x000880
[    7.550757] pci 0000:bf:0a.0: [8086:3cc0] type 0 class 0x000880
[    7.550799] pci 0000:bf:0a.1: [8086:3cc1] type 0 class 0x000880
[    7.550839] pci 0000:bf:0a.2: [8086:3cc2] type 0 class 0x000880
[    7.550879] pci 0000:bf:0a.3: [8086:3cd0] type 0 class 0x000880
[    7.550921] pci 0000:bf:0b.0: [8086:3ce0] type 0 class 0x000880
[    7.550959] pci 0000:bf:0b.3: [8086:3ce3] type 0 class 0x000880
[    7.550999] pci 0000:bf:0c.0: [8086:3ce8] type 0 class 0x000880
[    7.551038] pci 0000:bf:0c.1: [8086:3ce8] type 0 class 0x000880
[    7.551077] pci 0000:bf:0c.2: [8086:3ce8] type 0 class 0x000880
[    7.551121] pci 0000:bf:0c.3: [8086:3ce8] type 0 class 0x000880
[    7.551163] pci 0000:bf:0c.6: [8086:3cf4] type 0 class 0x000880
[    7.551204] pci 0000:bf:0c.7: [8086:3cf6] type 0 class 0x000880
[    7.551245] pci 0000:bf:0d.0: [8086:3ce8] type 0 class 0x000880
[    7.551285] pci 0000:bf:0d.1: [8086:3ce8] type 0 class 0x000880
[    7.551327] pci 0000:bf:0d.2: [8086:3ce8] type 0 class 0x000880
[    7.551368] pci 0000:bf:0d.3: [8086:3ce8] type 0 class 0x000880
[    7.551410] pci 0000:bf:0d.6: [8086:3cf5] type 0 class 0x000880
[    7.551452] pci 0000:bf:0e.0: [8086:3ca0] type 0 class 0x000880
[    7.551500] pci 0000:bf:0e.1: [8086:3c46] type 0 class 0x001101
[    7.551554] pci 0000:bf:0f.0: [8086:3ca8] type 0 class 0x000880
[    7.551613] pci 0000:bf:0f.1: [8086:3c71] type 0 class 0x000880
[    7.551671] pci 0000:bf:0f.2: [8086:3caa] type 0 class 0x000880
[    7.551729] pci 0000:bf:0f.3: [8086:3cab] type 0 class 0x000880
[    7.551788] pci 0000:bf:0f.4: [8086:3cac] type 0 class 0x000880
[    7.551846] pci 0000:bf:0f.5: [8086:3cad] type 0 class 0x000880
[    7.551911] pci 0000:bf:0f.6: [8086:3cae] type 0 class 0x000880
[    7.551960] pci 0000:bf:10.0: [8086:3cb0] type 0 class 0x000880
[    7.552021] pci 0000:bf:10.1: [8086:3cb1] type 0 class 0x000880
[    7.552081] pci 0000:bf:10.2: [8086:3cb2] type 0 class 0x000880
[    7.552140] pci 0000:bf:10.3: [8086:3cb3] type 0 class 0x000880
[    7.552200] pci 0000:bf:10.4: [8086:3cb4] type 0 class 0x000880
[    7.552260] pci 0000:bf:10.5: [8086:3cb5] type 0 class 0x000880
[    7.552323] pci 0000:bf:10.6: [8086:3cb6] type 0 class 0x000880
[    7.552383] pci 0000:bf:10.7: [8086:3cb7] type 0 class 0x000880
[    7.552449] pci 0000:bf:11.0: [8086:3cb8] type 0 class 0x000880
[    7.552509] pci 0000:bf:13.0: [8086:3ce4] type 0 class 0x000880
[    7.552548] pci 0000:bf:13.1: [8086:3c43] type 0 class 0x001101
[    7.552589] pci 0000:bf:13.4: [8086:3ce6] type 0 class 0x001101
[    7.552628] pci 0000:bf:13.5: [8086:3c44] type 0 class 0x001101
[    7.552668] pci 0000:bf:13.6: [8086:3c45] type 0 class 0x000880
[    7.552718]  pci0000:bf: Requesting ACPI _OSC control (0x1d)
[    7.552779]  pci0000:bf: ACPI _OSC request failed (AE_NOT_FOUND), returned control mask: 0x1d
[    7.552857] ACPI _OSC control for PCIe not granted, disabling ASPM
[    7.553894] ACPI: PCI Root Bridge [PCI3] (domain 0000 [bus c0-fe])
[    7.554121] pci_root PNP0A08:03: host bridge window [io  0xe000-0xffff]
[    7.554184] pci_root PNP0A08:03: host bridge window [mem 0xe8000000-0xfbffffff]
[    7.554275] pci 0000:c0:00.0: [8086:3c01] type 1 class 0x000604
[    7.554348] pci 0000:c0:00.0: PME# supported from D0 D3hot D3cold
[    7.554352] pci 0000:c0:00.0: PME# disabled
[    7.554399] pci 0000:c0:02.0: [8086:3c04] type 1 class 0x000604
[    7.554470] pci 0000:c0:02.0: PME# supported from D0 D3hot D3cold
[    7.554473] pci 0000:c0:02.0: PME# disabled
[    7.554508] pci 0000:c0:03.0: [8086:3c08] type 1 class 0x000604
[    7.554579] pci 0000:c0:03.0: PME# supported from D0 D3hot D3cold
[    7.554582] pci 0000:c0:03.0: PME# disabled
[    7.554615] pci 0000:c0:04.0: [8086:3c20] type 0 class 0x000880
[    7.554630] pci 0000:c0:04.0: reg 10: [mem 0xfbf1c000-0xfbf1ffff 64bit]
[    7.554718] pci 0000:c0:04.1: [8086:3c21] type 0 class 0x000880
[    7.554733] pci 0000:c0:04.1: reg 10: [mem 0xfbf18000-0xfbf1bfff 64bit]
[    7.554820] pci 0000:c0:04.2: [8086:3c22] type 0 class 0x000880
[    7.554835] pci 0000:c0:04.2: reg 10: [mem 0xfbf14000-0xfbf17fff 64bit]
[    7.554930] pci 0000:c0:04.3: [8086:3c23] type 0 class 0x000880
[    7.554944] pci 0000:c0:04.3: reg 10: [mem 0xfbf10000-0xfbf13fff 64bit]
[    7.555032] pci 0000:c0:04.4: [8086:3c24] type 0 class 0x000880
[    7.555046] pci 0000:c0:04.4: reg 10: [mem 0xfbf0c000-0xfbf0ffff 64bit]
[    7.555134] pci 0000:c0:04.5: [8086:3c25] type 0 class 0x000880
[    7.555149] pci 0000:c0:04.5: reg 10: [mem 0xfbf08000-0xfbf0bfff 64bit]
[    7.555238] pci 0000:c0:04.6: [8086:3c26] type 0 class 0x000880
[    7.555253] pci 0000:c0:04.6: reg 10: [mem 0xfbf04000-0xfbf07fff 64bit]
[    7.555342] pci 0000:c0:04.7: [8086:3c27] type 0 class 0x000880
[    7.555357] pci 0000:c0:04.7: reg 10: [mem 0xfbf00000-0xfbf03fff 64bit]
[    7.555443] pci 0000:c0:05.0: [8086:3c28] type 0 class 0x000880
[    7.555528] pci 0000:c0:05.2: [8086:3c2a] type 0 class 0x000880
[    7.555611] pci 0000:c0:05.4: [8086:3c2c] type 0 class 0x000800
[    7.555624] pci 0000:c0:05.4: reg 10: [mem 0xfbf20000-0xfbf20fff]
[    7.555748] pci 0000:c0:00.0: PCI bridge to [bus c1-c1]
[    7.555856] pci 0000:c0:02.0: PCI bridge to [bus c2-c2]
[    7.555973] pci 0000:c3:00.0: [1000:005b] type 0 class 0x000104
[    7.555981] pci 0000:c3:00.0: reg 10: [io  0xf000-0xf0ff]
[    7.555990] pci 0000:c3:00.0: reg 14: [mem 0xfbe60000-0xfbe63fff 64bit]
[    7.555999] pci 0000:c3:00.0: reg 1c: [mem 0xfbe00000-0xfbe3ffff 64bit]
[    7.556011] pci 0000:c3:00.0: reg 30: [mem 0xfbe40000-0xfbe5ffff pref]
[    7.556042] pci 0000:c3:00.0: supports D1 D2
[    7.556073] pci 0000:c0:03.0: PCI bridge to [bus c3-c3]
[    7.556134] pci 0000:c0:03.0:   bridge window [io  0xf000-0xffff]
[    7.556138] pci 0000:c0:03.0:   bridge window [mem 0xfbe00000-0xfbefffff]
[    7.556156] pci_bus 0000:c0: on NUMA node 3 (pxm 3)
[    7.556158] ACPI: PCI Interrupt Routing Table [\_SB_.PCI3._PRT]
[    7.556224] ACPI: PCI Interrupt Routing Table [\_SB_.PCI3.NPE3._PRT]
[    7.556250] ACPI: PCI Interrupt Routing Table [\_SB_.PCI3.NPE7._PRT]
[    7.556343]  pci0000:c0: Requesting ACPI _OSC control (0x1d)
[    7.556579]  pci0000:c0: ACPI _OSC control (0x15) granted
[    7.558183] ACPI: PCI Root Bridge [UNC3] (domain 0000 [bus ff])
[    7.558308] pci 0000:ff:08.0: [8086:3c80] type 0 class 0x000880
[    7.558355] pci 0000:ff:08.3: [8086:3c83] type 0 class 0x000880
[    7.558414] pci 0000:ff:08.4: [8086:3c84] type 0 class 0x000880
[    7.558475] pci 0000:ff:09.0: [8086:3c90] type 0 class 0x000880
[    7.558520] pci 0000:ff:09.3: [8086:3c93] type 0 class 0x000880
[    7.558575] pci 0000:ff:09.4: [8086:3c94] type 0 class 0x000880
[    7.558635] pci 0000:ff:0a.0: [8086:3cc0] type 0 class 0x000880
[    7.558672] pci 0000:ff:0a.1: [8086:3cc1] type 0 class 0x000880
[    7.558709] pci 0000:ff:0a.2: [8086:3cc2] type 0 class 0x000880
[    7.558746] pci 0000:ff:0a.3: [8086:3cd0] type 0 class 0x000880
[    7.558788] pci 0000:ff:0b.0: [8086:3ce0] type 0 class 0x000880
[    7.558824] pci 0000:ff:0b.3: [8086:3ce3] type 0 class 0x000880
[    7.558859] pci 0000:ff:0c.0: [8086:3ce8] type 0 class 0x000880
[    7.558894] pci 0000:ff:0c.1: [8086:3ce8] type 0 class 0x000880
[    7.558931] pci 0000:ff:0c.2: [8086:3ce8] type 0 class 0x000880
[    7.558968] pci 0000:ff:0c.3: [8086:3ce8] type 0 class 0x000880
[    7.559006] pci 0000:ff:0c.6: [8086:3cf4] type 0 class 0x000880
[    7.559042] pci 0000:ff:0c.7: [8086:3cf6] type 0 class 0x000880
[    7.559080] pci 0000:ff:0d.0: [8086:3ce8] type 0 class 0x000880
[    7.559116] pci 0000:ff:0d.1: [8086:3ce8] type 0 class 0x000880
[    7.559153] pci 0000:ff:0d.2: [8086:3ce8] type 0 class 0x000880
[    7.559189] pci 0000:ff:0d.3: [8086:3ce8] type 0 class 0x000880
[    7.559227] pci 0000:ff:0d.6: [8086:3cf5] type 0 class 0x000880
[    7.559264] pci 0000:ff:0e.0: [8086:3ca0] type 0 class 0x000880
[    7.559309] pci 0000:ff:0e.1: [8086:3c46] type 0 class 0x001101
[    7.559359] pci 0000:ff:0f.0: [8086:3ca8] type 0 class 0x000880
[    7.559416] pci 0000:ff:0f.1: [8086:3c71] type 0 class 0x000880
[    7.559469] pci 0000:ff:0f.2: [8086:3caa] type 0 class 0x000880
[    7.559523] pci 0000:ff:0f.3: [8086:3cab] type 0 class 0x000880
[    7.559576] pci 0000:ff:0f.4: [8086:3cac] type 0 class 0x000880
[    7.559630] pci 0000:ff:0f.5: [8086:3cad] type 0 class 0x000880
[    7.559682] pci 0000:ff:0f.6: [8086:3cae] type 0 class 0x000880
[    7.559726] pci 0000:ff:10.0: [8086:3cb0] type 0 class 0x000880
[    7.559780] pci 0000:ff:10.1: [8086:3cb1] type 0 class 0x000880
[    7.559836] pci 0000:ff:10.2: [8086:3cb2] type 0 class 0x000880
[    7.559890] pci 0000:ff:10.3: [8086:3cb3] type 0 class 0x000880
[    7.559943] pci 0000:ff:10.4: [8086:3cb4] type 0 class 0x000880
[    7.559998] pci 0000:ff:10.5: [8086:3cb5] type 0 class 0x000880
[    7.560052] pci 0000:ff:10.6: [8086:3cb6] type 0 class 0x000880
[    7.560105] pci 0000:ff:10.7: [8086:3cb7] type 0 class 0x000880
[    7.560157] pci 0000:ff:11.0: [8086:3cb8] type 0 class 0x000880
[    7.560204] pci 0000:ff:13.0: [8086:3ce4] type 0 class 0x000880
[    7.560242] pci 0000:ff:13.1: [8086:3c43] type 0 class 0x001101
[    7.560282] pci 0000:ff:13.4: [8086:3ce6] type 0 class 0x001101
[    7.560322] pci 0000:ff:13.5: [8086:3c44] type 0 class 0x001101
[    7.560359] pci 0000:ff:13.6: [8086:3c45] type 0 class 0x000880
[    7.560405]  pci0000:ff: Requesting ACPI _OSC control (0x1d)
[    7.560466]  pci0000:ff: ACPI _OSC request failed (AE_NOT_FOUND), returned control mask: 0x1d
[    7.560545] ACPI _OSC control for PCIe not granted, disabling ASPM
[    7.561481] ACPI: PCI Interrupt Link [LNKA] (IRQs 3 4 5 6 7 10 *11 12 14 15)
[    7.561999] ACPI: PCI Interrupt Link [LNKB] (IRQs 3 4 5 6 7 *10 11 12 14 15)
[    7.562513] ACPI: PCI Interrupt Link [LNKC] (IRQs 3 4 *5 6 10 11 12 14 15)
[    7.562990] ACPI: PCI Interrupt Link [LNKD] (IRQs 3 4 5 6 10 *11 12 14 15)
[    7.563468] ACPI: PCI Interrupt Link [LNKE] (IRQs 3 4 5 6 7 10 11 12 14 15) *0
[    7.564030] ACPI: PCI Interrupt Link [LNKF] (IRQs 3 4 5 6 7 10 11 12 14 15) *0
[    7.564611] ACPI: PCI Interrupt Link [LNKG] (IRQs 3 4 5 6 7 10 11 12 14 15) *0
[    7.565172] ACPI: PCI Interrupt Link [LNKH] (IRQs 3 4 5 6 *7 10 11 12 14 15)
[    7.565768] vgaarb: device added: PCI:0000:07:01.0,decodes=io+mem,owns=io+mem,locks=none
[    7.565915] vgaarb: loaded
[    7.565969] vgaarb: bridge control possible 0000:07:01.0
[    7.566136] i2c-core: driver [aat2870] using legacy suspend method
[    7.566197] i2c-core: driver [aat2870] using legacy resume method
[    7.566322] SCSI subsystem initialized
[    7.566488] libata version 3.00 loaded.
[    7.566579] usbcore: registered new interface driver usbfs
[    7.566655] usbcore: registered new interface driver hub
[    7.566764] usbcore: registered new device driver usb
[    7.566992] PCI: Using ACPI for IRQ routing
[    7.570939] PCI: pci_cache_line_size set to 64 bytes
[    7.571464] reserve RAM buffer: 000000000009b000 - 000000000009ffff 
[    7.571466] reserve RAM buffer: 000000007e00c000 - 000000007fffffff 
[    7.571619] NetLabel: Initializing
[    7.571675] NetLabel:  domain hash size = 128
[    7.571732] NetLabel:  protocols = UNLABELED CIPSOv4
[    7.571800] NetLabel:  unlabeled traffic allowed by default
[    7.571926] hpet0: at MMIO 0xfed00000, IRQs 2, 8, 0, 0, 0, 0, 0, 0
[    7.572307] hpet0: 8 comparators, 64-bit 14.318180 MHz counter
[    7.574450] Switching to clocksource hpet
[    7.582310] AppArmor: AppArmor Filesystem Enabled
[    7.582384] pnp: PnP ACPI init
[    7.582446] ACPI: bus type pnp registered
[    7.582633] pnp 00:00: [bus 00-3e]
[    7.582636] pnp 00:00: [io  0x0cf8-0x0cff]
[    7.582638] pnp 00:00: [io  0x0000-0x03af window]
[    7.582640] pnp 00:00: [io  0x03e0-0x0cf7 window]
[    7.582641] pnp 00:00: [io  0x03b0-0x03df window]
[    7.582643] pnp 00:00: [io  0x0d00-0x7fff window]
[    7.582645] pnp 00:00: [mem 0x000a0000-0x000bffff window]
[    7.582647] pnp 00:00: [mem 0x000c0000-0x000dffff window]
[    7.582654] pnp 00:00: [mem 0xfed0e000-0xfed0ffff window]
[    7.582656] pnp 00:00: [mem 0x80000000-0xbbffffff window]
[    7.582658] pnp 00:00: [mem 0x00000000 window]
[    7.582719] pnp 00:00: Plug and Play ACPI device, IDs PNP0a08 PNP0a03 (active)
[    7.582730] pnp 00:01: [mem 0xfc000000-0xfcffffff]
[    7.582731] pnp 00:01: [mem 0xfd000000-0xfdffffff]
[    7.582733] pnp 00:01: [mem 0xfe000000-0xfeafffff]
[    7.582735] pnp 00:01: [mem 0xfeb00000-0xfebfffff]
[    7.582737] pnp 00:01: [mem 0xfed00400-0xfed3ffff]
[    7.582738] pnp 00:01: [mem 0xfed45000-0xfedfffff]
[    7.582855] system 00:01: [mem 0xfc000000-0xfcffffff] has been reserved
[    7.582918] system 00:01: [mem 0xfd000000-0xfdffffff] has been reserved
[    7.582980] system 00:01: [mem 0xfe000000-0xfeafffff] has been reserved
[    7.583042] system 00:01: [mem 0xfeb00000-0xfebfffff] has been reserved
[    7.583104] system 00:01: [mem 0xfed00400-0xfed3ffff] could not be reserved
[    7.583166] system 00:01: [mem 0xfed45000-0xfedfffff] has been reserved
[    7.583229] system 00:01: Plug and Play ACPI device, IDs PNP0c01 (active)
[    7.583295] pnp 00:02: [mem 0xbbffc000-0xbbffdfff]
[    7.583403] system 00:02: [mem 0xbbffc000-0xbbffdfff] has been reserved
[    7.583465] system 00:02: Plug and Play ACPI device, IDs PNP0c02 (active)
[    7.583538] pnp 00:03: [io  0x0000-0xffffffffffffffff disabled]
[    7.583540] pnp 00:03: [io  0x0b00-0x0b7f]
[    7.583542] pnp 00:03: [io  0x0000-0xffffffffffffffff disabled]
[    7.583543] pnp 00:03: [io  0x0000-0xffffffffffffffff disabled]
[    7.583545] pnp 00:03: [io  0x0000-0xffffffffffffffff disabled]
[    7.583674] system 00:03: [io  0x0b00-0x0b7f] has been reserved
[    7.583735] system 00:03: Plug and Play ACPI device, IDs PNP0c02 (active)
[    7.583856] pnp 00:04: [io  0x03f8-0x03ff]
[    7.583867] pnp 00:04: [irq 4]
[    7.583868] pnp 00:04: [dma 0 disabled]
[    7.583913] pnp 00:04: Plug and Play ACPI device, IDs PNP0501 (active)
[    7.584074] pnp 00:05: [io  0x02f8-0x02ff]
[    7.584079] pnp 00:05: [irq 3]
[    7.584080] pnp 00:05: [dma 0 disabled]
[    7.584128] pnp 00:05: Plug and Play ACPI device, IDs PNP0501 (active)
[    7.584154] pnp 00:06: [io  0x0000-0xffffffffffffffff disabled]
[    7.584156] pnp 00:06: [io  0x0000-0xffffffffffffffff disabled]
[    7.584265] system 00:06: Plug and Play ACPI device, IDs PNP0c02 (active)
[    7.584298] pnp 00:07: [dma 4]
[    7.584300] pnp 00:07: [io  0x0000-0x000f]
[    7.584302] pnp 00:07: [io  0x0081-0x0083]
[    7.584303] pnp 00:07: [io  0x0087]
[    7.584305] pnp 00:07: [io  0x0089-0x008b]
[    7.584306] pnp 00:07: [io  0x008f]
[    7.584308] pnp 00:07: [io  0x00c0-0x00df]
[    7.584322] pnp 00:07: Plug and Play ACPI device, IDs PNP0200 (active)
[    7.584330] pnp 00:08: [io  0x0070-0x0071]
[    7.584335] pnp 00:08: [irq 8]
[    7.584355] pnp 00:08: Plug and Play ACPI device, IDs PNP0b00 (active)
[    7.584362] pnp 00:09: [io  0x0061]
[    7.584375] pnp 00:09: Plug and Play ACPI device, IDs PNP0800 (active)
[    7.584396] pnp 00:0a: [io  0x0010-0x001f]
[    7.584397] pnp 00:0a: [io  0x0022-0x003f]
[    7.584399] pnp 00:0a: [io  0x0044-0x005f]
[    7.584401] pnp 00:0a: [io  0x0062-0x0063]
[    7.584402] pnp 00:0a: [io  0x0065-0x006f]
[    7.584404] pnp 00:0a: [io  0x0072-0x007f]
[    7.584405] pnp 00:0a: [io  0x0080]
[    7.584407] pnp 00:0a: [io  0x0084-0x0086]
[    7.584408] pnp 00:0a: [io  0x0088]
[    7.584410] pnp 00:0a: [io  0x008c-0x008e]
[    7.584411] pnp 00:0a: [io  0x0090-0x009f]
[    7.584413] pnp 00:0a: [io  0x00a2-0x00bf]
[    7.584414] pnp 00:0a: [io  0x00e0-0x00ef]
[    7.584416] pnp 00:0a: [io  0x04d0-0x04d1]
[    7.584418] pnp 00:0a: [mem 0x00000400-0x000004ff]
[    7.584534] system 00:0a: [io  0x04d0-0x04d1] has been reserved
[    7.584596] system 00:0a: [mem 0x00000400-0x000004ff] could not be reserved
[    7.584659] system 00:0a: Plug and Play ACPI device, IDs PNP0c02 (active)
[    7.584667] pnp 00:0b: [io  0x00f0-0x00ff]
[    7.584673] pnp 00:0b: [irq 13]
[    7.584687] pnp 00:0b: Plug and Play ACPI device, IDs PNP0c04 (active)
[    7.584713] pnp 00:0c: [mem 0xfed40000-0xfed44fff]
[    7.584727] pnp 00:0c: Plug and Play ACPI device, IDs PNP0c31 (active)
[    7.584793] pnp 00:0d: [io  0x0ca2]
[    7.584795] pnp 00:0d: [io  0x0ca3]
[    7.584824] pnp 00:0d: Plug and Play ACPI device, IDs IPI0001 (active)
[    7.584955] pnp 00:0e: [io  0x0400-0x0453]
[    7.584960] pnp 00:0e: [io  0x0458-0x047f]
[    7.584961] pnp 00:0e: [io  0x1180-0x119f]
[    7.584963] pnp 00:0e: [io  0x0500-0x057f]
[    7.584965] pnp 00:0e: [mem 0xfed1c000-0xfed1ffff]
[    7.584967] pnp 00:0e: [mem 0xfec00000-0xfecfffff]
[    7.584968] pnp 00:0e: [mem 0xfed08000-0xfed08fff]
[    7.584970] pnp 00:0e: [mem 0xff000000-0xffffffff]
[    7.585086] system 00:0e: [io  0x0400-0x0453] could not be reserved
[    7.585148] system 00:0e: [io  0x0458-0x047f] has been reserved
[    7.585208] system 00:0e: [io  0x1180-0x119f] has been reserved
[    7.585269] system 00:0e: [io  0x0500-0x057f] has been reserved
[    7.585330] system 00:0e: [mem 0xfed1c000-0xfed1ffff] has been reserved
[    7.585391] system 00:0e: [mem 0xfec00000-0xfecfffff] could not be reserved
[    7.585454] system 00:0e: [mem 0xfed08000-0xfed08fff] has been reserved
[    7.585516] system 00:0e: [mem 0xff000000-0xffffffff] has been reserved
[    7.585578] system 00:0e: Plug and Play ACPI device, IDs PNP0c01 (active)
[    7.585626] pnp 00:0f: [io  0x0454-0x0457]
[    7.585736] system 00:0f: [io  0x0454-0x0457] has been reserved
[    7.585798] system 00:0f: Plug and Play ACPI device, IDs INT3f0d PNP0c02 (active)
[    7.585899] pnp 00:10: [mem 0xfed00000-0xfed003ff]
[    7.585927] pnp 00:10: Plug and Play ACPI device, IDs PNP0103 (active)
[    7.585976] pnp 00:11: [bus 3f]
[    7.586027] pnp 00:11: Plug and Play ACPI device, IDs PNP0a03 (active)
[    7.586124] pnp 00:12: [bus 40-7e]
[    7.586126] pnp 00:12: [io  0x0000 window]
[    7.586128] pnp 00:12: [io  0x8000-0xbfff window]
[    7.586130] pnp 00:12: [mem 0x00000000 window]
[    7.586132] pnp 00:12: [mem 0xbc000000-0xd3ffffff window]
[    7.586133] pnp 00:12: [mem 0x00000000 window]
[    7.586201] pnp 00:12: Plug and Play ACPI device, IDs PNP0a08 PNP0a03 (active)
[    7.586336] system 00:13: Plug and Play ACPI device, IDs PNP0c01 (active)
[    7.586373] pnp 00:14: [mem 0xd3ffe000-0xd3ffffff]
[    7.586496] system 00:14: [mem 0xd3ffe000-0xd3ffffff] has been reserved
[    7.586559] system 00:14: Plug and Play ACPI device, IDs PNP0c02 (active)
[    7.586605] pnp 00:15: [bus 7f]
[    7.586656] pnp 00:15: Plug and Play ACPI device, IDs PNP0a03 (active)
[    7.586740] pnp 00:16: [bus 80-be]
[    7.586742] pnp 00:16: [io  0x0000 window]
[    7.586744] pnp 00:16: [io  0xc000-0xdfff window]
[    7.586746] pnp 00:16: [mem 0x00000000 window]
[    7.586747] pnp 00:16: [mem 0xd4000000-0xe7ffffff window]
[    7.586749] pnp 00:16: [mem 0x00000000 window]
[    7.586801] pnp 00:16: Plug and Play ACPI device, IDs PNP0a08 PNP0a03 (active)
[    7.586936] system 00:17: Plug and Play ACPI device, IDs PNP0c01 (active)
[    7.586974] pnp 00:18: [mem 0xe7ffe000-0xe7ffffff]
[    7.587099] system 00:18: [mem 0xe7ffe000-0xe7ffffff] has been reserved
[    7.587161] system 00:18: Plug and Play ACPI device, IDs PNP0c02 (active)
[    7.587206] pnp 00:19: [bus bf]
[    7.587257] pnp 00:19: Plug and Play ACPI device, IDs PNP0a03 (active)
[    7.587340] pnp 00:1a: [bus c0-fe]
[    7.587342] pnp 00:1a: [io  0x0000 window]
[    7.587343] pnp 00:1a: [io  0xe000-0xffff window]
[    7.587345] pnp 00:1a: [mem 0x00000000 window]
[    7.587347] pnp 00:1a: [mem 0xe8000000-0xfbffffff window]
[    7.587349] pnp 00:1a: [mem 0x00000000 window]
[    7.587401] pnp 00:1a: Plug and Play ACPI device, IDs PNP0a08 PNP0a03 (active)
[    7.587532] system 00:1b: Plug and Play ACPI device, IDs PNP0c01 (active)
[    7.587568] pnp 00:1c: [mem 0xfbffe000-0xfbffffff]
[    7.587707] system 00:1c: [mem 0xfbffe000-0xfbffffff] has been reserved
[    7.587770] system 00:1c: Plug and Play ACPI device, IDs PNP0c02 (active)
[    7.587821] pnp 00:1d: [bus ff]
[    7.587873] pnp 00:1d: Plug and Play ACPI device, IDs PNP0a03 (active)
[    7.588169] pnp: PnP ACPI: found 30 devices
[    7.588227] ACPI: ACPI bus type pnp unregistered
[    7.596086] PCI: max bus depth: 1 pci_try_num: 2
[    7.596193] pci 0000:00:01.0: PCI bridge to [bus 01-01]
[    7.596261] pci 0000:00:02.0: PCI bridge to [bus 02-02]
[    7.596327] pci 0000:00:02.2: PCI bridge to [bus 03-04]
[    7.596387] pci 0000:00:02.2:   bridge window [io  0x6000-0x6fff]
[    7.596450] pci 0000:00:02.2:   bridge window [mem 0xbb300000-0xbb3fffff]
[    7.596517] pci 0000:00:03.0: PCI bridge to [bus 05-05]
[    7.596578] pci 0000:00:03.0:   bridge window [mem 0xb9000000-0xba0fffff]
[    7.596642] pci 0000:00:03.0:   bridge window [mem 0xa0000000-0xb1ffffff 64bit pref]
[    7.596723] pci 0000:00:11.0: PCI bridge to [bus 06-06]
[    7.596783] pci 0000:00:11.0:   bridge window [io  0x5000-0x5fff]
[    7.596847] pci 0000:00:11.0:   bridge window [mem 0xbb200000-0xbb2fffff]
[    7.596912] pci 0000:00:11.0:   bridge window [mem 0xb4000000-0xb44fffff 64bit pref]
[    7.596994] pci 0000:00:1e.0: PCI bridge to [bus 07-07]
[    7.597056] pci 0000:00:1e.0:   bridge window [mem 0xba800000-0xbb0fffff]
[    7.597120] pci 0000:00:1e.0:   bridge window [mem 0xb3000000-0xb3ffffff 64bit pref]
[    7.597207] pci 0000:40:00.0: PCI bridge to [bus 41-41]
[    7.597274] pci 0000:40:01.0: PCI bridge to [bus 42-42]
[    7.597341] pci 0000:40:02.0: PCI bridge to [bus 43-43]
[    7.597403] pci 0000:40:02.0:   bridge window [mem 0xd2000000-0xd30fffff]
[    7.597466] pci 0000:40:02.0:   bridge window [mem 0xc0000000-0xd1ffffff 64bit pref]
[    7.597547] pci 0000:40:03.0: PCI bridge to [bus 44-44]
[    7.597620] pci 0000:80:00.0: PCI bridge to [bus 81-81]
[    7.597688] pci 0000:80:02.0: PCI bridge to [bus 82-82]
[    7.597756] pci 0000:80:03.0: PCI bridge to [bus 83-83]
[    7.597829] pci 0000:c0:00.0: PCI bridge to [bus c1-c1]
[    7.597897] pci 0000:c0:02.0: PCI bridge to [bus c2-c2]
[    7.597964] pci 0000:c0:03.0: PCI bridge to [bus c3-c3]
[    7.598024] pci 0000:c0:03.0:   bridge window [io  0xf000-0xffff]
[    7.598087] pci 0000:c0:03.0:   bridge window [mem 0xfbe00000-0xfbefffff]
[    7.598192] pci 0000:00:01.0: PCI INT A -> GSI 26 (level, low) -> IRQ 26
[    7.598263] pci 0000:00:01.0: setting latency timer to 64
[    7.598288] pci 0000:00:02.0: PCI INT A -> GSI 32 (level, low) -> IRQ 32
[    7.598353] pci 0000:00:02.0: setting latency timer to 64
[    7.598358] pci 0000:00:02.2: PCI INT A -> GSI 32 (level, low) -> IRQ 32
[    7.598423] pci 0000:00:02.2: setting latency timer to 64
[    7.598437] pci 0000:00:03.0: PCI INT A -> GSI 40 (level, low) -> IRQ 40
[    7.598502] pci 0000:00:03.0: setting latency timer to 64
[    7.598515] pci 0000:00:11.0: PCI INT A -> GSI 16 (level, low) -> IRQ 16
[    7.598582] pci 0000:00:11.0: setting latency timer to 64
[    7.598589] pci 0000:00:1e.0: setting latency timer to 64
[    7.598622] pci 0000:40:00.0: PCI INT A -> GSI 48 (level, low) -> IRQ 48
[    7.598687] pci 0000:40:00.0: setting latency timer to 64
[    7.598701] pci 0000:40:01.0: PCI INT A -> GSI 50 (level, low) -> IRQ 50
[    7.598766] pci 0000:40:01.0: setting latency timer to 64
[    7.598779] pci 0000:40:02.0: PCI INT A -> GSI 56 (level, low) -> IRQ 56
[    7.598845] pci 0000:40:02.0: setting latency timer to 64
[    7.598873] pci 0000:40:03.0: PCI INT A -> GSI 64 (level, low) -> IRQ 64
[    7.598938] pci 0000:40:03.0: setting latency timer to 64
[    7.598967] pci 0000:80:00.0: PCI INT A -> GSI 72 (level, low) -> IRQ 72
[    7.599032] pci 0000:80:00.0: setting latency timer to 64
[    7.599055] pci 0000:80:02.0: PCI INT A -> GSI 80 (level, low) -> IRQ 80
[    7.599121] pci 0000:80:02.0: setting latency timer to 64
[    7.599136] pci 0000:80:03.0: PCI INT A -> GSI 88 (level, low) -> IRQ 88
[    7.599201] pci 0000:80:03.0: setting latency timer to 64
[    7.599239] pci 0000:c0:00.0: PCI INT A -> GSI 96 (level, low) -> IRQ 96
[    7.599304] pci 0000:c0:00.0: setting latency timer to 64
[    7.599319] pci 0000:c0:02.0: PCI INT A -> GSI 104 (level, low) -> IRQ 104
[    7.599384] pci 0000:c0:02.0: setting latency timer to 64
[    7.599399] pci 0000:c0:03.0: PCI INT A -> GSI 112 (level, low) -> IRQ 112
[    7.599464] pci 0000:c0:03.0: setting latency timer to 64
[    7.599469] pci_bus 0000:00: resource 4 [io  0x0000-0x03af]
[    7.599471] pci_bus 0000:00: resource 5 [io  0x03e0-0x0cf7]
[    7.599473] pci_bus 0000:00: resource 6 [io  0x03b0-0x03df]
[    7.599475] pci_bus 0000:00: resource 7 [io  0x0d00-0x7fff]
[    7.599477] pci_bus 0000:00: resource 8 [mem 0x000a0000-0x000bffff]
[    7.599479] pci_bus 0000:00: resource 9 [mem 0x000c0000-0x000dffff]
[    7.599481] pci_bus 0000:00: resource 10 [mem 0xfed0e000-0xfed0ffff]
[    7.599483] pci_bus 0000:00: resource 11 [mem 0x80000000-0xbbffffff]
[    7.599485] pci_bus 0000:03: resource 0 [io  0x6000-0x6fff]
[    7.599487] pci_bus 0000:03: resource 1 [mem 0xbb300000-0xbb3fffff]
[    7.599489] pci_bus 0000:05: resource 1 [mem 0xb9000000-0xba0fffff]
[    7.599491] pci_bus 0000:05: resource 2 [mem 0xa0000000-0xb1ffffff 64bit pref]
[    7.599494] pci_bus 0000:06: resource 0 [io  0x5000-0x5fff]
[    7.599496] pci_bus 0000:06: resource 1 [mem 0xbb200000-0xbb2fffff]
[    7.599498] pci_bus 0000:06: resource 2 [mem 0xb4000000-0xb44fffff 64bit pref]
[    7.599500] pci_bus 0000:07: resource 1 [mem 0xba800000-0xbb0fffff]
[    7.599502] pci_bus 0000:07: resource 2 [mem 0xb3000000-0xb3ffffff 64bit pref]
[    7.599504] pci_bus 0000:07: resource 4 [io  0x0000-0x03af]
[    7.599506] pci_bus 0000:07: resource 5 [io  0x03e0-0x0cf7]
[    7.599508] pci_bus 0000:07: resource 6 [io  0x03b0-0x03df]
[    7.599510] pci_bus 0000:07: resource 7 [io  0x0d00-0x7fff]
[    7.599512] pci_bus 0000:07: resource 8 [mem 0x000a0000-0x000bffff]
[    7.599514] pci_bus 0000:07: resource 9 [mem 0x000c0000-0x000dffff]
[    7.599516] pci_bus 0000:07: resource 10 [mem 0xfed0e000-0xfed0ffff]
[    7.599518] pci_bus 0000:07: resource 11 [mem 0x80000000-0xbbffffff]
[    7.599521] pci_bus 0000:40: resource 4 [io  0x8000-0xbfff]
[    7.599523] pci_bus 0000:40: resource 5 [mem 0xbc000000-0xd3ffffff]
[    7.599526] pci_bus 0000:43: resource 1 [mem 0xd2000000-0xd30fffff]
[    7.599528] pci_bus 0000:43: resource 2 [mem 0xc0000000-0xd1ffffff 64bit pref]
[    7.599531] pci_bus 0000:80: resource 4 [io  0xc000-0xdfff]
[    7.599533] pci_bus 0000:80: resource 5 [mem 0xd4000000-0xe7ffffff]
[    7.599537] pci_bus 0000:c0: resource 4 [io  0xe000-0xffff]
[    7.599539] pci_bus 0000:c0: resource 5 [mem 0xe8000000-0xfbffffff]
[    7.599541] pci_bus 0000:c3: resource 0 [io  0xf000-0xffff]
[    7.599543] pci_bus 0000:c3: resource 1 [mem 0xfbe00000-0xfbefffff]
[    7.599660] NET: Registered protocol family 2
[    7.601860] IP route cache hash table entries: 524288 (order: 10, 4194304 bytes)
[    7.605229] TCP established hash table entries: 524288 (order: 11, 8388608 bytes)
[    7.607675] TCP bind hash table entries: 65536 (order: 8, 1048576 bytes)
[    7.608008] TCP: Hash tables configured (established 524288 bind 65536)
[    7.608071] TCP reno registered
[    7.608264] UDP hash table entries: 65536 (order: 9, 2097152 bytes)
[    7.609062] UDP-Lite hash table entries: 65536 (order: 9, 2097152 bytes)
[    7.610147] NET: Registered protocol family 1
[    7.610272] pci 0000:00:1a.0: PCI INT A -> GSI 16 (level, low) -> IRQ 16
[    7.630269] pci 0000:00:1a.0: PCI INT A disabled
[    7.630369] pci 0000:00:1d.0: PCI INT A -> GSI 23 (level, low) -> IRQ 23
[    7.650247] pci 0000:00:1d.0: PCI INT A disabled
[    7.650337] pci 0000:07:01.0: Boot video device
[    7.650702] PCI: CLS 64 bytes, default 64
[    7.650775] Trying to unpack rootfs image as initramfs...
[    7.705360] Freeing initrd memory: 2844k freed
[    7.705705] PCI-DMA: Using software bounce buffering for IO (SWIOTLB)
[    7.705767] Placing 64MB software IO TLB between ffff88007a00c000 - ffff88007e00c000
[    7.705845] software IO TLB at phys 0x7a00c000 - 0x7e00c000
[    7.710660] microcode: CPU0 sig=0x206d7, pf=0x20, revision=0x70d
[    7.710725] microcode: CPU1 sig=0x206d7, pf=0x20, revision=0x70d
[    7.710793] microcode: CPU2 sig=0x206d7, pf=0x20, revision=0x70d
[    7.710876] microcode: CPU3 sig=0x206d7, pf=0x20, revision=0x70d
[    7.710945] microcode: CPU4 sig=0x206d7, pf=0x20, revision=0x70d
[    7.711015] microcode: CPU5 sig=0x206d7, pf=0x20, revision=0x70d
[    7.711085] microcode: CPU6 sig=0x206d7, pf=0x20, revision=0x70d
[    7.711154] microcode: CPU7 sig=0x206d7, pf=0x20, revision=0x70d
[    7.711230] microcode: CPU8 sig=0x206d7, pf=0x20, revision=0x70d
[    7.711324] microcode: CPU9 sig=0x206d7, pf=0x20, revision=0x70d
[    7.711398] microcode: CPU10 sig=0x206d7, pf=0x20, revision=0x70d
[    7.711472] microcode: CPU11 sig=0x206d7, pf=0x20, revision=0x70d
[    7.711546] microcode: CPU12 sig=0x206d7, pf=0x20, revision=0x70d
[    7.711619] microcode: CPU13 sig=0x206d7, pf=0x20, revision=0x70d
[    7.711692] microcode: CPU14 sig=0x206d7, pf=0x20, revision=0x70d
[    7.711765] microcode: CPU15 sig=0x206d7, pf=0x20, revision=0x70d
[    7.711849] microcode: CPU16 sig=0x206d7, pf=0x20, revision=0x70d
[    7.711971] microcode: CPU17 sig=0x206d7, pf=0x20, revision=0x70d
[    7.712056] microcode: CPU18 sig=0x206d7, pf=0x20, revision=0x70d
[    7.712140] microcode: CPU19 sig=0x206d7, pf=0x20, revision=0x70d
[    7.712223] microcode: CPU20 sig=0x206d7, pf=0x20, revision=0x70d
[    7.712307] microcode: CPU21 sig=0x206d7, pf=0x20, revision=0x70d
[    7.712390] microcode: CPU22 sig=0x206d7, pf=0x20, revision=0x70d
[    7.712473] microcode: CPU23 sig=0x206d7, pf=0x20, revision=0x70d
[    7.712607] microcode: CPU24 sig=0x206d7, pf=0x20, revision=0x70d
[    7.712689] microcode: CPU25 sig=0x206d7, pf=0x20, revision=0x70d
[    7.712764] microcode: CPU26 sig=0x206d7, pf=0x20, revision=0x70d
[    7.712837] microcode: CPU27 sig=0x206d7, pf=0x20, revision=0x70d
[    7.712909] microcode: CPU28 sig=0x206d7, pf=0x20, revision=0x70d
[    7.712982] microcode: CPU29 sig=0x206d7, pf=0x20, revision=0x70d
[    7.713056] microcode: CPU30 sig=0x206d7, pf=0x20, revision=0x70d
[    7.713168] microcode: CPU31 sig=0x206d7, pf=0x20, revision=0x70d
[    7.713260] microcode: CPU32 sig=0x206d7, pf=0x20, revision=0x70d
[    7.713335] microcode: CPU33 sig=0x206d7, pf=0x20, revision=0x70d
[    7.713404] microcode: CPU34 sig=0x206d7, pf=0x20, revision=0x70d
[    7.713471] microcode: CPU35 sig=0x206d7, pf=0x20, revision=0x70d
[    7.713537] microcode: CPU36 sig=0x206d7, pf=0x20, revision=0x70d
[    7.713604] microcode: CPU37 sig=0x206d7, pf=0x20, revision=0x70d
[    7.713671] microcode: CPU38 sig=0x206d7, pf=0x20, revision=0x70d
[    7.713740] microcode: CPU39 sig=0x206d7, pf=0x20, revision=0x70d
[    7.713810] microcode: CPU40 sig=0x206d7, pf=0x20, revision=0x70d
[    7.713897] microcode: CPU41 sig=0x206d7, pf=0x20, revision=0x70d
[    7.713969] microcode: CPU42 sig=0x206d7, pf=0x20, revision=0x70d
[    7.714040] microcode: CPU43 sig=0x206d7, pf=0x20, revision=0x70d
[    7.714111] microcode: CPU44 sig=0x206d7, pf=0x20, revision=0x70d
[    7.714187] microcode: CPU45 sig=0x206d7, pf=0x20, revision=0x70d
[    7.714259] microcode: CPU46 sig=0x206d7, pf=0x20, revision=0x70d
[    7.714330] microcode: CPU47 sig=0x206d7, pf=0x20, revision=0x70d
[    7.714405] microcode: CPU48 sig=0x206d7, pf=0x20, revision=0x70d
[    7.714512] microcode: CPU49 sig=0x206d7, pf=0x20, revision=0x70d
[    7.714593] microcode: CPU50 sig=0x206d7, pf=0x20, revision=0x70d
[    7.714674] microcode: CPU51 sig=0x206d7, pf=0x20, revision=0x70d
[    7.714756] microcode: CPU52 sig=0x206d7, pf=0x20, revision=0x70d
[    7.714838] microcode: CPU53 sig=0x206d7, pf=0x20, revision=0x70d
[    7.714920] microcode: CPU54 sig=0x206d7, pf=0x20, revision=0x70d
[    7.715002] microcode: CPU55 sig=0x206d7, pf=0x20, revision=0x70d
[    7.715109] microcode: CPU56 sig=0x206d7, pf=0x20, revision=0x70d
[    7.715195] microcode: CPU57 sig=0x206d7, pf=0x20, revision=0x70d
[    7.715266] microcode: CPU58 sig=0x206d7, pf=0x20, revision=0x70d
[    7.715351] microcode: CPU59 sig=0x206d7, pf=0x20, revision=0x70d
[    7.715423] microcode: CPU60 sig=0x206d7, pf=0x20, revision=0x70d
[    7.715494] microcode: CPU61 sig=0x206d7, pf=0x20, revision=0x70d
[    7.715566] microcode: CPU62 sig=0x206d7, pf=0x20, revision=0x70d
[    7.715638] microcode: CPU63 sig=0x206d7, pf=0x20, revision=0x70d
[    7.715786] microcode: Microcode Update Driver: v2.00 <tigran@aivazian.fsnet.co.uk>, Peter Oruba
[    7.716181] audit: initializing netlink socket (disabled)
[    7.716248] type=2000 audit(1464523075.420:1): initialized
[    7.754672] HugeTLB registered 2 MB page size, pre-allocated 0 pages
[    7.796405] VFS: Disk quotas dquot_6.5.2
[    7.796568] Dquot-cache hash table entries: 512 (order 0, 4096 bytes)
[    7.797269] fuse init (API version 7.17)
[    7.797476] msgmni has been set to 32768
[    7.798284] Block layer SCSI generic (bsg) driver version 0.4 loaded (major 253)
[    7.798363] io scheduler noop registered
[    7.798419] io scheduler deadline registered (default)
[    7.798518] io scheduler cfq registered
[    7.799066] pcieport 0000:00:01.0: setting latency timer to 64
[    7.799123] pcieport 0000:00:01.0: irq 136 for MSI/MSI-X
[    7.799198] pcieport 0000:00:02.0: setting latency timer to 64
[    7.799238] pcieport 0000:00:02.0: irq 137 for MSI/MSI-X
[    7.799304] pcieport 0000:00:02.2: setting latency timer to 64
[    7.799344] pcieport 0000:00:02.2: irq 138 for MSI/MSI-X
[    7.799410] pcieport 0000:00:03.0: setting latency timer to 64
[    7.799450] pcieport 0000:00:03.0: irq 139 for MSI/MSI-X
[    7.799515] pcieport 0000:00:11.0: setting latency timer to 64
[    7.799582] pcieport 0000:00:11.0: irq 140 for MSI/MSI-X
[    7.799834] pcieport 0000:40:00.0: setting latency timer to 64
[    7.799916] pcieport 0000:40:00.0: irq 141 for MSI/MSI-X
[    7.800074] pcieport 0000:40:01.0: setting latency timer to 64
[    7.800115] pcieport 0000:40:01.0: irq 142 for MSI/MSI-X
[    7.800214] pcieport 0000:40:02.0: setting latency timer to 64
[    7.800254] pcieport 0000:40:02.0: irq 143 for MSI/MSI-X
[    7.800347] pcieport 0000:40:03.0: setting latency timer to 64
[    7.800386] pcieport 0000:40:03.0: irq 144 for MSI/MSI-X
[    7.800700] pcieport 0000:80:00.0: setting latency timer to 64
[    7.800797] pcieport 0000:80:00.0: irq 145 for MSI/MSI-X
[    7.801015] pcieport 0000:80:02.0: setting latency timer to 64
[    7.801073] pcieport 0000:80:02.0: irq 146 for MSI/MSI-X
[    7.801167] pcieport 0000:80:03.0: setting latency timer to 64
[    7.801234] pcieport 0000:80:03.0: irq 147 for MSI/MSI-X
[    7.801550] pcieport 0000:c0:00.0: setting latency timer to 64
[    7.801644] pcieport 0000:c0:00.0: irq 148 for MSI/MSI-X
[    7.801838] pcieport 0000:c0:02.0: setting latency timer to 64
[    7.801879] pcieport 0000:c0:02.0: irq 149 for MSI/MSI-X
[    7.801998] pcieport 0000:c0:03.0: setting latency timer to 64
[    7.802075] pcieport 0000:c0:03.0: irq 150 for MSI/MSI-X
[    7.802231] pci_hotplug: PCI Hot Plug PCI Core version: 0.5
[    7.802310] pciehp: PCI Express Hot Plug Controller Driver version: 0.4
[    7.802372] acpiphp: ACPI Hot Plug PCI Controller Driver version: 0.5
[    7.803206] intel_idle: MWAIT substates: 0x21120
[    7.803208] intel_idle: v0.4 model 0x2D
[    7.803209] intel_idle: lapic_timer_reliable_states 0xffffffff
[    7.803533] input: Power Button as /devices/LNXSYSTM:00/LNXSYBUS:00/PNP0C0C:00/input/input0
[    7.803615] ACPI: Power Button [PWRB]
[    7.803719] input: Power Button as /devices/LNXSYSTM:00/LNXPWRBN:00/input/input1
[    7.803797] ACPI: Power Button [PWRF]
[    7.925026] ERST: Error Record Serialization Table (ERST) support is initialized.
[    7.925182] GHES: APEI firmware first mode is enabled by APEI bit and WHEA _OSC.
[    7.925397] Serial: 8250/16550 driver, 32 ports, IRQ sharing enabled
[    7.945914] serial8250: ttyS0 at I/O 0x3f8 (irq = 4) is a 16550A
[    8.030304] serial8250: ttyS1 at I/O 0x2f8 (irq = 3) is a 16550A
[    8.701194] Refined TSC clocksource calibration: 2199.999 MHz.
[    8.701260] Switching to clocksource tsc
[    9.165383] 00:04: ttyS0 at I/O 0x3f8 (irq = 4) is a 16550A
[    9.237174] 00:05: ttyS1 at I/O 0x2f8 (irq = 3) is a 16550A
[    9.289227] Linux agpgart interface v0.103
[    9.289617] tpm_tis 00:0c: 1.2 TPM (device-id 0xB, rev-id 16)
[    9.998658] brd: module loaded
[    9.999909] loop: module loaded
[   10.000266] Fixed MDIO Bus: probed
[   10.000325] tun: Universal TUN/TAP device driver, 1.6
[   10.000387] tun: (C) 1999-2004 Max Krasnyansky <maxk@qualcomm.com>
[   10.000518] PPP generic driver version 2.4.2
[   10.000646] ehci_hcd: USB 2.0 'Enhanced' Host Controller (EHCI) Driver
[   10.000769] ehci_hcd 0000:00:1a.0: PCI INT A -> GSI 16 (level, low) -> IRQ 16
[   10.000896] ehci_hcd 0000:00:1a.0: setting latency timer to 64
[   10.000899] ehci_hcd 0000:00:1a.0: EHCI Host Controller
[   10.000976] ehci_hcd 0000:00:1a.0: new USB bus registered, assigned bus number 1
[   10.001083] ehci_hcd 0000:00:1a.0: debug port 2
[   10.005029] ehci_hcd 0000:00:1a.0: cache line size of 64 is not supported
[   10.005048] ehci_hcd 0000:00:1a.0: irq 16, io mem 0xba124000
[   10.019928] ehci_hcd 0000:00:1a.0: USB 2.0 started, EHCI 1.00
[   10.020020] usb usb1: New USB device found, idVendor=1d6b, idProduct=0002
[   10.020082] usb usb1: New USB device strings: Mfr=3, Product=2, SerialNumber=1
[   10.020159] usb usb1: Product: EHCI Host Controller
[   10.020217] usb usb1: Manufacturer: Linux 3.2.80 ehci_hcd
[   10.020276] usb usb1: SerialNumber: 0000:00:1a.0
[   10.020504] hub 1-0:1.0: USB hub found
[   10.020565] hub 1-0:1.0: 2 ports detected
[   10.020944] ehci_hcd 0000:00:1d.0: PCI INT A -> GSI 23 (level, low) -> IRQ 23
[   10.021032] ehci_hcd 0000:00:1d.0: setting latency timer to 64
[   10.021035] ehci_hcd 0000:00:1d.0: EHCI Host Controller
[   10.021101] ehci_hcd 0000:00:1d.0: new USB bus registered, assigned bus number 2
[   10.021202] ehci_hcd 0000:00:1d.0: debug port 2
[   10.025134] ehci_hcd 0000:00:1d.0: cache line size of 64 is not supported
[   10.025154] ehci_hcd 0000:00:1d.0: irq 23, io mem 0xba123000
[   10.039883] ehci_hcd 0000:00:1d.0: USB 2.0 started, EHCI 1.00
[   10.039986] usb usb2: New USB device found, idVendor=1d6b, idProduct=0002
