[    0.000000] Linux version 3.13.11 (root@bench) (gcc version 4.7.3 (Gentoo 4.7.3-r1 p1.4, pie-0.5.5) ) #1 SMP Fri May 13 11:39:30 CEST 2016
[    0.000000] Command line: BOOT_IMAGE=/kernel-3.13.11 root=/dev/sdg3 ro
[    0.000000] e820: BIOS-provided physical RAM map:
[    0.000000] BIOS-e820: [mem 0x0000000000000000-0x000000000009b3ff] usable
[    0.000000] BIOS-e820: [mem 0x000000000009b400-0x000000000009ffff] reserved
[    0.000000] BIOS-e820: [mem 0x00000000000e0000-0x00000000000fffff] reserved
[    0.000000] BIOS-e820: [mem 0x0000000000100000-0x000000001fffffff] usable
[    0.000000] BIOS-e820: [mem 0x0000000020000000-0x00000000201fffff] reserved
[    0.000000] BIOS-e820: [mem 0x0000000020200000-0x000000003fffffff] usable
[    0.000000] BIOS-e820: [mem 0x0000000040000000-0x00000000401fffff] reserved
[    0.000000] BIOS-e820: [mem 0x0000000040200000-0x00000000b677dfff] usable
[    0.000000] BIOS-e820: [mem 0x00000000b677e000-0x00000000b67d4fff] ACPI NVS
[    0.000000] BIOS-e820: [mem 0x00000000b67d5000-0x00000000b6b5bfff] reserved
[    0.000000] BIOS-e820: [mem 0x00000000b6b5c000-0x00000000b6b5efff] ACPI NVS
[    0.000000] BIOS-e820: [mem 0x00000000b6b5f000-0x00000000b6da4fff] reserved
[    0.000000] BIOS-e820: [mem 0x00000000b6da5000-0x00000000b6db5fff] ACPI NVS
[    0.000000] BIOS-e820: [mem 0x00000000b6db6000-0x00000000b6dccfff] reserved
[    0.000000] BIOS-e820: [mem 0x00000000b6dcd000-0x00000000b6dcefff] usable
[    0.000000] BIOS-e820: [mem 0x00000000b6dcf000-0x00000000b6dd6fff] reserved
[    0.000000] BIOS-e820: [mem 0x00000000b6dd7000-0x00000000b6de1fff] ACPI NVS
[    0.000000] BIOS-e820: [mem 0x00000000b6de2000-0x00000000b6e3dfff] reserved
[    0.000000] BIOS-e820: [mem 0x00000000b6e3e000-0x00000000b6e80fff] ACPI NVS
[    0.000000] BIOS-e820: [mem 0x00000000b6e81000-0x00000000b6ffffff] usable
[    0.000000] BIOS-e820: [mem 0x00000000b7800000-0x00000000bf9fffff] reserved
[    0.000000] BIOS-e820: [mem 0x00000000fed1c000-0x00000000fed1ffff] reserved
[    0.000000] BIOS-e820: [mem 0x00000000ff000000-0x00000000ffffffff] reserved
[    0.000000] BIOS-e820: [mem 0x0000000100000000-0x000000023fdfffff] usable
[    0.000000] NX (Execute Disable) protection: active
[    0.000000] SMBIOS 2.6 present.
[    0.000000] DMI: System manufacturer System Product Name/P8Z68-V PRO, BIOS 0501 05/09/2011
[    0.000000] e820: update [mem 0x00000000-0x00000fff] usable ==> reserved
[    0.000000] e820: remove [mem 0x000a0000-0x000fffff] usable
[    0.000000] No AGP bridge found
[    0.000000] e820: last_pfn = 0x23fe00 max_arch_pfn = 0x400000000
[    0.000000] MTRR default type: uncachable
[    0.000000] MTRR fixed ranges enabled:
[    0.000000]   00000-9FFFF write-back
[    0.000000]   A0000-BFFFF uncachable
[    0.000000]   C0000-D3FFF write-protect
[    0.000000]   D4000-E7FFF uncachable
[    0.000000]   E8000-FFFFF write-protect
[    0.000000] MTRR variable ranges enabled:
[    0.000000]   0 base 000000000 mask E00000000 write-back
[    0.000000]   1 base 200000000 mask FC0000000 write-back
[    0.000000]   2 base 0B7800000 mask FFF800000 uncachable
[    0.000000]   3 base 0B8000000 mask FF8000000 uncachable
[    0.000000]   4 base 0C0000000 mask FC0000000 uncachable
[    0.000000]   5 base 23FE00000 mask FFFE00000 uncachable
[    0.000000]   6 disabled
[    0.000000]   7 disabled
[    0.000000]   8 disabled
[    0.000000]   9 disabled
[    0.000000] x86 PAT enabled: cpu 0, old 0x7040600070406, new 0x7010600070106
[    0.000000] e820: update [mem 0xb7800000-0xffffffff] usable ==> reserved
[    0.000000] e820: last_pfn = 0xb7000 max_arch_pfn = 0x400000000
[    0.000000] found SMP MP-table at [mem 0x000fcee0-0x000fceef] mapped at [ffff8800000fcee0]
[    0.000000] Scanning 1 areas for low memory corruption
[    0.000000] Base memory trampoline at [ffff880000095000] 95000 size 24576
[    0.000000] reserving inaccessible SNB gfx pages
[    0.000000] init_memory_mapping: [mem 0x00000000-0x000fffff]
[    0.000000]  [mem 0x00000000-0x000fffff] page 4k
[    0.000000] BRK [0x01eaa000, 0x01eaafff] PGTABLE
[    0.000000] BRK [0x01eab000, 0x01eabfff] PGTABLE
[    0.000000] BRK [0x01eac000, 0x01eacfff] PGTABLE
[    0.000000] init_memory_mapping: [mem 0x23fc00000-0x23fdfffff]
[    0.000000]  [mem 0x23fc00000-0x23fdfffff] page 2M
[    0.000000] BRK [0x01ead000, 0x01eadfff] PGTABLE
[    0.000000] init_memory_mapping: [mem 0x23c000000-0x23fbfffff]
[    0.000000]  [mem 0x23c000000-0x23fbfffff] page 2M
[    0.000000] init_memory_mapping: [mem 0x200000000-0x23bffffff]
[    0.000000]  [mem 0x200000000-0x23bffffff] page 2M
[    0.000000] init_memory_mapping: [mem 0x00100000-0x1fffffff]
[    0.000000]  [mem 0x00100000-0x001fffff] page 4k
[    0.000000]  [mem 0x00200000-0x1fffffff] page 2M
[    0.000000] init_memory_mapping: [mem 0x20200000-0x3fffffff]
[    0.000000]  [mem 0x20200000-0x3fffffff] page 2M
[    0.000000] init_memory_mapping: [mem 0x40200000-0xb677dfff]
[    0.000000]  [mem 0x40200000-0xb65fffff] page 2M
[    0.000000]  [mem 0xb6600000-0xb677dfff] page 4k
[    0.000000] BRK [0x01eae000, 0x01eaefff] PGTABLE
[    0.000000] BRK [0x01eaf000, 0x01eaffff] PGTABLE
[    0.000000] init_memory_mapping: [mem 0xb6dcd000-0xb6dcefff]
[    0.000000]  [mem 0xb6dcd000-0xb6dcefff] page 4k
[    0.000000] init_memory_mapping: [mem 0xb6e81000-0xb6ffffff]
[    0.000000]  [mem 0xb6e81000-0xb6ffffff] page 4k
[    0.000000] init_memory_mapping: [mem 0x100000000-0x1ffffffff]
[    0.000000]  [mem 0x100000000-0x1ffffffff] page 2M
[    0.000000] ACPI: RSDP 00000000000f0420 000024 (v02 ALASKA)
[    0.000000] ACPI: XSDT 00000000b67ca068 00004C (v01 ALASKA    A M I 01072009 AMI  00010013)
[    0.000000] ACPI: FACP 00000000b67d42d8 0000F4 (v04 ALASKA    A M I 01072009 AMI  00010013)
[    0.000000] ACPI: DSDT 00000000b67ca140 00A198 (v02 ALASKA    A M I 00000000 INTL 20051117)
[    0.000000] ACPI: FACS 00000000b6dd9f80 000040
[    0.000000] ACPI: APIC 00000000b67d43d0 000072 (v03 ALASKA    A M I 01072009 AMI  00010013)
[    0.000000] ACPI: SSDT 00000000b67d4448 000102 (v01 AMICPU     PROC 00000001 MSFT 03000001)
[    0.000000] ACPI: MCFG 00000000b67d4550 00003C (v01 ALASKA    A M I 01072009 MSFT 00000097)
[    0.000000] ACPI: HPET 00000000b67d4590 000038 (v01 ALASKA    A M I 01072009 AMI. 00000004)
[    0.000000] ACPI: Local APIC address 0xfee00000
[    0.000000] No NUMA configuration found
[    0.000000] Faking a node at [mem 0x0000000000000000-0x000000023fdfffff]
[    0.000000] Initmem setup node 0 [mem 0x00000000-0x23fdfffff]
[    0.000000]   NODE_DATA [mem 0x23fdf5000-0x23fdf8fff]
[    0.000000]  [ffffea0000000000-ffffea0008ffffff] PMD -> [ffff880237600000-ffff88023f3fffff] on node 0
[    0.000000] Zone ranges:
[    0.000000]   DMA      [mem 0x00001000-0x00ffffff]
[    0.000000]   DMA32    [mem 0x01000000-0xffffffff]
[    0.000000]   Normal   [mem 0x100000000-0x23fdfffff]
[    0.000000] Movable zone start for each node
[    0.000000] Early memory node ranges
[    0.000000]   node   0: [mem 0x00001000-0x0009afff]
[    0.000000]   node   0: [mem 0x00100000-0x1fffffff]
[    0.000000]   node   0: [mem 0x20200000-0x3fffffff]
[    0.000000]   node   0: [mem 0x40200000-0xb677dfff]
[    0.000000]   node   0: [mem 0xb6dcd000-0xb6dcefff]
[    0.000000]   node   0: [mem 0xb6e81000-0xb6ffffff]
[    0.000000]   node   0: [mem 0x100000000-0x23fdfffff]
[    0.000000] On node 0 totalpages: 2056857
[    0.000000]   DMA zone: 64 pages used for memmap
[    0.000000]   DMA zone: 154 pages reserved
[    0.000000]   DMA zone: 3994 pages, LIFO batch:0
[    0.000000]   DMA32 zone: 11604 pages used for memmap
[    0.000000]   DMA32 zone: 742655 pages, LIFO batch:31
[    0.000000]   Normal zone: 20472 pages used for memmap
[    0.000000]   Normal zone: 1310208 pages, LIFO batch:31
[    0.000000] ACPI: PM-Timer IO Port: 0x408
[    0.000000] ACPI: Local APIC address 0xfee00000
[    0.000000] ACPI: LAPIC (acpi_id[0x01] lapic_id[0x00] enabled)
[    0.000000] ACPI: LAPIC (acpi_id[0x02] lapic_id[0x02] enabled)
[    0.000000] ACPI: LAPIC (acpi_id[0x03] lapic_id[0x04] enabled)
[    0.000000] ACPI: LAPIC (acpi_id[0x04] lapic_id[0x06] enabled)
[    0.000000] ACPI: LAPIC_NMI (acpi_id[0xff] high edge lint[0x1])
[    0.000000] ACPI: IOAPIC (id[0x00] address[0xfec00000] gsi_base[0])
[    0.000000] IOAPIC[0]: apic_id 0, version 32, address 0xfec00000, GSI 0-23
[    0.000000] ACPI: INT_SRC_OVR (bus 0 bus_irq 0 global_irq 2 dfl dfl)
[    0.000000] ACPI: INT_SRC_OVR (bus 0 bus_irq 9 global_irq 9 high level)
[    0.000000] ACPI: IRQ0 used by override.
[    0.000000] ACPI: IRQ2 used by override.
[    0.000000] ACPI: IRQ9 used by override.
[    0.000000] Using ACPI (MADT) for SMP configuration information
[    0.000000] ACPI: HPET id: 0x8086a701 base: 0xfed00000
[    0.000000] smpboot: Allowing 4 CPUs, 0 hotplug CPUs
[    0.000000] nr_irqs_gsi: 40
[    0.000000] e820: [mem 0xbfa00000-0xfed1bfff] available for PCI devices
[    0.000000] setup_percpu: NR_CPUS:64 nr_cpumask_bits:64 nr_cpu_ids:4 nr_node_ids:1
[    0.000000] PERCPU: Embedded 27 pages/cpu @ffff88023fa00000 s79232 r8192 d23168 u524288
[    0.000000] pcpu-alloc: s79232 r8192 d23168 u524288 alloc=1*2097152
[    0.000000] pcpu-alloc: [0] 0 1 2 3 
[    0.000000] Built 1 zonelists in Zone order, mobility grouping on.  Total pages: 2024563
[    0.000000] Policy zone: Normal
[    0.000000] Kernel command line: BOOT_IMAGE=/kernel-3.13.11 root=/dev/sdg3 ro
[    0.000000] PID hash table entries: 4096 (order: 3, 32768 bytes)
[    0.000000] xsave: enabled xstate_bv 0x7, cntxt size 0x340
[    0.000000] Checking aperture...
[    0.000000] No AGP bridge found
[    0.000000] Memory: 8016064K/8227428K available (7273K kernel code, 754K rwdata, 2436K rodata, 968K init, 972K bss, 211364K reserved)
[    0.000000] SLUB: HWalign=64, Order=0-3, MinObjects=0, CPUs=4, Nodes=1
[    0.000000] Hierarchical RCU implementation.
[    0.000000] 	RCU restricting CPUs from NR_CPUS=64 to nr_cpu_ids=4.
[    0.000000] NR_IRQS:4352 nr_irqs:712 16
[    0.000000] Console: colour VGA+ 80x25
[    0.000000] console [tty0] enabled
[    0.000000] hpet clockevent registered
[    0.000000] tsc: Fast TSC calibration using PIT
[    0.001000] tsc: Detected 3300.129 MHz processor
[    0.000001] Calibrating delay loop (skipped), value calculated using timer frequency.. 6600.25 BogoMIPS (lpj=3300129)
[    0.000138] pid_max: default: 32768 minimum: 301
[    0.000219] Security Framework initialized
[    0.000627] Dentry cache hash table entries: 1048576 (order: 11, 8388608 bytes)
[    0.001935] Inode-cache hash table entries: 524288 (order: 10, 4194304 bytes)
[    0.002516] Mount-cache hash table entries: 16384 (order: 5, 131072 bytes)
[    0.002593] Mountpoint-cache hash table entries: 16384 (order: 5, 131072 bytes)
[    0.002832] CPU: Physical Processor ID: 0
[    0.002910] CPU: Processor Core ID: 0
[    0.002979] ENERGY_PERF_BIAS: Set to 'normal', was 'performance'
               ENERGY_PERF_BIAS: View and update with x86_energy_perf_policy(8)
[    0.003084] mce: CPU supports 9 MCE banks
[    0.003159] CPU0: Thermal monitoring enabled (TM1)
[    0.003235] Last level iTLB entries: 4KB 512, 2MB 0, 4MB 0
               Last level dTLB entries: 4KB 512, 2MB 32, 4MB 32
               tlb_flushall_shift: 5
[    0.003460] Freeing SMP alternatives memory: 24K (ffffffff81db0000 - ffffffff81db6000)
[    0.003557] ACPI: Core revision 20131115
[    0.005532] ACPI: All ACPI Tables successfully acquired
[    0.107810] ..TIMER: vector=0x30 apic1=0 pin1=2 apic2=-1 pin2=-1
[    0.117873] smpboot: CPU0: Intel(R) Core(TM) i5-2500K CPU @ 3.30GHz (fam: 06, model: 2a, stepping: 07)
[    0.118086] TSC deadline timer enabled
[    0.118092] Performance Events: PEBS fmt1+, 16-deep LBR, SandyBridge events, full-width counters, Intel PMU driver.
[    0.118380] perf_event_intel: PEBS disabled due to CPU errata, please upgrade microcode
[    0.118477] ... version:                3
[    0.118543] ... bit width:              48
[    0.118610] ... generic registers:      8
[    0.118677] ... value mask:             0000ffffffffffff
[    0.118745] ... max period:             0000ffffffffffff
[    0.118813] ... fixed-purpose events:   3
[    0.118880] ... event mask:             00000007000000ff
[    0.119090] x86: Booting SMP configuration:
[    0.119157] .... node  #0, CPUs:      #1 #2 #3
[    0.159097] x86: Booted up 1 node, 4 CPUs
[    0.159227] smpboot: Total of 4 processors activated (26401.03 BogoMIPS)
[    0.161407] devtmpfs: initialized
[    0.161614] kworker/u8:0 (25) used greatest stack depth: 5896 bytes left
[    0.161696] NET: Registered protocol family 16
[    0.161938] cpuidle: using governor ladder
[    0.162005] cpuidle: using governor menu
[    0.162084] ACPI: bus type PCI registered
[    0.162196] PCI: MMCONFIG for domain 0000 [bus 00-3f] at [mem 0xe0000000-0xe3ffffff] (base 0xe0000000)
[    0.162297] PCI: not using MMCONFIG
[    0.162364] PCI: Using configuration type 1 for base access
[    0.166220] bio: create slab <bio-0> at 0
[    0.166375] ACPI: Added _OSI(Module Device)
[    0.166442] ACPI: Added _OSI(Processor Device)
[    0.166509] ACPI: Added _OSI(3.0 _SCP Extensions)
[    0.166577] ACPI: Added _OSI(Processor Aggregator Device)
[    0.168083] ACPI: Executed 1 blocks of module-level executable AML code
[    0.169750] ACPI: SSDT 00000000b6dd8918 0003E0 (v01    AMI      IST 00000001 MSFT 03000001)
[    0.170134] ACPI: Dynamic OEM Table Load:
[    0.170274] ACPI: SSDT           (null) 0003E0 (v01    AMI      IST 00000001 MSFT 03000001)
[    0.170462] ACPI: SSDT 00000000b6dd7d98 0000E4 (v01    AMI      CST 00000001 MSFT 03000001)
[    0.170814] ACPI: Dynamic OEM Table Load:
[    0.170955] ACPI: SSDT           (null) 0000E4 (v01    AMI      CST 00000001 MSFT 03000001)
[    0.171414] ACPI: Interpreter enabled
[    0.171483] ACPI: (supports S0 S5)
[    0.171549] ACPI: Using IOAPIC for interrupt routing
[    0.171631] PCI: MMCONFIG for domain 0000 [bus 00-3f] at [mem 0xe0000000-0xe3ffffff] (base 0xe0000000)
[    0.171762] PCI: MMCONFIG at [mem 0xe0000000-0xe3ffffff] reserved in ACPI motherboard resources
[    0.177123] PCI: Using host bridge windows from ACPI; if necessary, use "pci=nocrs" and report a bug
[    0.177310] ACPI: No dock devices found.
[    0.177568] [Firmware Bug]: ACPI: BIOS _OSI(Linux) query ignored
[    0.182566] ACPI: PCI Root Bridge [PCI0] (domain 0000 [bus 00-ff])
[    0.182640] acpi PNP0A08:00: _OSC: OS supports [ExtendedConfig ASPM ClockPM Segments MSI]
[    0.183281] acpi PNP0A08:00: _OSC: platform does not support [PCIeHotplug]
[    0.183435] acpi PNP0A08:00: _OSC: OS now controls [PME AER PCIeCapability]
[    0.183615] acpi PNP0A08:00: ignoring host bridge window [mem 0x000c8000-0x000dffff] (conflicts with Video ROM [mem 0x000c0000-0x000cdbff])
[    0.183719] acpi PNP0A08:00: [Firmware Info]: MMCONFIG for domain 0000 [bus 00-3f] only partially covers this bridge
[    0.183839] PCI host bridge to bus 0000:00
[    0.183907] pci_bus 0000:00: root bus resource [bus 00-ff]
[    0.183976] pci_bus 0000:00: root bus resource [io  0x0000-0x0cf7]
[    0.184046] pci_bus 0000:00: root bus resource [io  0x0d00-0xffff]
[    0.184117] pci_bus 0000:00: root bus resource [mem 0x000a0000-0x000bffff]
[    0.184189] pci_bus 0000:00: root bus resource [mem 0xbfa00000-0xffffffff]
[    0.184265] pci 0000:00:00.0: [8086:0100] type 00 class 0x060000
[    0.184333] pci 0000:00:01.0: [8086:0101] type 01 class 0x060400
[    0.184355] pci 0000:00:01.0: PME# supported from D0 D3hot D3cold
[    0.184410] pci 0000:00:02.0: [8086:0112] type 00 class 0x030000
[    0.184418] pci 0000:00:02.0: reg 0x10: [mem 0xfa400000-0xfa7fffff 64bit]
[    0.184422] pci 0000:00:02.0: reg 0x18: [mem 0xc0000000-0xcfffffff 64bit pref]
[    0.184425] pci 0000:00:02.0: reg 0x20: [io  0xf000-0xf03f]
[    0.184507] pci 0000:00:16.0: [8086:1c3a] type 00 class 0x078000
[    0.184529] pci 0000:00:16.0: reg 0x10: [mem 0xfad29000-0xfad2900f 64bit]
[    0.184599] pci 0000:00:16.0: PME# supported from D0 D3hot D3cold
[    0.184665] pci 0000:00:19.0: [8086:1503] type 00 class 0x020000
[    0.184681] pci 0000:00:19.0: reg 0x10: [mem 0xfad00000-0xfad1ffff]
[    0.184689] pci 0000:00:19.0: reg 0x14: [mem 0xfad28000-0xfad28fff]
[    0.184697] pci 0000:00:19.0: reg 0x18: [io  0xf080-0xf09f]
[    0.184756] pci 0000:00:19.0: PME# supported from D0 D3hot D3cold
[    0.184816] pci 0000:00:1a.0: [8086:1c2d] type 00 class 0x0c0320
[    0.184835] pci 0000:00:1a.0: reg 0x10: [mem 0xfad27000-0xfad273ff]
[    0.184920] pci 0000:00:1a.0: PME# supported from D0 D3hot D3cold
[    0.184983] pci 0000:00:1b.0: [8086:1c20] type 00 class 0x040300
[    0.184996] pci 0000:00:1b.0: reg 0x10: [mem 0xfad20000-0xfad23fff 64bit]
[    0.185059] pci 0000:00:1b.0: PME# supported from D0 D3hot D3cold
[    0.185115] pci 0000:00:1c.0: [8086:1c10] type 01 class 0x060400
[    0.185189] pci 0000:00:1c.0: PME# supported from D0 D3hot D3cold
[    0.185250] pci 0000:00:1c.1: [8086:1c12] type 01 class 0x060400
[    0.185324] pci 0000:00:1c.1: PME# supported from D0 D3hot D3cold
[    0.185387] pci 0000:00:1c.2: [8086:1c14] type 01 class 0x060400
[    0.185461] pci 0000:00:1c.2: PME# supported from D0 D3hot D3cold
[    0.185520] pci 0000:00:1c.3: [8086:1c16] type 01 class 0x060400
[    0.185594] pci 0000:00:1c.3: PME# supported from D0 D3hot D3cold
[    0.185654] pci 0000:00:1c.4: [8086:1c18] type 01 class 0x060400
[    0.185727] pci 0000:00:1c.4: PME# supported from D0 D3hot D3cold
[    0.185788] pci 0000:00:1c.6: [8086:244e] type 01 class 0x060401
[    0.185861] pci 0000:00:1c.6: PME# supported from D0 D3hot D3cold
[    0.185921] pci 0000:00:1c.7: [8086:1c1e] type 01 class 0x060400
[    0.185994] pci 0000:00:1c.7: PME# supported from D0 D3hot D3cold
[    0.186059] pci 0000:00:1d.0: [8086:1c26] type 00 class 0x0c0320
[    0.186078] pci 0000:00:1d.0: reg 0x10: [mem 0xfad26000-0xfad263ff]
[    0.186163] pci 0000:00:1d.0: PME# supported from D0 D3hot D3cold
[    0.186225] pci 0000:00:1f.0: [8086:1c44] type 00 class 0x060100
[    0.186379] pci 0000:00:1f.2: [8086:1c02] type 00 class 0x010601
[    0.186397] pci 0000:00:1f.2: reg 0x10: [io  0xf0d0-0xf0d7]
[    0.186404] pci 0000:00:1f.2: reg 0x14: [io  0xf0c0-0xf0c3]
[    0.186411] pci 0000:00:1f.2: reg 0x18: [io  0xf0b0-0xf0b7]
[    0.186418] pci 0000:00:1f.2: reg 0x1c: [io  0xf0a0-0xf0a3]
[    0.186425] pci 0000:00:1f.2: reg 0x20: [io  0xf060-0xf07f]
[    0.186432] pci 0000:00:1f.2: reg 0x24: [mem 0xfad25000-0xfad257ff]
[    0.186473] pci 0000:00:1f.2: PME# supported from D3hot
[    0.186527] pci 0000:00:1f.3: [8086:1c22] type 00 class 0x0c0500
[    0.186541] pci 0000:00:1f.3: reg 0x10: [mem 0xfad24000-0xfad240ff 64bit]
[    0.186560] pci 0000:00:1f.3: reg 0x20: [io  0xf040-0xf05f]
[    0.186659] pci 0000:01:00.0: [10de:1245] type 00 class 0x030000
[    0.186666] pci 0000:01:00.0: reg 0x10: [mem 0xf8000000-0xf9ffffff]
[    0.186673] pci 0000:01:00.0: reg 0x14: [mem 0xd0000000-0xd7ffffff 64bit pref]
[    0.186681] pci 0000:01:00.0: reg 0x1c: [mem 0xd8000000-0xdbffffff 64bit pref]
[    0.186685] pci 0000:01:00.0: reg 0x24: [io  0xe000-0xe07f]
[    0.186690] pci 0000:01:00.0: reg 0x30: [mem 0xfa000000-0xfa07ffff pref]
[    0.186756] pci 0000:01:00.1: [10de:0bee] type 00 class 0x040300
[    0.186764] pci 0000:01:00.1: reg 0x10: [mem 0xfa080000-0xfa083fff]
[    0.188391] pci 0000:00:01.0: PCI bridge to [bus 01]
[    0.188461] pci 0000:00:01.0:   bridge window [io  0xe000-0xefff]
[    0.188463] pci 0000:00:01.0:   bridge window [mem 0xf8000000-0xfa0fffff]
[    0.188465] pci 0000:00:01.0:   bridge window [mem 0xd0000000-0xdbffffff 64bit pref]
[    0.188519] pci 0000:00:1c.0: PCI bridge to [bus 02]
[    0.188675] pci 0000:03:00.0: [1b21:1042] type 00 class 0x0c0330
[    0.188703] pci 0000:03:00.0: reg 0x10: [mem 0xfac00000-0xfac07fff 64bit]
[    0.188847] pci 0000:03:00.0: PME# supported from D3hot D3cold
[    0.190394] pci 0000:00:1c.1: PCI bridge to [bus 03]
[    0.190466] pci 0000:00:1c.1:   bridge window [mem 0xfac00000-0xfacfffff]
[    0.190525] pci 0000:00:1c.2: PCI bridge to [bus 04]
[    0.190673] pci 0000:05:00.0: [197b:2362] type 00 class 0x010185
[    0.190707] pci 0000:05:00.0: reg 0x10: [io  0xd040-0xd047]
[    0.190722] pci 0000:05:00.0: reg 0x14: [io  0xd030-0xd033]
[    0.190738] pci 0000:05:00.0: reg 0x18: [io  0xd020-0xd027]
[    0.190754] pci 0000:05:00.0: reg 0x1c: [io  0xd010-0xd013]
[    0.190769] pci 0000:05:00.0: reg 0x20: [io  0xd000-0xd00f]
[    0.190785] pci 0000:05:00.0: reg 0x24: [mem 0xfab10000-0xfab101ff]
[    0.190801] pci 0000:05:00.0: reg 0x30: [mem 0x00000000-0x0000ffff pref]
[    0.190861] pci 0000:05:00.0: PME# supported from D3hot
[    0.192394] pci 0000:00:1c.3: PCI bridge to [bus 05]
[    0.192464] pci 0000:00:1c.3:   bridge window [io  0xd000-0xdfff]
[    0.192468] pci 0000:00:1c.3:   bridge window [mem 0xfab00000-0xfabfffff]
[    0.192552] pci 0000:06:00.0: [1b21:1042] type 00 class 0x0c0330
[    0.192580] pci 0000:06:00.0: reg 0x10: [mem 0xfaa00000-0xfaa07fff 64bit]
[    0.192724] pci 0000:06:00.0: PME# supported from D3hot D3cold
[    0.194393] pci 0000:00:1c.4: PCI bridge to [bus 06]
[    0.194465] pci 0000:00:1c.4:   bridge window [mem 0xfaa00000-0xfaafffff]
[    0.194538] pci 0000:07:00.0: [1b21:1080] type 01 class 0x060401
[    0.194672] pci 0000:00:1c.6: PCI bridge to [bus 07-08] (subtractive decode)
[    0.194745] pci 0000:00:1c.6:   bridge window [io  0xc000-0xcfff]
[    0.194748] pci 0000:00:1c.6:   bridge window [mem 0xfa900000-0xfa9fffff]
[    0.194754] pci 0000:00:1c.6:   bridge window [io  0x0000-0x0cf7] (subtractive decode)
[    0.194755] pci 0000:00:1c.6:   bridge window [io  0x0d00-0xffff] (subtractive decode)
[    0.194757] pci 0000:00:1c.6:   bridge window [mem 0x000a0000-0x000bffff] (subtractive decode)
[    0.194758] pci 0000:00:1c.6:   bridge window [mem 0xbfa00000-0xffffffff] (subtractive decode)
[    0.194827] pci 0000:08:02.0: [1106:3044] type 00 class 0x0c0010
[    0.194857] pci 0000:08:02.0: reg 0x10: [mem 0xfa900000-0xfa9007ff]
[    0.194875] pci 0000:08:02.0: reg 0x14: [io  0xc000-0xc07f]
[    0.195003] pci 0000:08:02.0: supports D2
[    0.195004] pci 0000:08:02.0: PME# supported from D2 D3hot D3cold
[    0.195103] pci 0000:07:00.0: PCI bridge to [bus 08] (subtractive decode)
[    0.195182] pci 0000:07:00.0:   bridge window [io  0xc000-0xcfff]
[    0.195188] pci 0000:07:00.0:   bridge window [mem 0xfa900000-0xfa9fffff]
[    0.195197] pci 0000:07:00.0:   bridge window [io  0xc000-0xcfff] (subtractive decode)
[    0.195198] pci 0000:07:00.0:   bridge window [mem 0xfa900000-0xfa9fffff] (subtractive decode)
[    0.195200] pci 0000:07:00.0:   bridge window [??? 0x00000000 flags 0x0] (subtractive decode)
[    0.195201] pci 0000:07:00.0:   bridge window [??? 0x00000000 flags 0x0] (subtractive decode)
[    0.195202] pci 0000:07:00.0:   bridge window [io  0x0000-0x0cf7] (subtractive decode)
[    0.195203] pci 0000:07:00.0:   bridge window [io  0x0d00-0xffff] (subtractive decode)
[    0.195205] pci 0000:07:00.0:   bridge window [mem 0x000a0000-0x000bffff] (subtractive decode)
[    0.195206] pci 0000:07:00.0:   bridge window [mem 0xbfa00000-0xffffffff] (subtractive decode)
[    0.195287] pci 0000:09:00.0: [1b4b:9172] type 00 class 0x010601
[    0.195303] pci 0000:09:00.0: reg 0x10: [io  0xb040-0xb047]
[    0.195315] pci 0000:09:00.0: reg 0x14: [io  0xb030-0xb033]
[    0.195328] pci 0000:09:00.0: reg 0x18: [io  0xb020-0xb027]
[    0.195340] pci 0000:09:00.0: reg 0x1c: [io  0xb010-0xb013]
[    0.195352] pci 0000:09:00.0: reg 0x20: [io  0xb000-0xb00f]
[    0.195365] pci 0000:09:00.0: reg 0x24: [mem 0xfa810000-0xfa8101ff]
[    0.195377] pci 0000:09:00.0: reg 0x30: [mem 0xfa800000-0xfa80ffff pref]
[    0.195436] pci 0000:09:00.0: PME# supported from D3hot
[    0.197392] pci 0000:00:1c.7: PCI bridge to [bus 09]
[    0.197462] pci 0000:00:1c.7:   bridge window [io  0xb000-0xbfff]
[    0.197466] pci 0000:00:1c.7:   bridge window [mem 0xfa800000-0xfa8fffff]
[    0.197841] ACPI: PCI Interrupt Link [LNKA] (IRQs 3 4 5 6 7 10 *11 12 14 15)
[    0.198390] ACPI: PCI Interrupt Link [LNKB] (IRQs 3 4 5 6 7 *10 11 12 14 15)
[    0.198935] ACPI: PCI Interrupt Link [LNKC] (IRQs *3 4 5 6 10 11 12 14 15)
[    0.199444] ACPI: PCI Interrupt Link [LNKD] (IRQs 3 4 5 6 10 *11 12 14 15)
[    0.199952] ACPI: PCI Interrupt Link [LNKE] (IRQs 3 4 6 7 *10 11 12 14 15)
[    0.200461] ACPI: PCI Interrupt Link [LNKF] (IRQs 3 4 *5 6 7 10 11 12 14 15)
[    0.201006] ACPI: PCI Interrupt Link [LNKG] (IRQs 3 *4 5 6 7 10 11 12 14 15)
[    0.201553] ACPI: PCI Interrupt Link [LNKH] (IRQs 3 4 5 6 *7 10 11 12 14 15)
[    0.202144] ACPI: Enabled 1 GPEs in block 00 to 3F
[    0.202289] ACPI: \_SB_.PCI0: notify handler is installed
[    0.202321] Found 1 acpi root devices
[    0.202332] ACPI : EC: GPE = 0x18, I/O: command/status = 0x66, data = 0x62
[    0.202484] vgaarb: device added: PCI:0000:00:02.0,decodes=io+mem,owns=io+mem,locks=none
[    0.202583] vgaarb: device added: PCI:0000:01:00.0,decodes=io+mem,owns=none,locks=none
[    0.202679] vgaarb: loaded
[    0.202744] vgaarb: bridge control possible 0000:01:00.0
[    0.202812] vgaarb: no bridge control possible 0000:00:02.0
[    0.202948] SCSI subsystem initialized
[    0.203067] libata version 3.00 loaded.
[    0.203082] ACPI: bus type USB registered
[    0.203179] usbcore: registered new interface driver usbfs
[    0.203265] usbcore: registered new interface driver hub
[    0.203354] usbcore: registered new device driver usb
[    0.203520] PCI: Using ACPI for IRQ routing
[    0.204906] PCI: pci_cache_line_size set to 64 bytes
[    0.204973] e820: reserve RAM buffer [mem 0x0009b400-0x0009ffff]
[    0.204974] e820: reserve RAM buffer [mem 0xb677e000-0xb7ffffff]
[    0.204976] e820: reserve RAM buffer [mem 0xb6dcf000-0xb7ffffff]
[    0.204977] e820: reserve RAM buffer [mem 0xb7000000-0xb7ffffff]
[    0.204978] e820: reserve RAM buffer [mem 0x23fe00000-0x23fffffff]
[    0.205072] NetLabel: Initializing
[    0.205138] NetLabel:  domain hash size = 128
[    0.205205] NetLabel:  protocols = UNLABELED CIPSOv4
[    0.205281] NetLabel:  unlabeled traffic allowed by default
[    0.205369] hpet0: at MMIO 0xfed00000, IRQs 2, 8, 0, 0, 0, 0, 0, 0
[    0.205774] hpet0: 8 comparators, 64-bit 14.318180 MHz counter
[    0.207858] Switched to clocksource hpet
[    0.209578] pnp: PnP ACPI init
[    0.209648] ACPI: bus type PNP registered
[    0.209803] system 00:00: [mem 0xfed10000-0xfed19fff] has been reserved
[    0.209882] system 00:00: [mem 0xe0000000-0xe3ffffff] has been reserved
[    0.209954] system 00:00: [mem 0xfed90000-0xfed93fff] has been reserved
[    0.210024] system 00:00: [mem 0xfed20000-0xfed3ffff] has been reserved
[    0.210095] system 00:00: [mem 0xfee00000-0xfee0ffff] has been reserved
[    0.210168] system 00:00: Plug and Play ACPI device, IDs PNP0c01 (active)
[    0.210240] system 00:01: [io  0x0290-0x029f] has been reserved
[    0.210310] system 00:01: Plug and Play ACPI device, IDs PNP0c02 (active)
[    0.210318] pnp 00:02: [dma 4]
[    0.210345] pnp 00:02: Plug and Play ACPI device, IDs PNP0200 (active)
[    0.210382] pnp 00:03: Plug and Play ACPI device, IDs PNP0b00 (active)
[    0.210413] pnp 00:04: Plug and Play ACPI device, IDs PNP0800 (active)
[    0.210461] system 00:05: [io  0x04d0-0x04d1] has been reserved
[    0.210532] system 00:05: Plug and Play ACPI device, IDs PNP0c02 (active)
[    0.210565] pnp 00:06: Plug and Play ACPI device, IDs PNP0c04 (active)
[    0.210756] system 00:07: [io  0x0400-0x0453] could not be reserved
[    0.210826] system 00:07: [io  0x0458-0x047f] has been reserved
[    0.210906] system 00:07: [io  0x0500-0x057f] has been reserved
[    0.210976] system 00:07: [mem 0xfed1c000-0xfed1ffff] has been reserved
[    0.211046] system 00:07: [mem 0xfec00000-0xfecfffff] could not be reserved
[    0.211119] system 00:07: [mem 0xfed08000-0xfed08fff] has been reserved
[    0.211189] system 00:07: [mem 0xff000000-0xffffffff] has been reserved
[    0.211261] system 00:07: Plug and Play ACPI device, IDs PNP0c01 (active)
[    0.211316] system 00:08: [io  0x0454-0x0457] has been reserved
[    0.211386] system 00:08: Plug and Play ACPI device, IDs INT3f0d PNP0c02 (active)
[    0.211487] pnp 00:09: Plug and Play ACPI device, IDs PNP0103 (active)
[    0.211576] pnp: PnP ACPI: found 10 devices
[    0.211643] ACPI: bus type PNP unregistered
[    0.219151] pci 0000:00:1c.3: BAR 15: assigned [mem 0xbfa00000-0xbfafffff pref]
[    0.219247] pci 0000:00:01.0: PCI bridge to [bus 01]
[    0.219316] pci 0000:00:01.0:   bridge window [io  0xe000-0xefff]
[    0.219388] pci 0000:00:01.0:   bridge window [mem 0xf8000000-0xfa0fffff]
[    0.219459] pci 0000:00:01.0:   bridge window [mem 0xd0000000-0xdbffffff 64bit pref]
[    0.219556] pci 0000:00:1c.0: PCI bridge to [bus 02]
[    0.219633] pci 0000:00:1c.1: PCI bridge to [bus 03]
[    0.219705] pci 0000:00:1c.1:   bridge window [mem 0xfac00000-0xfacfffff]
[    0.219782] pci 0000:00:1c.2: PCI bridge to [bus 04]
[    0.219866] pci 0000:05:00.0: BAR 6: assigned [mem 0xbfa00000-0xbfa0ffff pref]
[    0.219961] pci 0000:00:1c.3: PCI bridge to [bus 05]
[    0.220030] pci 0000:00:1c.3:   bridge window [io  0xd000-0xdfff]
[    0.220102] pci 0000:00:1c.3:   bridge window [mem 0xfab00000-0xfabfffff]
[    0.220175] pci 0000:00:1c.3:   bridge window [mem 0xbfa00000-0xbfafffff pref]
[    0.220274] pci 0000:00:1c.4: PCI bridge to [bus 06]
[    0.220345] pci 0000:00:1c.4:   bridge window [mem 0xfaa00000-0xfaafffff]
[    0.220422] pci 0000:07:00.0: PCI bridge to [bus 08]
[    0.220492] pci 0000:07:00.0:   bridge window [io  0xc000-0xcfff]
[    0.220568] pci 0000:07:00.0:   bridge window [mem 0xfa900000-0xfa9fffff]
[    0.220651] pci 0000:00:1c.6: PCI bridge to [bus 07-08]
[    0.220720] pci 0000:00:1c.6:   bridge window [io  0xc000-0xcfff]
[    0.220793] pci 0000:00:1c.6:   bridge window [mem 0xfa900000-0xfa9fffff]
[    0.220877] pci 0000:00:1c.7: PCI bridge to [bus 09]
[    0.220946] pci 0000:00:1c.7:   bridge window [io  0xb000-0xbfff]
[    0.221019] pci 0000:00:1c.7:   bridge window [mem 0xfa800000-0xfa8fffff]
[    0.221096] pci_bus 0000:00: resource 4 [io  0x0000-0x0cf7]
[    0.221097] pci_bus 0000:00: resource 5 [io  0x0d00-0xffff]
[    0.221099] pci_bus 0000:00: resource 6 [mem 0x000a0000-0x000bffff]
[    0.221100] pci_bus 0000:00: resource 7 [mem 0xbfa00000-0xffffffff]
[    0.221101] pci_bus 0000:01: resource 0 [io  0xe000-0xefff]
[    0.221103] pci_bus 0000:01: resource 1 [mem 0xf8000000-0xfa0fffff]
[    0.221104] pci_bus 0000:01: resource 2 [mem 0xd0000000-0xdbffffff 64bit pref]
[    0.221105] pci_bus 0000:03: resource 1 [mem 0xfac00000-0xfacfffff]
[    0.221107] pci_bus 0000:05: resource 0 [io  0xd000-0xdfff]
[    0.221108] pci_bus 0000:05: resource 1 [mem 0xfab00000-0xfabfffff]
[    0.221109] pci_bus 0000:05: resource 2 [mem 0xbfa00000-0xbfafffff pref]
[    0.221110] pci_bus 0000:06: resource 1 [mem 0xfaa00000-0xfaafffff]
[    0.221112] pci_bus 0000:07: resource 0 [io  0xc000-0xcfff]
[    0.221113] pci_bus 0000:07: resource 1 [mem 0xfa900000-0xfa9fffff]
[    0.221114] pci_bus 0000:07: resource 4 [io  0x0000-0x0cf7]
[    0.221115] pci_bus 0000:07: resource 5 [io  0x0d00-0xffff]
[    0.221117] pci_bus 0000:07: resource 6 [mem 0x000a0000-0x000bffff]
[    0.221118] pci_bus 0000:07: resource 7 [mem 0xbfa00000-0xffffffff]
[    0.221119] pci_bus 0000:08: resource 0 [io  0xc000-0xcfff]
[    0.221120] pci_bus 0000:08: resource 1 [mem 0xfa900000-0xfa9fffff]
[    0.221122] pci_bus 0000:08: resource 4 [io  0xc000-0xcfff]
[    0.221123] pci_bus 0000:08: resource 5 [mem 0xfa900000-0xfa9fffff]
[    0.221124] pci_bus 0000:08: resource 8 [io  0x0000-0x0cf7]
[    0.221125] pci_bus 0000:08: resource 9 [io  0x0d00-0xffff]
[    0.221127] pci_bus 0000:08: resource 10 [mem 0x000a0000-0x000bffff]
[    0.221128] pci_bus 0000:08: resource 11 [mem 0xbfa00000-0xffffffff]
[    0.221129] pci_bus 0000:09: resource 0 [io  0xb000-0xbfff]
[    0.221130] pci_bus 0000:09: resource 1 [mem 0xfa800000-0xfa8fffff]
[    0.221150] NET: Registered protocol family 2
[    0.221318] TCP established hash table entries: 65536 (order: 7, 524288 bytes)
[    0.221514] TCP bind hash table entries: 65536 (order: 8, 1048576 bytes)
[    0.221690] TCP: Hash tables configured (established 65536 bind 65536)
[    0.221775] TCP: reno registered
[    0.221856] UDP hash table entries: 4096 (order: 5, 131072 bytes)
[    0.221949] UDP-Lite hash table entries: 4096 (order: 5, 131072 bytes)
[    0.222067] NET: Registered protocol family 1
[    0.222177] RPC: Registered named UNIX socket transport module.
[    0.222247] RPC: Registered udp transport module.
[    0.222314] RPC: Registered tcp transport module.
[    0.222382] RPC: Registered tcp NFSv4.1 backchannel transport module.
[    0.222458] pci 0000:00:02.0: Boot video device
[    0.468865] PCI: CLS 64 bytes, default 64
[    0.468903] PCI-DMA: Using software bounce buffering for IO (SWIOTLB)
[    0.468975] software IO TLB [mem 0xb277e000-0xb677e000] (64MB) mapped at [ffff8800b277e000-ffff8800b677dfff]
[    0.469692] microcode: CPU0 sig=0x206a7, pf=0x2, revision=0x14
[    0.469765] microcode: CPU1 sig=0x206a7, pf=0x2, revision=0x14
[    0.469837] microcode: CPU2 sig=0x206a7, pf=0x2, revision=0x14
[    0.469910] microcode: CPU3 sig=0x206a7, pf=0x2, revision=0x14
[    0.470021] microcode: Microcode Update Driver: v2.00 <tigran@aivazian.fsnet.co.uk>, Peter Oruba
[    0.470118] Scanning for low memory corruption every 60 seconds
[    0.471088] sha1_ssse3: Using AVX optimized SHA-1 implementation
[    0.471194] sha256_ssse3: Using AVX optimized SHA-256 implementation
[    0.471301] sha512_ssse3: Using AVX optimized SHA-512 implementation
[    0.472312] AVX2 or AES-NI instructions are not detected.
[    0.472381] AVX2 instructions are not detected.
[    0.486118] HugeTLB registered 2 MB page size, pre-allocated 0 pages
[    0.488200] VFS: Disk quotas dquot_6.5.2
[    0.488308] Dquot-cache hash table entries: 512 (order 0, 4096 bytes)
[    0.488969] NFS: Registering the id_resolver key type
[    0.489041] Key type id_resolver registered
[    0.489108] Key type id_legacy registered
[    0.489217] msgmni has been set to 15656
[    0.490460] NET: Registered protocol family 38
[    0.490527] Key type asymmetric registered
[    0.490606] Asymmetric key parser 'x509' registered
[    0.490732] Block layer SCSI generic (bsg) driver version 0.4 loaded (major 253)
[    0.490827] io scheduler noop registered
[    0.490893] io scheduler deadline registered
[    0.490991] io scheduler cfq registered (default)
[    0.491174] pcieport 0000:00:01.0: irq 40 for MSI/MSI-X
[    0.491221] kworker/u8:0 (873) used greatest stack depth: 5824 bytes left
[    0.491314] pcieport 0000:00:1c.0: irq 41 for MSI/MSI-X
[    0.491390] pcieport 0000:00:1c.1: irq 42 for MSI/MSI-X
[    0.491496] pcieport 0000:00:1c.2: irq 43 for MSI/MSI-X
[    0.491617] pcieport 0000:00:1c.3: irq 44 for MSI/MSI-X
[    0.491694] pcieport 0000:00:1c.4: irq 45 for MSI/MSI-X
[    0.491801] pcieport 0000:00:1c.7: irq 46 for MSI/MSI-X
[    0.491932] pci_hotplug: PCI Hot Plug PCI Core version: 0.5
[    0.492137] input: Power Button as /devices/LNXSYSTM:00/device:00/PNP0C0C:00/input/input0
[    0.492235] ACPI: Power Button [PWRB]
[    0.492336] input: Power Button as /devices/LNXSYSTM:00/LNXPWRBN:00/input/input1
[    0.492431] ACPI: Power Button [PWRF]
[    0.492647] Monitor-Mwait will be used to enter C-1 state
[    0.492650] Monitor-Mwait will be used to enter C-3 state
[    0.492657] ACPI: acpi_idle registered with cpuidle
[    0.493198] Serial: 8250/16550 driver, 4 ports, IRQ sharing enabled
[    0.493789] Non-volatile memory driver v1.3
[    0.493857] Linux agpgart interface v0.103
[    0.494026] [drm] Initialized drm 1.1.0 20060810
[    0.494156] [drm:drm_pci_agp_init] *ERROR* Cannot initialize the agpgart module.
[    0.495009] loop: module loaded
[    0.495229] ahci 0000:00:1f.2: version 3.0
[    0.495284] ahci 0000:00:1f.2: irq 47 for MSI/MSI-X
[    0.505654] ahci 0000:00:1f.2: AHCI 0001.0300 32 slots 6 ports 6 Gbps 0x3f impl SATA mode
[    0.505764] ahci 0000:00:1f.2: flags: 64bit ncq sntf pm led clo pio slum part ems apst 
[    0.516839] scsi0 : ahci
[    0.517056] scsi1 : ahci
[    0.517264] scsi2 : ahci
[    0.517415] scsi3 : ahci
[    0.517576] scsi4 : ahci
[    0.517734] scsi5 : ahci
[    0.517860] ata1: SATA max UDMA/133 abar m2048@0xfad25000 port 0xfad25100 irq 47
[    0.517955] ata2: SATA max UDMA/133 abar m2048@0xfad25000 port 0xfad25180 irq 47
[    0.518050] ata3: SATA max UDMA/133 abar m2048@0xfad25000 port 0xfad25200 irq 47
[    0.518146] ata4: SATA max UDMA/133 abar m2048@0xfad25000 port 0xfad25280 irq 47
[    0.518241] ata5: SATA max UDMA/133 abar m2048@0xfad25000 port 0xfad25300 irq 47
[    0.518336] ata6: SATA max UDMA/133 abar m2048@0xfad25000 port 0xfad25380 irq 47
[    0.518579] ahci 0000:05:00.0: AHCI 0001.0100 32 slots 2 ports 3 Gbps 0x3 impl SATA mode
[    0.519155] ahci 0000:05:00.0: flags: 64bit ncq pm led clo pmp pio slum part 
[    0.519493] scsi6 : ahci
[    0.519648] scsi7 : ahci
[    0.519769] ata7: SATA max UDMA/133 abar m512@0xfab10000 port 0xfab10100 irq 19
[    0.519866] ata8: SATA max UDMA/133 abar m512@0xfab10000 port 0xfab10180 irq 19
[    0.520041] ahci 0000:09:00.0: irq 48 for MSI/MSI-X
[    0.520095] ahci 0000:09:00.0: AHCI 0001.0000 32 slots 2 ports 6 Gbps 0x3 impl SATA mode
[    0.520192] ahci 0000:09:00.0: flags: 64bit ncq sntf led only pmp fbs pio slum part sxs 
[    0.520739] scsi8 : ahci
[    0.520893] scsi9 : ahci
[    0.521016] ata9: SATA max UDMA/133 abar m512@0xfa810000 port 0xfa810100 irq 48
[    0.521113] ata10: SATA max UDMA/133 abar m512@0xfa810000 port 0xfa810180 irq 48
[    0.521413] ehci_hcd: USB 2.0 'Enhanced' Host Controller (EHCI) Driver
[    0.521485] ehci-pci: EHCI PCI platform driver
[    0.521625] ehci-pci 0000:00:1a.0: EHCI Host Controller
[    0.521734] ehci-pci 0000:00:1a.0: new USB bus registered, assigned bus number 1
[    0.521839] ehci-pci 0000:00:1a.0: debug port 2
[    0.525793] ehci-pci 0000:00:1a.0: cache line size of 64 is not supported
[    0.525804] ehci-pci 0000:00:1a.0: irq 23, io mem 0xfad27000
[    0.531599] ehci-pci 0000:00:1a.0: USB 2.0 started, EHCI 1.00
[    0.531706] usb usb1: New USB device found, idVendor=1d6b, idProduct=0002
[    0.531786] usb usb1: New USB device strings: Mfr=3, Product=2, SerialNumber=1
[    0.531881] usb usb1: Product: EHCI Host Controller
[    0.531948] usb usb1: Manufacturer: Linux 3.13.11 ehci_hcd
[    0.532017] usb usb1: SerialNumber: 0000:00:1a.0
[    0.532295] hub 1-0:1.0: USB hub found
[    0.532367] hub 1-0:1.0: 2 ports detected
[    0.532529] ehci-pci 0000:00:1d.0: EHCI Host Controller
[    0.532766] ehci-pci 0000:00:1d.0: new USB bus registered, assigned bus number 2
[    0.532873] ehci-pci 0000:00:1d.0: debug port 2
[    0.536830] ehci-pci 0000:00:1d.0: cache line size of 64 is not supported
[    0.536833] ehci-pci 0000:00:1d.0: irq 23, io mem 0xfad26000
[    0.542590] ehci-pci 0000:00:1d.0: USB 2.0 started, EHCI 1.00
[    0.542693] usb usb2: New USB device found, idVendor=1d6b, idProduct=0002
[    0.542773] usb usb2: New USB device strings: Mfr=3, Product=2, SerialNumber=1
[    0.542868] usb usb2: Product: EHCI Host Controller
[    0.542937] usb usb2: Manufacturer: Linux 3.13.11 ehci_hcd
[    0.543006] usb usb2: SerialNumber: 0000:00:1d.0
[    0.543422] hub 2-0:1.0: USB hub found
[    0.543496] hub 2-0:1.0: 2 ports detected
[    0.543778] ohci_hcd: USB 1.1 'Open' Host Controller (OHCI) Driver
[    0.543849] ohci-pci: OHCI PCI platform driver
[    0.544033] uhci_hcd: USB Universal Host Controller Interface driver
[    0.544249] usbcore: registered new interface driver usblp
[    0.544382] usbcore: registered new interface driver usb-storage
[    0.544627] i8042: PNP: No PS/2 controller found. Probing ports directly.
[    0.547591] serio: i8042 KBD port at 0x60,0x64 irq 1
[    0.547664] serio: i8042 AUX port at 0x60,0x64 irq 12
[    0.547918] mousedev: PS/2 mouse device common for all mice
[    0.548257] rtc_cmos 00:03: RTC can wake from S4
[    0.548446] rtc_cmos 00:03: rtc core: registered rtc_cmos as rtc0
[    0.548553] rtc_cmos 00:03: alarms up to one month, y3k, 114 bytes nvram, hpet irqs
[    0.548741] i801_smbus 0000:00:1f.3: SMBus using PCI Interrupt
[    0.548982] device-mapper: ioctl: 4.27.0-ioctl (2013-10-30) initialised: dm-devel@redhat.com
[    0.549128] hidraw: raw HID events driver (C) Jiri Kosina
[    0.549869] usbcore: registered new interface driver usbhid
[    0.549937] usbhid: USB HID core driver
[    0.550048] Netfilter messages via NETLINK v0.30.
[    0.550122] nf_conntrack version 0.5.0 (16384 buckets, 65536 max)
[    0.550261] ctnetlink v0.93: registering with nfnetlink.
[    0.550379] ip_tables: (C) 2000-2006 Netfilter Core Team
[    0.550458] TCP: cubic registered
[    0.550534] Initializing XFRM netlink socket
[    0.550769] NET: Registered protocol family 10
[    0.550966] ip6_tables: (C) 2000-2006 Netfilter Core Team
[    0.551054] sit: IPv6 over IPv4 tunneling driver
[    0.551248] NET: Registered protocol family 17
[    0.551328] Key type dns_resolver registered
[    0.551704] registered taskstats version 1
[    0.552129] console [netcon0] enabled
[    0.552195] netconsole: network logging started
[    0.822328] ata4: SATA link up 3.0 Gbps (SStatus 123 SControl 300)
[    0.822434] ata1: SATA link up 6.0 Gbps (SStatus 133 SControl 300)
[    0.822520] ata3: SATA link up 3.0 Gbps (SStatus 123 SControl 300)
[    0.822613] ata2: SATA link up 6.0 Gbps (SStatus 133 SControl 300)
[    0.822802] ata1.00: ATA-9: INTEL SSDSC2BA100G3, 5DV10270, max UDMA/133
[    0.822896] ata1.00: 195371568 sectors, multi 1: LBA48 NCQ (depth 31/32)
[    0.822973] ata4.00: ATA-9: INTEL SSDSC2BA100G3, 5DV10270, max UDMA/133
[    0.823047] ata4.00: 195371568 sectors, multi 1: LBA48 NCQ (depth 31/32)
[    0.823125] ata3.00: ATA-9: INTEL SSDSC2BA100G3, 5DV10270, max UDMA/133
[    0.823201] ata3.00: 195371568 sectors, multi 1: LBA48 NCQ (depth 31/32)
[    0.823302] ata5: SATA link up 3.0 Gbps (SStatus 123 SControl 300)
[    0.823498] ata2.00: ATA-9: INTEL SSDSC2BA100G3, 5DV10270, max UDMA/133
[    0.823591] ata2.00: 195371568 sectors, multi 1: LBA48 NCQ (depth 31/32)
[    0.823668] ata1.00: configured for UDMA/133
[    0.823749] ata4.00: configured for UDMA/133
[    0.823811] scsi 0:0:0:0: Direct-Access     ATA      INTEL SSDSC2BA10 5DV1 PQ: 0 ANSI: 5
[    0.823933] ata5.00: ATA-9: INTEL SSDSC2BA100G3, 5DV10270, max UDMA/133
[    0.824033] ata5.00: 195371568 sectors, multi 1: LBA48 NCQ (depth 31/32)
[    0.824051] sd 0:0:0:0: [sda] 195371568 512-byte logical blocks: (100 GB/93.1 GiB)
[    0.824052] sd 0:0:0:0: [sda] 4096-byte physical blocks
[    0.824099] sd 0:0:0:0: [sda] Write Protect is off
[    0.824100] sd 0:0:0:0: [sda] Mode Sense: 00 3a 00 00
[    0.824113] sd 0:0:0:0: [sda] Write cache: enabled, read cache: enabled, doesn't support DPO or FUA
[    0.824297] ata8: SATA link down (SStatus 0 SControl 300)
[    0.824347] ata7: SATA link down (SStatus 0 SControl 300)
[    0.824670] ata3.00: configured for UDMA/133
[    0.824760] ata6: SATA link up 3.0 Gbps (SStatus 123 SControl 300)
[    0.824905] ata2.00: configured for UDMA/133
[    0.825016] sd 0:0:0:0: Attached scsi generic sg0 type 0
[    0.825113] ata5.00: configured for UDMA/133
[    0.825210] ata6.00: ATA-9: INTEL SSDSC2BA100G3, 5DV10270, max UDMA/133
[    0.825216]  sda: sda1
[    0.825237] scsi 1:0:0:0: Direct-Access     ATA      INTEL SSDSC2BA10 5DV1 PQ: 0 ANSI: 5
[    0.825461] sd 1:0:0:0: [sdb] 195371568 512-byte logical blocks: (100 GB/93.1 GiB)
[    0.825462] sd 1:0:0:0: [sdb] 4096-byte physical blocks
[    0.825530] sd 1:0:0:0: Attached scsi generic sg1 type 0
[    0.825532] sd 1:0:0:0: [sdb] Write Protect is off
[    0.825533] sd 1:0:0:0: [sdb] Mode Sense: 00 3a 00 00
[    0.825552] sd 1:0:0:0: [sdb] Write cache: enabled, read cache: enabled, doesn't support DPO or FUA
[    0.825588] sd 0:0:0:0: [sda] Attached SCSI disk
[    0.825652] scsi 2:0:0:0: Direct-Access     ATA      INTEL SSDSC2BA10 5DV1 PQ: 0 ANSI: 5
[    0.825797] sd 2:0:0:0: [sdc] 195371568 512-byte logical blocks: (100 GB/93.1 GiB)
[    0.825798] sd 2:0:0:0: [sdc] 4096-byte physical blocks
[    0.825883] sd 2:0:0:0: Attached scsi generic sg2 type 0
[    0.825893] sd 2:0:0:0: [sdc] Write Protect is off
[    0.825894] sd 2:0:0:0: [sdc] Mode Sense: 00 3a 00 00
[    0.825936] sd 2:0:0:0: [sdc] Write cache: enabled, read cache: enabled, doesn't support DPO or FUA
[    0.825954]  sdb: sdb1
[    0.826004] scsi 3:0:0:0: Direct-Access     ATA      INTEL SSDSC2BA10 5DV1 PQ: 0 ANSI: 5
[    0.826172] sd 3:0:0:0: [sdd] 195371568 512-byte logical blocks: (100 GB/93.1 GiB)
[    0.826173] sd 3:0:0:0: [sdd] 4096-byte physical blocks
[    0.826220] sd 1:0:0:0: [sdb] Attached SCSI disk
[    0.826226] sd 3:0:0:0: Attached scsi generic sg3 type 0
[    0.826228] sd 3:0:0:0: [sdd] Write Protect is off
[    0.826229] sd 3:0:0:0: [sdd] Mode Sense: 00 3a 00 00
[    0.826249] sd 3:0:0:0: [sdd] Write cache: enabled, read cache: enabled, doesn't support DPO or FUA
[    0.826272]  sdc: sdc1
[    0.826333] scsi 4:0:0:0: Direct-Access     ATA      INTEL SSDSC2BA10 5DV1 PQ: 0 ANSI: 5
[    0.826501] sd 4:0:0:0: [sde] 195371568 512-byte logical blocks: (100 GB/93.1 GiB)
[    0.826501] sd 4:0:0:0: [sde] 4096-byte physical blocks
[    0.826556] sd 4:0:0:0: Attached scsi generic sg4 type 0
[    0.826561] sd 2:0:0:0: [sdc] Attached SCSI disk
[    0.826585] sd 4:0:0:0: [sde] Write Protect is off
[    0.826586] sd 4:0:0:0: [sde] Mode Sense: 00 3a 00 00
[    0.826612]  sdd: sdd1
[    0.826616] sd 4:0:0:0: [sde] Write cache: enabled, read cache: enabled, doesn't support DPO or FUA
[    0.826888] sd 3:0:0:0: [sdd] Attached SCSI disk
[    0.826986]  sde: sde1
[    0.827215] sd 4:0:0:0: [sde] Attached SCSI disk
[    0.828783] ata6.00: 195371568 sectors, multi 1: LBA48 NCQ (depth 31/32)
[    0.829071] ata6.00: configured for UDMA/133
[    0.829183] scsi 5:0:0:0: Direct-Access     ATA      INTEL SSDSC2BA10 5DV1 PQ: 0 ANSI: 5
[    0.829525] sd 5:0:0:0: [sdf] 195371568 512-byte logical blocks: (100 GB/93.1 GiB)
[    0.829607] sd 5:0:0:0: Attached scsi generic sg5 type 0
[    0.829747] sd 5:0:0:0: [sdf] 4096-byte physical blocks
[    0.829892] sd 5:0:0:0: [sdf] Write Protect is off
[    0.829962] sd 5:0:0:0: [sdf] Mode Sense: 00 3a 00 00
[    0.829983] sd 5:0:0:0: [sdf] Write cache: enabled, read cache: enabled, doesn't support DPO or FUA
[    0.830379]  sdf: sdf1
[    0.830676] sd 5:0:0:0: [sdf] Attached SCSI disk
[    0.833327] usb 1-1: new high-speed USB device number 2 using ehci-pci
[    0.947869] usb 1-1: New USB device found, idVendor=8087, idProduct=0024
[    0.947941] usb 1-1: New USB device strings: Mfr=0, Product=0, SerialNumber=0
[    0.948653] hub 1-1:1.0: USB hub found
[    0.949011] hub 1-1:1.0: 6 ports detected
[    0.980135] ata9: SATA link up 6.0 Gbps (SStatus 133 SControl 300)
[    0.980226] ata10: SATA link up 3.0 Gbps (SStatus 123 SControl 300)
[    0.980877] ata9.00: ATA-9: INTEL SSDSC2BB080G6, G2010140, max UDMA/133
[    0.980950] ata9.00: 156301488 sectors, multi 1: LBA48 NCQ (depth 31/32)
[    0.981147] ata10.00: ATA-8: INTEL SSDSA2CW120G3, 4PC10362, max UDMA/133
[    0.981220] ata10.00: 234441648 sectors, multi 1: LBA48 NCQ (depth 31/32)
[    0.981626] ata9.00: configured for UDMA/133
[    0.981777] ata10.00: configured for UDMA/133
[    0.981809] scsi 8:0:0:0: Direct-Access     ATA      INTEL SSDSC2BB08 G201 PQ: 0 ANSI: 5
[    0.982179] sd 8:0:0:0: [sdg] 156301488 512-byte logical blocks: (80.0 GB/74.5 GiB)
[    0.982293] sd 8:0:0:0: [sdg] 4096-byte physical blocks
[    0.982321] sd 8:0:0:0: Attached scsi generic sg6 type 0
[    0.982561] sd 8:0:0:0: [sdg] Write Protect is off
[    0.982564] scsi 9:0:0:0: Direct-Access     ATA      INTEL SSDSA2CW12 4PC1 PQ: 0 ANSI: 5
[    0.982704] sd 9:0:0:0: [sdh] 234441648 512-byte logical blocks: (120 GB/111 GiB)
[    0.982770] sd 9:0:0:0: Attached scsi generic sg7 type 0
[    0.982801] sd 9:0:0:0: [sdh] Write Protect is off
[    0.982803] sd 9:0:0:0: [sdh] Mode Sense: 00 3a 00 00
[    0.982827] sd 9:0:0:0: [sdh] Write cache: enabled, read cache: enabled, doesn't support DPO or FUA
[    0.983222]  sdh: sdh1
[    0.983364] sd 8:0:0:0: [sdg] Mode Sense: 00 3a 00 00
[    0.983379] sd 8:0:0:0: [sdg] Write cache: enabled, read cache: enabled, doesn't support DPO or FUA
[    0.983459] sd 9:0:0:0: [sdh] Attached SCSI disk
[    0.983987]  sdg: sdg1 sdg2 sdg3 sdg4
[    0.984347] sd 8:0:0:0: [sdg] Attached SCSI disk
[    0.984423] md: Waiting for all devices to be available before autodetect
[    0.984496] md: If you don't use raid, use raid=noautodetect
[    0.984674] md: Autodetecting RAID arrays.
[    0.984871] md: invalid raid superblock magic on sda1
[    0.984944] md: sda1 does not have a valid v0.90 superblock, not importing!
[    0.985143] md: invalid raid superblock magic on sdb1
[    0.985211] md: sdb1 does not have a valid v0.90 superblock, not importing!
[    0.985334] md: invalid raid superblock magic on sdc1
[    0.985403] md: sdc1 does not have a valid v0.90 superblock, not importing!
[    0.985524] md: invalid raid superblock magic on sdd1
[    0.985593] md: sdd1 does not have a valid v0.90 superblock, not importing!
[    0.985713] md: invalid raid superblock magic on sde1
[    0.985782] md: sde1 does not have a valid v0.90 superblock, not importing!
[    0.985903] md: invalid raid superblock magic on sdf1
[    0.985971] md: sdf1 does not have a valid v0.90 superblock, not importing!
[    0.986044] md: Scanned 6 and added 0 devices.
[    0.986126] md: autorun ...
[    0.986191] md: ... autorun DONE.
[    0.986386] EXT4-fs (sdg3): couldn't mount as ext2 due to feature incompatibilities
[    0.987951] EXT4-fs (sdg3): mounted filesystem with ordered data mode. Opts: (null)
[    0.988050] VFS: Mounted root (ext4 filesystem) readonly on device 8:99.
[    0.988869] Freeing unused kernel memory: 968K (ffffffff81cbe000 - ffffffff81db0000)
[    0.988965] Write protecting the kernel read-only data: 12288k
[    0.990461] Freeing unused kernel memory: 904K (ffff88000171e000 - ffff880001800000)
[    0.992743] Freeing unused kernel memory: 1660K (ffff880001a61000 - ffff880001c00000)
[    1.024162] random: nonblocking pool is initialized
[    1.047988] kbd_mode (1184) used greatest stack depth: 5720 bytes left
[    1.051525] loadkeys (1185) used greatest stack depth: 5064 bytes left
[    1.051712] init-early.sh (1183) used greatest stack depth: 4584 bytes left
[    1.052063] usb 2-1: new high-speed USB device number 2 using ehci-pci
[    1.168326] usb 2-1: New USB device found, idVendor=8087, idProduct=0024
[    1.168329] usb 2-1: New USB device strings: Mfr=0, Product=0, SerialNumber=0
[    1.168715] hub 2-1:1.0: USB hub found
[    1.168782] hub 2-1:1.0: 8 ports detected
[    1.298912] pps_core: LinuxPPS API ver. 1 registered
[    1.298914] pps_core: Software ver. 5.3.6 - Copyright 2005-2007 Rodolfo Giometti <giometti@linux.it>
[    1.299530] PTP clock support registered
[    1.302232] e1000e: Intel(R) PRO/1000 Network Driver - 2.3.2-k
[    1.302242] e1000e: Copyright(c) 1999 - 2013 Intel Corporation.
[    1.302390] e1000e 0000:00:19.0: Interrupt Throttling Rate (ints/sec) set to dynamic conservative mode
[    1.302408] e1000e 0000:00:19.0: irq 49 for MSI/MSI-X
[    1.323904] md: bind<sdb1>
[    1.325955] md: bind<sda1>
[    1.327817] md: bind<sde1>
[    1.329832] md: bind<sdd1>
[    1.330973] md: bind<sdc1>
[    1.332350] md: bind<sdf1>
[    1.334637] md: raid10 personality registered for level 10
[    1.334825] md/raid10:md127: active with 6 out of 6 devices
[    1.334840] md127: detected capacity change from 0 to 299885395968
[    1.334852] RAID10 conf printout:
[    1.334854]  --- wd:6 rd:6
[    1.334856]  disk 0, wo:0, o:1, dev:sda1
[    1.334857]  disk 1, wo:0, o:1, dev:sdb1
[    1.334858]  disk 2, wo:0, o:1, dev:sdc1
[    1.334859]  disk 3, wo:0, o:1, dev:sdd1
[    1.334860]  disk 4, wo:0, o:1, dev:sde1
[    1.334861]  disk 5, wo:0, o:1, dev:sdf1
[    1.335109]  md127: unknown partition table
[    1.443857] usb 2-1.7: new full-speed USB device number 3 using ehci-pci
[    1.469695] tsc: Refined TSC clocksource calibration: 3300.023 MHz
[    1.529429] usb 2-1.7: New USB device found, idVendor=0cf3, idProduct=3000
[    1.529431] usb 2-1.7: New USB device strings: Mfr=0, Product=0, SerialNumber=0
[    1.555777] e1000e 0000:00:19.0 eth0: registered PHC clock
[    1.555780] e1000e 0000:00:19.0 eth0: (PCI Express:2.5GT/s:Width x1) 14:da:e9:0f:78:84
[    1.555781] e1000e 0000:00:19.0 eth0: Intel(R) PRO/1000 Network Connection
[    1.555811] e1000e 0000:00:19.0 eth0: MAC: 10, PHY: 11, PBA No: FFFFFF-0FF
[    2.210849] EXT4-fs (sdg3): re-mounted. Opts: (null)
[    2.250644] Adding 1020k swap on /dev/sdg2.  Priority:-1 extents:1 across:1020k SS
[    2.468819] Switched to clocksource tsc
[    2.798460] e1000e 0000:00:19.0: irq 49 for MSI/MSI-X
[    2.899344] e1000e 0000:00:19.0: irq 49 for MSI/MSI-X
[    2.899440] IPv6: ADDRCONF(NETDEV_UP): eno1: link is not ready
[    5.716773] e1000e: eno1 NIC Link is Up 1000 Mbps Full Duplex, Flow Control: Rx/Tx
[    5.716807] IPv6: ADDRCONF(NETDEV_CHANGE): eno1: link becomes ready
[   31.912993] cat (2073) used greatest stack depth: 4264 bytes left
[  201.070890] nr_pdflush_threads exported in /proc is scheduled for removal
[  201.070965] sysctl: The scan_unevictable_pages sysctl/node-interface has been disabled for lack of a legitimate use case.  If you have one, please send an email to linux-mm@kvack.org.
[ 6924.660735] EXT4-fs (md127): barriers disabled
[ 6924.663556] EXT4-fs (md127): mounted filesystem with ordered data mode. Opts: nobarrier
[10614.695632] postgres (3285) used greatest stack depth: 4056 bytes left
[15488.402219] kworker/u8:1 (24) used greatest stack depth: 3368 bytes left
[23886.289793] EXT4-fs (md127): barriers disabled
[23886.293658] EXT4-fs (md127): mounted filesystem with ordered data mode. Opts: nobarrier
