[    0.000000] Linux version 2.6.39 (root@bench) (gcc version 4.7.3 (Gentoo 4.7.3-r1 p1.4, pie-0.5.5) ) #2 SMP Sun Apr 17 20:56:14 CEST 2016
[    0.000000] Command line: BOOT_IMAGE=/kernel-2.6.39 root=/dev/sdg3 ro
[    0.000000] BIOS-provided physical RAM map:
[    0.000000]  BIOS-e820: 0000000000000000 - 000000000009b400 (usable)
[    0.000000]  BIOS-e820: 000000000009b400 - 00000000000a0000 (reserved)
[    0.000000]  BIOS-e820: 00000000000e0000 - 0000000000100000 (reserved)
[    0.000000]  BIOS-e820: 0000000000100000 - 0000000020000000 (usable)
[    0.000000]  BIOS-e820: 0000000020000000 - 0000000020200000 (reserved)
[    0.000000]  BIOS-e820: 0000000020200000 - 0000000040000000 (usable)
[    0.000000]  BIOS-e820: 0000000040000000 - 0000000040200000 (reserved)
[    0.000000]  BIOS-e820: 0000000040200000 - 00000000b677e000 (usable)
[    0.000000]  BIOS-e820: 00000000b677e000 - 00000000b67d5000 (ACPI NVS)
[    0.000000]  BIOS-e820: 00000000b67d5000 - 00000000b6b5c000 (reserved)
[    0.000000]  BIOS-e820: 00000000b6b5c000 - 00000000b6b5f000 (ACPI NVS)
[    0.000000]  BIOS-e820: 00000000b6b5f000 - 00000000b6da5000 (reserved)
[    0.000000]  BIOS-e820: 00000000b6da5000 - 00000000b6db6000 (ACPI NVS)
[    0.000000]  BIOS-e820: 00000000b6db6000 - 00000000b6dcd000 (reserved)
[    0.000000]  BIOS-e820: 00000000b6dcd000 - 00000000b6dcf000 (usable)
[    0.000000]  BIOS-e820: 00000000b6dcf000 - 00000000b6dd7000 (reserved)
[    0.000000]  BIOS-e820: 00000000b6dd7000 - 00000000b6de2000 (ACPI NVS)
[    0.000000]  BIOS-e820: 00000000b6de2000 - 00000000b6e3e000 (reserved)
[    0.000000]  BIOS-e820: 00000000b6e3e000 - 00000000b6e81000 (ACPI NVS)
[    0.000000]  BIOS-e820: 00000000b6e81000 - 00000000b7000000 (usable)
[    0.000000]  BIOS-e820: 00000000b7800000 - 00000000bfa00000 (reserved)
[    0.000000]  BIOS-e820: 00000000fed1c000 - 00000000fed20000 (reserved)
[    0.000000]  BIOS-e820: 00000000ff000000 - 0000000100000000 (reserved)
[    0.000000]  BIOS-e820: 0000000100000000 - 000000023fe00000 (usable)
[    0.000000] NX (Execute Disable) protection: active
[    0.000000] DMI 2.6 present.
[    0.000000] DMI: System manufacturer System Product Name/P8Z68-V PRO, BIOS 0501 05/09/2011
[    0.000000] e820 update range: 0000000000000000 - 0000000000010000 (usable) ==> (reserved)
[    0.000000] e820 remove range: 00000000000a0000 - 0000000000100000 (usable)
[    0.000000] No AGP bridge found
[    0.000000] last_pfn = 0x23fe00 max_arch_pfn = 0x400000000
[    0.000000] MTRR default type: uncachable
[    0.000000] MTRR fixed ranges enabled:
[    0.000000]   00000-9FFFF write-back
[    0.000000]   A0000-BFFFF uncachable
[    0.000000]   C0000-D3FFF write-protect
[    0.000000]   D4000-E7FFF uncachable
[    0.000000]   E8000-FFFFF write-protect
[    0.000000] MTRR variable ranges enabled:
[    0.000000]   0 base 000000000 mask E00000000 write-back
[    0.000000]   1 base 200000000 mask FC0000000 write-back
[    0.000000]   2 base 0B7800000 mask FFF800000 uncachable
[    0.000000]   3 base 0B8000000 mask FF8000000 uncachable
[    0.000000]   4 base 0C0000000 mask FC0000000 uncachable
[    0.000000]   5 base 23FE00000 mask FFFE00000 uncachable
[    0.000000]   6 disabled
[    0.000000]   7 disabled
[    0.000000]   8 disabled
[    0.000000]   9 disabled
[    0.000000] x86 PAT enabled: cpu 0, old 0x7040600070406, new 0x7010600070106
[    0.000000] e820 update range: 00000000b7800000 - 0000000100000000 (usable) ==> (reserved)
[    0.000000] last_pfn = 0xb7000 max_arch_pfn = 0x400000000
[    0.000000] found SMP MP-table at [ffff8800000fcee0] fcee0
[    0.000000] initial memory mapped : 0 - 20000000
[    0.000000] Base memory trampoline at [ffff880000099000] 99000 size 8192
[    0.000000] init_memory_mapping: 0000000000000000-00000000b7000000
[    0.000000]  0000000000 - 00b7000000 page 2M
[    0.000000] kernel direct mapping tables up to b7000000 @ b6ffc000-b7000000
[    0.000000] init_memory_mapping: 0000000100000000-000000023fe00000
[    0.000000]  0100000000 - 023fe00000 page 2M
[    0.000000] kernel direct mapping tables up to 23fe00000 @ 23fdf6000-23fe00000
[    0.000000] ACPI: RSDP 00000000000f0420 00024 (v02 ALASKA)
[    0.000000] ACPI: XSDT 00000000b67ca068 0004C (v01 ALASKA    A M I 01072009 AMI  00010013)
[    0.000000] ACPI: FACP 00000000b67d42d8 000F4 (v04 ALASKA    A M I 01072009 AMI  00010013)
[    0.000000] ACPI: DSDT 00000000b67ca140 0A198 (v02 ALASKA    A M I 00000000 INTL 20051117)
[    0.000000] ACPI: FACS 00000000b6dd9f80 00040
[    0.000000] ACPI: APIC 00000000b67d43d0 00072 (v03 ALASKA    A M I 01072009 AMI  00010013)
[    0.000000] ACPI: SSDT 00000000b67d4448 00102 (v01 AMICPU     PROC 00000001 MSFT 03000001)
[    0.000000] ACPI: MCFG 00000000b67d4550 0003C (v01 ALASKA    A M I 01072009 MSFT 00000097)
[    0.000000] ACPI: HPET 00000000b67d4590 00038 (v01 ALASKA    A M I 01072009 AMI. 00000004)
[    0.000000] ACPI: Local APIC address 0xfee00000
[    0.000000] No NUMA configuration found
[    0.000000] Faking a node at 0000000000000000-000000023fe00000
[    0.000000] NUMA: Using 63 for the hash shift.
[    0.000000] Initmem setup node 0 0000000000000000-000000023fe00000
[    0.000000]   NODE_DATA [000000023fdfb000 - 000000023fdfffff]
[    0.000000]  [ffffea0000000000-ffffea0007dfffff] PMD -> [ffff880237600000-ffff88023e5fffff] on node 0
[    0.000000] Zone PFN ranges:
[    0.000000]   DMA      0x00000010 -> 0x00001000
[    0.000000]   DMA32    0x00001000 -> 0x00100000
[    0.000000]   Normal   0x00100000 -> 0x0023fe00
[    0.000000] Movable zone start PFN for each node
[    0.000000] early_node_map[7] active PFN ranges
[    0.000000]     0: 0x00000010 -> 0x0000009b
[    0.000000]     0: 0x00000100 -> 0x00020000
[    0.000000]     0: 0x00020200 -> 0x00040000
[    0.000000]     0: 0x00040200 -> 0x000b677e
[    0.000000]     0: 0x000b6dcd -> 0x000b6dcf
[    0.000000]     0: 0x000b6e81 -> 0x000b7000
[    0.000000]     0: 0x00100000 -> 0x0023fe00
[    0.000000] On node 0 totalpages: 2056842
[    0.000000]   DMA zone: 56 pages used for memmap
[    0.000000]   DMA zone: 2 pages reserved
[    0.000000]   DMA zone: 3921 pages, LIFO batch:0
[    0.000000]   DMA32 zone: 14280 pages used for memmap
[    0.000000]   DMA32 zone: 728375 pages, LIFO batch:31
[    0.000000]   Normal zone: 17913 pages used for memmap
[    0.000000]   Normal zone: 1292295 pages, LIFO batch:31
[    0.000000] ACPI: PM-Timer IO Port: 0x408
[    0.000000] ACPI: Local APIC address 0xfee00000
[    0.000000] ACPI: LAPIC (acpi_id[0x01] lapic_id[0x00] enabled)
[    0.000000] ACPI: LAPIC (acpi_id[0x02] lapic_id[0x02] enabled)
[    0.000000] ACPI: LAPIC (acpi_id[0x03] lapic_id[0x04] enabled)
[    0.000000] ACPI: LAPIC (acpi_id[0x04] lapic_id[0x06] enabled)
[    0.000000] ACPI: LAPIC_NMI (acpi_id[0xff] high edge lint[0x1])
[    0.000000] ACPI: IOAPIC (id[0x00] address[0xfec00000] gsi_base[0])
[    0.000000] IOAPIC[0]: apic_id 0, version 32, address 0xfec00000, GSI 0-23
[    0.000000] ACPI: INT_SRC_OVR (bus 0 bus_irq 0 global_irq 2 dfl dfl)
[    0.000000] ACPI: INT_SRC_OVR (bus 0 bus_irq 9 global_irq 9 high level)
[    0.000000] ACPI: IRQ0 used by override.
[    0.000000] ACPI: IRQ2 used by override.
[    0.000000] ACPI: IRQ9 used by override.
[    0.000000] Using ACPI (MADT) for SMP configuration information
[    0.000000] ACPI: HPET id: 0x8086a701 base: 0xfed00000
[    0.000000] SMP: Allowing 4 CPUs, 0 hotplug CPUs
[    0.000000] nr_irqs_gsi: 40
[    0.000000] Allocating PCI resources starting at bfa00000 (gap: bfa00000:3f31c000)
[    0.000000] setup_percpu: NR_CPUS:64 nr_cpumask_bits:64 nr_cpu_ids:4 nr_node_ids:1
[    0.000000] PERCPU: Embedded 26 pages/cpu @ffff88023fa00000 s77184 r8192 d21120 u524288
[    0.000000] pcpu-alloc: s77184 r8192 d21120 u524288 alloc=1*2097152
[    0.000000] pcpu-alloc: [0] 0 1 2 3 
[    0.000000] Built 1 zonelists in Zone order, mobility grouping on.  Total pages: 2024591
[    0.000000] Policy zone: Normal
[    0.000000] Kernel command line: BOOT_IMAGE=/kernel-2.6.39 root=/dev/sdg3 ro
[    0.000000] PID hash table entries: 4096 (order: 3, 32768 bytes)
[    0.000000] xsave/xrstor: enabled xstate_bv 0x7, cntxt size 0x340
[    0.000000] Checking aperture...
[    0.000000] No AGP bridge found
[    0.000000] Memory: 8035668k/9435136k available (5957k kernel code, 1207768k absent, 191700k reserved, 2808k data, 612k init)
[    0.000000] SLUB: Genslabs=15, HWalign=64, Order=0-3, MinObjects=0, CPUs=4, Nodes=1
[    0.000000] Hierarchical RCU implementation.
[    0.000000] 	RCU-based detection of stalled CPUs is disabled.
[    0.000000] NR_IRQS:4352 nr_irqs:712 16
[    0.000000] Extended CMOS year: 2000
[    0.000000] Console: colour VGA+ 80x25
[    0.000000] console [tty0] enabled
[    0.000000] hpet clockevent registered
[    0.000000] Fast TSC calibration using PIT
[    0.001000] Detected 3299.673 MHz processor.
[    0.000002] Calibrating delay loop (skipped), value calculated using timer frequency.. 6599.34 BogoMIPS (lpj=3299673)
[    0.000139] pid_max: default: 32768 minimum: 301
[    0.000219] Security Framework initialized
[    0.000600] Dentry cache hash table entries: 1048576 (order: 11, 8388608 bytes)
[    0.001873] Inode-cache hash table entries: 524288 (order: 10, 4194304 bytes)
[    0.002472] Mount-cache hash table entries: 256
[    0.002612] CPU: Physical Processor ID: 0
[    0.002679] CPU: Processor Core ID: 0
[    0.002747] mce: CPU supports 9 MCE banks
[    0.002822] CPU0: Thermal monitoring enabled (TM1)
[    0.002894] using mwait in idle threads.
[    0.003024] ACPI: Core revision 20110316
[    0.105849] Setting APIC routing to flat
[    0.106248] ..TIMER: vector=0x30 apic1=0 pin1=2 apic2=-1 pin2=-1
[    0.116311] CPU0: Intel(R) Core(TM) i5-2500K CPU @ 3.30GHz stepping 07
[    0.218042] Performance Events: PEBS fmt1+, SandyBridge events, Intel PMU driver.
[    0.218251] ... version:                3
[    0.218317] ... bit width:              48
[    0.218384] ... generic registers:      8
[    0.218450] ... value mask:             0000ffffffffffff
[    0.218518] ... max period:             000000007fffffff
[    0.218588] ... fixed-purpose events:   3
[    0.218654] ... event mask:             00000007000000ff
[    0.218803] Booting Node   0, Processors  #1
[    0.218884] smpboot cpu 1: start_ip = 99000
[    0.309078]  #2
[    0.309120] smpboot cpu 2: start_ip = 99000
[    0.400010]  #3 Ok.
[    0.400075] smpboot cpu 3: start_ip = 99000
[    0.490829] Brought up 4 CPUs
[    0.490897] Total of 4 processors activated (26396.28 BogoMIPS).
[    0.492237] devtmpfs: initialized
[    0.492354] kworker/u:0 used greatest stack depth: 5824 bytes left
[    0.492467] NET: Registered protocol family 16
[    0.492688] ACPI: bus type pci registered
[    0.492798] PCI: MMCONFIG for domain 0000 [bus 00-3f] at [mem 0xe0000000-0xe3ffffff] (base 0xe0000000)
[    0.492897] PCI: not using MMCONFIG
[    0.492963] PCI: Using configuration type 1 for base access
[    0.495399] bio: create slab <bio-0> at 0
[    0.496267] ACPI: EC: Look up EC in DSDT
[    0.496983] ACPI: Executed 1 blocks of module-level executable AML code
[    0.498593] ACPI Error: [RAMB] Namespace lookup failure, AE_NOT_FOUND (20110316/psargs-359)
[    0.498803] ACPI Exception: AE_NOT_FOUND, Could not execute arguments for [RAMW] (Region) (20110316/nsinit-349)
[    0.499130] ACPI: SSDT 00000000b6dd8918 003E0 (v01    AMI      IST 00000001 MSFT 03000001)
[    0.499514] ACPI: Dynamic OEM Table Load:
[    0.499654] ACPI: SSDT           (null) 003E0 (v01    AMI      IST 00000001 MSFT 03000001)
[    0.499841] ACPI: SSDT 00000000b6dd7d98 000E4 (v01    AMI      CST 00000001 MSFT 03000001)
[    0.500193] ACPI: Dynamic OEM Table Load:
[    0.500333] ACPI: SSDT           (null) 000E4 (v01    AMI      CST 00000001 MSFT 03000001)
[    0.500776] ACPI: Interpreter enabled
[    0.500843] ACPI: (supports S0 S5)
[    0.500987] ACPI: Using IOAPIC for interrupt routing
[    0.501068] PCI: MMCONFIG for domain 0000 [bus 00-3f] at [mem 0xe0000000-0xe3ffffff] (base 0xe0000000)
[    0.501198] PCI: MMCONFIG at [mem 0xe0000000-0xe3ffffff] reserved in ACPI motherboard resources
[    0.512166] [Firmware Bug]: ACPI: BIOS _OSI(Linux) query ignored
[    0.515994] ACPI: EC: GPE = 0x18, I/O: command/status = 0x66, data = 0x62
[    0.516177] ACPI: No dock devices found.
[    0.516244] PCI: Using host bridge windows from ACPI; if necessary, use "pci=nocrs" and report a bug
[    0.516447] ACPI: PCI Root Bridge [PCI0] (domain 0000 [bus 00-ff])
[    0.516638] pci_root PNP0A08:00: host bridge window [io  0x0000-0x0cf7]
[    0.516709] pci_root PNP0A08:00: host bridge window [io  0x0d00-0xffff]
[    0.516780] pci_root PNP0A08:00: host bridge window [mem 0x000a0000-0x000bffff]
[    0.516876] pci_root PNP0A08:00: host bridge window [mem 0x000c8000-0x000dffff]
[    0.516971] pci_root PNP0A08:00: host bridge window [mem 0xbfa00000-0xffffffff]
[    0.517074] pci 0000:00:00.0: [8086:0100] type 0 class 0x000600
[    0.517097] pci 0000:00:01.0: [8086:0101] type 1 class 0x000604
[    0.517114] pci 0000:00:01.0: PME# supported from D0 D3hot D3cold
[    0.517116] pci 0000:00:01.0: PME# disabled
[    0.517130] pci 0000:00:02.0: [8086:0112] type 0 class 0x000300
[    0.517137] pci 0000:00:02.0: reg 10: [mem 0xfa400000-0xfa7fffff 64bit]
[    0.517142] pci 0000:00:02.0: reg 18: [mem 0xc0000000-0xcfffffff 64bit pref]
[    0.517145] pci 0000:00:02.0: reg 20: [io  0xf000-0xf03f]
[    0.517186] pci 0000:00:16.0: [8086:1c3a] type 0 class 0x000780
[    0.517207] pci 0000:00:16.0: reg 10: [mem 0xfad29000-0xfad2900f 64bit]
[    0.517263] pci 0000:00:16.0: PME# supported from D0 D3hot D3cold
[    0.517267] pci 0000:00:16.0: PME# disabled
[    0.517292] pci 0000:00:19.0: [8086:1503] type 0 class 0x000200
[    0.517309] pci 0000:00:19.0: reg 10: [mem 0xfad00000-0xfad1ffff]
[    0.517317] pci 0000:00:19.0: reg 14: [mem 0xfad28000-0xfad28fff]
[    0.517324] pci 0000:00:19.0: reg 18: [io  0xf080-0xf09f]
[    0.517369] pci 0000:00:19.0: PME# supported from D0 D3hot D3cold
[    0.517372] pci 0000:00:19.0: PME# disabled
[    0.517394] pci 0000:00:1a.0: [8086:1c2d] type 0 class 0x000c03
[    0.517413] pci 0000:00:1a.0: reg 10: [mem 0xfad27000-0xfad273ff]
[    0.517481] pci 0000:00:1a.0: PME# supported from D0 D3hot D3cold
[    0.517484] pci 0000:00:1a.0: PME# disabled
[    0.517504] pci 0000:00:1b.0: [8086:1c20] type 0 class 0x000403
[    0.517518] pci 0000:00:1b.0: reg 10: [mem 0xfad20000-0xfad23fff 64bit]
[    0.517567] pci 0000:00:1b.0: PME# supported from D0 D3hot D3cold
[    0.517570] pci 0000:00:1b.0: PME# disabled
[    0.517588] pci 0000:00:1c.0: [8086:1c10] type 1 class 0x000604
[    0.517645] pci 0000:00:1c.0: PME# supported from D0 D3hot D3cold
[    0.517648] pci 0000:00:1c.0: PME# disabled
[    0.517668] pci 0000:00:1c.1: [8086:1c12] type 1 class 0x000604
[    0.517725] pci 0000:00:1c.1: PME# supported from D0 D3hot D3cold
[    0.517728] pci 0000:00:1c.1: PME# disabled
[    0.517748] pci 0000:00:1c.2: [8086:1c14] type 1 class 0x000604
[    0.517806] pci 0000:00:1c.2: PME# supported from D0 D3hot D3cold
[    0.517810] pci 0000:00:1c.2: PME# disabled
[    0.517830] pci 0000:00:1c.3: [8086:1c16] type 1 class 0x000604
[    0.517886] pci 0000:00:1c.3: PME# supported from D0 D3hot D3cold
[    0.517890] pci 0000:00:1c.3: PME# disabled
[    0.517910] pci 0000:00:1c.4: [8086:1c18] type 1 class 0x000604
[    0.517967] pci 0000:00:1c.4: PME# supported from D0 D3hot D3cold
[    0.517970] pci 0000:00:1c.4: PME# disabled
[    0.517991] pci 0000:00:1c.6: [8086:244e] type 1 class 0x000604
[    0.518048] pci 0000:00:1c.6: PME# supported from D0 D3hot D3cold
[    0.518052] pci 0000:00:1c.6: PME# disabled
[    0.518072] pci 0000:00:1c.7: [8086:1c1e] type 1 class 0x000604
[    0.518128] pci 0000:00:1c.7: PME# supported from D0 D3hot D3cold
[    0.518132] pci 0000:00:1c.7: PME# disabled
[    0.518156] pci 0000:00:1d.0: [8086:1c26] type 0 class 0x000c03
[    0.518175] pci 0000:00:1d.0: reg 10: [mem 0xfad26000-0xfad263ff]
[    0.518243] pci 0000:00:1d.0: PME# supported from D0 D3hot D3cold
[    0.518247] pci 0000:00:1d.0: PME# disabled
[    0.518268] pci 0000:00:1f.0: [8086:1c44] type 0 class 0x000601
[    0.518374] pci 0000:00:1f.2: [8086:1c02] type 0 class 0x000106
[    0.518390] pci 0000:00:1f.2: reg 10: [io  0xf0d0-0xf0d7]
[    0.518397] pci 0000:00:1f.2: reg 14: [io  0xf0c0-0xf0c3]
[    0.518404] pci 0000:00:1f.2: reg 18: [io  0xf0b0-0xf0b7]
[    0.518411] pci 0000:00:1f.2: reg 1c: [io  0xf0a0-0xf0a3]
[    0.518418] pci 0000:00:1f.2: reg 20: [io  0xf060-0xf07f]
[    0.518425] pci 0000:00:1f.2: reg 24: [mem 0xfad25000-0xfad257ff]
[    0.518454] pci 0000:00:1f.2: PME# supported from D3hot
[    0.518457] pci 0000:00:1f.2: PME# disabled
[    0.518471] pci 0000:00:1f.3: [8086:1c22] type 0 class 0x000c05
[    0.518484] pci 0000:00:1f.3: reg 10: [mem 0xfad24000-0xfad240ff 64bit]
[    0.518504] pci 0000:00:1f.3: reg 20: [io  0xf040-0xf05f]
[    0.518549] pci 0000:01:00.0: [10de:1245] type 0 class 0x000300
[    0.518557] pci 0000:01:00.0: reg 10: [mem 0xf8000000-0xf9ffffff]
[    0.518565] pci 0000:01:00.0: reg 14: [mem 0xd0000000-0xd7ffffff 64bit pref]
[    0.518574] pci 0000:01:00.0: reg 1c: [mem 0xd8000000-0xdbffffff 64bit pref]
[    0.518580] pci 0000:01:00.0: reg 24: [io  0xe000-0xe07f]
[    0.518586] pci 0000:01:00.0: reg 30: [mem 0xfa000000-0xfa07ffff pref]
[    0.518622] pci 0000:01:00.1: [10de:0bee] type 0 class 0x000403
[    0.518630] pci 0000:01:00.1: reg 10: [mem 0xfa080000-0xfa083fff]
[    0.519800] pci 0000:00:01.0: PCI bridge to [bus 01-01]
[    0.519869] pci 0000:00:01.0:   bridge window [io  0xe000-0xefff]
[    0.519871] pci 0000:00:01.0:   bridge window [mem 0xf8000000-0xfa0fffff]
[    0.519874] pci 0000:00:01.0:   bridge window [mem 0xd0000000-0xdbffffff 64bit pref]
[    0.519914] pci 0000:00:1c.0: PCI bridge to [bus 02-02]
[    0.519985] pci 0000:00:1c.0:   bridge window [io  0xf000-0x0000] (disabled)
[    0.519989] pci 0000:00:1c.0:   bridge window [mem 0xfff00000-0x000fffff] (disabled)
[    0.519995] pci 0000:00:1c.0:   bridge window [mem 0xfff00000-0x000fffff pref] (disabled)
[    0.520060] pci 0000:03:00.0: [1b21:1042] type 0 class 0x000c03
[    0.520088] pci 0000:03:00.0: reg 10: [mem 0xfac00000-0xfac07fff 64bit]
[    0.520210] pci 0000:03:00.0: PME# supported from D3hot D3cold
[    0.520215] pci 0000:03:00.0: PME# disabled
[    0.521801] pci 0000:00:1c.1: PCI bridge to [bus 03-03]
[    0.521871] pci 0000:00:1c.1:   bridge window [io  0xf000-0x0000] (disabled)
[    0.521875] pci 0000:00:1c.1:   bridge window [mem 0xfac00000-0xfacfffff]
[    0.521880] pci 0000:00:1c.1:   bridge window [mem 0xfff00000-0x000fffff pref] (disabled)
[    0.521922] pci 0000:00:1c.2: PCI bridge to [bus 04-04]
[    0.521993] pci 0000:00:1c.2:   bridge window [io  0xf000-0x0000] (disabled)
[    0.521996] pci 0000:00:1c.2:   bridge window [mem 0xfff00000-0x000fffff] (disabled)
[    0.522002] pci 0000:00:1c.2:   bridge window [mem 0xfff00000-0x000fffff pref] (disabled)
[    0.522062] pci 0000:05:00.0: [197b:2362] type 0 class 0x000101
[    0.522095] pci 0000:05:00.0: reg 10: [io  0xd040-0xd047]
[    0.522111] pci 0000:05:00.0: reg 14: [io  0xd030-0xd033]
[    0.522127] pci 0000:05:00.0: reg 18: [io  0xd020-0xd027]
[    0.522143] pci 0000:05:00.0: reg 1c: [io  0xd010-0xd013]
[    0.522158] pci 0000:05:00.0: reg 20: [io  0xd000-0xd00f]
[    0.522174] pci 0000:05:00.0: reg 24: [mem 0xfab10000-0xfab101ff]
[    0.522190] pci 0000:05:00.0: reg 30: [mem 0x00000000-0x0000ffff pref]
[    0.522226] pci 0000:05:00.0: PME# supported from D3hot
[    0.522232] pci 0000:05:00.0: PME# disabled
[    0.523799] pci 0000:00:1c.3: PCI bridge to [bus 05-05]
[    0.523870] pci 0000:00:1c.3:   bridge window [io  0xd000-0xdfff]
[    0.523874] pci 0000:00:1c.3:   bridge window [mem 0xfab00000-0xfabfffff]
[    0.523879] pci 0000:00:1c.3:   bridge window [mem 0xfff00000-0x000fffff pref] (disabled)
[    0.523945] pci 0000:06:00.0: [1b21:1042] type 0 class 0x000c03
[    0.523973] pci 0000:06:00.0: reg 10: [mem 0xfaa00000-0xfaa07fff 64bit]
[    0.524094] pci 0000:06:00.0: PME# supported from D3hot D3cold
[    0.524099] pci 0000:06:00.0: PME# disabled
[    0.525796] pci 0000:00:1c.4: PCI bridge to [bus 06-06]
[    0.525866] pci 0000:00:1c.4:   bridge window [io  0xf000-0x0000] (disabled)
[    0.525870] pci 0000:00:1c.4:   bridge window [mem 0xfaa00000-0xfaafffff]
[    0.525875] pci 0000:00:1c.4:   bridge window [mem 0xfff00000-0x000fffff pref] (disabled)
[    0.525930] pci 0000:07:00.0: [1b21:1080] type 1 class 0x000604
[    0.526030] pci 0000:00:1c.6: PCI bridge to [bus 07-08] (subtractive decode)
[    0.526103] pci 0000:00:1c.6:   bridge window [io  0xc000-0xcfff]
[    0.526107] pci 0000:00:1c.6:   bridge window [mem 0xfa900000-0xfa9fffff]
[    0.526112] pci 0000:00:1c.6:   bridge window [mem 0xfff00000-0x000fffff pref] (disabled)
[    0.526114] pci 0000:00:1c.6:   bridge window [io  0x0000-0x0cf7] (subtractive decode)
[    0.526115] pci 0000:00:1c.6:   bridge window [io  0x0d00-0xffff] (subtractive decode)
[    0.526116] pci 0000:00:1c.6:   bridge window [mem 0x000a0000-0x000bffff] (subtractive decode)
[    0.526118] pci 0000:00:1c.6:   bridge window [mem 0x000c8000-0x000dffff] (subtractive decode)
[    0.526119] pci 0000:00:1c.6:   bridge window [mem 0xbfa00000-0xffffffff] (subtractive decode)
[    0.526180] pci 0000:08:02.0: [1106:3044] type 0 class 0x000c00
[    0.526211] pci 0000:08:02.0: reg 10: [mem 0xfa900000-0xfa9007ff]
[    0.526228] pci 0000:08:02.0: reg 14: [io  0xc000-0xc07f]
[    0.526338] pci 0000:08:02.0: supports D2
[    0.526339] pci 0000:08:02.0: PME# supported from D2 D3hot D3cold
[    0.526345] pci 0000:08:02.0: PME# disabled
[    0.526420] pci 0000:07:00.0: PCI bridge to [bus 08-08] (subtractive decode)
[    0.526499] pci 0000:07:00.0:   bridge window [io  0xc000-0xcfff]
[    0.526505] pci 0000:07:00.0:   bridge window [mem 0xfa900000-0xfa9fffff]
[    0.526514] pci 0000:07:00.0:   bridge window [mem 0xfff00000-0x000fffff pref] (disabled)
[    0.526516] pci 0000:07:00.0:   bridge window [io  0xc000-0xcfff] (subtractive decode)
[    0.526517] pci 0000:07:00.0:   bridge window [mem 0xfa900000-0xfa9fffff] (subtractive decode)
[    0.526518] pci 0000:07:00.0:   bridge window [??? 0x00000000 flags 0x0] (subtractive decode)
[    0.526520] pci 0000:07:00.0:   bridge window [??? 0x00000000 flags 0x0] (subtractive decode)
[    0.526521] pci 0000:07:00.0:   bridge window [io  0x0000-0x0cf7] (subtractive decode)
[    0.526523] pci 0000:07:00.0:   bridge window [io  0x0d00-0xffff] (subtractive decode)
[    0.526524] pci 0000:07:00.0:   bridge window [mem 0x000a0000-0x000bffff] (subtractive decode)
[    0.526525] pci 0000:07:00.0:   bridge window [mem 0x000c8000-0x000dffff] (subtractive decode)
[    0.526527] pci 0000:07:00.0:   bridge window [mem 0xbfa00000-0xffffffff] (subtractive decode)
[    0.526595] pci 0000:09:00.0: [1b4b:9172] type 0 class 0x000106
[    0.526611] pci 0000:09:00.0: reg 10: [io  0xb040-0xb047]
[    0.526623] pci 0000:09:00.0: reg 14: [io  0xb030-0xb033]
[    0.526635] pci 0000:09:00.0: reg 18: [io  0xb020-0xb027]
[    0.526648] pci 0000:09:00.0: reg 1c: [io  0xb010-0xb013]
[    0.526660] pci 0000:09:00.0: reg 20: [io  0xb000-0xb00f]
[    0.526672] pci 0000:09:00.0: reg 24: [mem 0xfa810000-0xfa8101ff]
[    0.526684] pci 0000:09:00.0: reg 30: [mem 0xfa800000-0xfa80ffff pref]
[    0.526718] pci 0000:09:00.0: PME# supported from D3hot
[    0.526723] pci 0000:09:00.0: PME# disabled
[    0.528791] pci 0000:00:1c.7: PCI bridge to [bus 09-09]
[    0.528861] pci 0000:00:1c.7:   bridge window [io  0xb000-0xbfff]
[    0.528865] pci 0000:00:1c.7:   bridge window [mem 0xfa800000-0xfa8fffff]
[    0.528870] pci 0000:00:1c.7:   bridge window [mem 0xfff00000-0x000fffff pref] (disabled)
[    0.528903] ACPI: PCI Interrupt Routing Table [\_SB_.PCI0._PRT]
[    0.528955] ACPI: PCI Interrupt Routing Table [\_SB_.PCI0.P0P1._PRT]
[    0.528971] ACPI: PCI Interrupt Routing Table [\_SB_.PCI0.PEX0._PRT]
[    0.528985] ACPI: PCI Interrupt Routing Table [\_SB_.PCI0.PEX1._PRT]
[    0.528999] ACPI: PCI Interrupt Routing Table [\_SB_.PCI0.PEX2._PRT]
[    0.529012] ACPI: PCI Interrupt Routing Table [\_SB_.PCI0.PEX3._PRT]
[    0.529036] ACPI: PCI Interrupt Routing Table [\_SB_.PCI0.PEX4._PRT]
[    0.529050] ACPI: PCI Interrupt Routing Table [\_SB_.PCI0.PEX6._PRT]
[    0.529065] ACPI: PCI Interrupt Routing Table [\_SB_.PCI0.PEX6.BR24._PRT]
[    0.529090] ACPI: PCI Interrupt Routing Table [\_SB_.PCI0.PEX7._PRT]
[    0.529157]  pci0000:00: Requesting ACPI _OSC control (0x1d)
[    0.529339]  pci0000:00: ACPI _OSC control (0x1c) granted
[    0.532128] ACPI: PCI Interrupt Link [LNKA] (IRQs 3 4 5 6 7 10 *11 12 14 15)
[    0.532665] ACPI: PCI Interrupt Link [LNKB] (IRQs 3 4 5 6 7 *10 11 12 14 15)
[    0.533662] ACPI: PCI Interrupt Link [LNKC] (IRQs *3 4 5 6 10 11 12 14 15)
[    0.534163] ACPI: PCI Interrupt Link [LNKD] (IRQs 3 4 5 6 10 *11 12 14 15)
[    0.534662] ACPI: PCI Interrupt Link [LNKE] (IRQs 3 4 6 7 *10 11 12 14 15)
[    0.535164] ACPI: PCI Interrupt Link [LNKF] (IRQs 3 4 *5 6 7 10 11 12 14 15)
[    0.535700] ACPI: PCI Interrupt Link [LNKG] (IRQs 3 *4 5 6 7 10 11 12 14 15)
[    0.536237] ACPI: PCI Interrupt Link [LNKH] (IRQs 3 4 5 6 *7 10 11 12 14 15)
[    0.536829] vgaarb: device added: PCI:0000:00:02.0,decodes=io+mem,owns=io+mem,locks=none
[    0.536930] vgaarb: device added: PCI:0000:01:00.0,decodes=io+mem,owns=none,locks=none
[    0.537027] vgaarb: loaded
[    0.537148] SCSI subsystem initialized
[    0.537254] libata version 3.00 loaded.
[    0.537296] usbcore: registered new interface driver usbfs
[    0.537388] usbcore: registered new interface driver hub
[    0.537472] usbcore: registered new device driver usb
[    0.537616] PCI: Using ACPI for IRQ routing
[    0.537683] PCI: pci_cache_line_size set to 64 bytes
[    0.537768] reserve RAM buffer: 000000000009b400 - 000000000009ffff 
[    0.537769] reserve RAM buffer: 00000000b677e000 - 00000000b7ffffff 
[    0.537773] reserve RAM buffer: 00000000b6dcf000 - 00000000b7ffffff 
[    0.537775] reserve RAM buffer: 00000000b7000000 - 00000000b7ffffff 
[    0.537776] reserve RAM buffer: 000000023fe00000 - 000000023fffffff 
[    0.537856] NetLabel: Initializing
[    0.537922] NetLabel:  domain hash size = 128
[    0.537988] NetLabel:  protocols = UNLABELED CIPSOv4
[    0.538062] NetLabel:  unlabeled traffic allowed by default
[    0.538138] hpet0: at MMIO 0xfed00000, IRQs 2, 8, 0, 0, 0, 0, 0, 0
[    0.538540] hpet0: 8 comparators, 64-bit 14.318180 MHz counter
[    0.540620] Switching to clocksource hpet
[    0.540772] Switched to NOHz mode on CPU #3
[    0.540775] Switched to NOHz mode on CPU #1
[    0.540811] Switched to NOHz mode on CPU #2
[    0.541680] Switched to NOHz mode on CPU #0
[    0.541986] pnp: PnP ACPI init
[    0.542055] ACPI: bus type pnp registered
[    0.542191] pnp 00:00: [bus 00-ff]
[    0.542193] pnp 00:00: [io  0x0cf8-0x0cff]
[    0.542194] pnp 00:00: [io  0x0000-0x0cf7 window]
[    0.542195] pnp 00:00: [io  0x0d00-0xffff window]
[    0.542197] pnp 00:00: [mem 0x000a0000-0x000bffff window]
[    0.542198] pnp 00:00: [mem 0x000c8000-0x000dffff window]
[    0.542200] pnp 00:00: [mem 0xbfa00000-0xffffffff window]
[    0.542201] pnp 00:00: [mem 0x00000000 window]
[    0.542240] pnp 00:00: Plug and Play ACPI device, IDs PNP0a08 PNP0a03 (active)
[    0.542271] pnp 00:01: [mem 0xfed10000-0xfed19fff]
[    0.542272] pnp 00:01: [mem 0xe0000000-0xe3ffffff]
[    0.542273] pnp 00:01: [mem 0xfed90000-0xfed93fff]
[    0.542274] pnp 00:01: [mem 0xfed20000-0xfed3ffff]
[    0.542275] pnp 00:01: [mem 0xfee00000-0xfee0ffff]
[    0.542310] system 00:01: [mem 0xfed10000-0xfed19fff] has been reserved
[    0.542381] system 00:01: [mem 0xe0000000-0xe3ffffff] has been reserved
[    0.542454] system 00:01: [mem 0xfed90000-0xfed93fff] has been reserved
[    0.542526] system 00:01: [mem 0xfed20000-0xfed3ffff] has been reserved
[    0.542597] system 00:01: [mem 0xfee00000-0xfee0ffff] has been reserved
[    0.542668] system 00:01: Plug and Play ACPI device, IDs PNP0c01 (active)
[    0.542708] pnp 00:02: [io  0x0000-0xffffffffffffffff disabled]
[    0.542709] pnp 00:02: [io  0x0000-0xffffffffffffffff disabled]
[    0.542710] pnp 00:02: [io  0x0290-0x029f]
[    0.542711] pnp 00:02: [io  0x0000-0xffffffffffffffff disabled]
[    0.542766] system 00:02: [io  0x0290-0x029f] has been reserved
[    0.542837] system 00:02: Plug and Play ACPI device, IDs PNP0c02 (active)
[    0.542845] pnp 00:03: [dma 4]
[    0.542846] pnp 00:03: [io  0x0000-0x000f]
[    0.542847] pnp 00:03: [io  0x0081-0x0083]
[    0.542848] pnp 00:03: [io  0x0087]
[    0.542849] pnp 00:03: [io  0x0089-0x008b]
[    0.542850] pnp 00:03: [io  0x008f]
[    0.542851] pnp 00:03: [io  0x00c0-0x00df]
[    0.542873] pnp 00:03: Plug and Play ACPI device, IDs PNP0200 (active)
[    0.542879] pnp 00:04: [io  0x0070-0x0071]
[    0.542885] pnp 00:04: [irq 8]
[    0.542907] pnp 00:04: Plug and Play ACPI device, IDs PNP0b00 (active)
[    0.542911] pnp 00:05: [io  0x0061]
[    0.542933] pnp 00:05: Plug and Play ACPI device, IDs PNP0800 (active)
[    0.542942] pnp 00:06: [io  0x0010-0x001f]
[    0.542943] pnp 00:06: [io  0x0022-0x003f]
[    0.542944] pnp 00:06: [io  0x0044-0x005f]
[    0.542945] pnp 00:06: [io  0x0063]
[    0.542946] pnp 00:06: [io  0x0065]
[    0.542947] pnp 00:06: [io  0x0067-0x006f]
[    0.542948] pnp 00:06: [io  0x0072-0x007f]
[    0.542949] pnp 00:06: [io  0x0080]
[    0.542950] pnp 00:06: [io  0x0084-0x0086]
[    0.542950] pnp 00:06: [io  0x0088]
[    0.542951] pnp 00:06: [io  0x008c-0x008e]
[    0.542952] pnp 00:06: [io  0x0090-0x009f]
[    0.542953] pnp 00:06: [io  0x00a2-0x00bf]
[    0.542954] pnp 00:06: [io  0x00e0-0x00ef]
[    0.542955] pnp 00:06: [io  0x04d0-0x04d1]
[    0.542994] system 00:06: [io  0x04d0-0x04d1] has been reserved
[    0.543064] system 00:06: Plug and Play ACPI device, IDs PNP0c02 (active)
[    0.543069] pnp 00:07: [io  0x00f0-0x00ff]
[    0.543073] pnp 00:07: [irq 13]
[    0.543096] pnp 00:07: Plug and Play ACPI device, IDs PNP0c04 (active)
[    0.543250] pnp 00:08: [io  0x0400-0x0453]
[    0.543251] pnp 00:08: [io  0x0458-0x047f]
[    0.543252] pnp 00:08: [io  0x0000-0xffffffffffffffff disabled]
[    0.543253] pnp 00:08: [io  0x0500-0x057f]
[    0.543256] pnp 00:08: [mem 0xfed1c000-0xfed1ffff]
[    0.543257] pnp 00:08: [mem 0xfec00000-0xfecfffff]
[    0.543258] pnp 00:08: [mem 0xfed08000-0xfed08fff]
[    0.543259] pnp 00:08: [mem 0xff000000-0xffffffff]
[    0.543295] system 00:08: [io  0x0400-0x0453] has been reserved
[    0.543365] system 00:08: [io  0x0458-0x047f] has been reserved
[    0.543435] system 00:08: [io  0x0500-0x057f] has been reserved
[    0.543505] system 00:08: [mem 0xfed1c000-0xfed1ffff] has been reserved
[    0.543576] system 00:08: [mem 0xfec00000-0xfecfffff] could not be reserved
[    0.543648] system 00:08: [mem 0xfed08000-0xfed08fff] has been reserved
[    0.543718] system 00:08: [mem 0xff000000-0xffffffff] has been reserved
[    0.543799] system 00:08: Plug and Play ACPI device, IDs PNP0c01 (active)
[    0.543819] pnp 00:09: [io  0x0454-0x0457]
[    0.543853] system 00:09: [io  0x0454-0x0457] has been reserved
[    0.543923] system 00:09: Plug and Play ACPI device, IDs INT3f0d PNP0c02 (active)
[    0.543992] pnp 00:0a: [mem 0xfed00000-0xfed003ff]
[    0.544024] pnp 00:0a: Plug and Play ACPI device, IDs PNP0103 (active)
[    0.544112] pnp: PnP ACPI: found 11 devices
[    0.544179] ACPI: ACPI bus type pnp unregistered
[    0.550633] pci 0000:00:1c.3: BAR 15: assigned [mem 0xbfa00000-0xbfafffff pref]
[    0.550735] pci 0000:00:01.0: PCI bridge to [bus 01-01]
[    0.550805] pci 0000:00:01.0:   bridge window [io  0xe000-0xefff]
[    0.550876] pci 0000:00:01.0:   bridge window [mem 0xf8000000-0xfa0fffff]
[    0.550947] pci 0000:00:01.0:   bridge window [mem 0xd0000000-0xdbffffff 64bit pref]
[    0.551044] pci 0000:00:1c.0: PCI bridge to [bus 02-02]
[    0.551112] pci 0000:00:1c.0:   bridge window [io  disabled]
[    0.551184] pci 0000:00:1c.0:   bridge window [mem disabled]
[    0.551256] pci 0000:00:1c.0:   bridge window [mem pref disabled]
[    0.551330] pci 0000:00:1c.1: PCI bridge to [bus 03-03]
[    0.551398] pci 0000:00:1c.1:   bridge window [io  disabled]
[    0.551470] pci 0000:00:1c.1:   bridge window [mem 0xfac00000-0xfacfffff]
[    0.551543] pci 0000:00:1c.1:   bridge window [mem pref disabled]
[    0.551617] pci 0000:00:1c.2: PCI bridge to [bus 04-04]
[    0.551685] pci 0000:00:1c.2:   bridge window [io  disabled]
[    0.551767] pci 0000:00:1c.2:   bridge window [mem disabled]
[    0.551838] pci 0000:00:1c.2:   bridge window [mem pref disabled]
[    0.551913] pci 0000:05:00.0: BAR 6: assigned [mem 0xbfa00000-0xbfa0ffff pref]
[    0.552008] pci 0000:00:1c.3: PCI bridge to [bus 05-05]
[    0.552077] pci 0000:00:1c.3:   bridge window [io  0xd000-0xdfff]
[    0.552150] pci 0000:00:1c.3:   bridge window [mem 0xfab00000-0xfabfffff]
[    0.552223] pci 0000:00:1c.3:   bridge window [mem 0xbfa00000-0xbfafffff pref]
[    0.552321] pci 0000:00:1c.4: PCI bridge to [bus 06-06]
[    0.552389] pci 0000:00:1c.4:   bridge window [io  disabled]
[    0.552461] pci 0000:00:1c.4:   bridge window [mem 0xfaa00000-0xfaafffff]
[    0.552534] pci 0000:00:1c.4:   bridge window [mem pref disabled]
[    0.552607] pci 0000:07:00.0: PCI bridge to [bus 08-08]
[    0.552678] pci 0000:07:00.0:   bridge window [io  0xc000-0xcfff]
[    0.552763] pci 0000:07:00.0:   bridge window [mem 0xfa900000-0xfa9fffff]
[    0.552838] pci 0000:07:00.0:   bridge window [mem pref disabled]
[    0.552915] pci 0000:00:1c.6: PCI bridge to [bus 07-08]
[    0.552985] pci 0000:00:1c.6:   bridge window [io  0xc000-0xcfff]
[    0.553058] pci 0000:00:1c.6:   bridge window [mem 0xfa900000-0xfa9fffff]
[    0.553131] pci 0000:00:1c.6:   bridge window [mem pref disabled]
[    0.553205] pci 0000:00:1c.7: PCI bridge to [bus 09-09]
[    0.553274] pci 0000:00:1c.7:   bridge window [io  0xb000-0xbfff]
[    0.553346] pci 0000:00:1c.7:   bridge window [mem 0xfa800000-0xfa8fffff]
[    0.553419] pci 0000:00:1c.7:   bridge window [mem pref disabled]
[    0.553499] pci 0000:00:01.0: PCI INT A -> GSI 16 (level, low) -> IRQ 16
[    0.553571] pci 0000:00:01.0: setting latency timer to 64
[    0.553578] pci 0000:00:1c.0: PCI INT A -> GSI 17 (level, low) -> IRQ 17
[    0.553650] pci 0000:00:1c.0: setting latency timer to 64
[    0.553656] pci 0000:00:1c.1: PCI INT B -> GSI 16 (level, low) -> IRQ 16
[    0.553735] pci 0000:00:1c.1: setting latency timer to 64
[    0.553743] pci 0000:00:1c.2: PCI INT C -> GSI 18 (level, low) -> IRQ 18
[    0.553816] pci 0000:00:1c.2: setting latency timer to 64
[    0.553823] pci 0000:00:1c.3: PCI INT D -> GSI 19 (level, low) -> IRQ 19
[    0.553896] pci 0000:00:1c.3: setting latency timer to 64
[    0.553901] pci 0000:00:1c.4: PCI INT A -> GSI 17 (level, low) -> IRQ 17
[    0.553974] pci 0000:00:1c.4: setting latency timer to 64
[    0.553979] pci 0000:00:1c.6: PCI INT C -> GSI 18 (level, low) -> IRQ 18
[    0.554051] pci 0000:00:1c.6: setting latency timer to 64
[    0.554058] pci 0000:07:00.0: PCI INT A -> GSI 18 (level, low) -> IRQ 18
[    0.554133] pci 0000:07:00.0: setting latency timer to 64
[    0.554139] pci 0000:00:1c.7: PCI INT D -> GSI 19 (level, low) -> IRQ 19
[    0.554212] pci 0000:00:1c.7: setting latency timer to 64
[    0.554215] pci_bus 0000:00: resource 4 [io  0x0000-0x0cf7]
[    0.554216] pci_bus 0000:00: resource 5 [io  0x0d00-0xffff]
[    0.554217] pci_bus 0000:00: resource 6 [mem 0x000a0000-0x000bffff]
[    0.554219] pci_bus 0000:00: resource 7 [mem 0x000c8000-0x000dffff]
[    0.554220] pci_bus 0000:00: resource 8 [mem 0xbfa00000-0xffffffff]
[    0.554221] pci_bus 0000:01: resource 0 [io  0xe000-0xefff]
[    0.554222] pci_bus 0000:01: resource 1 [mem 0xf8000000-0xfa0fffff]
[    0.554224] pci_bus 0000:01: resource 2 [mem 0xd0000000-0xdbffffff 64bit pref]
[    0.554225] pci_bus 0000:03: resource 1 [mem 0xfac00000-0xfacfffff]
[    0.554227] pci_bus 0000:05: resource 0 [io  0xd000-0xdfff]
[    0.554228] pci_bus 0000:05: resource 1 [mem 0xfab00000-0xfabfffff]
[    0.554229] pci_bus 0000:05: resource 2 [mem 0xbfa00000-0xbfafffff pref]
[    0.554230] pci_bus 0000:06: resource 1 [mem 0xfaa00000-0xfaafffff]
[    0.554232] pci_bus 0000:07: resource 0 [io  0xc000-0xcfff]
[    0.554233] pci_bus 0000:07: resource 1 [mem 0xfa900000-0xfa9fffff]
[    0.554234] pci_bus 0000:07: resource 4 [io  0x0000-0x0cf7]
[    0.554235] pci_bus 0000:07: resource 5 [io  0x0d00-0xffff]
[    0.554236] pci_bus 0000:07: resource 6 [mem 0x000a0000-0x000bffff]
[    0.554238] pci_bus 0000:07: resource 7 [mem 0x000c8000-0x000dffff]
[    0.554239] pci_bus 0000:07: resource 8 [mem 0xbfa00000-0xffffffff]
[    0.554240] pci_bus 0000:08: resource 0 [io  0xc000-0xcfff]
[    0.554241] pci_bus 0000:08: resource 1 [mem 0xfa900000-0xfa9fffff]
[    0.554243] pci_bus 0000:08: resource 4 [io  0xc000-0xcfff]
[    0.554244] pci_bus 0000:08: resource 5 [mem 0xfa900000-0xfa9fffff]
[    0.554245] pci_bus 0000:08: resource 8 [io  0x0000-0x0cf7]
[    0.554246] pci_bus 0000:08: resource 9 [io  0x0d00-0xffff]
[    0.554247] pci_bus 0000:08: resource 10 [mem 0x000a0000-0x000bffff]
[    0.554249] pci_bus 0000:08: resource 11 [mem 0x000c8000-0x000dffff]
[    0.554250] pci_bus 0000:08: resource 12 [mem 0xbfa00000-0xffffffff]
[    0.554251] pci_bus 0000:09: resource 0 [io  0xb000-0xbfff]
[    0.554252] pci_bus 0000:09: resource 1 [mem 0xfa800000-0xfa8fffff]
[    0.554266] NET: Registered protocol family 2
[    0.554431] IP route cache hash table entries: 262144 (order: 9, 2097152 bytes)
[    0.554994] TCP established hash table entries: 524288 (order: 11, 8388608 bytes)
[    0.556068] TCP bind hash table entries: 65536 (order: 8, 1048576 bytes)
[    0.556262] TCP: Hash tables configured (established 524288 bind 65536)
[    0.556332] TCP reno registered
[    0.556404] UDP hash table entries: 4096 (order: 5, 131072 bytes)
[    0.556496] UDP-Lite hash table entries: 4096 (order: 5, 131072 bytes)
[    0.556627] NET: Registered protocol family 1
[    0.556754] RPC: Registered udp transport module.
[    0.556823] RPC: Registered tcp transport module.
[    0.556891] RPC: Registered tcp NFSv4.1 backchannel transport module.
[    0.556975] pci 0000:00:02.0: Boot video device
[    0.802580] PCI: CLS 64 bytes, default 64
[    0.802607] PCI-DMA: Using software bounce buffering for IO (SWIOTLB)
[    0.802678] Placing 64MB software IO TLB between ffff8800b277e000 - ffff8800b677e000
[    0.802773] software IO TLB at phys 0xb277e000 - 0xb677e000
[    0.803755] microcode: CPU0 sig=0x206a7, pf=0x2, revision=0x14
[    0.803829] microcode: CPU1 sig=0x206a7, pf=0x2, revision=0x14
[    0.803903] microcode: CPU2 sig=0x206a7, pf=0x2, revision=0x14
[    0.803975] microcode: CPU3 sig=0x206a7, pf=0x2, revision=0x14
[    0.804068] microcode: Microcode Update Driver: v2.00 <tigran@aivazian.fsnet.co.uk>, Peter Oruba
[    0.816118] HugeTLB registered 2 MB page size, pre-allocated 0 pages
[    0.818069] VFS: Disk quotas dquot_6.5.2
[    0.818173] Dquot-cache hash table entries: 512 (order 0, 4096 bytes)
[    0.818794] msgmni has been set to 15694
[    0.819630] NET: Registered protocol family 38
[    0.819753] Block layer SCSI generic (bsg) driver version 0.4 loaded (major 253)
[    0.819848] io scheduler noop registered
[    0.819915] io scheduler deadline registered
[    0.820015] io scheduler cfq registered (default)
[    0.820137] pcieport 0000:00:01.0: setting latency timer to 64
[    0.820155] pcieport 0000:00:01.0: irq 40 for MSI/MSI-X
[    0.820214] pcieport 0000:00:1c.0: setting latency timer to 64
[    0.820250] pcieport 0000:00:1c.0: irq 41 for MSI/MSI-X
[    0.820314] pcieport 0000:00:1c.1: setting latency timer to 64
[    0.820350] pcieport 0000:00:1c.1: irq 42 for MSI/MSI-X
[    0.820414] pcieport 0000:00:1c.2: setting latency timer to 64
[    0.820451] pcieport 0000:00:1c.2: irq 43 for MSI/MSI-X
[    0.820526] pcieport 0000:00:1c.3: setting latency timer to 64
[    0.820563] pcieport 0000:00:1c.3: irq 44 for MSI/MSI-X
[    0.820626] pcieport 0000:00:1c.4: setting latency timer to 64
[    0.820662] pcieport 0000:00:1c.4: irq 45 for MSI/MSI-X
[    0.820728] pcieport 0000:00:1c.7: setting latency timer to 64
[    0.820764] pcieport 0000:00:1c.7: irq 46 for MSI/MSI-X
[    0.820878] pci_hotplug: PCI Hot Plug PCI Core version: 0.5
[    0.821060] input: Power Button as /devices/LNXSYSTM:00/device:00/PNP0C0C:00/input/input0
[    0.821158] ACPI: Power Button [PWRB]
[    0.821257] input: Power Button as /devices/LNXSYSTM:00/LNXPWRBN:00/input/input1
[    0.821352] ACPI: Power Button [PWRF]
[    0.821475] ACPI: acpi_idle registered with cpuidle
[    0.821600] Monitor-Mwait will be used to enter C-1 state
[    0.821621] Monitor-Mwait will be used to enter C-3 state
[    0.823012] Serial: 8250/16550 driver, 4 ports, IRQ sharing enabled
[    0.823475] Non-volatile memory driver v1.3
[    0.823542] Linux agpgart interface v0.103
[    0.823690] agpgart-intel 0000:00:00.0: Intel Sandybridge Chipset
[    0.823856] agpgart-intel 0000:00:00.0: detected gtt size: 2097152K total, 262144K mappable
[    0.824808] agpgart-intel 0000:00:00.0: detected 131072K stolen memory
[    0.824970] agpgart-intel 0000:00:00.0: AGP aperture is 256M @ 0xc0000000
[    0.825100] [drm] Initialized drm 1.1.0 20060810
[    0.825204] pci 0000:00:02.0: PCI INT A -> GSI 16 (level, low) -> IRQ 16
[    0.825276] pci 0000:00:02.0: setting latency timer to 64
[    0.872352] mtrr: type mismatch for c0000000,10000000 old: write-back new: write-combining
[    0.872463] [drm] MTRR allocation failed.  Graphics performance may suffer.
[    0.872715] pci 0000:00:02.0: irq 47 for MSI/MSI-X
[    0.872717] [drm] Supports vblank timestamp caching Rev 1 (10.10.2010).
[    0.872788] [drm] No driver support for vblank timestamp query.
[    0.873186] acpi device:42: registered as cooling_device4
[    0.873364] input: Video Bus as /devices/LNXSYSTM:00/device:00/PNP0A08:00/LNXVIDEO:00/input/input2
[    0.873485] ACPI: Video Device [GFX0] (multi-head: yes  rom: no  post: no)
[    0.873623] [drm] Initialized i915 1.6.0 20080730 for 0000:00:02.0 on minor 0
[    0.874152] loop: module loaded
[    0.874351] ahci 0000:00:1f.2: version 3.0
[    0.874360] ahci 0000:00:1f.2: PCI INT B -> GSI 20 (level, low) -> IRQ 20
[    0.874473] ahci 0000:00:1f.2: irq 48 for MSI/MSI-X
[    0.885426] ahci 0000:00:1f.2: AHCI 0001.0300 32 slots 6 ports 6 Gbps 0x3f impl SATA mode
[    0.885523] ahci 0000:00:1f.2: flags: 64bit ncq sntf pm led clo pio slum part ems apst 
[    0.885621] ahci 0000:00:1f.2: setting latency timer to 64
[    0.895798] scsi0 : ahci
[    0.895936] scsi1 : ahci
[    0.896054] scsi2 : ahci
[    0.896171] scsi3 : ahci
[    0.896288] scsi4 : ahci
[    0.896415] scsi5 : ahci
[    0.896574] ata1: SATA max UDMA/133 abar m2048@0xfad25000 port 0xfad25100 irq 48
[    0.896670] ata2: SATA max UDMA/133 abar m2048@0xfad25000 port 0xfad25180 irq 48
[    0.896766] ata3: SATA max UDMA/133 abar m2048@0xfad25000 port 0xfad25200 irq 48
[    0.896862] ata4: SATA max UDMA/133 abar m2048@0xfad25000 port 0xfad25280 irq 48
[    0.896958] ata5: SATA max UDMA/133 abar m2048@0xfad25000 port 0xfad25300 irq 48
[    0.897528] ata6: SATA max UDMA/133 abar m2048@0xfad25000 port 0xfad25380 irq 48
[    0.897636] ahci 0000:05:00.0: PCI INT A -> GSI 19 (level, low) -> IRQ 19
[    0.897829] ahci 0000:05:00.0: AHCI 0001.0100 32 slots 2 ports 3 Gbps 0x3 impl SATA mode
[    0.897927] ahci 0000:05:00.0: flags: 64bit ncq pm led clo pmp pio slum part 
[    0.898003] ahci 0000:05:00.0: setting latency timer to 64
[    0.898232] scsi6 : ahci
[    0.898355] scsi7 : ahci
[    0.898491] ata7: SATA max UDMA/133 abar m512@0xfab10000 port 0xfab10100 irq 19
[    0.898589] ata8: SATA max UDMA/133 abar m512@0xfab10000 port 0xfab10180 irq 19
[    0.898696] ahci 0000:09:00.0: PCI INT A -> GSI 19 (level, low) -> IRQ 19
[    0.898832] ahci 0000:09:00.0: irq 49 for MSI/MSI-X
[    0.898884] ahci 0000:09:00.0: AHCI 0001.0000 32 slots 2 ports 6 Gbps 0x3 impl SATA mode
[    0.898980] ahci 0000:09:00.0: flags: 64bit ncq sntf led only pmp fbs pio slum part sxs 
[    0.899080] ahci 0000:09:00.0: setting latency timer to 64
[    0.899298] scsi8 : ahci
[    0.899433] scsi9 : ahci
[    0.899545] ata9: SATA max UDMA/133 abar m512@0xfa810000 port 0xfa810100 irq 49
[    0.899642] ata10: SATA max UDMA/133 abar m512@0xfa810000 port 0xfa810180 irq 49
[    0.899824] console [netcon0] enabled
[    0.899890] netconsole: network logging started
[    0.900032] ehci_hcd: USB 2.0 'Enhanced' Host Controller (EHCI) Driver
[    0.900114] ehci_hcd 0000:00:1a.0: PCI INT A -> GSI 23 (level, low) -> IRQ 23
[    0.900195] ehci_hcd 0000:00:1a.0: setting latency timer to 64
[    0.900198] ehci_hcd 0000:00:1a.0: EHCI Host Controller
[    0.900297] ehci_hcd 0000:00:1a.0: new USB bus registered, assigned bus number 1
[    0.900435] ehci_hcd 0000:00:1a.0: debug port 2
[    0.904388] ehci_hcd 0000:00:1a.0: cache line size of 64 is not supported
[    0.904398] ehci_hcd 0000:00:1a.0: irq 23, io mem 0xfad27000
[    0.913378] ehci_hcd 0000:00:1a.0: USB 2.0 started, EHCI 1.00
[    0.913463] usb usb1: New USB device found, idVendor=1d6b, idProduct=0002
[    0.913535] usb usb1: New USB device strings: Mfr=3, Product=2, SerialNumber=1
[    0.913630] usb usb1: Product: EHCI Host Controller
[    0.913697] usb usb1: Manufacturer: Linux 2.6.39 ehci_hcd
[    0.913766] usb usb1: SerialNumber: 0000:00:1a.0
[    0.913900] hub 1-0:1.0: USB hub found
[    0.913968] hub 1-0:1.0: 2 ports detected
[    0.914079] ehci_hcd 0000:00:1d.0: PCI INT A -> GSI 23 (level, low) -> IRQ 23
[    0.914159] ehci_hcd 0000:00:1d.0: setting latency timer to 64
[    0.914162] ehci_hcd 0000:00:1d.0: EHCI Host Controller
[    0.914257] ehci_hcd 0000:00:1d.0: new USB bus registered, assigned bus number 2
[    0.914382] ehci_hcd 0000:00:1d.0: debug port 2
[    0.918315] ehci_hcd 0000:00:1d.0: cache line size of 64 is not supported
[    0.918317] ehci_hcd 0000:00:1d.0: irq 23, io mem 0xfad26000
[    0.927361] ehci_hcd 0000:00:1d.0: USB 2.0 started, EHCI 1.00
[    0.927443] usb usb2: New USB device found, idVendor=1d6b, idProduct=0002
[    0.927515] usb usb2: New USB device strings: Mfr=3, Product=2, SerialNumber=1
[    0.927610] usb usb2: Product: EHCI Host Controller
[    0.927678] usb usb2: Manufacturer: Linux 2.6.39 ehci_hcd
[    0.927747] usb usb2: SerialNumber: 0000:00:1d.0
[    0.927875] hub 2-0:1.0: USB hub found
[    0.927943] hub 2-0:1.0: 2 ports detected
[    0.928064] ohci_hcd: USB 1.1 'Open' Host Controller (OHCI) Driver
[    0.928154] uhci_hcd: USB Universal Host Controller Interface driver
[    0.928268] usbcore: registered new interface driver usblp
[    0.928337] Initializing USB Mass Storage driver...
[    0.928441] usbcore: registered new interface driver usb-storage
[    0.928510] USB Mass Storage support registered.
[    0.928655] i8042: PNP: No PS/2 controller found. Probing ports directly.
[    0.931240] serio: i8042 KBD port at 0x60,0x64 irq 1
[    0.931310] serio: i8042 AUX port at 0x60,0x64 irq 12
[    0.931455] mousedev: PS/2 mouse device common for all mice
[    0.931660] rtc_cmos 00:04: RTC can wake from S4
[    0.931809] rtc_cmos 00:04: rtc core: registered rtc_cmos as rtc0
[    0.931902] rtc0: alarms up to one month, y3k, 114 bytes nvram, hpet irqs
[    0.931998] i801_smbus 0000:00:1f.3: PCI INT C -> GSI 18 (level, low) -> IRQ 18
[    0.932254] device-mapper: ioctl: 4.20.0-ioctl (2011-02-02) initialised: dm-devel@redhat.com
[    0.932608] cpuidle: using governor ladder
[    0.933091] cpuidle: using governor menu
[    0.933158] EFI Variables Facility v0.08 2004-May-17
[    0.933941] usbcore: registered new interface driver usbhid
[    0.934010] usbhid: USB HID core driver
[    0.934088] Netfilter messages via NETLINK v0.30.
[    0.934166] nf_conntrack version 0.5.0 (16384 buckets, 65536 max)
[    0.934355] ctnetlink v0.93: registering with nfnetlink.
[    0.934467] ip_tables: (C) 2000-2006 Netfilter Core Team
[    0.934551] TCP cubic registered
[    0.934616] Initializing XFRM netlink socket
[    0.934855] NET: Registered protocol family 10
[    0.935018] ip6_tables: (C) 2000-2006 Netfilter Core Team
[    0.935102] IPv6 over IPv4 tunneling driver
[    0.935257] sit0: Features changed: 0x00007800 -> 0x00007000
[    0.935365] NET: Registered protocol family 17
[    0.935439] Registering the dns_resolver key type
[    1.202148] ata3: SATA link up 3.0 Gbps (SStatus 123 SControl 300)
[    1.202254] ata1: SATA link up 6.0 Gbps (SStatus 133 SControl 300)
[    1.202336] ata4: SATA link up 3.0 Gbps (SStatus 123 SControl 300)
[    1.202424] ata2: SATA link up 6.0 Gbps (SStatus 133 SControl 300)
[    1.202510] ata5: SATA link up 3.0 Gbps (SStatus 123 SControl 300)
[    1.202592] ata6: SATA link up 3.0 Gbps (SStatus 123 SControl 300)
[    1.202737] ata1.00: ATA-9: INTEL SSDSC2BA100G3, 5DV10270, max UDMA/133
[    1.202817] ata1.00: 195371568 sectors, multi 1: LBA48 NCQ (depth 31/32)
[    1.202894] ata2.00: ATA-9: INTEL SSDSC2BA100G3, 5DV10270, max UDMA/133
[    1.202969] ata2.00: 195371568 sectors, multi 1: LBA48 NCQ (depth 31/32)
[    1.203043] ata5.00: ATA-9: INTEL SSDSC2BA100G3, 5DV10270, max UDMA/133
[    1.203130] ata7: SATA link down (SStatus 0 SControl 300)
[    1.203242] ata5.00: 195371568 sectors, multi 1: LBA48 NCQ (depth 31/32)
[    1.203293] ata8: SATA link down (SStatus 0 SControl 300)
[    1.203419] ata3.00: ATA-9: INTEL SSDSC2BA100G3, 5DV10270, max UDMA/133
[    1.203493] ata3.00: 195371568 sectors, multi 1: LBA48 NCQ (depth 31/32)
[    1.203566] ata4.00: ATA-9: INTEL SSDSC2BA100G3, 5DV10270, max UDMA/133
[    1.203638] ata4.00: 195371568 sectors, multi 1: LBA48 NCQ (depth 31/32)
[    1.203715] ata6.00: ATA-9: INTEL SSDSC2BA100G3, 5DV10270, max UDMA/133
[    1.203789] ata6.00: 195371568 sectors, multi 1: LBA48 NCQ (depth 31/32)
[    1.203935] ata2.00: configured for UDMA/133
[    1.204017] ata5.00: configured for UDMA/133
[    1.204099] ata1.00: configured for UDMA/133
[    1.204210] ata3.00: configured for UDMA/133
[    1.204268] scsi 0:0:0:0: Direct-Access     ATA      INTEL SSDSC2BA10 5DV1 PQ: 0 ANSI: 5
[    1.204361] sd 0:0:0:0: [sda] 195371568 512-byte logical blocks: (100 GB/93.1 GiB)
[    1.204362] sd 0:0:0:0: [sda] 4096-byte physical blocks
[    1.204385] sd 0:0:0:0: [sda] Write Protect is off
[    1.204386] sd 0:0:0:0: [sda] Mode Sense: 00 3a 00 00
[    1.204394] sd 0:0:0:0: [sda] Write cache: enabled, read cache: enabled, doesn't support DPO or FUA
[    1.204506] sda: detected capacity change from 0 to 100030242816
[    1.204529] sd 0:0:0:0: Attached scsi generic sg0 type 0
[    1.204586] scsi 1:0:0:0: Direct-Access     ATA      INTEL SSDSC2BA10 5DV1 PQ: 0 ANSI: 5
[    1.204654] sd 1:0:0:0: [sdb] 195371568 512-byte logical blocks: (100 GB/93.1 GiB)
[    1.204655] sd 1:0:0:0: [sdb] 4096-byte physical blocks
[    1.204676] sd 1:0:0:0: [sdb] Write Protect is off
[    1.204677] sd 1:0:0:0: [sdb] Mode Sense: 00 3a 00 00
[    1.204684] sd 1:0:0:0: [sdb] Write cache: enabled, read cache: enabled, doesn't support DPO or FUA
[    1.205096]  sda: sda1
[    1.205348] ata4.00: configured for UDMA/133
[    1.205409] sd 1:0:0:0: Attached scsi generic sg1 type 0
[    1.205475] scsi 2:0:0:0: Direct-Access     ATA      INTEL SSDSC2BA10 5DV1 PQ: 0 ANSI: 5
[    1.205503] sdb: detected capacity change from 0 to 100030242816
[    1.205515] sd 0:0:0:0: [sda] Attached SCSI disk
[    1.205599] sd 2:0:0:0: [sdc] 195371568 512-byte logical blocks: (100 GB/93.1 GiB)
[    1.205600] sd 2:0:0:0: [sdc] 4096-byte physical blocks
[    1.205636] sd 2:0:0:0: Attached scsi generic sg2 type 0
[    1.205665] sd 2:0:0:0: [sdc] Write Protect is off
[    1.205666] sd 2:0:0:0: [sdc] Mode Sense: 00 3a 00 00
[    1.205685] sd 2:0:0:0: [sdc] Write cache: enabled, read cache: enabled, doesn't support DPO or FUA
[    1.205800] sdc: detected capacity change from 0 to 100030242816
[    1.206385] ata6.00: configured for UDMA/133
[    1.206386]  sdc: sdc1
[    1.206415] scsi 3:0:0:0: Direct-Access     ATA      INTEL SSDSC2BA10 5DV1 PQ: 0 ANSI: 5
[    1.206519] sd 3:0:0:0: [sdd] 195371568 512-byte logical blocks: (100 GB/93.1 GiB)
[    1.206520] sd 3:0:0:0: [sdd] 4096-byte physical blocks
[    1.206555] sd 3:0:0:0: [sdd] Write Protect is off
[    1.206556] sd 3:0:0:0: [sdd] Mode Sense: 00 3a 00 00
[    1.206575] sd 3:0:0:0: [sdd] Write cache: enabled, read cache: enabled, doesn't support DPO or FUA
[    1.206989]  sdb: sdb1
[    1.207005] sd 3:0:0:0: Attached scsi generic sg3 type 0
[    1.207075] scsi 4:0:0:0: Direct-Access     ATA      INTEL SSDSC2BA10 5DV1 PQ: 0 ANSI: 5
[    1.207100] sdd: detected capacity change from 0 to 100030242816
[    1.207152] sd 2:0:0:0: [sdc] Attached SCSI disk
[    1.207209] sd 4:0:0:0: [sde] 195371568 512-byte logical blocks: (100 GB/93.1 GiB)
[    1.207210] sd 4:0:0:0: [sde] 4096-byte physical blocks
[    1.207235]  sdd: sdd1
[    1.207273] sd 4:0:0:0: [sde] Write Protect is off
[    1.207274] sd 4:0:0:0: [sde] Mode Sense: 00 3a 00 00
[    1.207289] sd 4:0:0:0: [sde] Write cache: enabled, read cache: enabled, doesn't support DPO or FUA
[    1.207870] sd 4:0:0:0: Attached scsi generic sg4 type 0
[    1.207992] sde: detected capacity change from 0 to 100030242816
[    1.208069] scsi 5:0:0:0: Direct-Access     ATA      INTEL SSDSC2BA10 5DV1 PQ: 0 ANSI: 5
[    1.208127] sd 1:0:0:0: [sdb] Attached SCSI disk
[    1.208146] sd 3:0:0:0: [sdd] Attached SCSI disk
[    1.208207] sd 5:0:0:0: [sdf] 195371568 512-byte logical blocks: (100 GB/93.1 GiB)
[    1.208208] sd 5:0:0:0: [sdf] 4096-byte physical blocks
[    1.208249] sd 5:0:0:0: Attached scsi generic sg5 type 0
[    1.208279] sd 5:0:0:0: [sdf] Write Protect is off
[    1.208280] sd 5:0:0:0: [sdf] Mode Sense: 00 3a 00 00
[    1.208304] sd 5:0:0:0: [sdf] Write cache: enabled, read cache: enabled, doesn't support DPO or FUA
[    1.208443] sdf: detected capacity change from 0 to 100030242816
[    1.208570]  sdf: sdf1
[    1.209606]  sde: sde1
[    1.209626] sd 5:0:0:0: [sdf] Attached SCSI disk
[    1.209878] sd 4:0:0:0: [sde] Attached SCSI disk
[    1.215133] usb 1-1: new high speed USB device number 2 using ehci_hcd
[    1.329391] usb 1-1: New USB device found, idVendor=8087, idProduct=0024
[    1.329483] usb 1-1: New USB device strings: Mfr=0, Product=0, SerialNumber=0
[    1.329770] hub 1-1:1.0: USB hub found
[    1.329972] hub 1-1:1.0: 6 ports detected
[    1.360003] ata9: SATA link up 6.0 Gbps (SStatus 133 SControl 300)
[    1.360110] ata10: SATA link up 3.0 Gbps (SStatus 123 SControl 300)
[    1.360595] ata9.00: ATA-9: INTEL SSDSC2BB080G6, G2010140, max UDMA/133
[    1.360676] ata9.00: 156301488 sectors, multi 1: LBA48 NCQ (depth 31/32)
[    1.360781] ata10.00: ATA-8: INTEL SSDSA2CW120G3, 4PC10362, max UDMA/133
[    1.360855] ata10.00: 234441648 sectors, multi 1: LBA48 NCQ (depth 31/32)
[    1.361371] ata9.00: configured for UDMA/133
[    1.361442] ata10.00: configured for UDMA/133
[    1.361535] scsi 8:0:0:0: Direct-Access     ATA      INTEL SSDSC2BB08 G201 PQ: 0 ANSI: 5
[    1.361767] sd 8:0:0:0: [sdg] 156301488 512-byte logical blocks: (80.0 GB/74.5 GiB)
[    1.361835] sd 8:0:0:0: Attached scsi generic sg6 type 0
[    1.361917] scsi 9:0:0:0: Direct-Access     ATA      INTEL SSDSA2CW12 4PC1 PQ: 0 ANSI: 5
[    1.362040] sd 9:0:0:0: [sdh] 234441648 512-byte logical blocks: (120 GB/111 GiB)
[    1.362112] sd 9:0:0:0: Attached scsi generic sg7 type 0
[    1.362134] sd 9:0:0:0: [sdh] Write Protect is off
[    1.362136] sd 9:0:0:0: [sdh] Mode Sense: 00 3a 00 00
[    1.362163] sd 9:0:0:0: [sdh] Write cache: enabled, read cache: enabled, doesn't support DPO or FUA
[    1.362295] sdh: detected capacity change from 0 to 120034123776
[    1.362498]  sdh: sdh1
[    1.362687] sd 8:0:0:0: [sdg] 4096-byte physical blocks
[    1.362824] sd 9:0:0:0: [sdh] Attached SCSI disk
[    1.362845] sd 8:0:0:0: [sdg] Write Protect is off
[    1.362846] sd 8:0:0:0: [sdg] Mode Sense: 00 3a 00 00
[    1.362860] sd 8:0:0:0: [sdg] Write cache: enabled, read cache: enabled, doesn't support DPO or FUA
[    1.363014] sdg: detected capacity change from 0 to 80026361856
[    1.363322]  sdg: sdg1 sdg2 sdg3 sdg4
[    1.363646] sd 8:0:0:0: [sdg] Attached SCSI disk
[    1.363720] md: Waiting for all devices to be available before autodetect
[    1.363790] md: If you don't use raid, use raid=noautodetect
[    1.363945] md: Autodetecting RAID arrays.
[    1.364118] md: invalid raid superblock magic on sda1
[    1.364186] md: sda1 does not have a valid v0.90 superblock, not importing!
[    1.364307] md: invalid raid superblock magic on sdc1
[    1.364374] md: sdc1 does not have a valid v0.90 superblock, not importing!
[    1.364493] md: invalid raid superblock magic on sdd1
[    1.364561] md: sdd1 does not have a valid v0.90 superblock, not importing!
[    1.364736] md: invalid raid superblock magic on sdb1
[    1.364803] md: sdb1 does not have a valid v0.90 superblock, not importing!
[    1.364921] md: invalid raid superblock magic on sdf1
[    1.365007] md: sdf1 does not have a valid v0.90 superblock, not importing!
[    1.365126] md: invalid raid superblock magic on sde1
[    1.365193] md: sde1 does not have a valid v0.90 superblock, not importing!
[    1.365264] md: Scanned 6 and added 0 devices.
[    1.365331] md: autorun ...
[    1.365394] md: ... autorun DONE.
[    1.368119] EXT4-fs (sdg3): mounted filesystem with ordered data mode. Opts: (null)
[    1.368218] VFS: Mounted root (ext2 filesystem) readonly on device 8:99.
[    1.368792] Freeing unused kernel memory: 612k freed
[    1.368907] Write protecting the kernel read-only data: 8192k
[    1.369388] Freeing unused kernel memory: 164k freed
[    1.369711] Freeing unused kernel memory: 160k freed
[    1.422863] kbd_mode used greatest stack depth: 5552 bytes left
[    1.426632] loadkeys used greatest stack depth: 5192 bytes left
[    1.426807] init-early.sh used greatest stack depth: 4600 bytes left
[    1.432879] usb 2-1: new high speed USB device number 2 using ehci_hcd
[    1.547127] usb 2-1: New USB device found, idVendor=8087, idProduct=0024
[    1.547129] usb 2-1: New USB device strings: Mfr=0, Product=0, SerialNumber=0
[    1.547303] hub 2-1:1.0: USB hub found
[    1.547381] hub 2-1:1.0: 8 ports detected
[    1.655295] e1000e: Intel(R) PRO/1000 Network Driver - 1.3.10-k2
[    1.655297] e1000e: Copyright(c) 1999 - 2011 Intel Corporation.
[    1.655316] e1000e 0000:00:19.0: PCI INT A -> GSI 18 (level, low) -> IRQ 18
[    1.655323] e1000e 0000:00:19.0: setting latency timer to 64
[    1.655411] e1000e 0000:00:19.0: irq 50 for MSI/MSI-X
[    1.676839] md: bind<sdd1>
[    1.677597] md: bind<sdc1>
[    1.679510] md: bind<sda1>
[    1.681128] md: bind<sdf1>
[    1.682428] md: bind<sde1>
[    1.683871] md: bind<sdb1>
[    1.687007] md: raid10 personality registered for level 10
[    1.687191] bio: create slab <bio-1> at 1
[    1.687225] md/raid10:md127: active with 6 out of 6 devices
[    1.687237] md127: detected capacity change from 0 to 299885395968
[    1.687273] md127: detected capacity change from 0 to 299885395968
[    1.687522]  md127: unknown partition table
[    1.694854] mdadm used greatest stack depth: 4568 bytes left
[    1.803569] Refined TSC clocksource calibration: 3300.022 MHz.
[    1.803575] Switching to clocksource tsc
[    1.821648] usb 2-1.7: new full speed USB device number 3 using ehci_hcd
[    1.899852] e1000e 0000:00:19.0: eth0: (PCI Express:2.5GB/s:Width x1) 14:da:e9:0f:78:84
[    1.899854] e1000e 0000:00:19.0: eth0: Intel(R) PRO/1000 Network Connection
[    1.899888] e1000e 0000:00:19.0: eth0: MAC: 10, PHY: 11, PBA No: FFFFFF-0FF
[    1.907222] usb 2-1.7: New USB device found, idVendor=0cf3, idProduct=3000
[    1.907226] usb 2-1.7: New USB device strings: Mfr=0, Product=0, SerialNumber=0
[    2.468091] EXT4-fs (sdg3): re-mounted. Opts: (null)
[    2.504886] Adding 1020k swap on /dev/sdg2.  Priority:-1 extents:1 across:1020k SS
[    2.685417] ip used greatest stack depth: 4552 bytes left
[    2.986537] e1000e 0000:00:19.0: irq 50 for MSI/MSI-X
[    3.037417] e1000e 0000:00:19.0: irq 50 for MSI/MSI-X
[    3.037832] ADDRCONF(NETDEV_UP): eno1: link is not ready
[    5.891732] e1000e: eno1 NIC Link is Up 1000 Mbps Full Duplex, Flow Control: Rx/Tx
[    5.892106] ADDRCONF(NETDEV_CHANGE): eno1: link becomes ready
[   22.164698] syslog-ng used greatest stack depth: 4536 bytes left
[   27.512590] EXT4-fs (md127): barriers disabled
[   27.516682] EXT4-fs (md127): mounted filesystem with ordered data mode. Opts: nobarrier
