[    0.000000] Linux version 3.4.111 (root@bench) (gcc version 4.7.3 (Gentoo 4.7.3-r1 p1.4, pie-0.5.5) ) #1 SMP Wed May 4 02:22:33 CEST 2016
[    0.000000] Command line: BOOT_IMAGE=/kernel-3.4.111 root=/dev/sdg3 ro
[    0.000000] BIOS-provided physical RAM map:
[    0.000000]  BIOS-e820: 0000000000000000 - 000000000009b400 (usable)
[    0.000000]  BIOS-e820: 000000000009b400 - 00000000000a0000 (reserved)
[    0.000000]  BIOS-e820: 00000000000e0000 - 0000000000100000 (reserved)
[    0.000000]  BIOS-e820: 0000000000100000 - 0000000020000000 (usable)
[    0.000000]  BIOS-e820: 0000000020000000 - 0000000020200000 (reserved)
[    0.000000]  BIOS-e820: 0000000020200000 - 0000000040000000 (usable)
[    0.000000]  BIOS-e820: 0000000040000000 - 0000000040200000 (reserved)
[    0.000000]  BIOS-e820: 0000000040200000 - 00000000b677e000 (usable)
[    0.000000]  BIOS-e820: 00000000b677e000 - 00000000b67d5000 (ACPI NVS)
[    0.000000]  BIOS-e820: 00000000b67d5000 - 00000000b6b5c000 (reserved)
[    0.000000]  BIOS-e820: 00000000b6b5c000 - 00000000b6b5f000 (ACPI NVS)
[    0.000000]  BIOS-e820: 00000000b6b5f000 - 00000000b6da5000 (reserved)
[    0.000000]  BIOS-e820: 00000000b6da5000 - 00000000b6db6000 (ACPI NVS)
[    0.000000]  BIOS-e820: 00000000b6db6000 - 00000000b6dcd000 (reserved)
[    0.000000]  BIOS-e820: 00000000b6dcd000 - 00000000b6dcf000 (usable)
[    0.000000]  BIOS-e820: 00000000b6dcf000 - 00000000b6dd7000 (reserved)
[    0.000000]  BIOS-e820: 00000000b6dd7000 - 00000000b6de2000 (ACPI NVS)
[    0.000000]  BIOS-e820: 00000000b6de2000 - 00000000b6e3e000 (reserved)
[    0.000000]  BIOS-e820: 00000000b6e3e000 - 00000000b6e81000 (ACPI NVS)
[    0.000000]  BIOS-e820: 00000000b6e81000 - 00000000b7000000 (usable)
[    0.000000]  BIOS-e820: 00000000b7800000 - 00000000bfa00000 (reserved)
[    0.000000]  BIOS-e820: 00000000fed1c000 - 00000000fed20000 (reserved)
[    0.000000]  BIOS-e820: 00000000ff000000 - 0000000100000000 (reserved)
[    0.000000]  BIOS-e820: 0000000100000000 - 000000023fe00000 (usable)
[    0.000000] NX (Execute Disable) protection: active
[    0.000000] SMBIOS 2.6 present.
[    0.000000] DMI: System manufacturer System Product Name/P8Z68-V PRO, BIOS 0501 05/09/2011
[    0.000000] e820 update range: 0000000000000000 - 0000000000010000 (usable) ==> (reserved)
[    0.000000] e820 remove range: 00000000000a0000 - 0000000000100000 (usable)
[    0.000000] No AGP bridge found
[    0.000000] last_pfn = 0x23fe00 max_arch_pfn = 0x400000000
[    0.000000] MTRR default type: uncachable
[    0.000000] MTRR fixed ranges enabled:
[    0.000000]   00000-9FFFF write-back
[    0.000000]   A0000-BFFFF uncachable
[    0.000000]   C0000-D3FFF write-protect
[    0.000000]   D4000-E7FFF uncachable
[    0.000000]   E8000-FFFFF write-protect
[    0.000000] MTRR variable ranges enabled:
[    0.000000]   0 base 000000000 mask E00000000 write-back
[    0.000000]   1 base 200000000 mask FC0000000 write-back
[    0.000000]   2 base 0B7800000 mask FFF800000 uncachable
[    0.000000]   3 base 0B8000000 mask FF8000000 uncachable
[    0.000000]   4 base 0C0000000 mask FC0000000 uncachable
[    0.000000]   5 base 23FE00000 mask FFFE00000 uncachable
[    0.000000]   6 disabled
[    0.000000]   7 disabled
[    0.000000]   8 disabled
[    0.000000]   9 disabled
[    0.000000] x86 PAT enabled: cpu 0, old 0x7040600070406, new 0x7010600070106
[    0.000000] e820 update range: 00000000b7800000 - 0000000100000000 (usable) ==> (reserved)
[    0.000000] last_pfn = 0xb7000 max_arch_pfn = 0x400000000
[    0.000000] found SMP MP-table at [ffff8800000fcee0] fcee0
[    0.000000] initial memory mapped : 0 - 20000000
[    0.000000] Base memory trampoline at [ffff880000099000] 99000 size 8192
[    0.000000] reserving inaccessible SNB gfx pages
[    0.000000] init_memory_mapping: 0000000000000000-00000000b7000000
[    0.000000]  0000000000 - 00b7000000 page 2M
[    0.000000] kernel direct mapping tables up to 0xb6ffffff @ [mem 0x1fffc000-0x1fffffff]
[    0.000000] init_memory_mapping: 0000000100000000-000000023fe00000
[    0.000000]  0100000000 - 023fe00000 page 2M
[    0.000000] kernel direct mapping tables up to 0x23fdfffff @ [mem 0xb6ffa000-0xb6ffffff]
[    0.000000] ACPI: RSDP 00000000000f0420 00024 (v02 ALASKA)
[    0.000000] ACPI: XSDT 00000000b67ca068 0004C (v01 ALASKA    A M I 01072009 AMI  00010013)
[    0.000000] ACPI: FACP 00000000b67d42d8 000F4 (v04 ALASKA    A M I 01072009 AMI  00010013)
[    0.000000] ACPI: DSDT 00000000b67ca140 0A198 (v02 ALASKA    A M I 00000000 INTL 20051117)
[    0.000000] ACPI: FACS 00000000b6dd9f80 00040
[    0.000000] ACPI: APIC 00000000b67d43d0 00072 (v03 ALASKA    A M I 01072009 AMI  00010013)
[    0.000000] ACPI: SSDT 00000000b67d4448 00102 (v01 AMICPU     PROC 00000001 MSFT 03000001)
[    0.000000] ACPI: MCFG 00000000b67d4550 0003C (v01 ALASKA    A M I 01072009 MSFT 00000097)
[    0.000000] ACPI: HPET 00000000b67d4590 00038 (v01 ALASKA    A M I 01072009 AMI. 00000004)
[    0.000000] ACPI: Local APIC address 0xfee00000
[    0.000000] No NUMA configuration found
[    0.000000] Faking a node at 0000000000000000-000000023fe00000
[    0.000000] Initmem setup node 0 0000000000000000-000000023fe00000
[    0.000000]   NODE_DATA [mem 0x23fdfc000-0x23fdfffff]
[    0.000000]  [ffffea0000000000-ffffea0008ffffff] PMD -> [ffff880237600000-ffff88023f3fffff] on node 0
[    0.000000] Zone PFN ranges:
[    0.000000]   DMA      0x00000010 -> 0x00001000
[    0.000000]   DMA32    0x00001000 -> 0x00100000
[    0.000000]   Normal   0x00100000 -> 0x0023fe00
[    0.000000] Movable zone start PFN for each node
[    0.000000] Early memory PFN ranges
[    0.000000]     0: 0x00000010 -> 0x0000009b
[    0.000000]     0: 0x00000100 -> 0x00020000
[    0.000000]     0: 0x00020200 -> 0x00040000
[    0.000000]     0: 0x00040200 -> 0x000b677e
[    0.000000]     0: 0x000b6dcd -> 0x000b6dcf
[    0.000000]     0: 0x000b6e81 -> 0x000b7000
[    0.000000]     0: 0x00100000 -> 0x0023fe00
[    0.000000] On node 0 totalpages: 2056842
[    0.000000]   DMA zone: 64 pages used for memmap
[    0.000000]   DMA zone: 139 pages reserved
[    0.000000]   DMA zone: 3776 pages, LIFO batch:0
[    0.000000]   DMA32 zone: 16320 pages used for memmap
[    0.000000]   DMA32 zone: 726335 pages, LIFO batch:31
[    0.000000]   Normal zone: 20472 pages used for memmap
[    0.000000]   Normal zone: 1289736 pages, LIFO batch:31
[    0.000000] ACPI: PM-Timer IO Port: 0x408
[    0.000000] ACPI: Local APIC address 0xfee00000
[    0.000000] ACPI: LAPIC (acpi_id[0x01] lapic_id[0x00] enabled)
[    0.000000] ACPI: LAPIC (acpi_id[0x02] lapic_id[0x02] enabled)
[    0.000000] ACPI: LAPIC (acpi_id[0x03] lapic_id[0x04] enabled)
[    0.000000] ACPI: LAPIC (acpi_id[0x04] lapic_id[0x06] enabled)
[    0.000000] ACPI: LAPIC_NMI (acpi_id[0xff] high edge lint[0x1])
[    0.000000] ACPI: IOAPIC (id[0x00] address[0xfec00000] gsi_base[0])
[    0.000000] IOAPIC[0]: apic_id 0, version 32, address 0xfec00000, GSI 0-23
[    0.000000] ACPI: INT_SRC_OVR (bus 0 bus_irq 0 global_irq 2 dfl dfl)
[    0.000000] ACPI: INT_SRC_OVR (bus 0 bus_irq 9 global_irq 9 high level)
[    0.000000] ACPI: IRQ0 used by override.
[    0.000000] ACPI: IRQ2 used by override.
[    0.000000] ACPI: IRQ9 used by override.
[    0.000000] Using ACPI (MADT) for SMP configuration information
[    0.000000] ACPI: HPET id: 0x8086a701 base: 0xfed00000
[    0.000000] SMP: Allowing 4 CPUs, 0 hotplug CPUs
[    0.000000] nr_irqs_gsi: 40
[    0.000000] Allocating PCI resources starting at bfa00000 (gap: bfa00000:3f31c000)
[    0.000000] setup_percpu: NR_CPUS:64 nr_cpumask_bits:64 nr_cpu_ids:4 nr_node_ids:1
[    0.000000] PERCPU: Embedded 25 pages/cpu @ffff88023fa00000 s73152 r8192 d21056 u524288
[    0.000000] pcpu-alloc: s73152 r8192 d21056 u524288 alloc=1*2097152
[    0.000000] pcpu-alloc: [0] 0 1 2 3 
[    0.000000] Built 1 zonelists in Zone order, mobility grouping on.  Total pages: 2019847
[    0.000000] Policy zone: Normal
[    0.000000] Kernel command line: BOOT_IMAGE=/kernel-3.4.111 root=/dev/sdg3 ro
[    0.000000] PID hash table entries: 4096 (order: 3, 32768 bytes)
[    0.000000] xsave/xrstor: enabled xstate_bv 0x7, cntxt size 0x340
[    0.000000] Checking aperture...
[    0.000000] No AGP bridge found
[    0.000000] Memory: 8018720k/9435136k available (6243k kernel code, 1207768k absent, 208648k reserved, 4648k data, 556k init)
[    0.000000] SLUB: Genslabs=15, HWalign=64, Order=0-3, MinObjects=0, CPUs=4, Nodes=1
[    0.000000] Hierarchical RCU implementation.
[    0.000000] NR_IRQS:4352 nr_irqs:712 16
[    0.000000] Extended CMOS year: 2000
[    0.000000] Console: colour VGA+ 80x25
[    0.000000] console [tty0] enabled
[    0.000000] hpet clockevent registered
[    0.000000] Fast TSC calibration using PIT
[    0.001000] Detected 3300.074 MHz processor.
[    0.000001] Calibrating delay loop (skipped), value calculated using timer frequency.. 6600.14 BogoMIPS (lpj=3300074)
[    0.000139] pid_max: default: 32768 minimum: 301
[    0.000221] Security Framework initialized
[    0.000589] Dentry cache hash table entries: 1048576 (order: 11, 8388608 bytes)
[    0.001867] Inode-cache hash table entries: 524288 (order: 10, 4194304 bytes)
[    0.002456] Mount-cache hash table entries: 256
[    0.002629] CPU: Physical Processor ID: 0
[    0.002696] CPU: Processor Core ID: 0
[    0.002765] ENERGY_PERF_BIAS: Set to 'normal', was 'performance'
[    0.002765] ENERGY_PERF_BIAS: View and update with x86_energy_perf_policy(8)
[    0.002916] mce: CPU supports 9 MCE banks
[    0.002992] CPU0: Thermal monitoring enabled (TM1)
[    0.003064] using mwait in idle threads.
[    0.003189] ACPI: Core revision 20120320
[    0.107911] ..TIMER: vector=0x30 apic1=0 pin1=2 apic2=-1 pin2=-1
[    0.117973] CPU0: Intel(R) Core(TM) i5-2500K CPU @ 3.30GHz stepping 07
[    0.219667] Performance Events: PEBS fmt1+, 16-deep LBR, SandyBridge events, Intel PMU driver.
[    0.219914] PEBS disabled due to CPU errata.
[    0.219981] ... version:                3
[    0.220048] ... bit width:              48
[    0.220115] ... generic registers:      8
[    0.220182] ... value mask:             0000ffffffffffff
[    0.220251] ... max period:             000000007fffffff
[    0.220319] ... fixed-purpose events:   3
[    0.220386] ... event mask:             00000007000000ff
[    0.220542] Booting Node   0, Processors  #1 #2 #3 Ok.
[    0.260426] Brought up 4 CPUs
[    0.260494] Total of 4 processors activated (26400.59 BogoMIPS).
[    0.262650] devtmpfs: initialized
[    0.262828] NET: Registered protocol family 16
[    0.262945] kworker/u:0 used greatest stack depth: 6592 bytes left
[    0.263017] kworker/u:0 used greatest stack depth: 5664 bytes left
[    0.263205] ACPI: bus type pci registered
[    0.263315] PCI: MMCONFIG for domain 0000 [bus 00-3f] at [mem 0xe0000000-0xe3ffffff] (base 0xe0000000)
[    0.263415] PCI: not using MMCONFIG
[    0.263481] PCI: Using configuration type 1 for base access
[    0.266433] bio: create slab <bio-0> at 0
[    0.266565] ACPI: Added _OSI(Module Device)
[    0.266632] ACPI: Added _OSI(Processor Device)
[    0.266700] ACPI: Added _OSI(3.0 _SCP Extensions)
[    0.266767] ACPI: Added _OSI(Processor Aggregator Device)
[    0.267583] ACPI: EC: Look up EC in DSDT
[    0.268425] ACPI: Executed 1 blocks of module-level executable AML code
[    0.270213] ACPI: SSDT 00000000b6dd8918 003E0 (v01    AMI      IST 00000001 MSFT 03000001)
[    0.270595] ACPI: Dynamic OEM Table Load:
[    0.270736] ACPI: SSDT           (null) 003E0 (v01    AMI      IST 00000001 MSFT 03000001)
[    0.270922] ACPI: SSDT 00000000b6dd7d98 000E4 (v01    AMI      CST 00000001 MSFT 03000001)
[    0.271275] ACPI: Dynamic OEM Table Load:
[    0.271416] ACPI: SSDT           (null) 000E4 (v01    AMI      CST 00000001 MSFT 03000001)
[    0.271861] ACPI: Interpreter enabled
[    0.271928] ACPI: (supports S0 S5)
[    0.272071] ACPI: Using IOAPIC for interrupt routing
[    0.272194] PCI: MMCONFIG for domain 0000 [bus 00-3f] at [mem 0xe0000000-0xe3ffffff] (base 0xe0000000)
[    0.272325] PCI: MMCONFIG at [mem 0xe0000000-0xe3ffffff] reserved in ACPI motherboard resources
[    0.278127] [Firmware Bug]: ACPI: BIOS _OSI(Linux) query ignored
[    0.281851] ACPI: EC: GPE = 0x18, I/O: command/status = 0x66, data = 0x62
[    0.282029] ACPI: No dock devices found.
[    0.282099] PCI: Using host bridge windows from ACPI; if necessary, use "pci=nocrs" and report a bug
[    0.282299] ACPI: PCI Root Bridge [PCI0] (domain 0000 [bus 00-ff])
[    0.282471] pci_root PNP0A08:00: host bridge window [io  0x0000-0x0cf7]
[    0.282542] pci_root PNP0A08:00: host bridge window [io  0x0d00-0xffff]
[    0.282614] pci_root PNP0A08:00: host bridge window [mem 0x000a0000-0x000bffff]
[    0.282709] pci_root PNP0A08:00: host bridge window [mem 0x000c8000-0x000dffff]
[    0.282805] pci_root PNP0A08:00: host bridge window [mem 0xbfa00000-0xffffffff]
[    0.282902] pci_root PNP0A08:00: ignoring host bridge window [mem 0x000c8000-0x000dffff] (conflicts with Video ROM [mem 0x000c0000-0x000cdbff])
[    0.283024] PCI host bridge to bus 0000:00
[    0.283093] pci_bus 0000:00: root bus resource [io  0x0000-0x0cf7]
[    0.283163] pci_bus 0000:00: root bus resource [io  0x0d00-0xffff]
[    0.283233] pci_bus 0000:00: root bus resource [mem 0x000a0000-0x000bffff]
[    0.283305] pci_bus 0000:00: root bus resource [mem 0xbfa00000-0xffffffff]
[    0.283381] pci 0000:00:00.0: [8086:0100] type 00 class 0x060000
[    0.283407] pci 0000:00:01.0: [8086:0101] type 01 class 0x060400
[    0.283430] pci 0000:00:01.0: PME# supported from D0 D3hot D3cold
[    0.283446] pci 0000:00:02.0: [8086:0112] type 00 class 0x030000
[    0.283453] pci 0000:00:02.0: reg 10: [mem 0xfa400000-0xfa7fffff 64bit]
[    0.283458] pci 0000:00:02.0: reg 18: [mem 0xc0000000-0xcfffffff 64bit pref]
[    0.283461] pci 0000:00:02.0: reg 20: [io  0xf000-0xf03f]
[    0.283504] pci 0000:00:16.0: [8086:1c3a] type 00 class 0x078000
[    0.283525] pci 0000:00:16.0: reg 10: [mem 0xfad29000-0xfad2900f 64bit]
[    0.283595] pci 0000:00:16.0: PME# supported from D0 D3hot D3cold
[    0.283622] pci 0000:00:19.0: [8086:1503] type 00 class 0x020000
[    0.283638] pci 0000:00:19.0: reg 10: [mem 0xfad00000-0xfad1ffff]
[    0.283646] pci 0000:00:19.0: reg 14: [mem 0xfad28000-0xfad28fff]
[    0.283654] pci 0000:00:19.0: reg 18: [io  0xf080-0xf09f]
[    0.283712] pci 0000:00:19.0: PME# supported from D0 D3hot D3cold
[    0.283735] pci 0000:00:1a.0: [8086:1c2d] type 00 class 0x0c0320
[    0.283754] pci 0000:00:1a.0: reg 10: [mem 0xfad27000-0xfad273ff]
[    0.283839] pci 0000:00:1a.0: PME# supported from D0 D3hot D3cold
[    0.283862] pci 0000:00:1b.0: [8086:1c20] type 00 class 0x040300
[    0.283876] pci 0000:00:1b.0: reg 10: [mem 0xfad20000-0xfad23fff 64bit]
[    0.283938] pci 0000:00:1b.0: PME# supported from D0 D3hot D3cold
[    0.283958] pci 0000:00:1c.0: [8086:1c10] type 01 class 0x060400
[    0.284032] pci 0000:00:1c.0: PME# supported from D0 D3hot D3cold
[    0.284054] pci 0000:00:1c.1: [8086:1c12] type 01 class 0x060400
[    0.284130] pci 0000:00:1c.1: PME# supported from D0 D3hot D3cold
[    0.284153] pci 0000:00:1c.2: [8086:1c14] type 01 class 0x060400
[    0.284226] pci 0000:00:1c.2: PME# supported from D0 D3hot D3cold
[    0.284249] pci 0000:00:1c.3: [8086:1c16] type 01 class 0x060400
[    0.284323] pci 0000:00:1c.3: PME# supported from D0 D3hot D3cold
[    0.284345] pci 0000:00:1c.4: [8086:1c18] type 01 class 0x060400
[    0.284419] pci 0000:00:1c.4: PME# supported from D0 D3hot D3cold
[    0.284442] pci 0000:00:1c.6: [8086:244e] type 01 class 0x060401
[    0.284516] pci 0000:00:1c.6: PME# supported from D0 D3hot D3cold
[    0.284538] pci 0000:00:1c.7: [8086:1c1e] type 01 class 0x060400
[    0.284612] pci 0000:00:1c.7: PME# supported from D0 D3hot D3cold
[    0.284638] pci 0000:00:1d.0: [8086:1c26] type 00 class 0x0c0320
[    0.284657] pci 0000:00:1d.0: reg 10: [mem 0xfad26000-0xfad263ff]
[    0.284742] pci 0000:00:1d.0: PME# supported from D0 D3hot D3cold
[    0.284765] pci 0000:00:1f.0: [8086:1c44] type 00 class 0x060100
[    0.284881] pci 0000:00:1f.2: [8086:1c02] type 00 class 0x010601
[    0.284897] pci 0000:00:1f.2: reg 10: [io  0xf0d0-0xf0d7]
[    0.284905] pci 0000:00:1f.2: reg 14: [io  0xf0c0-0xf0c3]
[    0.284912] pci 0000:00:1f.2: reg 18: [io  0xf0b0-0xf0b7]
[    0.284919] pci 0000:00:1f.2: reg 1c: [io  0xf0a0-0xf0a3]
[    0.284926] pci 0000:00:1f.2: reg 20: [io  0xf060-0xf07f]
[    0.284932] pci 0000:00:1f.2: reg 24: [mem 0xfad25000-0xfad257ff]
[    0.284973] pci 0000:00:1f.2: PME# supported from D3hot
[    0.284988] pci 0000:00:1f.3: [8086:1c22] type 00 class 0x0c0500
[    0.285002] pci 0000:00:1f.3: reg 10: [mem 0xfad24000-0xfad240ff 64bit]
[    0.285021] pci 0000:00:1f.3: reg 20: [io  0xf040-0xf05f]
[    0.285069] pci 0000:01:00.0: [10de:1245] type 00 class 0x030000
[    0.285077] pci 0000:01:00.0: reg 10: [mem 0xf8000000-0xf9ffffff]
[    0.285086] pci 0000:01:00.0: reg 14: [mem 0xd0000000-0xd7ffffff 64bit pref]
[    0.285095] pci 0000:01:00.0: reg 1c: [mem 0xd8000000-0xdbffffff 64bit pref]
[    0.285101] pci 0000:01:00.0: reg 24: [io  0xe000-0xe07f]
[    0.285107] pci 0000:01:00.0: reg 30: [mem 0xfa000000-0xfa07ffff pref]
[    0.285153] pci 0000:01:00.1: [10de:0bee] type 00 class 0x040300
[    0.285161] pci 0000:01:00.1: reg 10: [mem 0xfa080000-0xfa083fff]
[    0.287081] pci 0000:00:01.0: PCI bridge to [bus 01-01]
[    0.287151] pci 0000:00:01.0:   bridge window [io  0xe000-0xefff]
[    0.287153] pci 0000:00:01.0:   bridge window [mem 0xf8000000-0xfa0fffff]
[    0.287155] pci 0000:00:01.0:   bridge window [mem 0xd0000000-0xdbffffff 64bit pref]
[    0.287196] pci 0000:00:1c.0: PCI bridge to [bus 02-02]
[    0.287337] pci 0000:03:00.0: [1b21:1042] type 00 class 0x0c0330
[    0.287365] pci 0000:03:00.0: reg 10: [mem 0xfac00000-0xfac07fff 64bit]
[    0.287508] pci 0000:03:00.0: PME# supported from D3hot D3cold
[    0.289082] pci 0000:00:1c.1: PCI bridge to [bus 03-03]
[    0.289154] pci 0000:00:1c.1:   bridge window [mem 0xfac00000-0xfacfffff]
[    0.289200] pci 0000:00:1c.2: PCI bridge to [bus 04-04]
[    0.289337] pci 0000:05:00.0: [197b:2362] type 00 class 0x010185
[    0.289371] pci 0000:05:00.0: reg 10: [io  0xd040-0xd047]
[    0.289386] pci 0000:05:00.0: reg 14: [io  0xd030-0xd033]
[    0.289402] pci 0000:05:00.0: reg 18: [io  0xd020-0xd027]
[    0.289418] pci 0000:05:00.0: reg 1c: [io  0xd010-0xd013]
[    0.289433] pci 0000:05:00.0: reg 20: [io  0xd000-0xd00f]
[    0.289449] pci 0000:05:00.0: reg 24: [mem 0xfab10000-0xfab101ff]
[    0.289465] pci 0000:05:00.0: reg 30: [mem 0x00000000-0x0000ffff pref]
[    0.289525] pci 0000:05:00.0: PME# supported from D3hot
[    0.291080] pci 0000:00:1c.3: PCI bridge to [bus 05-05]
[    0.291152] pci 0000:00:1c.3:   bridge window [io  0xd000-0xdfff]
[    0.291155] pci 0000:00:1c.3:   bridge window [mem 0xfab00000-0xfabfffff]
[    0.291226] pci 0000:06:00.0: [1b21:1042] type 00 class 0x0c0330
[    0.291253] pci 0000:06:00.0: reg 10: [mem 0xfaa00000-0xfaa07fff 64bit]
[    0.291398] pci 0000:06:00.0: PME# supported from D3hot D3cold
[    0.293078] pci 0000:00:1c.4: PCI bridge to [bus 06-06]
[    0.293609] pci 0000:00:1c.4:   bridge window [mem 0xfaa00000-0xfaafffff]
[    0.293668] pci 0000:07:00.0: [1b21:1080] type 01 class 0x060401
[    0.293786] pci 0000:00:1c.6: PCI bridge to [bus 07-08] (subtractive decode)
[    0.293860] pci 0000:00:1c.6:   bridge window [io  0xc000-0xcfff]
[    0.293863] pci 0000:00:1c.6:   bridge window [mem 0xfa900000-0xfa9fffff]
[    0.293869] pci 0000:00:1c.6:   bridge window [io  0x0000-0x0cf7] (subtractive decode)
[    0.293870] pci 0000:00:1c.6:   bridge window [io  0x0d00-0xffff] (subtractive decode)
[    0.293872] pci 0000:00:1c.6:   bridge window [mem 0x000a0000-0x000bffff] (subtractive decode)
[    0.293873] pci 0000:00:1c.6:   bridge window [mem 0xbfa00000-0xffffffff] (subtractive decode)
[    0.293934] pci 0000:08:02.0: [1106:3044] type 00 class 0x0c0010
[    0.293966] pci 0000:08:02.0: reg 10: [mem 0xfa900000-0xfa9007ff]
[    0.293983] pci 0000:08:02.0: reg 14: [io  0xc000-0xc07f]
[    0.294112] pci 0000:08:02.0: supports D2
[    0.294114] pci 0000:08:02.0: PME# supported from D2 D3hot D3cold
[    0.294193] pci 0000:07:00.0: PCI bridge to [bus 08-08] (subtractive decode)
[    0.294272] pci 0000:07:00.0:   bridge window [io  0xc000-0xcfff]
[    0.294278] pci 0000:07:00.0:   bridge window [mem 0xfa900000-0xfa9fffff]
[    0.294287] pci 0000:07:00.0:   bridge window [io  0xc000-0xcfff] (subtractive decode)
[    0.294289] pci 0000:07:00.0:   bridge window [mem 0xfa900000-0xfa9fffff] (subtractive decode)
[    0.294290] pci 0000:07:00.0:   bridge window [??? 0x00000000 flags 0x0] (subtractive decode)
[    0.294292] pci 0000:07:00.0:   bridge window [??? 0x00000000 flags 0x0] (subtractive decode)
[    0.294293] pci 0000:07:00.0:   bridge window [io  0x0000-0x0cf7] (subtractive decode)
[    0.294294] pci 0000:07:00.0:   bridge window [io  0x0d00-0xffff] (subtractive decode)
[    0.294296] pci 0000:07:00.0:   bridge window [mem 0x000a0000-0x000bffff] (subtractive decode)
[    0.294297] pci 0000:07:00.0:   bridge window [mem 0xbfa00000-0xffffffff] (subtractive decode)
[    0.294367] pci 0000:09:00.0: [1b4b:9172] type 00 class 0x010601
[    0.294383] pci 0000:09:00.0: reg 10: [io  0xb040-0xb047]
[    0.294396] pci 0000:09:00.0: reg 14: [io  0xb030-0xb033]
[    0.294408] pci 0000:09:00.0: reg 18: [io  0xb020-0xb027]
[    0.294420] pci 0000:09:00.0: reg 1c: [io  0xb010-0xb013]
[    0.294432] pci 0000:09:00.0: reg 20: [io  0xb000-0xb00f]
[    0.294445] pci 0000:09:00.0: reg 24: [mem 0xfa810000-0xfa8101ff]
[    0.294457] pci 0000:09:00.0: reg 30: [mem 0xfa800000-0xfa80ffff pref]
[    0.294514] pci 0000:09:00.0: PME# supported from D3hot
[    0.296073] pci 0000:00:1c.7: PCI bridge to [bus 09-09]
[    0.296144] pci 0000:00:1c.7:   bridge window [io  0xb000-0xbfff]
[    0.296148] pci 0000:00:1c.7:   bridge window [mem 0xfa800000-0xfa8fffff]
[    0.296184] ACPI: PCI Interrupt Routing Table [\_SB_.PCI0._PRT]
[    0.296235] ACPI: PCI Interrupt Routing Table [\_SB_.PCI0.P0P1._PRT]
[    0.296250] ACPI: PCI Interrupt Routing Table [\_SB_.PCI0.PEX0._PRT]
[    0.296264] ACPI: PCI Interrupt Routing Table [\_SB_.PCI0.PEX1._PRT]
[    0.296278] ACPI: PCI Interrupt Routing Table [\_SB_.PCI0.PEX2._PRT]
[    0.296291] ACPI: PCI Interrupt Routing Table [\_SB_.PCI0.PEX3._PRT]
[    0.296314] ACPI: PCI Interrupt Routing Table [\_SB_.PCI0.PEX4._PRT]
[    0.296329] ACPI: PCI Interrupt Routing Table [\_SB_.PCI0.PEX6._PRT]
[    0.296344] ACPI: PCI Interrupt Routing Table [\_SB_.PCI0.PEX6.BR24._PRT]
[    0.296369] ACPI: PCI Interrupt Routing Table [\_SB_.PCI0.PEX7._PRT]
[    0.296434]  pci0000:00: Requesting ACPI _OSC control (0x1d)
[    0.296617]  pci0000:00: ACPI _OSC control (0x1c) granted
[    0.299416] ACPI: PCI Interrupt Link [LNKA] (IRQs 3 4 5 6 7 10 *11 12 14 15)
[    0.299955] ACPI: PCI Interrupt Link [LNKB] (IRQs 3 4 5 6 7 *10 11 12 14 15)
[    0.300494] ACPI: PCI Interrupt Link [LNKC] (IRQs *3 4 5 6 10 11 12 14 15)
[    0.300996] ACPI: PCI Interrupt Link [LNKD] (IRQs 3 4 5 6 10 *11 12 14 15)
[    0.301497] ACPI: PCI Interrupt Link [LNKE] (IRQs 3 4 6 7 *10 11 12 14 15)
[    0.301997] ACPI: PCI Interrupt Link [LNKF] (IRQs 3 4 *5 6 7 10 11 12 14 15)
[    0.302537] ACPI: PCI Interrupt Link [LNKG] (IRQs 3 *4 5 6 7 10 11 12 14 15)
[    0.303077] ACPI: PCI Interrupt Link [LNKH] (IRQs 3 4 5 6 *7 10 11 12 14 15)
[    0.303665] vgaarb: device added: PCI:0000:00:02.0,decodes=io+mem,owns=io+mem,locks=none
[    0.303766] vgaarb: device added: PCI:0000:01:00.0,decodes=io+mem,owns=none,locks=none
[    0.303863] vgaarb: loaded
[    0.303927] vgaarb: bridge control possible 0000:01:00.0
[    0.303996] vgaarb: no bridge control possible 0000:00:02.0
[    0.304127] SCSI subsystem initialized
[    0.304236] libata version 3.00 loaded.
[    0.304280] usbcore: registered new interface driver usbfs
[    0.304372] usbcore: registered new interface driver hub
[    0.304459] usbcore: registered new device driver usb
[    0.304623] PCI: Using ACPI for IRQ routing
[    0.306002] PCI: pci_cache_line_size set to 64 bytes
[    0.306085] reserve RAM buffer: 000000000009b400 - 000000000009ffff 
[    0.306086] reserve RAM buffer: 00000000b677e000 - 00000000b7ffffff 
[    0.306088] reserve RAM buffer: 00000000b6dcf000 - 00000000b7ffffff 
[    0.306089] reserve RAM buffer: 00000000b7000000 - 00000000b7ffffff 
[    0.306091] reserve RAM buffer: 000000023fe00000 - 000000023fffffff 
[    0.306182] NetLabel: Initializing
[    0.306248] NetLabel:  domain hash size = 128
[    0.306315] NetLabel:  protocols = UNLABELED CIPSOv4
[    0.306390] NetLabel:  unlabeled traffic allowed by default
[    0.306474] hpet0: at MMIO 0xfed00000, IRQs 2, 8, 0, 0, 0, 0, 0, 0
[    0.306878] hpet0: 8 comparators, 64-bit 14.318180 MHz counter
[    0.309959] Switching to clocksource hpet
[    0.311353] pnp: PnP ACPI init
[    0.311422] ACPI: bus type pnp registered
[    0.311569] pnp 00:00: [bus 00-ff]
[    0.311571] pnp 00:00: [io  0x0cf8-0x0cff]
[    0.311572] pnp 00:00: [io  0x0000-0x0cf7 window]
[    0.311574] pnp 00:00: [io  0x0d00-0xffff window]
[    0.311575] pnp 00:00: [mem 0x000a0000-0x000bffff window]
[    0.311576] pnp 00:00: [mem 0x000c8000-0x000dffff window]
[    0.311577] pnp 00:00: [mem 0xbfa00000-0xffffffff window]
[    0.311579] pnp 00:00: [mem 0x00000000 window]
[    0.311622] pnp 00:00: Plug and Play ACPI device, IDs PNP0a08 PNP0a03 (active)
[    0.311654] pnp 00:01: [mem 0xfed10000-0xfed19fff]
[    0.311655] pnp 00:01: [mem 0xe0000000-0xe3ffffff]
[    0.311656] pnp 00:01: [mem 0xfed90000-0xfed93fff]
[    0.311657] pnp 00:01: [mem 0xfed20000-0xfed3ffff]
[    0.311659] pnp 00:01: [mem 0xfee00000-0xfee0ffff]
[    0.311696] system 00:01: [mem 0xfed10000-0xfed19fff] has been reserved
[    0.311767] system 00:01: [mem 0xe0000000-0xe3ffffff] has been reserved
[    0.311838] system 00:01: [mem 0xfed90000-0xfed93fff] has been reserved
[    0.311909] system 00:01: [mem 0xfed20000-0xfed3ffff] has been reserved
[    0.311980] system 00:01: [mem 0xfee00000-0xfee0ffff] has been reserved
[    0.312062] system 00:01: Plug and Play ACPI device, IDs PNP0c01 (active)
[    0.312098] pnp 00:02: [io  0x0000-0xffffffffffffffff disabled]
[    0.312100] pnp 00:02: [io  0x0000-0xffffffffffffffff disabled]
[    0.312101] pnp 00:02: [io  0x0290-0x029f]
[    0.312102] pnp 00:02: [io  0x0000-0xffffffffffffffff disabled]
[    0.312139] system 00:02: [io  0x0290-0x029f] has been reserved
[    0.312209] system 00:02: Plug and Play ACPI device, IDs PNP0c02 (active)
[    0.312216] pnp 00:03: [dma 4]
[    0.312217] pnp 00:03: [io  0x0000-0x000f]
[    0.312218] pnp 00:03: [io  0x0081-0x0083]
[    0.312219] pnp 00:03: [io  0x0087]
[    0.312220] pnp 00:03: [io  0x0089-0x008b]
[    0.312221] pnp 00:03: [io  0x008f]
[    0.312222] pnp 00:03: [io  0x00c0-0x00df]
[    0.312247] pnp 00:03: Plug and Play ACPI device, IDs PNP0200 (active)
[    0.312252] pnp 00:04: [io  0x0070-0x0071]
[    0.312260] pnp 00:04: [irq 8]
[    0.312284] pnp 00:04: Plug and Play ACPI device, IDs PNP0b00 (active)
[    0.312289] pnp 00:05: [io  0x0061]
[    0.312313] pnp 00:05: Plug and Play ACPI device, IDs PNP0800 (active)
[    0.312322] pnp 00:06: [io  0x0010-0x001f]
[    0.312323] pnp 00:06: [io  0x0022-0x003f]
[    0.312324] pnp 00:06: [io  0x0044-0x005f]
[    0.312325] pnp 00:06: [io  0x0063]
[    0.312326] pnp 00:06: [io  0x0065]
[    0.312327] pnp 00:06: [io  0x0067-0x006f]
[    0.312328] pnp 00:06: [io  0x0072-0x007f]
[    0.312329] pnp 00:06: [io  0x0080]
[    0.312330] pnp 00:06: [io  0x0084-0x0086]
[    0.312331] pnp 00:06: [io  0x0088]
[    0.312332] pnp 00:06: [io  0x008c-0x008e]
[    0.312334] pnp 00:06: [io  0x0090-0x009f]
[    0.312335] pnp 00:06: [io  0x00a2-0x00bf]
[    0.312336] pnp 00:06: [io  0x00e0-0x00ef]
[    0.312337] pnp 00:06: [io  0x04d0-0x04d1]
[    0.312377] system 00:06: [io  0x04d0-0x04d1] has been reserved
[    0.312448] system 00:06: Plug and Play ACPI device, IDs PNP0c02 (active)
[    0.312453] pnp 00:07: [io  0x00f0-0x00ff]
[    0.312457] pnp 00:07: [irq 13]
[    0.312482] pnp 00:07: Plug and Play ACPI device, IDs PNP0c04 (active)
[    0.312637] pnp 00:08: [io  0x0400-0x0453]
[    0.312638] pnp 00:08: [io  0x0458-0x047f]
[    0.312639] pnp 00:08: [io  0x0000-0xffffffffffffffff disabled]
[    0.312640] pnp 00:08: [io  0x0500-0x057f]
[    0.312641] pnp 00:08: [mem 0xfed1c000-0xfed1ffff]
[    0.312642] pnp 00:08: [mem 0xfec00000-0xfecfffff]
[    0.312643] pnp 00:08: [mem 0xfed08000-0xfed08fff]
[    0.312644] pnp 00:08: [mem 0xff000000-0xffffffff]
[    0.312682] system 00:08: [io  0x0400-0x0453] has been reserved
[    0.312752] system 00:08: [io  0x0458-0x047f] has been reserved
[    0.312822] system 00:08: [io  0x0500-0x057f] has been reserved
[    0.312893] system 00:08: [mem 0xfed1c000-0xfed1ffff] has been reserved
[    0.312964] system 00:08: [mem 0xfec00000-0xfecfffff] could not be reserved
[    0.313036] system 00:08: [mem 0xfed08000-0xfed08fff] has been reserved
[    0.313116] system 00:08: [mem 0xff000000-0xffffffff] has been reserved
[    0.313187] system 00:08: Plug and Play ACPI device, IDs PNP0c01 (active)
[    0.313208] pnp 00:09: [io  0x0454-0x0457]
[    0.313245] system 00:09: [io  0x0454-0x0457] has been reserved
[    0.313316] system 00:09: Plug and Play ACPI device, IDs INT3f0d PNP0c02 (active)
[    0.313384] pnp 00:0a: [mem 0xfed00000-0xfed003ff]
[    0.313419] pnp 00:0a: Plug and Play ACPI device, IDs PNP0103 (active)
[    0.313507] pnp: PnP ACPI: found 11 devices
[    0.313574] ACPI: ACPI bus type pnp unregistered
[    0.320564] pci 0000:00:1c.3: BAR 15: assigned [mem 0xbfa00000-0xbfafffff pref]
[    0.320661] pci 0000:00:01.0: PCI bridge to [bus 01-01]
[    0.320730] pci 0000:00:01.0:   bridge window [io  0xe000-0xefff]
[    0.320801] pci 0000:00:01.0:   bridge window [mem 0xf8000000-0xfa0fffff]
[    0.320873] pci 0000:00:01.0:   bridge window [mem 0xd0000000-0xdbffffff 64bit pref]
[    0.320969] pci 0000:00:1c.0: PCI bridge to [bus 02-02]
[    0.321057] pci 0000:00:1c.1: PCI bridge to [bus 03-03]
[    0.321129] pci 0000:00:1c.1:   bridge window [mem 0xfac00000-0xfacfffff]
[    0.321205] pci 0000:00:1c.2: PCI bridge to [bus 04-04]
[    0.321283] pci 0000:05:00.0: BAR 6: assigned [mem 0xbfa00000-0xbfa0ffff pref]
[    0.321379] pci 0000:00:1c.3: PCI bridge to [bus 05-05]
[    0.321449] pci 0000:00:1c.3:   bridge window [io  0xd000-0xdfff]
[    0.321522] pci 0000:00:1c.3:   bridge window [mem 0xfab00000-0xfabfffff]
[    0.321595] pci 0000:00:1c.3:   bridge window [mem 0xbfa00000-0xbfafffff pref]
[    0.321693] pci 0000:00:1c.4: PCI bridge to [bus 06-06]
[    0.321765] pci 0000:00:1c.4:   bridge window [mem 0xfaa00000-0xfaafffff]
[    0.321842] pci 0000:07:00.0: PCI bridge to [bus 08-08]
[    0.321912] pci 0000:07:00.0:   bridge window [io  0xc000-0xcfff]
[    0.321988] pci 0000:07:00.0:   bridge window [mem 0xfa900000-0xfa9fffff]
[    0.322083] pci 0000:00:1c.6: PCI bridge to [bus 07-08]
[    0.322152] pci 0000:00:1c.6:   bridge window [io  0xc000-0xcfff]
[    0.322225] pci 0000:00:1c.6:   bridge window [mem 0xfa900000-0xfa9fffff]
[    0.322302] pci 0000:00:1c.7: PCI bridge to [bus 09-09]
[    0.322372] pci 0000:00:1c.7:   bridge window [io  0xb000-0xbfff]
[    0.322444] pci 0000:00:1c.7:   bridge window [mem 0xfa800000-0xfa8fffff]
[    0.322563] pci 0000:07:00.0: setting latency timer to 64
[    0.322570] pci_bus 0000:00: resource 4 [io  0x0000-0x0cf7]
[    0.322572] pci_bus 0000:00: resource 5 [io  0x0d00-0xffff]
[    0.322573] pci_bus 0000:00: resource 6 [mem 0x000a0000-0x000bffff]
[    0.322574] pci_bus 0000:00: resource 7 [mem 0xbfa00000-0xffffffff]
[    0.322576] pci_bus 0000:01: resource 0 [io  0xe000-0xefff]
[    0.322577] pci_bus 0000:01: resource 1 [mem 0xf8000000-0xfa0fffff]
[    0.322578] pci_bus 0000:01: resource 2 [mem 0xd0000000-0xdbffffff 64bit pref]
[    0.322580] pci_bus 0000:03: resource 1 [mem 0xfac00000-0xfacfffff]
[    0.322581] pci_bus 0000:05: resource 0 [io  0xd000-0xdfff]
[    0.322582] pci_bus 0000:05: resource 1 [mem 0xfab00000-0xfabfffff]
[    0.322583] pci_bus 0000:05: resource 2 [mem 0xbfa00000-0xbfafffff pref]
[    0.322585] pci_bus 0000:06: resource 1 [mem 0xfaa00000-0xfaafffff]
[    0.322586] pci_bus 0000:07: resource 0 [io  0xc000-0xcfff]
[    0.322587] pci_bus 0000:07: resource 1 [mem 0xfa900000-0xfa9fffff]
[    0.322589] pci_bus 0000:07: resource 4 [io  0x0000-0x0cf7]
[    0.322590] pci_bus 0000:07: resource 5 [io  0x0d00-0xffff]
[    0.322591] pci_bus 0000:07: resource 6 [mem 0x000a0000-0x000bffff]
[    0.322592] pci_bus 0000:07: resource 7 [mem 0xbfa00000-0xffffffff]
[    0.322594] pci_bus 0000:08: resource 0 [io  0xc000-0xcfff]
[    0.322595] pci_bus 0000:08: resource 1 [mem 0xfa900000-0xfa9fffff]
[    0.322596] pci_bus 0000:08: resource 4 [io  0xc000-0xcfff]
[    0.322597] pci_bus 0000:08: resource 5 [mem 0xfa900000-0xfa9fffff]
[    0.322599] pci_bus 0000:08: resource 8 [io  0x0000-0x0cf7]
[    0.322600] pci_bus 0000:08: resource 9 [io  0x0d00-0xffff]
[    0.322601] pci_bus 0000:08: resource 10 [mem 0x000a0000-0x000bffff]
[    0.322602] pci_bus 0000:08: resource 11 [mem 0xbfa00000-0xffffffff]
[    0.322604] pci_bus 0000:09: resource 0 [io  0xb000-0xbfff]
[    0.322605] pci_bus 0000:09: resource 1 [mem 0xfa800000-0xfa8fffff]
[    0.322628] NET: Registered protocol family 2
[    0.323888] IP route cache hash table entries: 262144 (order: 9, 2097152 bytes)
[    0.324448] TCP established hash table entries: 524288 (order: 11, 8388608 bytes)
[    0.325532] TCP bind hash table entries: 65536 (order: 8, 1048576 bytes)
[    0.325724] TCP: Hash tables configured (established 524288 bind 65536)
[    0.325796] TCP: reno registered
[    0.325869] UDP hash table entries: 4096 (order: 5, 131072 bytes)
[    0.325961] UDP-Lite hash table entries: 4096 (order: 5, 131072 bytes)
[    0.326099] NET: Registered protocol family 1
[    0.326220] RPC: Registered named UNIX socket transport module.
[    0.326289] RPC: Registered udp transport module.
[    0.326358] RPC: Registered tcp transport module.
[    0.326425] RPC: Registered tcp NFSv4.1 backchannel transport module.
[    0.326507] pci 0000:00:02.0: Boot video device
[    0.572916] PCI: CLS 64 bytes, default 64
[    0.572943] PCI-DMA: Using software bounce buffering for IO (SWIOTLB)
[    0.573015] Placing 64MB software IO TLB between ffff8800b277e000 - ffff8800b677e000
[    0.573110] software IO TLB at phys 0xb277e000 - 0xb677e000
[    0.573834] microcode: CPU0 sig=0x206a7, pf=0x2, revision=0x14
[    0.573908] microcode: CPU1 sig=0x206a7, pf=0x2, revision=0x14
[    0.573982] microcode: CPU2 sig=0x206a7, pf=0x2, revision=0x14
[    0.574056] microcode: CPU3 sig=0x206a7, pf=0x2, revision=0x14
[    0.574152] microcode: Microcode Update Driver: v2.00 <tigran@aivazian.fsnet.co.uk>, Peter Oruba
[    0.574798] sha1_ssse3: Using AVX optimized SHA-1 implementation
[    0.587416] HugeTLB registered 2 MB page size, pre-allocated 0 pages
[    0.589291] VFS: Disk quotas dquot_6.5.2
[    0.589397] Dquot-cache hash table entries: 512 (order 0, 4096 bytes)
[    0.589901] NFS: Registering the id_resolver key type
[    0.590098] msgmni has been set to 15661
[    0.591064] NET: Registered protocol family 38
[    0.591184] Block layer SCSI generic (bsg) driver version 0.4 loaded (major 253)
[    0.591280] io scheduler noop registered
[    0.591347] io scheduler deadline registered
[    0.591473] io scheduler cfq registered (default)
[    0.591610] pcieport 0000:00:01.0: irq 40 for MSI/MSI-X
[    0.591708] pcieport 0000:00:1c.0: irq 41 for MSI/MSI-X
[    0.591816] pcieport 0000:00:1c.1: irq 42 for MSI/MSI-X
[    0.591917] pcieport 0000:00:1c.2: irq 43 for MSI/MSI-X
[    0.592016] pcieport 0000:00:1c.3: irq 44 for MSI/MSI-X
[    0.592115] pcieport 0000:00:1c.4: irq 45 for MSI/MSI-X
[    0.592216] pcieport 0000:00:1c.7: irq 46 for MSI/MSI-X
[    0.592343] pci_hotplug: PCI Hot Plug PCI Core version: 0.5
[    0.592537] input: Power Button as /devices/LNXSYSTM:00/LNXSYBUS:00/PNP0C0C:00/input/input0
[    0.592637] ACPI: Power Button [PWRB]
[    0.592740] input: Power Button as /devices/LNXSYSTM:00/LNXPWRBN:00/input/input1
[    0.592845] ACPI: Power Button [PWRF]
[    0.592998] ACPI: Requesting acpi_cpufreq
[    0.593161] Monitor-Mwait will be used to enter C-1 state
[    0.593164] Monitor-Mwait will be used to enter C-3 state
[    0.593171] ACPI: acpi_idle registered with cpuidle
[    0.595407] Serial: 8250/16550 driver, 4 ports, IRQ sharing enabled
[    0.595899] Non-volatile memory driver v1.3
[    0.595967] Linux agpgart interface v0.103
[    0.596114] agpgart-intel 0000:00:00.0: Intel Sandybridge Chipset
[    0.596239] agpgart-intel 0000:00:00.0: detected gtt size: 2097152K total, 262144K mappable
[    0.597013] agpgart-intel 0000:00:00.0: detected 131072K stolen memory
[    0.597188] agpgart-intel 0000:00:00.0: AGP aperture is 256M @ 0xc0000000
[    0.597325] [drm] Initialized drm 1.1.0 20060810
[    0.597517] pci 0000:00:02.0: setting latency timer to 64
[    0.622009] mtrr: type mismatch for c0000000,10000000 old: write-back new: write-combining
[    0.622106] [drm] MTRR allocation failed.  Graphics performance may suffer.
[    0.622386] pci 0000:00:02.0: irq 47 for MSI/MSI-X
[    0.622391] [drm] Supports vblank timestamp caching Rev 1 (10.10.2010).
[    0.622462] [drm] No driver support for vblank timestamp query.
[    0.622881] acpi device:41: registered as cooling_device4
[    0.623063] input: Video Bus as /devices/LNXSYSTM:00/LNXSYBUS:00/PNP0A08:00/LNXVIDEO:00/input/input2
[    0.623163] ACPI: Video Device [GFX0] (multi-head: yes  rom: no  post: no)
[    0.623258] [drm] Initialized i915 1.6.0 20080730 for 0000:00:02.0 on minor 0
[    0.623955] loop: module loaded
[    0.624169] ahci 0000:00:1f.2: version 3.0
[    0.624202] ahci 0000:00:1f.2: irq 48 for MSI/MSI-X
[    0.634766] ahci 0000:00:1f.2: AHCI 0001.0300 32 slots 6 ports 6 Gbps 0x3f impl SATA mode
[    0.634863] ahci 0000:00:1f.2: flags: 64bit ncq sntf pm led clo pio slum part ems apst 
[    0.634961] ahci 0000:00:1f.2: setting latency timer to 64
[    0.645181] scsi0 : ahci
[    0.645317] scsi1 : ahci
[    0.645446] scsi2 : ahci
[    0.645575] scsi3 : ahci
[    0.645703] scsi4 : ahci
[    0.645837] scsi5 : ahci
[    0.646001] ata1: SATA max UDMA/133 abar m2048@0xfad25000 port 0xfad25100 irq 48
[    0.646097] ata2: SATA max UDMA/133 abar m2048@0xfad25000 port 0xfad25180 irq 48
[    0.646193] ata3: SATA max UDMA/133 abar m2048@0xfad25000 port 0xfad25200 irq 48
[    0.646288] ata4: SATA max UDMA/133 abar m2048@0xfad25000 port 0xfad25280 irq 48
[    0.646384] ata5: SATA max UDMA/133 abar m2048@0xfad25000 port 0xfad25300 irq 48
[    0.646479] ata6: SATA max UDMA/133 abar m2048@0xfad25000 port 0xfad25380 irq 48
[    0.646699] ahci 0000:05:00.0: AHCI 0001.0100 32 slots 2 ports 3 Gbps 0x3 impl SATA mode
[    0.646814] ahci 0000:05:00.0: flags: 64bit ncq pm led clo pmp pio slum part 
[    0.647118] scsi6 : ahci
[    0.647247] scsi7 : ahci
[    0.647360] ata7: SATA max UDMA/133 abar m512@0xfab10000 port 0xfab10100 irq 19
[    0.647458] ata8: SATA max UDMA/133 abar m512@0xfab10000 port 0xfab10180 irq 19
[    0.647631] ahci 0000:09:00.0: irq 49 for MSI/MSI-X
[    0.647685] ahci 0000:09:00.0: AHCI 0001.0000 32 slots 2 ports 6 Gbps 0x3 impl SATA mode
[    0.647796] ahci 0000:09:00.0: flags: 64bit ncq sntf led only pmp fbs pio slum part sxs 
[    0.648600] scsi8 : ahci
[    0.648736] scsi9 : ahci
[    0.648854] ata9: SATA max UDMA/133 abar m512@0xfa810000 port 0xfa810100 irq 49
[    0.648951] ata10: SATA max UDMA/133 abar m512@0xfa810000 port 0xfa810180 irq 49
[    0.649214] ehci_hcd: USB 2.0 'Enhanced' Host Controller (EHCI) Driver
[    0.649302] ehci_hcd 0000:00:1a.0: setting latency timer to 64
[    0.649305] ehci_hcd 0000:00:1a.0: EHCI Host Controller
[    0.649405] ehci_hcd 0000:00:1a.0: new USB bus registered, assigned bus number 1
[    0.649519] ehci_hcd 0000:00:1a.0: debug port 2
[    0.653453] ehci_hcd 0000:00:1a.0: cache line size of 64 is not supported
[    0.653463] ehci_hcd 0000:00:1a.0: irq 23, io mem 0xfad27000
[    0.658717] ehci_hcd 0000:00:1a.0: USB 2.0 started, EHCI 1.00
[    0.658797] usb usb1: New USB device found, idVendor=1d6b, idProduct=0002
[    0.658868] usb usb1: New USB device strings: Mfr=3, Product=2, SerialNumber=1
[    0.658964] usb usb1: Product: EHCI Host Controller
[    0.659032] usb usb1: Manufacturer: Linux 3.4.111 ehci_hcd
[    0.659101] usb usb1: SerialNumber: 0000:00:1a.0
[    0.659240] hub 1-0:1.0: USB hub found
[    0.659309] hub 1-0:1.0: 2 ports detected
[    0.659431] ehci_hcd 0000:00:1d.0: setting latency timer to 64
[    0.659433] ehci_hcd 0000:00:1d.0: EHCI Host Controller
[    0.659532] ehci_hcd 0000:00:1d.0: new USB bus registered, assigned bus number 2
[    0.659644] ehci_hcd 0000:00:1d.0: debug port 2
[    0.663607] ehci_hcd 0000:00:1d.0: cache line size of 64 is not supported
[    0.663610] ehci_hcd 0000:00:1d.0: irq 23, io mem 0xfad26000
[    0.668707] ehci_hcd 0000:00:1d.0: USB 2.0 started, EHCI 1.00
[    0.668782] usb usb2: New USB device found, idVendor=1d6b, idProduct=0002
[    0.668855] usb usb2: New USB device strings: Mfr=3, Product=2, SerialNumber=1
[    0.668950] usb usb2: Product: EHCI Host Controller
[    0.669018] usb usb2: Manufacturer: Linux 3.4.111 ehci_hcd
[    0.669087] usb usb2: SerialNumber: 0000:00:1d.0
[    0.669217] hub 2-0:1.0: USB hub found
[    0.669284] hub 2-0:1.0: 2 ports detected
[    0.669410] ohci_hcd: USB 1.1 'Open' Host Controller (OHCI) Driver
[    0.669500] uhci_hcd: USB Universal Host Controller Interface driver
[    0.669613] usbcore: registered new interface driver usblp
[    0.669682] Initializing USB Mass Storage driver...
[    0.669787] usbcore: registered new interface driver usb-storage
[    0.669856] USB Mass Storage support registered.
[    0.670000] i8042: PNP: No PS/2 controller found. Probing ports directly.
[    0.672773] serio: i8042 KBD port at 0x60,0x64 irq 1
[    0.672844] serio: i8042 AUX port at 0x60,0x64 irq 12
[    0.672986] mousedev: PS/2 mouse device common for all mice
[    0.673211] rtc_cmos 00:04: RTC can wake from S4
[    0.673388] rtc_cmos 00:04: rtc core: registered rtc_cmos as rtc0
[    0.673481] rtc0: alarms up to one month, y3k, 114 bytes nvram, hpet irqs
[    0.673714] device-mapper: ioctl: 4.22.0-ioctl (2011-10-19) initialised: dm-devel@redhat.com
[    0.673868] cpuidle: using governor ladder
[    0.673970] cpuidle: using governor menu
[    0.674036] EFI Variables Facility v0.08 2004-May-17
[    0.674882] usbcore: registered new interface driver usbhid
[    0.674951] usbhid: USB HID core driver
[    0.675028] Netfilter messages via NETLINK v0.30.
[    0.675102] nf_conntrack version 0.5.0 (16384 buckets, 65536 max)
[    0.675276] ctnetlink v0.93: registering with nfnetlink.
[    0.675414] ip_tables: (C) 2000-2006 Netfilter Core Team
[    0.675499] TCP: cubic registered
[    0.675564] Initializing XFRM netlink socket
[    0.675810] NET: Registered protocol family 10
[    0.676000] ip6_tables: (C) 2000-2006 Netfilter Core Team
[    0.676083] IPv6 over IPv4 tunneling driver
[    0.676276] NET: Registered protocol family 17
[    0.676350] Registering the dns_resolver key type
[    0.676575] registered taskstats version 1
[    0.677030] console [netcon0] enabled
[    0.677097] netconsole: network logging started
[    0.950490] ata1: SATA link up 6.0 Gbps (SStatus 133 SControl 300)
[    0.950600] ata5: SATA link up 3.0 Gbps (SStatus 123 SControl 300)
[    0.950685] ata2: SATA link up 6.0 Gbps (SStatus 133 SControl 300)
[    0.950778] ata4: SATA link up 3.0 Gbps (SStatus 123 SControl 300)
[    0.950875] ata3: SATA link up 3.0 Gbps (SStatus 123 SControl 300)
[    0.950956] ata5.00: ATA-9: INTEL SSDSC2BA100G3, 5DV10270, max UDMA/133
[    0.951032] ata5.00: 195371568 sectors, multi 1: LBA48 NCQ (depth 31/32)
[    0.951113] ata1.00: ATA-9: INTEL SSDSC2BA100G3, 5DV10270, max UDMA/133
[    0.951186] ata1.00: 195371568 sectors, multi 1: LBA48 NCQ (depth 31/32)
[    0.951268] ata2.00: ATA-9: INTEL SSDSC2BA100G3, 5DV10270, max UDMA/133
[    0.951344] ata2.00: 195371568 sectors, multi 1: LBA48 NCQ (depth 31/32)
[    0.951429] ata4.00: ATA-9: INTEL SSDSC2BA100G3, 5DV10270, max UDMA/133
[    0.951459] ata7: SATA link down (SStatus 0 SControl 300)
[    0.951598] ata4.00: 195371568 sectors, multi 1: LBA48 NCQ (depth 31/32)
[    0.951697] ata6: SATA link up 3.0 Gbps (SStatus 123 SControl 300)
[    0.951703] ata8: SATA link down (SStatus 0 SControl 300)
[    0.951943] ata3.00: ATA-9: INTEL SSDSC2BA100G3, 5DV10270, max UDMA/133
[    0.952022] ata3.00: 195371568 sectors, multi 1: LBA48 NCQ (depth 31/32)
[    0.952100] ata5.00: configured for UDMA/133
[    0.952184] ata2.00: configured for UDMA/133
[    0.952265] ata6.00: ATA-9: INTEL SSDSC2BA100G3, 5DV10270, max UDMA/133
[    0.952343] ata6.00: 195371568 sectors, multi 1: LBA48 NCQ (depth 31/32)
[    0.952426] ata1.00: configured for UDMA/133
[    0.952505] ata4.00: configured for UDMA/133
[    0.952582] scsi 0:0:0:0: Direct-Access     ATA      INTEL SSDSC2BA10 5DV1 PQ: 0 ANSI: 5
[    0.952662] ata3.00: configured for UDMA/133
[    0.952844] ata6.00: configured for UDMA/133
[    0.953074] sd 0:0:0:0: [sda] 195371568 512-byte logical blocks: (100 GB/93.1 GiB)
[    0.953134] sd 0:0:0:0: Attached scsi generic sg0 type 0
[    0.953239] scsi 1:0:0:0: Direct-Access     ATA      INTEL SSDSC2BA10 5DV1 PQ: 0 ANSI: 5
[    0.953362] sd 1:0:0:0: [sdb] 195371568 512-byte logical blocks: (100 GB/93.1 GiB)
[    0.953363] sd 1:0:0:0: [sdb] 4096-byte physical blocks
[    0.953470] sd 1:0:0:0: Attached scsi generic sg1 type 0
[    0.953518] sd 1:0:0:0: [sdb] Write Protect is off
[    0.953519] sd 1:0:0:0: [sdb] Mode Sense: 00 3a 00 00
[    0.953541] sd 1:0:0:0: [sdb] Write cache: enabled, read cache: enabled, doesn't support DPO or FUA
[    0.953572] scsi 2:0:0:0: Direct-Access     ATA      INTEL SSDSC2BA10 5DV1 PQ: 0 ANSI: 5
[    0.953688] sd 2:0:0:0: [sdc] 195371568 512-byte logical blocks: (100 GB/93.1 GiB)
[    0.953689] sd 2:0:0:0: [sdc] 4096-byte physical blocks
[    0.953722] sd 2:0:0:0: [sdc] Write Protect is off
[    0.953723] sd 2:0:0:0: [sdc] Mode Sense: 00 3a 00 00
[    0.953739] sd 2:0:0:0: [sdc] Write cache: enabled, read cache: enabled, doesn't support DPO or FUA
[    0.953825]  sdb: sdb1
[    0.954545] sd 0:0:0:0: [sda] 4096-byte physical blocks
[    0.954635] sd 2:0:0:0: Attached scsi generic sg2 type 0
[    0.954659] sd 0:0:0:0: [sda] Write Protect is off
[    0.954660] sd 0:0:0:0: [sda] Mode Sense: 00 3a 00 00
[    0.954673] sd 0:0:0:0: [sda] Write cache: enabled, read cache: enabled, doesn't support DPO or FUA
[    0.954761] sd 1:0:0:0: [sdb] Attached SCSI disk
[    0.954862]  sdc: sdc1
[    0.954929]  sda: sda1
[    0.955053] sd 2:0:0:0: [sdc] Attached SCSI disk
[    0.955123] sd 0:0:0:0: [sda] Attached SCSI disk
[    0.955456] scsi 3:0:0:0: Direct-Access     ATA      INTEL SSDSC2BA10 5DV1 PQ: 0 ANSI: 5
[    0.955644] sd 3:0:0:0: [sdd] 195371568 512-byte logical blocks: (100 GB/93.1 GiB)
[    0.955689] sd 3:0:0:0: Attached scsi generic sg3 type 0
[    0.955765] scsi 4:0:0:0: Direct-Access     ATA      INTEL SSDSC2BA10 5DV1 PQ: 0 ANSI: 5
[    0.955886] sd 4:0:0:0: [sde] 195371568 512-byte logical blocks: (100 GB/93.1 GiB)
[    0.955887] sd 4:0:0:0: [sde] 4096-byte physical blocks
[    0.955944] sd 4:0:0:0: Attached scsi generic sg4 type 0
[    0.955970] sd 4:0:0:0: [sde] Write Protect is off
[    0.955971] sd 4:0:0:0: [sde] Mode Sense: 00 3a 00 00
[    0.955989] sd 4:0:0:0: [sde] Write cache: enabled, read cache: enabled, doesn't support DPO or FUA
[    0.956261]  sde: sde1
[    0.956450] sd 4:0:0:0: [sde] Attached SCSI disk
[    0.956697] sd 3:0:0:0: [sdd] 4096-byte physical blocks
[    0.956799] scsi 5:0:0:0: Direct-Access     ATA      INTEL SSDSC2BA10 5DV1 PQ: 0 ANSI: 5
[    0.956831] sd 3:0:0:0: [sdd] Write Protect is off
[    0.956832] sd 3:0:0:0: [sdd] Mode Sense: 00 3a 00 00
[    0.956848] sd 3:0:0:0: [sdd] Write cache: enabled, read cache: enabled, doesn't support DPO or FUA
[    0.957107]  sdd: sdd1
[    0.957276] sd 3:0:0:0: [sdd] Attached SCSI disk
[    0.957345] sd 5:0:0:0: [sdf] 195371568 512-byte logical blocks: (100 GB/93.1 GiB)
[    0.957346] sd 5:0:0:0: [sdf] 4096-byte physical blocks
[    0.957395] sd 5:0:0:0: [sdf] Write Protect is off
[    0.957396] sd 5:0:0:0: [sdf] Mode Sense: 00 3a 00 00
[    0.957397] sd 5:0:0:0: Attached scsi generic sg5 type 0
[    0.957426] sd 5:0:0:0: [sdf] Write cache: enabled, read cache: enabled, doesn't support DPO or FUA
[    0.957883]  sdf: sdf1
[    0.958097] sd 5:0:0:0: [sdf] Attached SCSI disk
[    0.960470] usb 1-1: new high-speed USB device number 2 using ehci_hcd
[    1.074695] usb 1-1: New USB device found, idVendor=8087, idProduct=0024
[    1.074787] usb 1-1: New USB device strings: Mfr=0, Product=0, SerialNumber=0
[    1.075350] hub 1-1:1.0: USB hub found
[    1.075575] hub 1-1:1.0: 6 ports detected
[    1.108337] ata9: SATA link up 6.0 Gbps (SStatus 133 SControl 300)
[    1.108951] ata9.00: ATA-9: INTEL SSDSC2BB080G6, G2010140, max UDMA/133
[    1.109043] ata9.00: 156301488 sectors, multi 1: LBA48 NCQ (depth 31/32)
[    1.109326] ata10: SATA link up 3.0 Gbps (SStatus 123 SControl 300)
[    1.109808] ata9.00: configured for UDMA/133
[    1.109881] ata10.00: ATA-8: INTEL SSDSA2CW120G3, 4PC10362, max UDMA/133
[    1.109961] ata10.00: 234441648 sectors, multi 1: LBA48 NCQ (depth 31/32)
[    1.110006] scsi 8:0:0:0: Direct-Access     ATA      INTEL SSDSC2BB08 G201 PQ: 0 ANSI: 5
[    1.110483] sd 8:0:0:0: [sdg] 156301488 512-byte logical blocks: (80.0 GB/74.5 GiB)
[    1.110599] ata10.00: configured for UDMA/133
[    1.110666] sd 8:0:0:0: Attached scsi generic sg6 type 0
[    1.110771] sd 8:0:0:0: [sdg] 4096-byte physical blocks
[    1.110894] scsi 9:0:0:0: Direct-Access     ATA      INTEL SSDSA2CW12 4PC1 PQ: 0 ANSI: 5
[    1.111033] sd 9:0:0:0: [sdh] 234441648 512-byte logical blocks: (120 GB/111 GiB)
[    1.111093] sd 9:0:0:0: Attached scsi generic sg7 type 0
[    1.111104] sd 9:0:0:0: [sdh] Write Protect is off
[    1.111106] sd 9:0:0:0: [sdh] Mode Sense: 00 3a 00 00
[    1.111132] sd 9:0:0:0: [sdh] Write cache: enabled, read cache: enabled, doesn't support DPO or FUA
[    1.111495]  sdh: sdh1
[    1.111673] sd 9:0:0:0: [sdh] Attached SCSI disk
[    1.112157] sd 8:0:0:0: [sdg] Write Protect is off
[    1.112225] sd 8:0:0:0: [sdg] Mode Sense: 00 3a 00 00
[    1.112232] sd 8:0:0:0: [sdg] Write cache: enabled, read cache: enabled, doesn't support DPO or FUA
[    1.112748]  sdg: sdg1 sdg2 sdg3 sdg4
[    1.113021] sd 8:0:0:0: [sdg] Attached SCSI disk
[    1.113095] md: Waiting for all devices to be available before autodetect
[    1.113166] md: If you don't use raid, use raid=noautodetect
[    1.113345] md: Autodetecting RAID arrays.
[    1.113521] md: invalid raid superblock magic on sdb1
[    1.113589] md: sdb1 does not have a valid v0.90 superblock, not importing!
[    1.113713] md: invalid raid superblock magic on sdc1
[    1.113782] md: sdc1 does not have a valid v0.90 superblock, not importing!
[    1.113971] md: invalid raid superblock magic on sda1
[    1.114038] md: sda1 does not have a valid v0.90 superblock, not importing!
[    1.114158] md: invalid raid superblock magic on sde1
[    1.114226] md: sde1 does not have a valid v0.90 superblock, not importing!
[    1.114383] md: invalid raid superblock magic on sdd1
[    1.114451] md: sdd1 does not have a valid v0.90 superblock, not importing!
[    1.114570] md: invalid raid superblock magic on sdf1
[    1.114638] md: sdf1 does not have a valid v0.90 superblock, not importing!
[    1.114711] md: Scanned 6 and added 0 devices.
[    1.114778] md: autorun ...
[    1.114842] md: ... autorun DONE.
[    1.115052] EXT4-fs (sdg3): couldn't mount as ext2 due to feature incompatibilities
[    1.121031] EXT4-fs (sdg3): mounted filesystem with ordered data mode. Opts: (null)
[    1.121131] VFS: Mounted root (ext4 filesystem) readonly on device 8:99.
[    1.121731] Freeing unused kernel memory: 556k freed
[    1.121840] Write protecting the kernel read-only data: 10240k
[    1.124794] Freeing unused kernel memory: 1924k freed
[    1.125110] Freeing unused kernel memory: 12k freed
[    1.178208] usb 2-1: new high-speed USB device number 2 using ehci_hcd
[    1.178692] kbd_mode used greatest stack depth: 5616 bytes left
[    1.182022] loadkeys used greatest stack depth: 5280 bytes left
[    1.182206] init-early.sh used greatest stack depth: 4536 bytes left
[    1.292445] usb 2-1: New USB device found, idVendor=8087, idProduct=0024
[    1.292447] usb 2-1: New USB device strings: Mfr=0, Product=0, SerialNumber=0
[    1.292723] hub 2-1:1.0: USB hub found
[    1.292817] hub 2-1:1.0: 8 ports detected
[    1.417555] e1000e: Intel(R) PRO/1000 Network Driver - 1.9.5-k
[    1.417556] e1000e: Copyright(c) 1999 - 2012 Intel Corporation.
[    1.417580] e1000e 0000:00:19.0: setting latency timer to 64
[    1.417634] e1000e 0000:00:19.0: (unregistered net_device): Interrupt Throttling Rate (ints/sec) set to dynamic conservative mode
[    1.417664] e1000e 0000:00:19.0: irq 50 for MSI/MSI-X
[    1.437350] md: bind<sdd1>
[    1.438536] md: bind<sda1>
[    1.440053] md: bind<sdb1>
[    1.441475] md: bind<sde1>
[    1.442697] md: bind<sdc1>
[    1.445439] md: bind<sdf1>
[    1.447582] md: raid10 personality registered for level 10
[    1.447661] bio: create slab <bio-1> at 1
[    1.447724] md/raid10:md127: active with 6 out of 6 devices
[    1.447737] md127: detected capacity change from 0 to 299885395968
[    1.447993]  md127: unknown partition table
[    1.566885] usb 2-1.7: new full-speed USB device number 3 using ehci_hcd
[    1.572835] Refined TSC clocksource calibration: 3300.024 MHz.
[    1.572838] Switching to clocksource tsc
[    1.652497] usb 2-1.7: New USB device found, idVendor=0cf3, idProduct=3000
[    1.652499] usb 2-1.7: New USB device strings: Mfr=0, Product=0, SerialNumber=0
[    1.726738] e1000e 0000:00:19.0: eth0: (PCI Express:2.5GT/s:Width x1) 14:da:e9:0f:78:84
[    1.726740] e1000e 0000:00:19.0: eth0: Intel(R) PRO/1000 Network Connection
[    1.726773] e1000e 0000:00:19.0: eth0: MAC: 10, PHY: 11, PBA No: FFFFFF-0FF
[    2.257310] EXT4-fs (sdg3): re-mounted. Opts: (null)
[    2.292987] Adding 1020k swap on /dev/sdg2.  Priority:-1 extents:1 across:1020k SS
[    2.472706] ip used greatest stack depth: 4344 bytes left
[    2.813092] e1000e 0000:00:19.0: irq 50 for MSI/MSI-X
[    2.913641] e1000e 0000:00:19.0: irq 50 for MSI/MSI-X
[    2.914063] ADDRCONF(NETDEV_UP): eno1: link is not ready
[    5.797518] e1000e: eno1 NIC Link is Up 1000 Mbps Full Duplex, Flow Control: Rx/Tx
[    5.797893] ADDRCONF(NETDEV_CHANGE): eno1: link becomes ready
[   24.263342] EXT4-fs (md127): barriers disabled
[   24.267239] EXT4-fs (md127): mounted filesystem with ordered data mode. Opts: nobarrier
