[    0.000000] Linux version 4.2.8 (root@bench) (gcc version 4.7.3 (Gentoo 4.7.3-r1 p1.4, pie-0.5.5) ) #1 SMP Mon May 23 13:16:23 CEST 2016
[    0.000000] Command line: BOOT_IMAGE=/kernel-4.2.8 root=/dev/sdg3 ro
[    0.000000] x86/fpu: xstate_offset[2]: 0240, xstate_sizes[2]: 0100
[    0.000000] x86/fpu: Supporting XSAVE feature 0x01: 'x87 floating point registers'
[    0.000000] x86/fpu: Supporting XSAVE feature 0x02: 'SSE registers'
[    0.000000] x86/fpu: Supporting XSAVE feature 0x04: 'AVX registers'
[    0.000000] x86/fpu: Enabled xstate features 0x7, context size is 0x340 bytes, using 'standard' format.
[    0.000000] x86/fpu: Using 'eager' FPU context switches.
[    0.000000] e820: BIOS-provided physical RAM map:
[    0.000000] BIOS-e820: [mem 0x0000000000000000-0x000000000009b3ff] usable
[    0.000000] BIOS-e820: [mem 0x000000000009b400-0x000000000009ffff] reserved
[    0.000000] BIOS-e820: [mem 0x00000000000e0000-0x00000000000fffff] reserved
[    0.000000] BIOS-e820: [mem 0x0000000000100000-0x000000001fffffff] usable
[    0.000000] BIOS-e820: [mem 0x0000000020000000-0x00000000201fffff] reserved
[    0.000000] BIOS-e820: [mem 0x0000000020200000-0x000000003fffffff] usable
[    0.000000] BIOS-e820: [mem 0x0000000040000000-0x00000000401fffff] reserved
[    0.000000] BIOS-e820: [mem 0x0000000040200000-0x00000000b677dfff] usable
[    0.000000] BIOS-e820: [mem 0x00000000b677e000-0x00000000b67d4fff] ACPI NVS
[    0.000000] BIOS-e820: [mem 0x00000000b67d5000-0x00000000b6b5bfff] reserved
[    0.000000] BIOS-e820: [mem 0x00000000b6b5c000-0x00000000b6b5efff] ACPI NVS
[    0.000000] BIOS-e820: [mem 0x00000000b6b5f000-0x00000000b6da4fff] reserved
[    0.000000] BIOS-e820: [mem 0x00000000b6da5000-0x00000000b6db5fff] ACPI NVS
[    0.000000] BIOS-e820: [mem 0x00000000b6db6000-0x00000000b6dccfff] reserved
[    0.000000] BIOS-e820: [mem 0x00000000b6dcd000-0x00000000b6dcefff] usable
[    0.000000] BIOS-e820: [mem 0x00000000b6dcf000-0x00000000b6dd6fff] reserved
[    0.000000] BIOS-e820: [mem 0x00000000b6dd7000-0x00000000b6de1fff] ACPI NVS
[    0.000000] BIOS-e820: [mem 0x00000000b6de2000-0x00000000b6e3dfff] reserved
[    0.000000] BIOS-e820: [mem 0x00000000b6e3e000-0x00000000b6e80fff] ACPI NVS
[    0.000000] BIOS-e820: [mem 0x00000000b6e81000-0x00000000b6ffffff] usable
[    0.000000] BIOS-e820: [mem 0x00000000b7800000-0x00000000bf9fffff] reserved
[    0.000000] BIOS-e820: [mem 0x00000000fed1c000-0x00000000fed1ffff] reserved
[    0.000000] BIOS-e820: [mem 0x00000000ff000000-0x00000000ffffffff] reserved
[    0.000000] BIOS-e820: [mem 0x0000000100000000-0x000000023fdfffff] usable
[    0.000000] NX (Execute Disable) protection: active
[    0.000000] SMBIOS 2.6 present.
[    0.000000] DMI: System manufacturer System Product Name/P8Z68-V PRO, BIOS 0501 05/09/2011
[    0.000000] e820: update [mem 0x00000000-0x00000fff] usable ==> reserved
[    0.000000] e820: remove [mem 0x000a0000-0x000fffff] usable
[    0.000000] e820: last_pfn = 0x23fe00 max_arch_pfn = 0x400000000
[    0.000000] MTRR default type: uncachable
[    0.000000] MTRR fixed ranges enabled:
[    0.000000]   00000-9FFFF write-back
[    0.000000]   A0000-BFFFF uncachable
[    0.000000]   C0000-D3FFF write-protect
[    0.000000]   D4000-E7FFF uncachable
[    0.000000]   E8000-FFFFF write-protect
[    0.000000] MTRR variable ranges enabled:
[    0.000000]   0 base 000000000 mask E00000000 write-back
[    0.000000]   1 base 200000000 mask FC0000000 write-back
[    0.000000]   2 base 0B7800000 mask FFF800000 uncachable
[    0.000000]   3 base 0B8000000 mask FF8000000 uncachable
[    0.000000]   4 base 0C0000000 mask FC0000000 uncachable
[    0.000000]   5 base 23FE00000 mask FFFE00000 uncachable
[    0.000000]   6 disabled
[    0.000000]   7 disabled
[    0.000000]   8 disabled
[    0.000000]   9 disabled
[    0.000000] x86/PAT: Configuration [0-7]: WB  WC  UC- UC  WB  WC  UC- WT  
[    0.000000] e820: update [mem 0xb7800000-0xffffffff] usable ==> reserved
[    0.000000] e820: last_pfn = 0xb7000 max_arch_pfn = 0x400000000
[    0.000000] found SMP MP-table at [mem 0x000fcee0-0x000fceef] mapped at [ffff8800000fcee0]
[    0.000000] Scanning 1 areas for low memory corruption
[    0.000000] Base memory trampoline at [ffff880000095000] 95000 size 24576
[    0.000000] reserving inaccessible SNB gfx pages
[    0.000000] init_memory_mapping: [mem 0x00000000-0x000fffff]
[    0.000000]  [mem 0x00000000-0x000fffff] page 4k
[    0.000000] BRK [0x01edd000, 0x01eddfff] PGTABLE
[    0.000000] BRK [0x01ede000, 0x01edefff] PGTABLE
[    0.000000] BRK [0x01edf000, 0x01edffff] PGTABLE
[    0.000000] init_memory_mapping: [mem 0x23fc00000-0x23fdfffff]
[    0.000000]  [mem 0x23fc00000-0x23fdfffff] page 2M
[    0.000000] BRK [0x01ee0000, 0x01ee0fff] PGTABLE
[    0.000000] init_memory_mapping: [mem 0x220000000-0x23fbfffff]
[    0.000000]  [mem 0x220000000-0x23fbfffff] page 2M
[    0.000000] init_memory_mapping: [mem 0x200000000-0x21fffffff]
[    0.000000]  [mem 0x200000000-0x21fffffff] page 2M
[    0.000000] init_memory_mapping: [mem 0x00100000-0x1fffffff]
[    0.000000]  [mem 0x00100000-0x001fffff] page 4k
[    0.000000]  [mem 0x00200000-0x1fffffff] page 2M
[    0.000000] init_memory_mapping: [mem 0x20200000-0x3fffffff]
[    0.000000]  [mem 0x20200000-0x3fffffff] page 2M
[    0.000000] init_memory_mapping: [mem 0x40200000-0xb677dfff]
[    0.000000]  [mem 0x40200000-0xb65fffff] page 2M
[    0.000000]  [mem 0xb6600000-0xb677dfff] page 4k
[    0.000000] BRK [0x01ee1000, 0x01ee1fff] PGTABLE
[    0.000000] BRK [0x01ee2000, 0x01ee2fff] PGTABLE
[    0.000000] init_memory_mapping: [mem 0xb6dcd000-0xb6dcefff]
[    0.000000]  [mem 0xb6dcd000-0xb6dcefff] page 4k
[    0.000000] init_memory_mapping: [mem 0xb6e81000-0xb6ffffff]
[    0.000000]  [mem 0xb6e81000-0xb6ffffff] page 4k
[    0.000000] init_memory_mapping: [mem 0x100000000-0x1ffffffff]
[    0.000000]  [mem 0x100000000-0x1ffffffff] page 2M
[    0.000000] ACPI: Early table checksum verification disabled
[    0.000000] ACPI: RSDP 0x00000000000F0420 000024 (v02 ALASKA)
[    0.000000] ACPI: XSDT 0x00000000B67CA068 00004C (v01 ALASKA A M I    01072009 AMI  00010013)
[    0.000000] ACPI: FACP 0x00000000B67D42D8 0000F4 (v04 ALASKA A M I    01072009 AMI  00010013)
[    0.000000] ACPI: DSDT 0x00000000B67CA140 00A198 (v02 ALASKA A M I    00000000 INTL 20051117)
[    0.000000] ACPI: FACS 0x00000000B6DD9F80 000040
[    0.000000] ACPI: APIC 0x00000000B67D43D0 000072 (v03 ALASKA A M I    01072009 AMI  00010013)
[    0.000000] ACPI: SSDT 0x00000000B67D4448 000102 (v01 AMICPU PROC     00000001 MSFT 03000001)
[    0.000000] ACPI: MCFG 0x00000000B67D4550 00003C (v01 ALASKA A M I    01072009 MSFT 00000097)
[    0.000000] ACPI: HPET 0x00000000B67D4590 000038 (v01 ALASKA A M I    01072009 AMI. 00000004)
[    0.000000] ACPI: Local APIC address 0xfee00000
[    0.000000] No NUMA configuration found
[    0.000000] Faking a node at [mem 0x0000000000000000-0x000000023fdfffff]
[    0.000000] NODE_DATA(0) allocated [mem 0x23fdf5000-0x23fdf8fff]
[    0.000000]  [ffffea0000000000-ffffea0008ffffff] PMD -> [ffff880237600000-ffff88023f3fffff] on node 0
[    0.000000] Zone ranges:
[    0.000000]   DMA      [mem 0x0000000000001000-0x0000000000ffffff]
[    0.000000]   DMA32    [mem 0x0000000001000000-0x00000000ffffffff]
[    0.000000]   Normal   [mem 0x0000000100000000-0x000000023fdfffff]
[    0.000000] Movable zone start for each node
[    0.000000] Early memory node ranges
[    0.000000]   node   0: [mem 0x0000000000001000-0x000000000009afff]
[    0.000000]   node   0: [mem 0x0000000000100000-0x000000001fffffff]
[    0.000000]   node   0: [mem 0x0000000020200000-0x000000003fffffff]
[    0.000000]   node   0: [mem 0x0000000040200000-0x00000000b677dfff]
[    0.000000]   node   0: [mem 0x00000000b6dcd000-0x00000000b6dcefff]
[    0.000000]   node   0: [mem 0x00000000b6e81000-0x00000000b6ffffff]
[    0.000000]   node   0: [mem 0x0000000100000000-0x000000023fdfffff]
[    0.000000] Initmem setup node 0 [mem 0x0000000000001000-0x000000023fdfffff]
[    0.000000] On node 0 totalpages: 2056857
[    0.000000]   DMA zone: 64 pages used for memmap
[    0.000000]   DMA zone: 154 pages reserved
[    0.000000]   DMA zone: 3994 pages, LIFO batch:0
[    0.000000]   DMA32 zone: 11604 pages used for memmap
[    0.000000]   DMA32 zone: 742655 pages, LIFO batch:31
[    0.000000]   Normal zone: 20472 pages used for memmap
[    0.000000]   Normal zone: 1310208 pages, LIFO batch:31
[    0.000000] Reserving Intel graphics stolen memory at 0xb7a00000-0xbf9fffff
[    0.000000] ACPI: PM-Timer IO Port: 0x408
[    0.000000] ACPI: Local APIC address 0xfee00000
[    0.000000] ACPI: LAPIC_NMI (acpi_id[0xff] high edge lint[0x1])
[    0.000000] IOAPIC[0]: apic_id 0, version 32, address 0xfec00000, GSI 0-23
[    0.000000] ACPI: INT_SRC_OVR (bus 0 bus_irq 0 global_irq 2 dfl dfl)
[    0.000000] ACPI: INT_SRC_OVR (bus 0 bus_irq 9 global_irq 9 high level)
[    0.000000] ACPI: IRQ0 used by override.
[    0.000000] ACPI: IRQ9 used by override.
[    0.000000] Using ACPI (MADT) for SMP configuration information
[    0.000000] ACPI: HPET id: 0x8086a701 base: 0xfed00000
[    0.000000] smpboot: Allowing 4 CPUs, 0 hotplug CPUs
[    0.000000] e820: [mem 0xbfa00000-0xfed1bfff] available for PCI devices
[    0.000000] clocksource: refined-jiffies: mask: 0xffffffff max_cycles: 0xffffffff, max_idle_ns: 1910969940391419 ns
[    0.000000] setup_percpu: NR_CPUS:64 nr_cpumask_bits:64 nr_cpu_ids:4 nr_node_ids:1
[    0.000000] PERCPU: Embedded 31 pages/cpu @ffff88023fa00000 s88536 r8192 d30248 u524288
[    0.000000] pcpu-alloc: s88536 r8192 d30248 u524288 alloc=1*2097152
[    0.000000] pcpu-alloc: [0] 0 1 2 3 
[    0.000000] Built 1 zonelists in Node order, mobility grouping on.  Total pages: 2024563
[    0.000000] Policy zone: Normal
[    0.000000] Kernel command line: BOOT_IMAGE=/kernel-4.2.8 root=/dev/sdg3 ro
[    0.000000] PID hash table entries: 4096 (order: 3, 32768 bytes)
[    0.000000] Memory: 8015796K/8227428K available (7980K kernel code, 1004K rwdata, 2584K rodata, 1024K init, 864K bss, 211632K reserved, 0K cma-reserved)
[    0.000000] SLUB: HWalign=64, Order=0-3, MinObjects=0, CPUs=4, Nodes=1
[    0.000000] Hierarchical RCU implementation.
[    0.000000] 	Build-time adjustment of leaf fanout to 64.
[    0.000000] 	RCU restricting CPUs from NR_CPUS=64 to nr_cpu_ids=4.
[    0.000000] RCU: Adjusting geometry for rcu_fanout_leaf=64, nr_cpu_ids=4
[    0.000000] NR_IRQS:4352 nr_irqs:456 16
[    0.000000] Console: colour VGA+ 80x25
[    0.000000] console [tty0] enabled
[    0.000000] clocksource: hpet: mask: 0xffffffff max_cycles: 0xffffffff, max_idle_ns: 133484882848 ns
[    0.000000] hpet clockevent registered
[    0.000000] tsc: Fast TSC calibration using PIT
[    0.000000] tsc: Detected 3300.130 MHz processor
[    0.000001] Calibrating delay loop (skipped), value calculated using timer frequency.. 6600.26 BogoMIPS (lpj=3300130)
[    0.000146] pid_max: default: 32768 minimum: 301
[    0.000219] ACPI: Core revision 20150619
[    0.003449] ACPI: All ACPI Tables successfully acquired
[    0.003605] Security Framework initialized
[    0.004024] Dentry cache hash table entries: 1048576 (order: 11, 8388608 bytes)
[    0.005338] Inode-cache hash table entries: 524288 (order: 10, 4194304 bytes)
[    0.005940] Mount-cache hash table entries: 16384 (order: 5, 131072 bytes)
[    0.006020] Mountpoint-cache hash table entries: 16384 (order: 5, 131072 bytes)
[    0.006259] CPU: Physical Processor ID: 0
[    0.006330] CPU: Processor Core ID: 0
[    0.006402] ENERGY_PERF_BIAS: Set to 'normal', was 'performance'
[    0.006475] ENERGY_PERF_BIAS: View and update with x86_energy_perf_policy(8)
[    0.006551] mce: CPU supports 9 MCE banks
[    0.006629] CPU0: Thermal monitoring enabled (TM1)
[    0.006705] process: using mwait in idle threads
[    0.006778] Last level iTLB entries: 4KB 512, 2MB 8, 4MB 8
[    0.006851] Last level dTLB entries: 4KB 512, 2MB 32, 4MB 32, 1GB 0
[    0.007298] Freeing SMP alternatives memory: 28K (ffffffff81dfd000 - ffffffff81e04000)
[    0.109816] ..TIMER: vector=0x30 apic1=0 pin1=2 apic2=-1 pin2=-1
[    0.119885] TSC deadline timer enabled
[    0.119888] smpboot: CPU0: Intel(R) Core(TM) i5-2500K CPU @ 3.30GHz (fam: 06, model: 2a, stepping: 07)
[    0.120118] Performance Events: PEBS fmt1+, 16-deep LBR, SandyBridge events, full-width counters, Intel PMU driver.
[    0.120423] perf_event_intel: PEBS disabled due to CPU errata, please upgrade microcode
[    0.120527] ... version:                3
[    0.120597] ... bit width:              48
[    0.120667] ... generic registers:      8
[    0.120737] ... value mask:             0000ffffffffffff
[    0.120810] ... max period:             0000ffffffffffff
[    0.120882] ... fixed-purpose events:   3
[    0.120954] ... event mask:             00000007000000ff
[    0.121186] x86: Booting SMP configuration:
[    0.121258] .... node  #0, CPUs:      #1 #2 #3
[    0.131128] x86: Booted up 1 node, 4 CPUs
[    0.131267] smpboot: Total of 4 processors activated (26401.04 BogoMIPS)
[    0.133404] devtmpfs: initialized
[    0.133609] clocksource: jiffies: mask: 0xffffffff max_cycles: 0xffffffff, max_idle_ns: 1911260446275000 ns
[    0.133644] kworker/u8:0 (25) used greatest stack depth: 14080 bytes left
[    0.133888] NET: Registered protocol family 16
[    0.139283] cpuidle: using governor ladder
[    0.144280] cpuidle: using governor menu
[    0.144387] ACPI: bus type PCI registered
[    0.144491] PCI: MMCONFIG for domain 0000 [bus 00-3f] at [mem 0xe0000000-0xe3ffffff] (base 0xe0000000)
[    0.144599] PCI: not using MMCONFIG
[    0.144668] PCI: Using configuration type 1 for base access
[    0.144826] perf_event_intel: PMU erratum BJ122, BV98, HSD29 workaround disabled, HT off
[    0.151470] ACPI: Added _OSI(Module Device)
[    0.151545] ACPI: Added _OSI(Processor Device)
[    0.151617] ACPI: Added _OSI(3.0 _SCP Extensions)
[    0.151688] ACPI: Added _OSI(Processor Aggregator Device)
[    0.153177] ACPI: Executed 1 blocks of module-level executable AML code
[    0.154824] ACPI: Dynamic OEM Table Load:
[    0.154972] ACPI: SSDT 0xFFFF880235F8A800 0003E0 (v01 AMI    IST      00000001 MSFT 03000001)
[    0.155406] ACPI: Dynamic OEM Table Load:
[    0.155552] ACPI: SSDT 0xFFFF880236265800 0000E4 (v01 AMI    CST      00000001 MSFT 03000001)
[    0.156192] ACPI : EC: EC started
[    0.156266] ACPI: Interpreter enabled
[    0.156340] ACPI: (supports S0 S5)
[    0.156410] ACPI: Using IOAPIC for interrupt routing
[    0.156496] PCI: MMCONFIG for domain 0000 [bus 00-3f] at [mem 0xe0000000-0xe3ffffff] (base 0xe0000000)
[    0.156635] PCI: MMCONFIG at [mem 0xe0000000-0xe3ffffff] reserved in ACPI motherboard resources
[    0.157389] pmd_set_huge: Cannot satisfy [mem 0xe0000000-0xe0200000] with a huge-page mapping due to MTRR override.
[    0.157543] PCI: Using host bridge windows from ACPI; if necessary, use "pci=nocrs" and report a bug
[    0.157798] [Firmware Bug]: ACPI: BIOS _OSI(Linux) query ignored
[    0.161401] ACPI: PCI Root Bridge [PCI0] (domain 0000 [bus 00-ff])
[    0.161478] acpi PNP0A08:00: _OSC: OS supports [ExtendedConfig ASPM ClockPM Segments MSI]
[    0.161670] acpi PNP0A08:00: _OSC: platform does not support [PCIeHotplug]
[    0.161824] acpi PNP0A08:00: _OSC: OS now controls [PME AER PCIeCapability]
[    0.161958] acpi PNP0A08:00: ignoring host bridge window [mem 0x000c8000-0x000dffff window] (conflicts with Video ROM [mem 0x000c0000-0x000cdbff])
[    0.162072] acpi PNP0A08:00: [Firmware Info]: MMCONFIG for domain 0000 [bus 00-3f] only partially covers this bridge
[    0.162193] PCI host bridge to bus 0000:00
[    0.162265] pci_bus 0000:00: root bus resource [bus 00-ff]
[    0.162338] pci_bus 0000:00: root bus resource [io  0x0000-0x0cf7 window]
[    0.162414] pci_bus 0000:00: root bus resource [io  0x0d00-0xffff window]
[    0.162489] pci_bus 0000:00: root bus resource [mem 0x000a0000-0x000bffff window]
[    0.162592] pci_bus 0000:00: root bus resource [mem 0xbfa00000-0xffffffff window]
[    0.162699] pci 0000:00:00.0: [8086:0100] type 00 class 0x060000
[    0.162757] pci 0000:00:01.0: [8086:0101] type 01 class 0x060400
[    0.162779] pci 0000:00:01.0: PME# supported from D0 D3hot D3cold
[    0.162821] pci 0000:00:02.0: [8086:0112] type 00 class 0x030000
[    0.162831] pci 0000:00:02.0: reg 0x10: [mem 0xfa400000-0xfa7fffff 64bit]
[    0.162835] pci 0000:00:02.0: reg 0x18: [mem 0xc0000000-0xcfffffff 64bit pref]
[    0.162839] pci 0000:00:02.0: reg 0x20: [io  0xf000-0xf03f]
[    0.162906] pci 0000:00:16.0: [8086:1c3a] type 00 class 0x078000
[    0.162935] pci 0000:00:16.0: reg 0x10: [mem 0xfad29000-0xfad2900f 64bit]
[    0.162990] pci 0000:00:16.0: PME# supported from D0 D3hot D3cold
[    0.163040] pci 0000:00:19.0: [8086:1503] type 00 class 0x020000
[    0.163063] pci 0000:00:19.0: reg 0x10: [mem 0xfad00000-0xfad1ffff]
[    0.163071] pci 0000:00:19.0: reg 0x14: [mem 0xfad28000-0xfad28fff]
[    0.163079] pci 0000:00:19.0: reg 0x18: [io  0xf080-0xf09f]
[    0.163121] pci 0000:00:19.0: PME# supported from D0 D3hot D3cold
[    0.163168] pci 0000:00:1a.0: [8086:1c2d] type 00 class 0x0c0320
[    0.163195] pci 0000:00:1a.0: reg 0x10: [mem 0xfad27000-0xfad273ff]
[    0.163259] pci 0000:00:1a.0: PME# supported from D0 D3hot D3cold
[    0.163306] pci 0000:00:1b.0: [8086:1c20] type 00 class 0x040300
[    0.163330] pci 0000:00:1b.0: reg 0x10: [mem 0xfad20000-0xfad23fff 64bit]
[    0.163384] pci 0000:00:1b.0: PME# supported from D0 D3hot D3cold
[    0.163431] pci 0000:00:1c.0: [8086:1c10] type 01 class 0x060400
[    0.163495] pci 0000:00:1c.0: PME# supported from D0 D3hot D3cold
[    0.163543] pci 0000:00:1c.1: [8086:1c12] type 01 class 0x060400
[    0.163608] pci 0000:00:1c.1: PME# supported from D0 D3hot D3cold
[    0.163656] pci 0000:00:1c.2: [8086:1c14] type 01 class 0x060400
[    0.163720] pci 0000:00:1c.2: PME# supported from D0 D3hot D3cold
[    0.163768] pci 0000:00:1c.3: [8086:1c16] type 01 class 0x060400
[    0.163833] pci 0000:00:1c.3: PME# supported from D0 D3hot D3cold
[    0.163882] pci 0000:00:1c.4: [8086:1c18] type 01 class 0x060400
[    0.163946] pci 0000:00:1c.4: PME# supported from D0 D3hot D3cold
[    0.163996] pci 0000:00:1c.6: [8086:244e] type 01 class 0x060401
[    0.164061] pci 0000:00:1c.6: PME# supported from D0 D3hot D3cold
[    0.164108] pci 0000:00:1c.7: [8086:1c1e] type 01 class 0x060400
[    0.164173] pci 0000:00:1c.7: PME# supported from D0 D3hot D3cold
[    0.164223] pci 0000:00:1d.0: [8086:1c26] type 00 class 0x0c0320
[    0.164250] pci 0000:00:1d.0: reg 0x10: [mem 0xfad26000-0xfad263ff]
[    0.164313] pci 0000:00:1d.0: PME# supported from D0 D3hot D3cold
[    0.164361] pci 0000:00:1f.0: [8086:1c44] type 00 class 0x060100
[    0.164498] pci 0000:00:1f.2: [8086:1c02] type 00 class 0x010601
[    0.164520] pci 0000:00:1f.2: reg 0x10: [io  0xf0d0-0xf0d7]
[    0.164527] pci 0000:00:1f.2: reg 0x14: [io  0xf0c0-0xf0c3]
[    0.164534] pci 0000:00:1f.2: reg 0x18: [io  0xf0b0-0xf0b7]
[    0.164541] pci 0000:00:1f.2: reg 0x1c: [io  0xf0a0-0xf0a3]
[    0.164548] pci 0000:00:1f.2: reg 0x20: [io  0xf060-0xf07f]
[    0.164555] pci 0000:00:1f.2: reg 0x24: [mem 0xfad25000-0xfad257ff]
[    0.164579] pci 0000:00:1f.2: PME# supported from D3hot
[    0.164619] pci 0000:00:1f.3: [8086:1c22] type 00 class 0x0c0500
[    0.164635] pci 0000:00:1f.3: reg 0x10: [mem 0xfad24000-0xfad240ff 64bit]
[    0.164654] pci 0000:00:1f.3: reg 0x20: [io  0xf040-0xf05f]
[    0.164728] pci 0000:01:00.0: [10de:1245] type 00 class 0x030000
[    0.164744] pci 0000:01:00.0: reg 0x10: [mem 0xf8000000-0xf9ffffff]
[    0.164752] pci 0000:01:00.0: reg 0x14: [mem 0xd0000000-0xd7ffffff 64bit pref]
[    0.164759] pci 0000:01:00.0: reg 0x1c: [mem 0xd8000000-0xdbffffff 64bit pref]
[    0.164764] pci 0000:01:00.0: reg 0x24: [io  0xe000-0xe07f]
[    0.164768] pci 0000:01:00.0: reg 0x30: [mem 0xfa000000-0xfa07ffff pref]
[    0.164816] pci 0000:01:00.1: [10de:0bee] type 00 class 0x040300
[    0.164833] pci 0000:01:00.1: reg 0x10: [mem 0xfa080000-0xfa083fff]
[    0.166425] pci 0000:00:01.0: PCI bridge to [bus 01]
[    0.166498] pci 0000:00:01.0:   bridge window [io  0xe000-0xefff]
[    0.166500] pci 0000:00:01.0:   bridge window [mem 0xf8000000-0xfa0fffff]
[    0.166503] pci 0000:00:01.0:   bridge window [mem 0xd0000000-0xdbffffff 64bit pref]
[    0.166538] pci 0000:00:1c.0: PCI bridge to [bus 02]
[    0.166671] pci 0000:03:00.0: [1b21:1042] type 00 class 0x0c0330
[    0.166723] pci 0000:03:00.0: reg 0x10: [mem 0xfac00000-0xfac07fff 64bit]
[    0.166840] pci 0000:03:00.0: PME# supported from D3hot D3cold
[    0.168427] pci 0000:00:1c.1: PCI bridge to [bus 03]
[    0.168503] pci 0000:00:1c.1:   bridge window [mem 0xfac00000-0xfacfffff]
[    0.168542] pci 0000:00:1c.2: PCI bridge to [bus 04]
[    0.168672] pci 0000:05:00.0: [197b:2362] type 00 class 0x010185
[    0.168726] pci 0000:05:00.0: reg 0x10: [io  0xd040-0xd047]
[    0.168741] pci 0000:05:00.0: reg 0x14: [io  0xd030-0xd033]
[    0.168757] pci 0000:05:00.0: reg 0x18: [io  0xd020-0xd027]
[    0.168772] pci 0000:05:00.0: reg 0x1c: [io  0xd010-0xd013]
[    0.168788] pci 0000:05:00.0: reg 0x20: [io  0xd000-0xd00f]
[    0.168804] pci 0000:05:00.0: reg 0x24: [mem 0xfab10000-0xfab101ff]
[    0.168820] pci 0000:05:00.0: reg 0x30: [mem 0x00000000-0x0000ffff pref]
[    0.168858] pci 0000:05:00.0: PME# supported from D3hot
[    0.170427] pci 0000:00:1c.3: PCI bridge to [bus 05]
[    0.170502] pci 0000:00:1c.3:   bridge window [io  0xd000-0xdfff]
[    0.170505] pci 0000:00:1c.3:   bridge window [mem 0xfab00000-0xfabfffff]
[    0.170564] pci 0000:06:00.0: [1b21:1042] type 00 class 0x0c0330
[    0.170615] pci 0000:06:00.0: reg 0x10: [mem 0xfaa00000-0xfaa07fff 64bit]
[    0.170732] pci 0000:06:00.0: PME# supported from D3hot D3cold
[    0.172426] pci 0000:00:1c.4: PCI bridge to [bus 06]
[    0.172502] pci 0000:00:1c.4:   bridge window [mem 0xfaa00000-0xfaafffff]
[    0.172553] pci 0000:07:00.0: [1b21:1080] type 01 class 0x060401
[    0.172672] pci 0000:00:1c.6: PCI bridge to [bus 07-08] (subtractive decode)
[    0.172750] pci 0000:00:1c.6:   bridge window [io  0xc000-0xcfff]
[    0.172754] pci 0000:00:1c.6:   bridge window [mem 0xfa900000-0xfa9fffff]
[    0.172759] pci 0000:00:1c.6:   bridge window [io  0x0000-0x0cf7 window] (subtractive decode)
[    0.172761] pci 0000:00:1c.6:   bridge window [io  0x0d00-0xffff window] (subtractive decode)
[    0.172762] pci 0000:00:1c.6:   bridge window [mem 0x000a0000-0x000bffff window] (subtractive decode)
[    0.172763] pci 0000:00:1c.6:   bridge window [mem 0xbfa00000-0xffffffff window] (subtractive decode)
[    0.172815] pci 0000:08:02.0: [1106:3044] type 00 class 0x0c0010
[    0.172857] pci 0000:08:02.0: reg 0x10: [mem 0xfa900000-0xfa9007ff]
[    0.172874] pci 0000:08:02.0: reg 0x14: [io  0xc000-0xc07f]
[    0.172984] pci 0000:08:02.0: supports D2
[    0.172985] pci 0000:08:02.0: PME# supported from D2 D3hot D3cold
[    0.173076] pci 0000:07:00.0: PCI bridge to [bus 08] (subtractive decode)
[    0.173159] pci 0000:07:00.0:   bridge window [io  0xc000-0xcfff]
[    0.173164] pci 0000:07:00.0:   bridge window [mem 0xfa900000-0xfa9fffff]
[    0.173174] pci 0000:07:00.0:   bridge window [io  0xc000-0xcfff] (subtractive decode)
[    0.173175] pci 0000:07:00.0:   bridge window [mem 0xfa900000-0xfa9fffff] (subtractive decode)
[    0.173176] pci 0000:07:00.0:   bridge window [io  0x0000-0x0cf7 window] (subtractive decode)
[    0.173177] pci 0000:07:00.0:   bridge window [io  0x0d00-0xffff window] (subtractive decode)
[    0.173178] pci 0000:07:00.0:   bridge window [mem 0x000a0000-0x000bffff window] (subtractive decode)
[    0.173180] pci 0000:07:00.0:   bridge window [mem 0xbfa00000-0xffffffff window] (subtractive decode)
[    0.173239] pci 0000:09:00.0: [1b4b:9172] type 00 class 0x010601
[    0.173275] pci 0000:09:00.0: reg 0x10: [io  0xb040-0xb047]
[    0.173288] pci 0000:09:00.0: reg 0x14: [io  0xb030-0xb033]
[    0.173300] pci 0000:09:00.0: reg 0x18: [io  0xb020-0xb027]
[    0.173312] pci 0000:09:00.0: reg 0x1c: [io  0xb010-0xb013]
[    0.173324] pci 0000:09:00.0: reg 0x20: [io  0xb000-0xb00f]
[    0.173337] pci 0000:09:00.0: reg 0x24: [mem 0xfa810000-0xfa8101ff]
[    0.173349] pci 0000:09:00.0: reg 0x30: [mem 0xfa800000-0xfa80ffff pref]
[    0.173382] pci 0000:09:00.0: PME# supported from D3hot
[    0.175424] pci 0000:00:1c.7: PCI bridge to [bus 09]
[    0.175499] pci 0000:00:1c.7:   bridge window [io  0xb000-0xbfff]
[    0.175502] pci 0000:00:1c.7:   bridge window [mem 0xfa800000-0xfa8fffff]
[    0.175845] ACPI: PCI Interrupt Link [LNKA] (IRQs 3 4 5 6 7 10 *11 12 14 15)
[    0.176395] ACPI: PCI Interrupt Link [LNKB] (IRQs 3 4 5 6 7 *10 11 12 14 15)
[    0.176947] ACPI: PCI Interrupt Link [LNKC] (IRQs *3 4 5 6 10 11 12 14 15)
[    0.177459] ACPI: PCI Interrupt Link [LNKD] (IRQs 3 4 5 6 10 *11 12 14 15)
[    0.177971] ACPI: PCI Interrupt Link [LNKE] (IRQs 3 4 6 7 *10 11 12 14 15)
[    0.178482] ACPI: PCI Interrupt Link [LNKF] (IRQs 3 4 *5 6 7 10 11 12 14 15)
[    0.179031] ACPI: PCI Interrupt Link [LNKG] (IRQs 3 *4 5 6 7 10 11 12 14 15)
[    0.179582] ACPI: PCI Interrupt Link [LNKH] (IRQs 3 4 5 6 *7 10 11 12 14 15)
[    0.180139] ACPI: Enabled 1 GPEs in block 00 to 3F
[    0.180296] ACPI : EC: GPE = 0x18, I/O: command/status = 0x66, data = 0x62
[    0.180433] vgaarb: setting as boot device: PCI:0000:00:02.0
[    0.180507] vgaarb: device added: PCI:0000:00:02.0,decodes=io+mem,owns=io+mem,locks=none
[    0.180615] vgaarb: device added: PCI:0000:01:00.0,decodes=io+mem,owns=none,locks=none
[    0.180720] vgaarb: loaded
[    0.180788] vgaarb: bridge control possible 0000:01:00.0
[    0.180860] vgaarb: no bridge control possible 0000:00:02.0
[    0.180983] SCSI subsystem initialized
[    0.181079] libata version 3.00 loaded.
[    0.181086] ACPI: bus type USB registered
[    0.181172] usbcore: registered new interface driver usbfs
[    0.181251] usbcore: registered new interface driver hub
[    0.181332] usbcore: registered new device driver usb
[    0.181463] PCI: Using ACPI for IRQ routing
[    0.182855] PCI: pci_cache_line_size set to 64 bytes
[    0.182922] e820: reserve RAM buffer [mem 0x0009b400-0x0009ffff]
[    0.182924] e820: reserve RAM buffer [mem 0xb677e000-0xb7ffffff]
[    0.182925] e820: reserve RAM buffer [mem 0xb6dcf000-0xb7ffffff]
[    0.182927] e820: reserve RAM buffer [mem 0xb7000000-0xb7ffffff]
[    0.182928] e820: reserve RAM buffer [mem 0x23fe00000-0x23fffffff]
[    0.183010] NetLabel: Initializing
[    0.183079] NetLabel:  domain hash size = 128
[    0.183150] NetLabel:  protocols = UNLABELED CIPSOv4
[    0.183230] NetLabel:  unlabeled traffic allowed by default
[    0.183326] hpet0: at MMIO 0xfed00000, IRQs 2, 8, 0, 0, 0, 0, 0, 0
[    0.183737] hpet0: 8 comparators, 64-bit 14.318180 MHz counter
[    0.185827] clocksource: Switched to clocksource hpet
[    0.188594] pnp: PnP ACPI init
[    0.188748] system 00:00: [mem 0xfed10000-0xfed19fff] has been reserved
[    0.188834] system 00:00: [mem 0xe0000000-0xe3ffffff] has been reserved
[    0.188909] system 00:00: [mem 0xfed90000-0xfed93fff] has been reserved
[    0.188984] system 00:00: [mem 0xfed20000-0xfed3ffff] has been reserved
[    0.189059] system 00:00: [mem 0xfee00000-0xfee0ffff] has been reserved
[    0.189134] system 00:00: Plug and Play ACPI device, IDs PNP0c01 (active)
[    0.189189] system 00:01: [io  0x0290-0x029f] has been reserved
[    0.189266] system 00:01: Plug and Play ACPI device, IDs PNP0c02 (active)
[    0.189284] pnp 00:02: Plug and Play ACPI device, IDs PNP0b00 (active)
[    0.189316] system 00:03: [io  0x04d0-0x04d1] has been reserved
[    0.189394] system 00:03: Plug and Play ACPI device, IDs PNP0c02 (active)
[    0.189568] system 00:04: [io  0x0400-0x0453] could not be reserved
[    0.189646] system 00:04: [io  0x0458-0x047f] has been reserved
[    0.189720] system 00:04: [io  0x0500-0x057f] has been reserved
[    0.189793] system 00:04: [mem 0xfed1c000-0xfed1ffff] has been reserved
[    0.189880] system 00:04: [mem 0xfec00000-0xfecfffff] could not be reserved
[    0.189955] system 00:04: [mem 0xfed08000-0xfed08fff] has been reserved
[    0.190030] system 00:04: [mem 0xff000000-0xffffffff] has been reserved
[    0.190105] system 00:04: Plug and Play ACPI device, IDs PNP0c01 (active)
[    0.190141] system 00:05: [io  0x0454-0x0457] has been reserved
[    0.190218] system 00:05: Plug and Play ACPI device, IDs INT3f0d PNP0c02 (active)
[    0.190352] pnp: PnP ACPI: found 6 devices
[    0.196113] clocksource: acpi_pm: mask: 0xffffff max_cycles: 0xffffff, max_idle_ns: 2085701024 ns
[    0.196289] pci 0000:00:01.0: PCI bridge to [bus 01]
[    0.196362] pci 0000:00:01.0:   bridge window [io  0xe000-0xefff]
[    0.196437] pci 0000:00:01.0:   bridge window [mem 0xf8000000-0xfa0fffff]
[    0.196512] pci 0000:00:01.0:   bridge window [mem 0xd0000000-0xdbffffff 64bit pref]
[    0.196616] pci 0000:00:1c.0: PCI bridge to [bus 02]
[    0.196698] pci 0000:00:1c.1: PCI bridge to [bus 03]
[    0.196772] pci 0000:00:1c.1:   bridge window [mem 0xfac00000-0xfacfffff]
[    0.196867] pci 0000:00:1c.2: PCI bridge to [bus 04]
[    0.196950] pci 0000:05:00.0: BAR 6: assigned [mem 0xfab00000-0xfab0ffff pref]
[    0.197052] pci 0000:00:1c.3: PCI bridge to [bus 05]
[    0.197124] pci 0000:00:1c.3:   bridge window [io  0xd000-0xdfff]
[    0.197201] pci 0000:00:1c.3:   bridge window [mem 0xfab00000-0xfabfffff]
[    0.197281] pci 0000:00:1c.4: PCI bridge to [bus 06]
[    0.197356] pci 0000:00:1c.4:   bridge window [mem 0xfaa00000-0xfaafffff]
[    0.197436] pci 0000:07:00.0: PCI bridge to [bus 08]
[    0.197510] pci 0000:07:00.0:   bridge window [io  0xc000-0xcfff]
[    0.197590] pci 0000:07:00.0:   bridge window [mem 0xfa900000-0xfa9fffff]
[    0.197676] pci 0000:00:1c.6: PCI bridge to [bus 07-08]
[    0.197749] pci 0000:00:1c.6:   bridge window [io  0xc000-0xcfff]
[    0.197838] pci 0000:00:1c.6:   bridge window [mem 0xfa900000-0xfa9fffff]
[    0.197919] pci 0000:00:1c.7: PCI bridge to [bus 09]
[    0.197991] pci 0000:00:1c.7:   bridge window [io  0xb000-0xbfff]
[    0.198068] pci 0000:00:1c.7:   bridge window [mem 0xfa800000-0xfa8fffff]
[    0.198149] pci_bus 0000:00: resource 4 [io  0x0000-0x0cf7 window]
[    0.198151] pci_bus 0000:00: resource 5 [io  0x0d00-0xffff window]
[    0.198152] pci_bus 0000:00: resource 6 [mem 0x000a0000-0x000bffff window]
[    0.198153] pci_bus 0000:00: resource 7 [mem 0xbfa00000-0xffffffff window]
[    0.198155] pci_bus 0000:01: resource 0 [io  0xe000-0xefff]
[    0.198156] pci_bus 0000:01: resource 1 [mem 0xf8000000-0xfa0fffff]
[    0.198157] pci_bus 0000:01: resource 2 [mem 0xd0000000-0xdbffffff 64bit pref]
[    0.198158] pci_bus 0000:03: resource 1 [mem 0xfac00000-0xfacfffff]
[    0.198160] pci_bus 0000:05: resource 0 [io  0xd000-0xdfff]
[    0.198161] pci_bus 0000:05: resource 1 [mem 0xfab00000-0xfabfffff]
[    0.198162] pci_bus 0000:06: resource 1 [mem 0xfaa00000-0xfaafffff]
[    0.198164] pci_bus 0000:07: resource 0 [io  0xc000-0xcfff]
[    0.198165] pci_bus 0000:07: resource 1 [mem 0xfa900000-0xfa9fffff]
[    0.198166] pci_bus 0000:07: resource 4 [io  0x0000-0x0cf7 window]
[    0.198167] pci_bus 0000:07: resource 5 [io  0x0d00-0xffff window]
[    0.198168] pci_bus 0000:07: resource 6 [mem 0x000a0000-0x000bffff window]
[    0.198170] pci_bus 0000:07: resource 7 [mem 0xbfa00000-0xffffffff window]
[    0.198171] pci_bus 0000:08: resource 0 [io  0xc000-0xcfff]
[    0.198172] pci_bus 0000:08: resource 1 [mem 0xfa900000-0xfa9fffff]
[    0.198173] pci_bus 0000:08: resource 4 [io  0xc000-0xcfff]
[    0.198174] pci_bus 0000:08: resource 5 [mem 0xfa900000-0xfa9fffff]
[    0.198176] pci_bus 0000:08: resource 6 [io  0x0000-0x0cf7 window]
[    0.198177] pci_bus 0000:08: resource 7 [io  0x0d00-0xffff window]
[    0.198178] pci_bus 0000:08: resource 8 [mem 0x000a0000-0x000bffff window]
[    0.198179] pci_bus 0000:08: resource 9 [mem 0xbfa00000-0xffffffff window]
[    0.198181] pci_bus 0000:09: resource 0 [io  0xb000-0xbfff]
[    0.198182] pci_bus 0000:09: resource 1 [mem 0xfa800000-0xfa8fffff]
[    0.198204] NET: Registered protocol family 2
[    0.198400] TCP established hash table entries: 65536 (order: 7, 524288 bytes)
[    0.198602] TCP bind hash table entries: 65536 (order: 8, 1048576 bytes)
[    0.198786] TCP: Hash tables configured (established 65536 bind 65536)
[    0.198900] UDP hash table entries: 4096 (order: 5, 131072 bytes)
[    0.198995] UDP-Lite hash table entries: 4096 (order: 5, 131072 bytes)
[    0.199110] NET: Registered protocol family 1
[    0.199233] RPC: Registered named UNIX socket transport module.
[    0.199308] RPC: Registered udp transport module.
[    0.199379] RPC: Registered tcp transport module.
[    0.199450] RPC: Registered tcp NFSv4.1 backchannel transport module.
[    0.199535] pci 0000:00:02.0: Video device with shadowed ROM
[    0.445817] PCI: CLS 64 bytes, default 64
[    0.445856] PCI-DMA: Using software bounce buffering for IO (SWIOTLB)
[    0.445932] software IO TLB [mem 0xb277e000-0xb677e000] (64MB) mapped at [ffff8800b277e000-ffff8800b677dfff]
[    0.446168] RAPL PMU detected, API unit is 2^-32 Joules, 3 fixed counters 163840 ms ovfl timer
[    0.446273] hw unit of domain pp0-core 2^-16 Joules
[    0.446345] hw unit of domain package 2^-16 Joules
[    0.446416] hw unit of domain pp1-gpu 2^-16 Joules
[    0.446551] microcode: CPU0 sig=0x206a7, pf=0x2, revision=0x14
[    0.446636] microcode: CPU1 sig=0x206a7, pf=0x2, revision=0x14
[    0.446716] microcode: CPU2 sig=0x206a7, pf=0x2, revision=0x14
[    0.446792] microcode: CPU3 sig=0x206a7, pf=0x2, revision=0x14
[    0.446883] microcode: Microcode Update Driver: v2.00 <tigran@aivazian.fsnet.co.uk>, Peter Oruba
[    0.447142] Scanning for low memory corruption every 60 seconds
[    0.447884] sha1_ssse3: Using AVX optimized SHA-1 implementation
[    0.447995] sha256_ssse3: Using AVX optimized SHA-256 implementation
[    0.448106] sha512_ssse3: Using AVX optimized SHA-512 implementation
[    0.449101] AVX2 or AES-NI instructions are not detected.
[    0.449175] AVX2 instructions are not detected.
[    0.449339] futex hash table entries: 1024 (order: 4, 65536 bytes)
[    0.449736] HugeTLB registered 2 MB page size, pre-allocated 0 pages
[    0.451045] VFS: Disk quotas dquot_6.6.0
[    0.451142] VFS: Dquot-cache hash table entries: 512 (order 0, 4096 bytes)
[    0.451410] kworker/u8:1 (836) used greatest stack depth: 14008 bytes left
[    0.451547] NFS: Registering the id_resolver key type
[    0.451641] Key type id_resolver registered
[    0.451712] Key type id_legacy registered
[    0.453179] NET: Registered protocol family 38
[    0.453256] Key type asymmetric registered
[    0.453328] Asymmetric key parser 'x509' registered
[    0.453428] Block layer SCSI generic (bsg) driver version 0.4 loaded (major 253)
[    0.453536] io scheduler noop registered
[    0.453670] io scheduler deadline registered
[    0.453777] io scheduler cfq registered (default)
[    0.454468] pci_hotplug: PCI Hot Plug PCI Core version: 0.5
[    0.454619] input: Power Button as /devices/LNXSYSTM:00/LNXSYBUS:00/PNP0C0C:00/input/input0
[    0.454728] ACPI: Power Button [PWRB]
[    0.454821] input: Power Button as /devices/LNXSYSTM:00/LNXPWRBN:00/input/input1
[    0.454927] ACPI: Power Button [PWRF]
[    0.455110] Monitor-Mwait will be used to enter C-1 state
[    0.455117] Monitor-Mwait will be used to enter C-3 state
[    0.455128] ACPI: acpi_idle registered with cpuidle
[    0.455548] Serial: 8250/16550 driver, 4 ports, IRQ sharing enabled
[    0.455960] Non-volatile memory driver v1.3
[    0.456056] Linux agpgart interface v0.103
[    0.456171] [drm] Initialized drm 1.1.0 20060810
[    0.456953] loop: module loaded
[    0.457075] ahci 0000:00:1f.2: version 3.0
[    0.467635] ahci 0000:00:1f.2: AHCI 0001.0300 32 slots 6 ports 6 Gbps 0x3f impl SATA mode
[    0.467753] ahci 0000:00:1f.2: flags: 64bit ncq sntf pm led clo pio slum part ems apst 
[    0.477916] scsi host0: ahci
[    0.478113] scsi host1: ahci
[    0.478250] scsi host2: ahci
[    0.478392] scsi host3: ahci
[    0.478532] scsi host4: ahci
[    0.478688] scsi host5: ahci
[    0.478784] ata1: SATA max UDMA/133 abar m2048@0xfad25000 port 0xfad25100 irq 31
[    0.478890] ata2: SATA max UDMA/133 abar m2048@0xfad25000 port 0xfad25180 irq 31
[    0.479654] ata3: SATA max UDMA/133 abar m2048@0xfad25000 port 0xfad25200 irq 31
[    0.479758] ata4: SATA max UDMA/133 abar m2048@0xfad25000 port 0xfad25280 irq 31
[    0.479860] ata5: SATA max UDMA/133 abar m2048@0xfad25000 port 0xfad25300 irq 31
[    0.479963] ata6: SATA max UDMA/133 abar m2048@0xfad25000 port 0xfad25380 irq 31
[    0.480199] ahci 0000:05:00.0: AHCI 0001.0100 32 slots 2 ports 3 Gbps 0x3 impl SATA mode
[    0.480330] ahci 0000:05:00.0: flags: 64bit ncq pm led clo pmp pio slum part 
[    0.480567] scsi host6: ahci
[    0.480701] scsi host7: ahci
[    0.480804] ata7: SATA max UDMA/133 abar m512@0xfab10000 port 0xfab10100 irq 19
[    0.480912] ata8: SATA max UDMA/133 abar m512@0xfab10000 port 0xfab10180 irq 19
[    0.481132] ahci 0000:09:00.0: AHCI 0001.0000 32 slots 2 ports 6 Gbps 0x3 impl SATA mode
[    0.481237] ahci 0000:09:00.0: flags: 64bit ncq sntf led only pmp fbs pio slum part sxs 
[    0.481504] scsi host8: ahci
[    0.481662] scsi host9: ahci
[    0.481756] ata9: SATA max UDMA/133 abar m512@0xfa810000 port 0xfa810100 irq 32
[    0.481863] ata10: SATA max UDMA/133 abar m512@0xfa810000 port 0xfa810180 irq 32
[    0.482061] ehci_hcd: USB 2.0 'Enhanced' Host Controller (EHCI) Driver
[    0.482140] ehci-pci: EHCI PCI platform driver
[    0.482271] ehci-pci 0000:00:1a.0: EHCI Host Controller
[    0.482370] ehci-pci 0000:00:1a.0: new USB bus registered, assigned bus number 1
[    0.482486] ehci-pci 0000:00:1a.0: debug port 2
[    0.486454] ehci-pci 0000:00:1a.0: cache line size of 64 is not supported
[    0.486461] ehci-pci 0000:00:1a.0: irq 23, io mem 0xfad27000
[    0.491586] ehci-pci 0000:00:1a.0: USB 2.0 started, EHCI 1.00
[    0.491696] usb usb1: New USB device found, idVendor=1d6b, idProduct=0002
[    0.491780] usb usb1: New USB device strings: Mfr=3, Product=2, SerialNumber=1
[    0.491883] usb usb1: Product: EHCI Host Controller
[    0.491955] usb usb1: Manufacturer: Linux 4.2.8 ehci_hcd
[    0.492028] usb usb1: SerialNumber: 0000:00:1a.0
[    0.492192] hub 1-0:1.0: USB hub found
[    0.492276] hub 1-0:1.0: 2 ports detected
[    0.492440] ehci-pci 0000:00:1d.0: EHCI Host Controller
[    0.492554] ehci-pci 0000:00:1d.0: new USB bus registered, assigned bus number 2
[    0.492673] ehci-pci 0000:00:1d.0: debug port 2
[    0.496638] ehci-pci 0000:00:1d.0: cache line size of 64 is not supported
[    0.496641] ehci-pci 0000:00:1d.0: irq 23, io mem 0xfad26000
[    0.502580] ehci-pci 0000:00:1d.0: USB 2.0 started, EHCI 1.00
[    0.502686] usb usb2: New USB device found, idVendor=1d6b, idProduct=0002
[    0.502772] usb usb2: New USB device strings: Mfr=3, Product=2, SerialNumber=1
[    0.502875] usb usb2: Product: EHCI Host Controller
[    0.502947] usb usb2: Manufacturer: Linux 4.2.8 ehci_hcd
[    0.503019] usb usb2: SerialNumber: 0000:00:1d.0
[    0.503215] hub 2-0:1.0: USB hub found
[    0.503299] hub 2-0:1.0: 2 ports detected
[    0.503421] ohci_hcd: USB 1.1 'Open' Host Controller (OHCI) Driver
[    0.503501] ohci-pci: OHCI PCI platform driver
[    0.503600] uhci_hcd: USB Universal Host Controller Interface driver
[    0.503703] usbcore: registered new interface driver usblp
[    0.503798] usbcore: registered new interface driver usb-storage
[    0.503898] i8042: PNP: No PS/2 controller found. Probing ports directly.
[    0.506743] serio: i8042 KBD port at 0x60,0x64 irq 1
[    0.506819] serio: i8042 AUX port at 0x60,0x64 irq 12
[    0.507003] mousedev: PS/2 mouse device common for all mice
[    0.507280] rtc_cmos 00:02: RTC can wake from S4
[    0.507456] rtc_cmos 00:02: rtc core: registered rtc_cmos as rtc0
[    0.507576] rtc_cmos 00:02: alarms up to one month, y3k, 114 bytes nvram, hpet irqs
[    0.507751] i801_smbus 0000:00:1f.3: SMBus using PCI interrupt
[    0.507906] device-mapper: ioctl: 4.33.0-ioctl (2015-8-18) initialised: dm-devel@redhat.com
[    0.508035] hidraw: raw HID events driver (C) Jiri Kosina
[    0.508306] usbcore: registered new interface driver usbhid
[    0.508385] usbhid: USB HID core driver
[    0.508471] Netfilter messages via NETLINK v0.30.
[    0.508568] nf_conntrack version 0.5.0 (65536 buckets, 262144 max)
[    0.508755] ctnetlink v0.93: registering with nfnetlink.
[    0.508897] ip_tables: (C) 2000-2006 Netfilter Core Team
[    0.508987] Initializing XFRM netlink socket
[    0.509150] NET: Registered protocol family 10
[    0.509340] ip6_tables: (C) 2000-2006 Netfilter Core Team
[    0.509444] sit: IPv6 over IPv4 tunneling driver
[    0.509612] NET: Registered protocol family 17
[    0.509702] Key type dns_resolver registered
[    0.509894] AVX version of gcm_enc/dec engaged.
[    0.509965] AES CTR mode by8 optimization enabled
[    0.510504] registered taskstats version 1
[    0.510929] console [netcon0] enabled
[    0.511000] netconsole: network logging started
[    0.784315] ata1: SATA link up 6.0 Gbps (SStatus 133 SControl 300)
[    0.784426] ata4: SATA link up 3.0 Gbps (SStatus 123 SControl 300)
[    0.784516] ata6: SATA link up 3.0 Gbps (SStatus 123 SControl 300)
[    0.784613] ata2: SATA link up 6.0 Gbps (SStatus 133 SControl 300)
[    0.784706] ata5: SATA link up 3.0 Gbps (SStatus 123 SControl 300)
[    0.784795] ata3: SATA link up 3.0 Gbps (SStatus 123 SControl 300)
[    0.784997] ata1.00: ATA-9: INTEL SSDSC2BA100G3, 5DV10270, max UDMA/133
[    0.785093] ata1.00: 195371568 sectors, multi 1: LBA48 NCQ (depth 31/32)
[    0.785174] ata2.00: ATA-9: INTEL SSDSC2BA100G3, 5DV10270, max UDMA/133
[    0.785264] ata2.00: 195371568 sectors, multi 1: LBA48 NCQ (depth 31/32)
[    0.785347] ata4.00: ATA-9: INTEL SSDSC2BA100G3, 5DV10270, max UDMA/133
[    0.785372] ata8: SATA link down (SStatus 0 SControl 300)
[    0.785528] ata4.00: 195371568 sectors, multi 1: LBA48 NCQ (depth 31/32)
[    0.785607] ata5.00: ATA-9: INTEL SSDSC2BA100G3, 5DV10270, max UDMA/133
[    0.785687] ata5.00: 195371568 sectors, multi 1: LBA48 NCQ (depth 31/32)
[    0.785768] ata6.00: ATA-9: INTEL SSDSC2BA100G3, 5DV10270, max UDMA/133
[    0.785847] ata6.00: 195371568 sectors, multi 1: LBA48 NCQ (depth 31/32)
[    0.785928] ata3.00: ATA-9: INTEL SSDSC2BA100G3, 5DV10270, max UDMA/133
[    0.786006] ata3.00: 195371568 sectors, multi 1: LBA48 NCQ (depth 31/32)
[    0.786161] ata1.00: configured for UDMA/133
[    0.786259] ata4.00: configured for UDMA/133
[    0.786350] ata2.00: configured for UDMA/133
[    0.786513] ata7: SATA link down (SStatus 0 SControl 300)
[    0.786535] ata3.00: configured for UDMA/133
[    0.786539] scsi 0:0:0:0: Direct-Access     ATA      INTEL SSDSC2BA10 0270 PQ: 0 ANSI: 5
[    0.786543] ata5.00: configured for UDMA/133
[    0.786553] ata6.00: configured for UDMA/133
[    0.786687] ata1.00: Enabling discard_zeroes_data
[    0.786689] sd 0:0:0:0: Attached scsi generic sg0 type 0
[    0.786719] sd 0:0:0:0: [sda] 195371568 512-byte logical blocks: (100 GB/93.1 GiB)
[    0.786720] sd 0:0:0:0: [sda] 4096-byte physical blocks
[    0.786790] scsi 1:0:0:0: Direct-Access     ATA      INTEL SSDSC2BA10 0270 PQ: 0 ANSI: 5
[    0.786825] sd 0:0:0:0: [sda] Write Protect is off
[    0.786826] sd 0:0:0:0: [sda] Mode Sense: 00 3a 00 00
[    0.786846] sd 0:0:0:0: [sda] Write cache: enabled, read cache: enabled, doesn't support DPO or FUA
[    0.786910] ata2.00: Enabling discard_zeroes_data
[    0.786922] sd 1:0:0:0: [sdb] 195371568 512-byte logical blocks: (100 GB/93.1 GiB)
[    0.786923] sd 1:0:0:0: Attached scsi generic sg1 type 0
[    0.786924] sd 1:0:0:0: [sdb] 4096-byte physical blocks
[    0.786952] ata1.00: Enabling discard_zeroes_data
[    0.786990] sd 1:0:0:0: [sdb] Write Protect is off
[    0.786991] sd 1:0:0:0: [sdb] Mode Sense: 00 3a 00 00
[    0.787030] sd 1:0:0:0: [sdb] Write cache: enabled, read cache: enabled, doesn't support DPO or FUA
[    0.787074] ata2.00: Enabling discard_zeroes_data
[    0.787200]  sda: sda1
[    0.787301]  sdb: sdb1
[    0.787320] ata1.00: Enabling discard_zeroes_data
[    0.787387] ata2.00: Enabling discard_zeroes_data
[    0.787413] sd 0:0:0:0: [sda] Attached SCSI disk
[    0.787486] sd 1:0:0:0: [sdb] Attached SCSI disk
[    0.788987] scsi 2:0:0:0: Direct-Access     ATA      INTEL SSDSC2BA10 0270 PQ: 0 ANSI: 5
[    0.789211] ata3.00: Enabling discard_zeroes_data
[    0.789224] sd 2:0:0:0: Attached scsi generic sg2 type 0
[    0.789391] sd 2:0:0:0: [sdc] 195371568 512-byte logical blocks: (100 GB/93.1 GiB)
[    0.789452] scsi 3:0:0:0: Direct-Access     ATA      INTEL SSDSC2BA10 0270 PQ: 0 ANSI: 5
[    0.789576] ata4.00: Enabling discard_zeroes_data
[    0.789587] sd 3:0:0:0: [sdd] 195371568 512-byte logical blocks: (100 GB/93.1 GiB)
[    0.789588] sd 3:0:0:0: [sdd] 4096-byte physical blocks
[    0.789591] sd 3:0:0:0: Attached scsi generic sg3 type 0
[    0.789646] scsi 4:0:0:0: Direct-Access     ATA      INTEL SSDSC2BA10 0270 PQ: 0 ANSI: 5
[    0.789688] sd 3:0:0:0: [sdd] Write Protect is off
[    0.789689] sd 3:0:0:0: [sdd] Mode Sense: 00 3a 00 00
[    0.789710] sd 3:0:0:0: [sdd] Write cache: enabled, read cache: enabled, doesn't support DPO or FUA
[    0.789758] ata4.00: Enabling discard_zeroes_data
[    0.789780] sd 4:0:0:0: Attached scsi generic sg4 type 0
[    0.789781] ata5.00: Enabling discard_zeroes_data
[    0.789790] sd 4:0:0:0: [sde] 195371568 512-byte logical blocks: (100 GB/93.1 GiB)
[    0.789791] sd 4:0:0:0: [sde] 4096-byte physical blocks
[    0.789842] scsi 5:0:0:0: Direct-Access     ATA      INTEL SSDSC2BA10 0270 PQ: 0 ANSI: 5
[    0.789852] sd 4:0:0:0: [sde] Write Protect is off
[    0.789853] sd 4:0:0:0: [sde] Mode Sense: 00 3a 00 00
[    0.789870] sd 4:0:0:0: [sde] Write cache: enabled, read cache: enabled, doesn't support DPO or FUA
[    0.789926] ata5.00: Enabling discard_zeroes_data
[    0.789935] sd 5:0:0:0: Attached scsi generic sg5 type 0
[    0.789980] ata6.00: Enabling discard_zeroes_data
[    0.789988] sd 5:0:0:0: [sdf] 195371568 512-byte logical blocks: (100 GB/93.1 GiB)
[    0.789989] sd 5:0:0:0: [sdf] 4096-byte physical blocks
[    0.790010]  sdd: sdd1
[    0.790059] sd 5:0:0:0: [sdf] Write Protect is off
[    0.790060] sd 5:0:0:0: [sdf] Mode Sense: 00 3a 00 00
[    0.790079] sd 5:0:0:0: [sdf] Write cache: enabled, read cache: enabled, doesn't support DPO or FUA
[    0.790089] ata4.00: Enabling discard_zeroes_data
[    0.790136] ata6.00: Enabling discard_zeroes_data
[    0.790138]  sde: sde1
[    0.790172] sd 3:0:0:0: [sdd] Attached SCSI disk
[    0.790222] ata5.00: Enabling discard_zeroes_data
[    0.790349] sd 4:0:0:0: [sde] Attached SCSI disk
[    0.790349]  sdf: sdf1
[    0.790421] ata6.00: Enabling discard_zeroes_data
[    0.790529] sd 5:0:0:0: [sdf] Attached SCSI disk
[    0.793193] sd 2:0:0:0: [sdc] 4096-byte physical blocks
[    0.793286] usb 1-1: new high-speed USB device number 2 using ehci-pci
[    0.793391] sd 2:0:0:0: [sdc] Write Protect is off
[    0.793473] sd 2:0:0:0: [sdc] Mode Sense: 00 3a 00 00
[    0.793487] sd 2:0:0:0: [sdc] Write cache: enabled, read cache: enabled, doesn't support DPO or FUA
[    0.793707] ata3.00: Enabling discard_zeroes_data
[    0.794051]  sdc: sdc1
[    0.794203] ata3.00: Enabling discard_zeroes_data
[    0.794451] sd 2:0:0:0: [sdc] Attached SCSI disk
[    0.804283] usb 2-1: new high-speed USB device number 2 using ehci-pci
[    0.907913] usb 1-1: New USB device found, idVendor=8087, idProduct=0024
[    0.907989] usb 1-1: New USB device strings: Mfr=0, Product=0, SerialNumber=0
[    0.908422] hub 1-1:1.0: USB hub found
[    0.908613] hub 1-1:1.0: 6 ports detected
[    0.918914] usb 2-1: New USB device found, idVendor=8087, idProduct=0024
[    0.918991] usb 2-1: New USB device strings: Mfr=0, Product=0, SerialNumber=0
[    0.919404] hub 2-1:1.0: USB hub found
[    0.919592] hub 2-1:1.0: 8 ports detected
[    0.941164] ata9: SATA link up 6.0 Gbps (SStatus 133 SControl 300)
[    0.941759] ata9.00: ATA-9: INTEL SSDSC2BB080G6, G2010140, max UDMA/133
[    0.941855] ata9.00: 156301488 sectors, multi 1: LBA48 NCQ (depth 31/32)
[    0.942114] ata10: SATA link up 3.0 Gbps (SStatus 123 SControl 300)
[    0.942476] ata9.00: configured for UDMA/133
[    0.942634] ata10.00: ATA-8: INTEL SSDSA2CW120G3, 4PC10362, max UDMA/133
[    0.942719] scsi 8:0:0:0: Direct-Access     ATA      INTEL SSDSC2BB08 0140 PQ: 0 ANSI: 5
[    0.942842] ata10.00: 234441648 sectors, multi 1: LBA48 NCQ (depth 31/32)
[    0.942929] ata9.00: Enabling discard_zeroes_data
[    0.942934] sd 8:0:0:0: Attached scsi generic sg6 type 0
[    0.943109] sd 8:0:0:0: [sdg] 156301488 512-byte logical blocks: (80.0 GB/74.5 GiB)
[    0.943227] sd 8:0:0:0: [sdg] 4096-byte physical blocks
[    0.943415] ata10.00: configured for UDMA/133
[    0.943530] sd 8:0:0:0: [sdg] Write Protect is off
[    0.943603] scsi 9:0:0:0: Direct-Access     ATA      INTEL SSDSA2CW12 0362 PQ: 0 ANSI: 5
[    0.943747] sd 8:0:0:0: [sdg] Mode Sense: 00 3a 00 00
[    0.943763] ata10.00: Enabling discard_zeroes_data
[    0.943765] sd 8:0:0:0: [sdg] Write cache: enabled, read cache: enabled, doesn't support DPO or FUA
[    0.943777] sd 9:0:0:0: Attached scsi generic sg7 type 0
[    0.944033] ata9.00: Enabling discard_zeroes_data
[    0.944057] sd 9:0:0:0: [sdh] 234441648 512-byte logical blocks: (120 GB/111 GiB)
[    0.944294] sd 9:0:0:0: [sdh] Write Protect is off
[    0.944368] sd 9:0:0:0: [sdh] Mode Sense: 00 3a 00 00
[    0.944389] sd 9:0:0:0: [sdh] Write cache: enabled, read cache: enabled, doesn't support DPO or FUA
[    0.944570] ata10.00: Enabling discard_zeroes_data
[    0.944810]  sdg: sdg1 sdg2 sdg3 sdg4
[    0.944937]  sdh: sdh1
[    0.945039] ata9.00: Enabling discard_zeroes_data
[    0.945150] ata10.00: Enabling discard_zeroes_data
[    0.945305] sd 8:0:0:0: [sdg] Attached SCSI disk
[    0.945363] sd 9:0:0:0: [sdh] Attached SCSI disk
[    0.945478] md: Waiting for all devices to be available before autodetect
[    0.945553] md: If you don't use raid, use raid=noautodetect
[    0.945699] md: Autodetecting RAID arrays.
[    0.945890] md: invalid raid superblock magic on sda1
[    0.945968] md: sda1 does not have a valid v0.90 superblock, not importing!
[    0.946157] md: invalid raid superblock magic on sdb1
[    0.946230] md: sdb1 does not have a valid v0.90 superblock, not importing!
[    0.946356] md: invalid raid superblock magic on sdd1
[    0.946429] md: sdd1 does not have a valid v0.90 superblock, not importing!
[    0.946554] md: invalid raid superblock magic on sde1
[    0.946626] md: sde1 does not have a valid v0.90 superblock, not importing!
[    0.946751] md: invalid raid superblock magic on sdf1
[    0.946823] md: sdf1 does not have a valid v0.90 superblock, not importing!
[    0.946948] md: invalid raid superblock magic on sdc1
[    0.947020] md: sdc1 does not have a valid v0.90 superblock, not importing!
[    0.947105] md: Scanned 6 and added 0 devices.
[    0.947184] md: autorun ...
[    0.947252] md: ... autorun DONE.
[    0.947454] EXT4-fs (sdg3): couldn't mount as ext2 due to feature incompatibilities
[    0.951026] EXT4-fs (sdg3): mounted filesystem with ordered data mode. Opts: (null)
[    0.951155] VFS: Mounted root (ext4 filesystem) readonly on device 8:99.
[    0.951438] Freeing unused kernel memory: 1024K (ffffffff81cfd000 - ffffffff81dfd000)
[    0.951541] Write protecting the kernel read-only data: 12288k
[    0.951780] Freeing unused kernel memory: 196K (ffff8800017cf000 - ffff880001800000)
[    0.952079] Freeing unused kernel memory: 1512K (ffff880001a86000 - ffff880001c00000)
[    1.009244] loadkeys (1251) used greatest stack depth: 13584 bytes left
[    1.009374] init-early.sh (1249) used greatest stack depth: 12720 bytes left
[    1.194865] usb 2-1.7: new full-speed USB device number 3 using ehci-pci
[    1.209890] random: systemd-udevd urandom read with 48 bits of entropy available
[    1.254174] pps_core: LinuxPPS API ver. 1 registered
[    1.254177] pps_core: Software ver. 5.3.6 - Copyright 2005-2007 Rodolfo Giometti <giometti@linux.it>
[    1.255031] PTP clock support registered
[    1.258001] e1000e: Intel(R) PRO/1000 Network Driver - 3.2.5-k
[    1.258003] e1000e: Copyright(c) 1999 - 2015 Intel Corporation.
[    1.258115] e1000e 0000:00:19.0: Interrupt Throttling Rate (ints/sec) set to dynamic conservative mode
[    1.280003] md: bind<sdc1>
[    1.280555] usb 2-1.7: New USB device found, idVendor=0cf3, idProduct=3000
[    1.280557] usb 2-1.7: New USB device strings: Mfr=0, Product=0, SerialNumber=0
[    1.281246] md: bind<sdb1>
[    1.282157] md: bind<sde1>
[    1.283322] md: bind<sda1>
[    1.284624] md: bind<sdf1>
[    1.287915] md: bind<sdd1>
[    1.291821] md: raid10 personality registered for level 10
[    1.292016] md/raid10:md127: active with 6 out of 6 devices
[    1.292036] md127: detected capacity change from 0 to 299885395968
[    1.444627] tsc: Refined TSC clocksource calibration: 3300.022 MHz
[    1.444630] clocksource: tsc: mask: 0xffffffffffffffff max_cycles: 0x2f91614f8ec, max_idle_ns: 440795344305 ns
[    1.521865] e1000e 0000:00:19.0 eth0: registered PHC clock
[    1.521867] e1000e 0000:00:19.0 eth0: (PCI Express:2.5GT/s:Width x1) 14:da:e9:0f:78:84
[    1.521869] e1000e 0000:00:19.0 eth0: Intel(R) PRO/1000 Network Connection
[    1.521899] e1000e 0000:00:19.0 eth0: MAC: 10, PHY: 11, PBA No: FFFFFF-0FF
[    1.523900] e1000e 0000:00:19.0 eno1: renamed from eth0
[    2.267401] EXT4-fs (sdg3): re-mounted. Opts: (null)
[    2.306428] Adding 1020k swap on /dev/sdg2.  Priority:-1 extents:1 across:1020k SS
[    2.443774] clocksource: Switched to clocksource tsc
[    5.754540] e1000e: eno1 NIC Link is Up 1000 Mbps Full Duplex, Flow Control: Rx/Tx
[   41.676916] EXT4-fs (md127): barriers disabled
[   41.680927] EXT4-fs (md127): mounted filesystem with ordered data mode. Opts: nobarrier
[   57.849136] random: nonblocking pool is initialized
[  184.022745] nr_pdflush_threads exported in /proc is scheduled for removal
