[    0.000000] Linux version 3.16.7 (root@bench) (gcc version 4.7.3 (Gentoo 4.7.3-r1 p1.4, pie-0.5.5) ) #1 SMP Tue May 17 00:25:28 CEST 2016
[    0.000000] Command line: BOOT_IMAGE=/kernel-3.16.7 root=/dev/sdg3 ro
[    0.000000] e820: BIOS-provided physical RAM map:
[    0.000000] BIOS-e820: [mem 0x0000000000000000-0x000000000009b3ff] usable
[    0.000000] BIOS-e820: [mem 0x000000000009b400-0x000000000009ffff] reserved
[    0.000000] BIOS-e820: [mem 0x00000000000e0000-0x00000000000fffff] reserved
[    0.000000] BIOS-e820: [mem 0x0000000000100000-0x000000001fffffff] usable
[    0.000000] BIOS-e820: [mem 0x0000000020000000-0x00000000201fffff] reserved
[    0.000000] BIOS-e820: [mem 0x0000000020200000-0x000000003fffffff] usable
[    0.000000] BIOS-e820: [mem 0x0000000040000000-0x00000000401fffff] reserved
[    0.000000] BIOS-e820: [mem 0x0000000040200000-0x00000000b677dfff] usable
[    0.000000] BIOS-e820: [mem 0x00000000b677e000-0x00000000b67d4fff] ACPI NVS
[    0.000000] BIOS-e820: [mem 0x00000000b67d5000-0x00000000b6b5bfff] reserved
[    0.000000] BIOS-e820: [mem 0x00000000b6b5c000-0x00000000b6b5efff] ACPI NVS
[    0.000000] BIOS-e820: [mem 0x00000000b6b5f000-0x00000000b6da4fff] reserved
[    0.000000] BIOS-e820: [mem 0x00000000b6da5000-0x00000000b6db5fff] ACPI NVS
[    0.000000] BIOS-e820: [mem 0x00000000b6db6000-0x00000000b6dccfff] reserved
[    0.000000] BIOS-e820: [mem 0x00000000b6dcd000-0x00000000b6dcefff] usable
[    0.000000] BIOS-e820: [mem 0x00000000b6dcf000-0x00000000b6dd6fff] reserved
[    0.000000] BIOS-e820: [mem 0x00000000b6dd7000-0x00000000b6de1fff] ACPI NVS
[    0.000000] BIOS-e820: [mem 0x00000000b6de2000-0x00000000b6e3dfff] reserved
[    0.000000] BIOS-e820: [mem 0x00000000b6e3e000-0x00000000b6e80fff] ACPI NVS
[    0.000000] BIOS-e820: [mem 0x00000000b6e81000-0x00000000b6ffffff] usable
[    0.000000] BIOS-e820: [mem 0x00000000b7800000-0x00000000bf9fffff] reserved
[    0.000000] BIOS-e820: [mem 0x00000000fed1c000-0x00000000fed1ffff] reserved
[    0.000000] BIOS-e820: [mem 0x00000000ff000000-0x00000000ffffffff] reserved
[    0.000000] BIOS-e820: [mem 0x0000000100000000-0x000000023fdfffff] usable
[    0.000000] NX (Execute Disable) protection: active
[    0.000000] SMBIOS 2.6 present.
[    0.000000] DMI: System manufacturer System Product Name/P8Z68-V PRO, BIOS 0501 05/09/2011
[    0.000000] e820: update [mem 0x00000000-0x00000fff] usable ==> reserved
[    0.000000] e820: remove [mem 0x000a0000-0x000fffff] usable
[    0.000000] AGP: No AGP bridge found
[    0.000000] e820: last_pfn = 0x23fe00 max_arch_pfn = 0x400000000
[    0.000000] MTRR default type: uncachable
[    0.000000] MTRR fixed ranges enabled:
[    0.000000]   00000-9FFFF write-back
[    0.000000]   A0000-BFFFF uncachable
[    0.000000]   C0000-D3FFF write-protect
[    0.000000]   D4000-E7FFF uncachable
[    0.000000]   E8000-FFFFF write-protect
[    0.000000] MTRR variable ranges enabled:
[    0.000000]   0 base 000000000 mask E00000000 write-back
[    0.000000]   1 base 200000000 mask FC0000000 write-back
[    0.000000]   2 base 0B7800000 mask FFF800000 uncachable
[    0.000000]   3 base 0B8000000 mask FF8000000 uncachable
[    0.000000]   4 base 0C0000000 mask FC0000000 uncachable
[    0.000000]   5 base 23FE00000 mask FFFE00000 uncachable
[    0.000000]   6 disabled
[    0.000000]   7 disabled
[    0.000000]   8 disabled
[    0.000000]   9 disabled
[    0.000000] x86 PAT enabled: cpu 0, old 0x7040600070406, new 0x7010600070106
[    0.000000] e820: update [mem 0xb7800000-0xffffffff] usable ==> reserved
[    0.000000] e820: last_pfn = 0xb7000 max_arch_pfn = 0x400000000
[    0.000000] found SMP MP-table at [mem 0x000fcee0-0x000fceef] mapped at [ffff8800000fcee0]
[    0.000000] Scanning 1 areas for low memory corruption
[    0.000000] Base memory trampoline at [ffff880000095000] 95000 size 24576
[    0.000000] reserving inaccessible SNB gfx pages
[    0.000000] init_memory_mapping: [mem 0x00000000-0x000fffff]
[    0.000000]  [mem 0x00000000-0x000fffff] page 4k
[    0.000000] BRK [0x01e9d000, 0x01e9dfff] PGTABLE
[    0.000000] BRK [0x01e9e000, 0x01e9efff] PGTABLE
[    0.000000] BRK [0x01e9f000, 0x01e9ffff] PGTABLE
[    0.000000] init_memory_mapping: [mem 0x23fc00000-0x23fdfffff]
[    0.000000]  [mem 0x23fc00000-0x23fdfffff] page 2M
[    0.000000] BRK [0x01ea0000, 0x01ea0fff] PGTABLE
[    0.000000] init_memory_mapping: [mem 0x23c000000-0x23fbfffff]
[    0.000000]  [mem 0x23c000000-0x23fbfffff] page 2M
[    0.000000] init_memory_mapping: [mem 0x200000000-0x23bffffff]
[    0.000000]  [mem 0x200000000-0x23bffffff] page 2M
[    0.000000] init_memory_mapping: [mem 0x00100000-0x1fffffff]
[    0.000000]  [mem 0x00100000-0x001fffff] page 4k
[    0.000000]  [mem 0x00200000-0x1fffffff] page 2M
[    0.000000] init_memory_mapping: [mem 0x20200000-0x3fffffff]
[    0.000000]  [mem 0x20200000-0x3fffffff] page 2M
[    0.000000] init_memory_mapping: [mem 0x40200000-0xb677dfff]
[    0.000000]  [mem 0x40200000-0xb65fffff] page 2M
[    0.000000]  [mem 0xb6600000-0xb677dfff] page 4k
[    0.000000] BRK [0x01ea1000, 0x01ea1fff] PGTABLE
[    0.000000] BRK [0x01ea2000, 0x01ea2fff] PGTABLE
[    0.000000] init_memory_mapping: [mem 0xb6dcd000-0xb6dcefff]
[    0.000000]  [mem 0xb6dcd000-0xb6dcefff] page 4k
[    0.000000] init_memory_mapping: [mem 0xb6e81000-0xb6ffffff]
[    0.000000]  [mem 0xb6e81000-0xb6ffffff] page 4k
[    0.000000] init_memory_mapping: [mem 0x100000000-0x1ffffffff]
[    0.000000]  [mem 0x100000000-0x1ffffffff] page 2M
[    0.000000] ACPI: Early table checksum verification disabled
[    0.000000] ACPI: RSDP 0x00000000000F0420 000024 (v02 ALASKA)
[    0.000000] ACPI: XSDT 0x00000000B67CA068 00004C (v01 ALASKA A M I    01072009 AMI  00010013)
[    0.000000] ACPI: FACP 0x00000000B67D42D8 0000F4 (v04 ALASKA A M I    01072009 AMI  00010013)
[    0.000000] ACPI: DSDT 0x00000000B67CA140 00A198 (v02 ALASKA A M I    00000000 INTL 20051117)
[    0.000000] ACPI: FACS 0x00000000B6DD9F80 000040
[    0.000000] ACPI: APIC 0x00000000B67D43D0 000072 (v03 ALASKA A M I    01072009 AMI  00010013)
[    0.000000] ACPI: SSDT 0x00000000B67D4448 000102 (v01 AMICPU PROC     00000001 MSFT 03000001)
[    0.000000] ACPI: MCFG 0x00000000B67D4550 00003C (v01 ALASKA A M I    01072009 MSFT 00000097)
[    0.000000] ACPI: HPET 0x00000000B67D4590 000038 (v01 ALASKA A M I    01072009 AMI. 00000004)
[    0.000000] ACPI: Local APIC address 0xfee00000
[    0.000000] No NUMA configuration found
[    0.000000] Faking a node at [mem 0x0000000000000000-0x000000023fdfffff]
[    0.000000] Initmem setup node 0 [mem 0x00000000-0x23fdfffff]
[    0.000000]   NODE_DATA [mem 0x23fdf5000-0x23fdf8fff]
[    0.000000]  [ffffea0000000000-ffffea0008ffffff] PMD -> [ffff880237600000-ffff88023f3fffff] on node 0
[    0.000000] Zone ranges:
[    0.000000]   DMA      [mem 0x00001000-0x00ffffff]
[    0.000000]   DMA32    [mem 0x01000000-0xffffffff]
[    0.000000]   Normal   [mem 0x100000000-0x23fdfffff]
[    0.000000] Movable zone start for each node
[    0.000000] Early memory node ranges
[    0.000000]   node   0: [mem 0x00001000-0x0009afff]
[    0.000000]   node   0: [mem 0x00100000-0x1fffffff]
[    0.000000]   node   0: [mem 0x20200000-0x3fffffff]
[    0.000000]   node   0: [mem 0x40200000-0xb677dfff]
[    0.000000]   node   0: [mem 0xb6dcd000-0xb6dcefff]
[    0.000000]   node   0: [mem 0xb6e81000-0xb6ffffff]
[    0.000000]   node   0: [mem 0x100000000-0x23fdfffff]
[    0.000000] On node 0 totalpages: 2056857
[    0.000000]   DMA zone: 64 pages used for memmap
[    0.000000]   DMA zone: 154 pages reserved
[    0.000000]   DMA zone: 3994 pages, LIFO batch:0
[    0.000000]   DMA32 zone: 11604 pages used for memmap
[    0.000000]   DMA32 zone: 742655 pages, LIFO batch:31
[    0.000000]   Normal zone: 20472 pages used for memmap
[    0.000000]   Normal zone: 1310208 pages, LIFO batch:31
[    0.000000] Reserving Intel graphics stolen memory at 0xb7a00000-0xbf9fffff
[    0.000000] ACPI: PM-Timer IO Port: 0x408
[    0.000000] ACPI: Local APIC address 0xfee00000
[    0.000000] ACPI: LAPIC (acpi_id[0x01] lapic_id[0x00] enabled)
[    0.000000] ACPI: LAPIC (acpi_id[0x02] lapic_id[0x02] enabled)
[    0.000000] ACPI: LAPIC (acpi_id[0x03] lapic_id[0x04] enabled)
[    0.000000] ACPI: LAPIC (acpi_id[0x04] lapic_id[0x06] enabled)
[    0.000000] ACPI: LAPIC_NMI (acpi_id[0xff] high edge lint[0x1])
[    0.000000] ACPI: IOAPIC (id[0x00] address[0xfec00000] gsi_base[0])
[    0.000000] IOAPIC[0]: apic_id 0, version 32, address 0xfec00000, GSI 0-23
[    0.000000] ACPI: INT_SRC_OVR (bus 0 bus_irq 0 global_irq 2 dfl dfl)
[    0.000000] ACPI: INT_SRC_OVR (bus 0 bus_irq 9 global_irq 9 high level)
[    0.000000] ACPI: IRQ0 used by override.
[    0.000000] ACPI: IRQ2 used by override.
[    0.000000] ACPI: IRQ9 used by override.
[    0.000000] Using ACPI (MADT) for SMP configuration information
[    0.000000] ACPI: HPET id: 0x8086a701 base: 0xfed00000
[    0.000000] smpboot: Allowing 4 CPUs, 0 hotplug CPUs
[    0.000000] nr_irqs_gsi: 40
[    0.000000] e820: [mem 0xbfa00000-0xfed1bfff] available for PCI devices
[    0.000000] setup_percpu: NR_CPUS:64 nr_cpumask_bits:64 nr_cpu_ids:4 nr_node_ids:1
[    0.000000] PERCPU: Embedded 27 pages/cpu @ffff88023fa00000 s79104 r8192 d23296 u524288
[    0.000000] pcpu-alloc: s79104 r8192 d23296 u524288 alloc=1*2097152
[    0.000000] pcpu-alloc: [0] 0 1 2 3 
[    0.000000] Built 1 zonelists in Zone order, mobility grouping on.  Total pages: 2024563
[    0.000000] Policy zone: Normal
[    0.000000] Kernel command line: BOOT_IMAGE=/kernel-3.16.7 root=/dev/sdg3 ro
[    0.000000] PID hash table entries: 4096 (order: 3, 32768 bytes)
[    0.000000] xsave: enabled xstate_bv 0x7, cntxt size 0x340
[    0.000000] AGP: Checking aperture...
[    0.000000] AGP: No AGP bridge found
[    0.000000] Memory: 8016116K/8227428K available (7615K kernel code, 799K rwdata, 2564K rodata, 996K init, 848K bss, 211312K reserved)
[    0.000000] SLUB: HWalign=64, Order=0-3, MinObjects=0, CPUs=4, Nodes=1
[    0.000000] Hierarchical RCU implementation.
[    0.000000] 	RCU restricting CPUs from NR_CPUS=64 to nr_cpu_ids=4.
[    0.000000] RCU: Adjusting geometry for rcu_fanout_leaf=16, nr_cpu_ids=4
[    0.000000] NR_IRQS:4352 nr_irqs:712 16
[    0.000000] Console: colour VGA+ 80x25
[    0.000000] console [tty0] enabled
[    0.000000] hpet clockevent registered
[    0.000000] tsc: Fast TSC calibration using PIT
[    0.000000] tsc: Detected 3299.939 MHz processor
[    0.000001] Calibrating delay loop (skipped), value calculated using timer frequency.. 6599.87 BogoMIPS (lpj=3299939)
[    0.000139] pid_max: default: 32768 minimum: 301
[    0.000210] ACPI: Core revision 20140424
[    0.003485] ACPI: All ACPI Tables successfully acquired
[    0.106916] Security Framework initialized
[    0.107333] Dentry cache hash table entries: 1048576 (order: 11, 8388608 bytes)
[    0.108630] Inode-cache hash table entries: 524288 (order: 10, 4194304 bytes)
[    0.109215] Mount-cache hash table entries: 16384 (order: 5, 131072 bytes)
[    0.109292] Mountpoint-cache hash table entries: 16384 (order: 5, 131072 bytes)
[    0.109526] CPU: Physical Processor ID: 0
[    0.109605] CPU: Processor Core ID: 0
[    0.109673] ENERGY_PERF_BIAS: Set to 'normal', was 'performance'
               ENERGY_PERF_BIAS: View and update with x86_energy_perf_policy(8)
[    0.109777] mce: CPU supports 9 MCE banks
[    0.109853] CPU0: Thermal monitoring enabled (TM1)
[    0.109927] Last level iTLB entries: 4KB 512, 2MB 8, 4MB 8
               Last level dTLB entries: 4KB 512, 2MB 32, 4MB 32, 1GB 0
               tlb_flushall_shift: 6
[    0.110162] Freeing SMP alternatives memory: 24K (ffffffff81dc2000 - ffffffff81dc8000)
[    0.110698] ..TIMER: vector=0x30 apic1=0 pin1=2 apic2=-1 pin2=-1
[    0.120758] smpboot: CPU0: Intel(R) Core(TM) i5-2500K CPU @ 3.30GHz (fam: 06, model: 2a, stepping: 07)
[    0.120971] TSC deadline timer enabled
[    0.120988] Performance Events: PEBS fmt1+, 16-deep LBR, SandyBridge events, full-width counters, Intel PMU driver.
[    0.121285] perf_event_intel: PEBS disabled due to CPU errata, please upgrade microcode
[    0.121382] ... version:                3
[    0.121448] ... bit width:              48
[    0.121514] ... generic registers:      8
[    0.121581] ... value mask:             0000ffffffffffff
[    0.121649] ... max period:             0000ffffffffffff
[    0.121718] ... fixed-purpose events:   3
[    0.121784] ... event mask:             00000007000000ff
[    0.122034] x86: Booting SMP configuration:
[    0.122102] .... node  #0, CPUs:      #1 #2 #3
[    0.162048] x86: Booted up 1 node, 4 CPUs
[    0.162179] smpboot: Total of 4 processors activated (26399.51 BogoMIPS)
[    0.164340] devtmpfs: initialized
[    0.164580] kworker/u8:0 (25) used greatest stack depth: 14056 bytes left
[    0.164646] NET: Registered protocol family 16
[    0.164728] cpuidle: using governor ladder
[    0.164796] cpuidle: using governor menu
[    0.164884] ACPI: bus type PCI registered
[    0.164983] PCI: MMCONFIG for domain 0000 [bus 00-3f] at [mem 0xe0000000-0xe3ffffff] (base 0xe0000000)
[    0.165082] PCI: not using MMCONFIG
[    0.165148] PCI: Using configuration type 1 for base access
[    0.171441] ACPI: Added _OSI(Module Device)
[    0.171513] ACPI: Added _OSI(Processor Device)
[    0.171580] ACPI: Added _OSI(3.0 _SCP Extensions)
[    0.171648] ACPI: Added _OSI(Processor Aggregator Device)
[    0.173193] ACPI: Executed 1 blocks of module-level executable AML code
[    0.174875] ACPI: Dynamic OEM Table Load:
[    0.175018] ACPI: SSDT 0xFFFF8802362C2000 0003E0 (v01 AMI    IST      00000001 MSFT 03000001)
[    0.175447] ACPI: Dynamic OEM Table Load:
[    0.175588] ACPI: SSDT 0xFFFF88023628B000 0000E4 (v01 AMI    CST      00000001 MSFT 03000001)
[    0.176237] ACPI: Interpreter enabled
[    0.176306] ACPI: (supports S0 S5)
[    0.176372] ACPI: Using IOAPIC for interrupt routing
[    0.176455] PCI: MMCONFIG for domain 0000 [bus 00-3f] at [mem 0xe0000000-0xe3ffffff] (base 0xe0000000)
[    0.176587] PCI: MMCONFIG at [mem 0xe0000000-0xe3ffffff] reserved in ACPI motherboard resources
[    0.176734] PCI: Using host bridge windows from ACPI; if necessary, use "pci=nocrs" and report a bug
[    0.176974] [Firmware Bug]: ACPI: BIOS _OSI(Linux) query ignored
[    0.180514] ACPI: PCI Root Bridge [PCI0] (domain 0000 [bus 00-ff])
[    0.180588] acpi PNP0A08:00: _OSC: OS supports [ExtendedConfig ASPM ClockPM Segments MSI]
[    0.180770] acpi PNP0A08:00: _OSC: platform does not support [PCIeHotplug]
[    0.180919] acpi PNP0A08:00: _OSC: OS now controls [PME AER PCIeCapability]
[    0.181100] acpi PNP0A08:00: ignoring host bridge window [mem 0x000c8000-0x000dffff] (conflicts with Video ROM [mem 0x000c0000-0x000cdbff])
[    0.181666] acpi PNP0A08:00: [Firmware Info]: MMCONFIG for domain 0000 [bus 00-3f] only partially covers this bridge
[    0.181779] PCI host bridge to bus 0000:00
[    0.181847] pci_bus 0000:00: root bus resource [bus 00-ff]
[    0.181916] pci_bus 0000:00: root bus resource [io  0x0000-0x0cf7]
[    0.181986] pci_bus 0000:00: root bus resource [io  0x0d00-0xffff]
[    0.182056] pci_bus 0000:00: root bus resource [mem 0x000a0000-0x000bffff]
[    0.182128] pci_bus 0000:00: root bus resource [mem 0xbfa00000-0xffffffff]
[    0.182204] pci 0000:00:00.0: [8086:0100] type 00 class 0x060000
[    0.182263] pci 0000:00:01.0: [8086:0101] type 01 class 0x060400
[    0.182287] pci 0000:00:01.0: PME# supported from D0 D3hot D3cold
[    0.182331] pci 0000:00:02.0: [8086:0112] type 00 class 0x030000
[    0.182339] pci 0000:00:02.0: reg 0x10: [mem 0xfa400000-0xfa7fffff 64bit]
[    0.182343] pci 0000:00:02.0: reg 0x18: [mem 0xc0000000-0xcfffffff 64bit pref]
[    0.182346] pci 0000:00:02.0: reg 0x20: [io  0xf000-0xf03f]
[    0.182419] pci 0000:00:16.0: [8086:1c3a] type 00 class 0x078000
[    0.182440] pci 0000:00:16.0: reg 0x10: [mem 0xfad29000-0xfad2900f 64bit]
[    0.182510] pci 0000:00:16.0: PME# supported from D0 D3hot D3cold
[    0.182564] pci 0000:00:19.0: [8086:1503] type 00 class 0x020000
[    0.182581] pci 0000:00:19.0: reg 0x10: [mem 0xfad00000-0xfad1ffff]
[    0.182589] pci 0000:00:19.0: reg 0x14: [mem 0xfad28000-0xfad28fff]
[    0.182597] pci 0000:00:19.0: reg 0x18: [io  0xf080-0xf09f]
[    0.182654] pci 0000:00:19.0: PME# supported from D0 D3hot D3cold
[    0.182709] pci 0000:00:1a.0: [8086:1c2d] type 00 class 0x0c0320
[    0.182729] pci 0000:00:1a.0: reg 0x10: [mem 0xfad27000-0xfad273ff]
[    0.182813] pci 0000:00:1a.0: PME# supported from D0 D3hot D3cold
[    0.182865] pci 0000:00:1b.0: [8086:1c20] type 00 class 0x040300
[    0.182880] pci 0000:00:1b.0: reg 0x10: [mem 0xfad20000-0xfad23fff 64bit]
[    0.182950] pci 0000:00:1b.0: PME# supported from D0 D3hot D3cold
[    0.182998] pci 0000:00:1c.0: [8086:1c10] type 01 class 0x060400
[    0.183075] pci 0000:00:1c.0: PME# supported from D0 D3hot D3cold
[    0.183126] pci 0000:00:1c.1: [8086:1c12] type 01 class 0x060400
[    0.183202] pci 0000:00:1c.1: PME# supported from D0 D3hot D3cold
[    0.183253] pci 0000:00:1c.2: [8086:1c14] type 01 class 0x060400
[    0.183330] pci 0000:00:1c.2: PME# supported from D0 D3hot D3cold
[    0.183380] pci 0000:00:1c.3: [8086:1c16] type 01 class 0x060400
[    0.183457] pci 0000:00:1c.3: PME# supported from D0 D3hot D3cold
[    0.183507] pci 0000:00:1c.4: [8086:1c18] type 01 class 0x060400
[    0.183584] pci 0000:00:1c.4: PME# supported from D0 D3hot D3cold
[    0.183637] pci 0000:00:1c.6: [8086:244e] type 01 class 0x060401
[    0.183715] pci 0000:00:1c.6: PME# supported from D0 D3hot D3cold
[    0.183767] pci 0000:00:1c.7: [8086:1c1e] type 01 class 0x060400
[    0.183844] pci 0000:00:1c.7: PME# supported from D0 D3hot D3cold
[    0.183899] pci 0000:00:1d.0: [8086:1c26] type 00 class 0x0c0320
[    0.183918] pci 0000:00:1d.0: reg 0x10: [mem 0xfad26000-0xfad263ff]
[    0.184003] pci 0000:00:1d.0: PME# supported from D0 D3hot D3cold
[    0.184056] pci 0000:00:1f.0: [8086:1c44] type 00 class 0x060100
[    0.184201] pci 0000:00:1f.2: [8086:1c02] type 00 class 0x010601
[    0.184217] pci 0000:00:1f.2: reg 0x10: [io  0xf0d0-0xf0d7]
[    0.184224] pci 0000:00:1f.2: reg 0x14: [io  0xf0c0-0xf0c3]
[    0.184232] pci 0000:00:1f.2: reg 0x18: [io  0xf0b0-0xf0b7]
[    0.184239] pci 0000:00:1f.2: reg 0x1c: [io  0xf0a0-0xf0a3]
[    0.184246] pci 0000:00:1f.2: reg 0x20: [io  0xf060-0xf07f]
[    0.184253] pci 0000:00:1f.2: reg 0x24: [mem 0xfad25000-0xfad257ff]
[    0.184294] pci 0000:00:1f.2: PME# supported from D3hot
[    0.184338] pci 0000:00:1f.3: [8086:1c22] type 00 class 0x0c0500
[    0.184352] pci 0000:00:1f.3: reg 0x10: [mem 0xfad24000-0xfad240ff 64bit]
[    0.184372] pci 0000:00:1f.3: reg 0x20: [io  0xf040-0xf05f]
[    0.184451] pci 0000:01:00.0: [10de:1245] type 00 class 0x030000
[    0.184459] pci 0000:01:00.0: reg 0x10: [mem 0xf8000000-0xf9ffffff]
[    0.184467] pci 0000:01:00.0: reg 0x14: [mem 0xd0000000-0xd7ffffff 64bit pref]
[    0.184474] pci 0000:01:00.0: reg 0x1c: [mem 0xd8000000-0xdbffffff 64bit pref]
[    0.184479] pci 0000:01:00.0: reg 0x24: [io  0xe000-0xe07f]
[    0.184483] pci 0000:01:00.0: reg 0x30: [mem 0xfa000000-0xfa07ffff pref]
[    0.184549] pci 0000:01:00.1: [10de:0bee] type 00 class 0x040300
[    0.184558] pci 0000:01:00.1: reg 0x10: [mem 0xfa080000-0xfa083fff]
[    0.186672] pci 0000:00:01.0: PCI bridge to [bus 01]
[    0.186742] pci 0000:00:01.0:   bridge window [io  0xe000-0xefff]
[    0.186743] pci 0000:00:01.0:   bridge window [mem 0xf8000000-0xfa0fffff]
[    0.186746] pci 0000:00:01.0:   bridge window [mem 0xd0000000-0xdbffffff 64bit pref]
[    0.186791] pci 0000:00:1c.0: PCI bridge to [bus 02]
[    0.186937] pci 0000:03:00.0: [1b21:1042] type 00 class 0x0c0330
[    0.186968] pci 0000:03:00.0: reg 0x10: [mem 0xfac00000-0xfac07fff 64bit]
[    0.187122] pci 0000:03:00.0: PME# supported from D3hot D3cold
[    0.188675] pci 0000:00:1c.1: PCI bridge to [bus 03]
[    0.188747] pci 0000:00:1c.1:   bridge window [mem 0xfac00000-0xfacfffff]
[    0.188798] pci 0000:00:1c.2: PCI bridge to [bus 04]
[    0.188937] pci 0000:05:00.0: [197b:2362] type 00 class 0x010185
[    0.188975] pci 0000:05:00.0: reg 0x10: [io  0xd040-0xd047]
[    0.188991] pci 0000:05:00.0: reg 0x14: [io  0xd030-0xd033]
[    0.189006] pci 0000:05:00.0: reg 0x18: [io  0xd020-0xd027]
[    0.189022] pci 0000:05:00.0: reg 0x1c: [io  0xd010-0xd013]
[    0.189038] pci 0000:05:00.0: reg 0x20: [io  0xd000-0xd00f]
[    0.189053] pci 0000:05:00.0: reg 0x24: [mem 0xfab10000-0xfab101ff]
[    0.189069] pci 0000:05:00.0: reg 0x30: [mem 0x00000000-0x0000ffff pref]
[    0.189135] pci 0000:05:00.0: PME# supported from D3hot
[    0.190675] pci 0000:00:1c.3: PCI bridge to [bus 05]
[    0.190745] pci 0000:00:1c.3:   bridge window [io  0xd000-0xdfff]
[    0.190749] pci 0000:00:1c.3:   bridge window [mem 0xfab00000-0xfabfffff]
[    0.190825] pci 0000:06:00.0: [1b21:1042] type 00 class 0x0c0330
[    0.190856] pci 0000:06:00.0: reg 0x10: [mem 0xfaa00000-0xfaa07fff 64bit]
[    0.191011] pci 0000:06:00.0: PME# supported from D3hot D3cold
[    0.192675] pci 0000:00:1c.4: PCI bridge to [bus 06]
[    0.192747] pci 0000:00:1c.4:   bridge window [mem 0xfaa00000-0xfaafffff]
[    0.192810] pci 0000:07:00.0: [1b21:1080] type 01 class 0x060401
[    0.192939] pci 0000:00:1c.6: PCI bridge to [bus 07-08] (subtractive decode)
[    0.193013] pci 0000:00:1c.6:   bridge window [io  0xc000-0xcfff]
[    0.193017] pci 0000:00:1c.6:   bridge window [mem 0xfa900000-0xfa9fffff]
[    0.193023] pci 0000:00:1c.6:   bridge window [io  0x0000-0x0cf7] (subtractive decode)
[    0.193024] pci 0000:00:1c.6:   bridge window [io  0x0d00-0xffff] (subtractive decode)
[    0.193025] pci 0000:00:1c.6:   bridge window [mem 0x000a0000-0x000bffff] (subtractive decode)
[    0.193027] pci 0000:00:1c.6:   bridge window [mem 0xbfa00000-0xffffffff] (subtractive decode)
[    0.193086] pci 0000:08:02.0: [1106:3044] type 00 class 0x0c0010
[    0.193117] pci 0000:08:02.0: reg 0x10: [mem 0xfa900000-0xfa9007ff]
[    0.193134] pci 0000:08:02.0: reg 0x14: [io  0xc000-0xc07f]
[    0.193263] pci 0000:08:02.0: supports D2
[    0.193264] pci 0000:08:02.0: PME# supported from D2 D3hot D3cold
[    0.193355] pci 0000:07:00.0: PCI bridge to [bus 08] (subtractive decode)
[    0.193434] pci 0000:07:00.0:   bridge window [io  0xc000-0xcfff]
[    0.193440] pci 0000:07:00.0:   bridge window [mem 0xfa900000-0xfa9fffff]
[    0.193449] pci 0000:07:00.0:   bridge window [io  0xc000-0xcfff] (subtractive decode)
[    0.193450] pci 0000:07:00.0:   bridge window [mem 0xfa900000-0xfa9fffff] (subtractive decode)
[    0.193452] pci 0000:07:00.0:   bridge window [io  0x0000-0x0cf7] (subtractive decode)
[    0.193453] pci 0000:07:00.0:   bridge window [io  0x0d00-0xffff] (subtractive decode)
[    0.193454] pci 0000:07:00.0:   bridge window [mem 0x000a0000-0x000bffff] (subtractive decode)
[    0.193455] pci 0000:07:00.0:   bridge window [mem 0xbfa00000-0xffffffff] (subtractive decode)
[    0.193531] pci 0000:09:00.0: [1b4b:9172] type 00 class 0x010601
[    0.193550] pci 0000:09:00.0: reg 0x10: [io  0xb040-0xb047]
[    0.193563] pci 0000:09:00.0: reg 0x14: [io  0xb030-0xb033]
[    0.193575] pci 0000:09:00.0: reg 0x18: [io  0xb020-0xb027]
[    0.193587] pci 0000:09:00.0: reg 0x1c: [io  0xb010-0xb013]
[    0.193599] pci 0000:09:00.0: reg 0x20: [io  0xb000-0xb00f]
[    0.193611] pci 0000:09:00.0: reg 0x24: [mem 0xfa810000-0xfa8101ff]
[    0.193623] pci 0000:09:00.0: reg 0x30: [mem 0xfa800000-0xfa80ffff pref]
[    0.193686] pci 0000:09:00.0: PME# supported from D3hot
[    0.195673] pci 0000:00:1c.7: PCI bridge to [bus 09]
[    0.195743] pci 0000:00:1c.7:   bridge window [io  0xb000-0xbfff]
[    0.195746] pci 0000:00:1c.7:   bridge window [mem 0xfa800000-0xfa8fffff]
[    0.196088] ACPI: PCI Interrupt Link [LNKA] (IRQs 3 4 5 6 7 10 *11 12 14 15)
[    0.196633] ACPI: PCI Interrupt Link [LNKB] (IRQs 3 4 5 6 7 *10 11 12 14 15)
[    0.197179] ACPI: PCI Interrupt Link [LNKC] (IRQs *3 4 5 6 10 11 12 14 15)
[    0.197686] ACPI: PCI Interrupt Link [LNKD] (IRQs 3 4 5 6 10 *11 12 14 15)
[    0.198191] ACPI: PCI Interrupt Link [LNKE] (IRQs 3 4 6 7 *10 11 12 14 15)
[    0.198699] ACPI: PCI Interrupt Link [LNKF] (IRQs 3 4 *5 6 7 10 11 12 14 15)
[    0.199243] ACPI: PCI Interrupt Link [LNKG] (IRQs 3 *4 5 6 7 10 11 12 14 15)
[    0.199788] ACPI: PCI Interrupt Link [LNKH] (IRQs 3 4 5 6 *7 10 11 12 14 15)
[    0.200338] ACPI: Enabled 1 GPEs in block 00 to 3F
[    0.200490] ACPI : EC: GPE = 0x18, I/O: command/status = 0x66, data = 0x62
[    0.200617] vgaarb: setting as boot device: PCI:0000:00:02.0
[    0.200688] vgaarb: device added: PCI:0000:00:02.0,decodes=io+mem,owns=io+mem,locks=none
[    0.200788] vgaarb: device added: PCI:0000:01:00.0,decodes=io+mem,owns=none,locks=none
[    0.200884] vgaarb: loaded
[    0.200948] vgaarb: bridge control possible 0000:01:00.0
[    0.201017] vgaarb: no bridge control possible 0000:00:02.0
[    0.201137] SCSI subsystem initialized
[    0.201233] libata version 3.00 loaded.
[    0.201247] ACPI: bus type USB registered
[    0.201332] usbcore: registered new interface driver usbfs
[    0.201407] usbcore: registered new interface driver hub
[    0.201488] usbcore: registered new device driver usb
[    0.201617] PCI: Using ACPI for IRQ routing
[    0.203005] PCI: pci_cache_line_size set to 64 bytes
[    0.203073] e820: reserve RAM buffer [mem 0x0009b400-0x0009ffff]
[    0.203075] e820: reserve RAM buffer [mem 0xb677e000-0xb7ffffff]
[    0.203076] e820: reserve RAM buffer [mem 0xb6dcf000-0xb7ffffff]
[    0.203077] e820: reserve RAM buffer [mem 0xb7000000-0xb7ffffff]
[    0.203078] e820: reserve RAM buffer [mem 0x23fe00000-0x23fffffff]
[    0.203165] NetLabel: Initializing
[    0.203233] NetLabel:  domain hash size = 128
[    0.203299] NetLabel:  protocols = UNLABELED CIPSOv4
[    0.203376] NetLabel:  unlabeled traffic allowed by default
[    0.203473] hpet0: at MMIO 0xfed00000, IRQs 2, 8, 0, 0, 0, 0, 0, 0
[    0.203875] hpet0: 8 comparators, 64-bit 14.318180 MHz counter
[    0.205965] Switched to clocksource hpet
[    0.208293] pnp: PnP ACPI init
[    0.208368] ACPI: bus type PNP registered
[    0.208520] system 00:00: [mem 0xfed10000-0xfed19fff] has been reserved
[    0.208594] system 00:00: [mem 0xe0000000-0xe3ffffff] has been reserved
[    0.208665] system 00:00: [mem 0xfed90000-0xfed93fff] has been reserved
[    0.208736] system 00:00: [mem 0xfed20000-0xfed3ffff] has been reserved
[    0.208806] system 00:00: [mem 0xfee00000-0xfee0ffff] has been reserved
[    0.208877] system 00:00: Plug and Play ACPI device, IDs PNP0c01 (active)
[    0.208934] system 00:01: [io  0x0290-0x029f] has been reserved
[    0.209024] system 00:01: Plug and Play ACPI device, IDs PNP0c02 (active)
[    0.209047] pnp 00:02: Plug and Play ACPI device, IDs PNP0b00 (active)
[    0.209081] system 00:03: [io  0x04d0-0x04d1] has been reserved
[    0.209154] system 00:03: Plug and Play ACPI device, IDs PNP0c02 (active)
[    0.209329] system 00:04: [io  0x0400-0x0453] could not be reserved
[    0.209403] system 00:04: [io  0x0458-0x047f] has been reserved
[    0.209473] system 00:04: [io  0x0500-0x057f] has been reserved
[    0.209543] system 00:04: [mem 0xfed1c000-0xfed1ffff] has been reserved
[    0.209615] system 00:04: [mem 0xfec00000-0xfecfffff] could not be reserved
[    0.209687] system 00:04: [mem 0xfed08000-0xfed08fff] has been reserved
[    0.209758] system 00:04: [mem 0xff000000-0xffffffff] has been reserved
[    0.209829] system 00:04: Plug and Play ACPI device, IDs PNP0c01 (active)
[    0.209865] system 00:05: [io  0x0454-0x0457] has been reserved
[    0.209939] system 00:05: Plug and Play ACPI device, IDs INT3f0d PNP0c02 (active)
[    0.210090] pnp: PnP ACPI: found 6 devices
[    0.210157] ACPI: bus type PNP unregistered
[    0.215967] pci 0000:00:01.0: PCI bridge to [bus 01]
[    0.216037] pci 0000:00:01.0:   bridge window [io  0xe000-0xefff]
[    0.216108] pci 0000:00:01.0:   bridge window [mem 0xf8000000-0xfa0fffff]
[    0.216180] pci 0000:00:01.0:   bridge window [mem 0xd0000000-0xdbffffff 64bit pref]
[    0.216277] pci 0000:00:1c.0: PCI bridge to [bus 02]
[    0.216354] pci 0000:00:1c.1: PCI bridge to [bus 03]
[    0.216425] pci 0000:00:1c.1:   bridge window [mem 0xfac00000-0xfacfffff]
[    0.216502] pci 0000:00:1c.2: PCI bridge to [bus 04]
[    0.216582] pci 0000:05:00.0: BAR 6: assigned [mem 0xfab00000-0xfab0ffff pref]
[    0.216676] pci 0000:00:1c.3: PCI bridge to [bus 05]
[    0.216745] pci 0000:00:1c.3:   bridge window [io  0xd000-0xdfff]
[    0.216818] pci 0000:00:1c.3:   bridge window [mem 0xfab00000-0xfabfffff]
[    0.216895] pci 0000:00:1c.4: PCI bridge to [bus 06]
[    0.216978] pci 0000:00:1c.4:   bridge window [mem 0xfaa00000-0xfaafffff]
[    0.217055] pci 0000:07:00.0: PCI bridge to [bus 08]
[    0.217125] pci 0000:07:00.0:   bridge window [io  0xc000-0xcfff]
[    0.217201] pci 0000:07:00.0:   bridge window [mem 0xfa900000-0xfa9fffff]
[    0.217283] pci 0000:00:1c.6: PCI bridge to [bus 07-08]
[    0.217353] pci 0000:00:1c.6:   bridge window [io  0xc000-0xcfff]
[    0.217426] pci 0000:00:1c.6:   bridge window [mem 0xfa900000-0xfa9fffff]
[    0.217503] pci 0000:00:1c.7: PCI bridge to [bus 09]
[    0.217572] pci 0000:00:1c.7:   bridge window [io  0xb000-0xbfff]
[    0.217644] pci 0000:00:1c.7:   bridge window [mem 0xfa800000-0xfa8fffff]
[    0.217722] pci_bus 0000:00: resource 4 [io  0x0000-0x0cf7]
[    0.217723] pci_bus 0000:00: resource 5 [io  0x0d00-0xffff]
[    0.217725] pci_bus 0000:00: resource 6 [mem 0x000a0000-0x000bffff]
[    0.217726] pci_bus 0000:00: resource 7 [mem 0xbfa00000-0xffffffff]
[    0.217727] pci_bus 0000:01: resource 0 [io  0xe000-0xefff]
[    0.217728] pci_bus 0000:01: resource 1 [mem 0xf8000000-0xfa0fffff]
[    0.217730] pci_bus 0000:01: resource 2 [mem 0xd0000000-0xdbffffff 64bit pref]
[    0.217731] pci_bus 0000:03: resource 1 [mem 0xfac00000-0xfacfffff]
[    0.217733] pci_bus 0000:05: resource 0 [io  0xd000-0xdfff]
[    0.217734] pci_bus 0000:05: resource 1 [mem 0xfab00000-0xfabfffff]
[    0.217735] pci_bus 0000:06: resource 1 [mem 0xfaa00000-0xfaafffff]
[    0.217736] pci_bus 0000:07: resource 0 [io  0xc000-0xcfff]
[    0.217738] pci_bus 0000:07: resource 1 [mem 0xfa900000-0xfa9fffff]
[    0.217739] pci_bus 0000:07: resource 4 [io  0x0000-0x0cf7]
[    0.217740] pci_bus 0000:07: resource 5 [io  0x0d00-0xffff]
[    0.217741] pci_bus 0000:07: resource 6 [mem 0x000a0000-0x000bffff]
[    0.217742] pci_bus 0000:07: resource 7 [mem 0xbfa00000-0xffffffff]
[    0.217744] pci_bus 0000:08: resource 0 [io  0xc000-0xcfff]
[    0.217745] pci_bus 0000:08: resource 1 [mem 0xfa900000-0xfa9fffff]
[    0.217746] pci_bus 0000:08: resource 4 [io  0xc000-0xcfff]
[    0.217747] pci_bus 0000:08: resource 5 [mem 0xfa900000-0xfa9fffff]
[    0.217748] pci_bus 0000:08: resource 6 [io  0x0000-0x0cf7]
[    0.217750] pci_bus 0000:08: resource 7 [io  0x0d00-0xffff]
[    0.217751] pci_bus 0000:08: resource 8 [mem 0x000a0000-0x000bffff]
[    0.217752] pci_bus 0000:08: resource 9 [mem 0xbfa00000-0xffffffff]
[    0.217753] pci_bus 0000:09: resource 0 [io  0xb000-0xbfff]
[    0.217755] pci_bus 0000:09: resource 1 [mem 0xfa800000-0xfa8fffff]
[    0.217775] NET: Registered protocol family 2
[    0.217993] TCP established hash table entries: 65536 (order: 7, 524288 bytes)
[    0.218192] TCP bind hash table entries: 65536 (order: 8, 1048576 bytes)
[    0.218374] TCP: Hash tables configured (established 65536 bind 65536)
[    0.218458] TCP: reno registered
[    0.218529] UDP hash table entries: 4096 (order: 5, 131072 bytes)
[    0.218620] UDP-Lite hash table entries: 4096 (order: 5, 131072 bytes)
[    0.218731] NET: Registered protocol family 1
[    0.218841] RPC: Registered named UNIX socket transport module.
[    0.218910] RPC: Registered udp transport module.
[    0.218995] RPC: Registered tcp transport module.
[    0.219063] RPC: Registered tcp NFSv4.1 backchannel transport module.
[    0.219140] pci 0000:00:02.0: Video device with shadowed ROM
[    0.464962] PCI: CLS 64 bytes, default 64
[    0.464996] PCI-DMA: Using software bounce buffering for IO (SWIOTLB)
[    0.465067] software IO TLB [mem 0xb277e000-0xb677e000] (64MB) mapped at [ffff8800b277e000-ffff8800b677dfff]
[    0.465433] RAPL PMU detected, hw unit 2^-16 Joules, API unit is 2^-32 Joules, 3 fixed counters 163840 ms ovfl timer
[    0.465558] microcode: CPU0 sig=0x206a7, pf=0x2, revision=0x14
[    0.465633] microcode: CPU1 sig=0x206a7, pf=0x2, revision=0x14
[    0.465708] microcode: CPU2 sig=0x206a7, pf=0x2, revision=0x14
[    0.465786] microcode: CPU3 sig=0x206a7, pf=0x2, revision=0x14
[    0.465877] microcode: Microcode Update Driver: v2.00 <tigran@aivazian.fsnet.co.uk>, Peter Oruba
[    0.466129] Scanning for low memory corruption every 60 seconds
[    0.466793] AVX version of gcm_enc/dec engaged.
[    0.467223] sha1_ssse3: Using AVX optimized SHA-1 implementation
[    0.467335] sha256_ssse3: Using AVX optimized SHA-256 implementation
[    0.467446] sha512_ssse3: Using AVX optimized SHA-512 implementation
[    0.468535] AVX2 or AES-NI instructions are not detected.
[    0.468605] AVX2 instructions are not detected.
[    0.468779] futex hash table entries: 1024 (order: 4, 65536 bytes)
[    0.469177] HugeTLB registered 2 MB page size, pre-allocated 0 pages
[    0.470433] VFS: Disk quotas dquot_6.5.2
[    0.470526] Dquot-cache hash table entries: 512 (order 0, 4096 bytes)
[    0.470964] NFS: Registering the id_resolver key type
[    0.471040] Key type id_resolver registered
[    0.471107] Key type id_legacy registered
[    0.471207] msgmni has been set to 15656
[    0.472473] NET: Registered protocol family 38
[    0.472545] Key type asymmetric registered
[    0.472613] Asymmetric key parser 'x509' registered
[    0.472723] Block layer SCSI generic (bsg) driver version 0.4 loaded (major 253)
[    0.472827] io scheduler noop registered
[    0.472895] io scheduler deadline registered
[    0.472981] io scheduler cfq registered (default)
[    0.473174] pcieport 0000:00:01.0: irq 40 for MSI/MSI-X
[    0.473262] pcieport 0000:00:1c.0: irq 41 for MSI/MSI-X
[    0.473329] pcieport 0000:00:1c.1: irq 42 for MSI/MSI-X
[    0.473424] pcieport 0000:00:1c.2: irq 43 for MSI/MSI-X
[    0.473518] pcieport 0000:00:1c.3: irq 44 for MSI/MSI-X
[    0.473581] pcieport 0000:00:1c.4: irq 45 for MSI/MSI-X
[    0.473679] pcieport 0000:00:1c.7: irq 46 for MSI/MSI-X
[    0.473764] pci_hotplug: PCI Hot Plug PCI Core version: 0.5
[    0.473924] input: Power Button as /devices/LNXSYSTM:00/LNXSYBUS:00/PNP0C0C:00/input/input0
[    0.474026] ACPI: Power Button [PWRB]
[    0.474115] input: Power Button as /devices/LNXSYSTM:00/LNXPWRBN:00/input/input1
[    0.474213] ACPI: Power Button [PWRF]
[    0.474400] Monitor-Mwait will be used to enter C-1 state
[    0.474409] Monitor-Mwait will be used to enter C-3 state
[    0.474421] ACPI: acpi_idle registered with cpuidle
[    0.474875] Serial: 8250/16550 driver, 4 ports, IRQ sharing enabled
[    0.475264] Non-volatile memory driver v1.3
[    0.475342] Linux agpgart interface v0.103
[    0.475451] [drm] Initialized drm 1.1.0 20060810
[    0.475977] loop: module loaded
[    0.476108] ahci 0000:00:1f.2: version 3.0
[    0.476178] ahci 0000:00:1f.2: irq 47 for MSI/MSI-X
[    0.486779] ahci 0000:00:1f.2: AHCI 0001.0300 32 slots 6 ports 6 Gbps 0x3f impl SATA mode
[    0.486888] ahci 0000:00:1f.2: flags: 64bit ncq sntf pm led clo pio slum part ems apst 
[    0.497041] scsi0 : ahci
[    0.497255] scsi1 : ahci
[    0.497397] kworker/u8:0 (973) used greatest stack depth: 13968 bytes left
[    0.497444] scsi2 : ahci
[    0.497512] scsi3 : ahci
[    0.497593] scsi4 : ahci
[    0.497661] scsi5 : ahci
[    0.497698] ata1: SATA max UDMA/133 abar m2048@0xfad25000 port 0xfad25100 irq 47
[    0.497701] ata2: SATA max UDMA/133 abar m2048@0xfad25000 port 0xfad25180 irq 47
[    0.497704] ata3: SATA max UDMA/133 abar m2048@0xfad25000 port 0xfad25200 irq 47
[    0.497709] ata4: SATA max UDMA/133 abar m2048@0xfad25000 port 0xfad25280 irq 47
[    0.497713] ata5: SATA max UDMA/133 abar m2048@0xfad25000 port 0xfad25300 irq 47
[    0.497716] ata6: SATA max UDMA/133 abar m2048@0xfad25000 port 0xfad25380 irq 47
[    0.497889] ahci 0000:05:00.0: AHCI 0001.0100 32 slots 2 ports 3 Gbps 0x3 impl SATA mode
[    0.497890] ahci 0000:05:00.0: flags: 64bit ncq pm led clo pmp pio slum part 
[    0.498045] scsi6 : ahci
[    0.498100] scsi7 : ahci
[    0.498124] ata7: SATA max UDMA/133 abar m512@0xfab10000 port 0xfab10100 irq 19
[    0.498129] ata8: SATA max UDMA/133 abar m512@0xfab10000 port 0xfab10180 irq 19
[    0.498244] ahci 0000:09:00.0: irq 48 for MSI/MSI-X
[    0.498298] ahci 0000:09:00.0: AHCI 0001.0000 32 slots 2 ports 6 Gbps 0x3 impl SATA mode
[    0.498299] ahci 0000:09:00.0: flags: 64bit ncq sntf led only pmp fbs pio slum part sxs 
[    0.498442] scsi8 : ahci
[    0.498502] scsi9 : ahci
[    0.498531] ata9: SATA max UDMA/133 abar m512@0xfa810000 port 0xfa810100 irq 48
[    0.498535] ata10: SATA max UDMA/133 abar m512@0xfa810000 port 0xfa810180 irq 48
[    0.498629] ehci_hcd: USB 2.0 'Enhanced' Host Controller (EHCI) Driver
[    0.498630] ehci-pci: EHCI PCI platform driver
[    0.498721] ehci-pci 0000:00:1a.0: EHCI Host Controller
[    0.498753] ehci-pci 0000:00:1a.0: new USB bus registered, assigned bus number 1
[    0.498768] ehci-pci 0000:00:1a.0: debug port 2
[    0.502648] ehci-pci 0000:00:1a.0: cache line size of 64 is not supported
[    0.502660] ehci-pci 0000:00:1a.0: irq 23, io mem 0xfad27000
[    0.508728] ehci-pci 0000:00:1a.0: USB 2.0 started, EHCI 1.00
[    0.508835] usb usb1: New USB device found, idVendor=1d6b, idProduct=0002
[    0.508913] usb usb1: New USB device strings: Mfr=3, Product=2, SerialNumber=1
[    0.509009] usb usb1: Product: EHCI Host Controller
[    0.509076] usb usb1: Manufacturer: Linux 3.16.7 ehci_hcd
[    0.509145] usb usb1: SerialNumber: 0000:00:1a.0
[    0.509337] hub 1-0:1.0: USB hub found
[    0.509413] hub 1-0:1.0: 2 ports detected
[    0.509591] ehci-pci 0000:00:1d.0: EHCI Host Controller
[    0.509701] ehci-pci 0000:00:1d.0: new USB bus registered, assigned bus number 2
[    0.509818] ehci-pci 0000:00:1d.0: debug port 2
[    0.513776] ehci-pci 0000:00:1d.0: cache line size of 64 is not supported
[    0.513779] ehci-pci 0000:00:1d.0: irq 23, io mem 0xfad26000
[    0.519721] ehci-pci 0000:00:1d.0: USB 2.0 started, EHCI 1.00
[    0.519824] usb usb2: New USB device found, idVendor=1d6b, idProduct=0002
[    0.519905] usb usb2: New USB device strings: Mfr=3, Product=2, SerialNumber=1
[    0.520000] usb usb2: Product: EHCI Host Controller
[    0.520069] usb usb2: Manufacturer: Linux 3.16.7 ehci_hcd
[    0.520138] usb usb2: SerialNumber: 0000:00:1d.0
[    0.520330] hub 2-0:1.0: USB hub found
[    0.520408] hub 2-0:1.0: 2 ports detected
[    0.520540] ohci_hcd: USB 1.1 'Open' Host Controller (OHCI) Driver
[    0.520628] ohci-pci: OHCI PCI platform driver
[    0.520725] uhci_hcd: USB Universal Host Controller Interface driver
[    0.520824] usbcore: registered new interface driver usblp
[    0.520914] usbcore: registered new interface driver usb-storage
[    0.521015] i8042: PNP: No PS/2 controller found. Probing ports directly.
[    0.524020] serio: i8042 KBD port at 0x60,0x64 irq 1
[    0.524092] serio: i8042 AUX port at 0x60,0x64 irq 12
[    0.524221] mousedev: PS/2 mouse device common for all mice
[    0.524437] rtc_cmos 00:02: RTC can wake from S4
[    0.524608] rtc_cmos 00:02: rtc core: registered rtc_cmos as rtc0
[    0.524734] rtc_cmos 00:02: alarms up to one month, y3k, 114 bytes nvram, hpet irqs
[    0.524902] i801_smbus 0000:00:1f.3: SMBus using PCI Interrupt
[    0.525042] device-mapper: ioctl: 4.27.0-ioctl (2013-10-30) initialised: dm-devel@redhat.com
[    0.525171] hidraw: raw HID events driver (C) Jiri Kosina
[    0.525437] usbcore: registered new interface driver usbhid
[    0.525555] usbhid: USB HID core driver
[    0.525688] Netfilter messages via NETLINK v0.30.
[    0.525766] nf_conntrack version 0.5.0 (16384 buckets, 65536 max)
[    0.525893] ctnetlink v0.93: registering with nfnetlink.
[    0.526039] ip_tables: (C) 2000-2006 Netfilter Core Team
[    0.526121] TCP: cubic registered
[    0.526187] Initializing XFRM netlink socket
[    0.526343] NET: Registered protocol family 10
[    0.526540] ip6_tables: (C) 2000-2006 Netfilter Core Team
[    0.526637] sit: IPv6 over IPv4 tunneling driver
[    0.526808] NET: Registered protocol family 17
[    0.526903] Key type dns_resolver registered
[    0.527160] registered taskstats version 1
[    0.527628] console [netcon0] enabled
[    0.527718] netconsole: network logging started
[    0.802475] ata8: SATA link down (SStatus 0 SControl 300)
[    0.802479] ata3: SATA link up 3.0 Gbps (SStatus 123 SControl 300)
[    0.802513] ata1: SATA link up 6.0 Gbps (SStatus 133 SControl 300)
[    0.802536] ata5: SATA link up 3.0 Gbps (SStatus 123 SControl 300)
[    0.802565] ata6: SATA link up 3.0 Gbps (SStatus 123 SControl 300)
[    0.802579] ata4: SATA link up 3.0 Gbps (SStatus 123 SControl 300)
[    0.802597] ata2: SATA link up 6.0 Gbps (SStatus 133 SControl 300)
[    0.802699] ata3.00: ATA-9: INTEL SSDSC2BA100G3, 5DV10270, max UDMA/133
[    0.802700] ata3.00: 195371568 sectors, multi 1: LBA48 NCQ (depth 31/32)
[    0.802815] ata4.00: ATA-9: INTEL SSDSC2BA100G3, 5DV10270, max UDMA/133
[    0.802816] ata4.00: 195371568 sectors, multi 1: LBA48 NCQ (depth 31/32)
[    0.802822] ata6.00: ATA-9: INTEL SSDSC2BA100G3, 5DV10270, max UDMA/133
[    0.802823] ata6.00: 195371568 sectors, multi 1: LBA48 NCQ (depth 31/32)
[    0.802828] ata1.00: ATA-9: INTEL SSDSC2BA100G3, 5DV10270, max UDMA/133
[    0.802828] ata1.00: 195371568 sectors, multi 1: LBA48 NCQ (depth 31/32)
[    0.802831] ata2.00: ATA-9: INTEL SSDSC2BA100G3, 5DV10270, max UDMA/133
[    0.802832] ata2.00: 195371568 sectors, multi 1: LBA48 NCQ (depth 31/32)
[    0.802836] ata5.00: ATA-9: INTEL SSDSC2BA100G3, 5DV10270, max UDMA/133
[    0.802836] ata5.00: 195371568 sectors, multi 1: LBA48 NCQ (depth 31/32)
[    0.803089] ata3.00: configured for UDMA/133
[    0.803189] ata1.00: configured for UDMA/133
[    0.803196] ata4.00: configured for UDMA/133
[    0.803202] ata2.00: configured for UDMA/133
[    0.803209] ata6.00: configured for UDMA/133
[    0.803214] ata5.00: configured for UDMA/133
[    0.803551] scsi 0:0:0:0: Direct-Access     ATA      INTEL SSDSC2BA10 0270 PQ: 0 ANSI: 5
[    0.803765] sd 0:0:0:0: [sda] 195371568 512-byte logical blocks: (100 GB/93.1 GiB)
[    0.803765] sd 0:0:0:0: [sda] 4096-byte physical blocks
[    0.803767] sd 0:0:0:0: Attached scsi generic sg0 type 0
[    0.803822] sd 0:0:0:0: [sda] Write Protect is off
[    0.803823] sd 0:0:0:0: [sda] Mode Sense: 00 3a 00 00
[    0.803830] scsi 1:0:0:0: Direct-Access     ATA      INTEL SSDSC2BA10 0270 PQ: 0 ANSI: 5
[    0.803839] sd 0:0:0:0: [sda] Write cache: enabled, read cache: enabled, doesn't support DPO or FUA
[    0.803925] sd 1:0:0:0: Attached scsi generic sg1 type 0
[    0.803978] scsi 2:0:0:0: Direct-Access     ATA      INTEL SSDSC2BA10 0270 PQ: 0 ANSI: 5
[    0.804055] sd 2:0:0:0: Attached scsi generic sg2 type 0
[    0.804072] sd 1:0:0:0: [sdb] 195371568 512-byte logical blocks: (100 GB/93.1 GiB)
[    0.804072] sd 1:0:0:0: [sdb] 4096-byte physical blocks
[    0.804117] scsi 3:0:0:0: Direct-Access     ATA      INTEL SSDSC2BA10 0270 PQ: 0 ANSI: 5
[    0.804125] sd 1:0:0:0: [sdb] Write Protect is off
[    0.804126] sd 1:0:0:0: [sdb] Mode Sense: 00 3a 00 00
[    0.804143] sd 1:0:0:0: [sdb] Write cache: enabled, read cache: enabled, doesn't support DPO or FUA
[    0.804181]  sda: sda1
[    0.804202] sd 3:0:0:0: Attached scsi generic sg3 type 0
[    0.804211] sd 2:0:0:0: [sdc] 195371568 512-byte logical blocks: (100 GB/93.1 GiB)
[    0.804212] sd 2:0:0:0: [sdc] 4096-byte physical blocks
[    0.804295] scsi 4:0:0:0: Direct-Access     ATA      INTEL SSDSC2BA10 0270 PQ: 0 ANSI: 5
[    0.804371] sd 4:0:0:0: Attached scsi generic sg4 type 0
[    0.804379] sd 3:0:0:0: [sdd] 195371568 512-byte logical blocks: (100 GB/93.1 GiB)
[    0.804380] sd 3:0:0:0: [sdd] 4096-byte physical blocks
[    0.804444] scsi 5:0:0:0: Direct-Access     ATA      INTEL SSDSC2BA10 0270 PQ: 0 ANSI: 5
[    0.804457] sd 0:0:0:0: [sda] Attached SCSI disk
[    0.804473] sd 4:0:0:0: [sde] 195371568 512-byte logical blocks: (100 GB/93.1 GiB)
[    0.804474] sd 4:0:0:0: [sde] 4096-byte physical blocks
[    0.804520] sd 4:0:0:0: [sde] Write Protect is off
[    0.804521] sd 4:0:0:0: [sde] Mode Sense: 00 3a 00 00
[    0.804533] sd 5:0:0:0: Attached scsi generic sg5 type 0
[    0.804550] sd 2:0:0:0: [sdc] Write Protect is off
[    0.804551] sd 2:0:0:0: [sdc] Mode Sense: 00 3a 00 00
[    0.804560] sd 4:0:0:0: [sde] Write cache: enabled, read cache: enabled, doesn't support DPO or FUA
[    0.804564] sd 5:0:0:0: [sdf] 195371568 512-byte logical blocks: (100 GB/93.1 GiB)
[    0.804565] sd 5:0:0:0: [sdf] 4096-byte physical blocks
[    0.804600] sd 2:0:0:0: [sdc] Write cache: enabled, read cache: enabled, doesn't support DPO or FUA
[    0.804614] sd 5:0:0:0: [sdf] Write Protect is off
[    0.804615] sd 5:0:0:0: [sdf] Mode Sense: 00 3a 00 00
[    0.804633] sd 5:0:0:0: [sdf] Write cache: enabled, read cache: enabled, doesn't support DPO or FUA
[    0.804641] sd 3:0:0:0: [sdd] Write Protect is off
[    0.804642] sd 3:0:0:0: [sdd] Mode Sense: 00 3a 00 00
[    0.804678] sd 3:0:0:0: [sdd] Write cache: enabled, read cache: enabled, doesn't support DPO or FUA
[    0.804754]  sdb: sdb1
[    0.804887]  sdf: sdf1
[    0.804972] sd 1:0:0:0: [sdb] Attached SCSI disk
[    0.805031]  sde: sde1
[    0.805043]  sdc: sdc1
[    0.805072] sd 5:0:0:0: [sdf] Attached SCSI disk
[    0.805159]  sdd: sdd1
[    0.805178] sd 4:0:0:0: [sde] Attached SCSI disk
[    0.805290] sd 2:0:0:0: [sdc] Attached SCSI disk
[    0.805292] sd 3:0:0:0: [sdd] Attached SCSI disk
[    0.809066] ata7: SATA link down (SStatus 0 SControl 300)
[    0.810414] usb 1-1: new high-speed USB device number 2 using ehci-pci
[    0.924663] usb 1-1: New USB device found, idVendor=8087, idProduct=0024
[    0.924751] usb 1-1: New USB device strings: Mfr=0, Product=0, SerialNumber=0
[    0.925058] hub 1-1:1.0: USB hub found
[    0.925280] hub 1-1:1.0: 6 ports detected
[    0.960305] ata9: SATA link up 6.0 Gbps (SStatus 133 SControl 300)
[    0.960896] ata9.00: ATA-9: INTEL SSDSC2BB080G6, G2010140, max UDMA/133
[    0.960986] ata9.00: 156301488 sectors, multi 1: LBA48 NCQ (depth 31/32)
[    0.961674] ata9.00: configured for UDMA/133
[    0.961934] scsi 8:0:0:0: Direct-Access     ATA      INTEL SSDSC2BB08 0140 PQ: 0 ANSI: 5
[    0.962707] sd 8:0:0:0: Attached scsi generic sg6 type 0
[    0.962722] sd 8:0:0:0: [sdg] 156301488 512-byte logical blocks: (80.0 GB/74.5 GiB)
[    0.962723] sd 8:0:0:0: [sdg] 4096-byte physical blocks
[    0.962923] sd 8:0:0:0: [sdg] Write Protect is off
[    0.962924] sd 8:0:0:0: [sdg] Mode Sense: 00 3a 00 00
[    0.962979] sd 8:0:0:0: [sdg] Write cache: enabled, read cache: enabled, doesn't support DPO or FUA
[    0.963265] ata10: SATA link up 3.0 Gbps (SStatus 123 SControl 300)
[    0.963600]  sdg: sdg1 sdg2 sdg3 sdg4
[    0.963678] ata10.00: ATA-8: INTEL SSDSA2CW120G3, 4PC10362, max UDMA/133
[    0.963765] ata10.00: 234441648 sectors, multi 1: LBA48 NCQ (depth 31/32)
[    0.963979] sd 8:0:0:0: [sdg] Attached SCSI disk
[    0.964156] ata10.00: configured for UDMA/133
[    0.964278] scsi 9:0:0:0: Direct-Access     ATA      INTEL SSDSA2CW12 0362 PQ: 0 ANSI: 5
[    0.964472] sd 9:0:0:0: [sdh] 234441648 512-byte logical blocks: (120 GB/111 GiB)
[    0.964476] sd 9:0:0:0: Attached scsi generic sg7 type 0
[    0.964755] sd 9:0:0:0: [sdh] Write Protect is off
[    0.964826] sd 9:0:0:0: [sdh] Mode Sense: 00 3a 00 00
[    0.964852] sd 9:0:0:0: [sdh] Write cache: enabled, read cache: enabled, doesn't support DPO or FUA
[    0.965323]  sdh: sdh1
[    0.965559] sd 9:0:0:0: [sdh] Attached SCSI disk
[    0.965637] md: Waiting for all devices to be available before autodetect
[    0.965708] md: If you don't use raid, use raid=noautodetect
[    0.965850] md: Autodetecting RAID arrays.
[    0.966055] md: invalid raid superblock magic on sda1
[    0.966128] md: sda1 does not have a valid v0.90 superblock, not importing!
[    0.966330] md: invalid raid superblock magic on sdb1
[    0.966399] md: sdb1 does not have a valid v0.90 superblock, not importing!
[    0.966523] md: invalid raid superblock magic on sdf1
[    0.966591] md: sdf1 does not have a valid v0.90 superblock, not importing!
[    0.966714] md: invalid raid superblock magic on sde1
[    0.966783] md: sde1 does not have a valid v0.90 superblock, not importing!
[    0.966905] md: invalid raid superblock magic on sdc1
[    0.966973] md: sdc1 does not have a valid v0.90 superblock, not importing!
[    0.967095] md: invalid raid superblock magic on sdd1
[    0.967164] md: sdd1 does not have a valid v0.90 superblock, not importing!
[    0.967254] md: Scanned 6 and added 0 devices.
[    0.967321] md: autorun ...
[    0.967386] md: ... autorun DONE.
[    0.967586] EXT4-fs (sdg3): couldn't mount as ext2 due to feature incompatibilities
[    0.971791] EXT4-fs (sdg3): mounted filesystem with ordered data mode. Opts: (null)
[    0.971902] VFS: Mounted root (ext4 filesystem) readonly on device 8:99.
[    0.972678] Freeing unused kernel memory: 996K (ffffffff81cc9000 - ffffffff81dc2000)
[    0.972774] Write protecting the kernel read-only data: 12288k
[    0.973861] Freeing unused kernel memory: 564K (ffff880001773000 - ffff880001800000)
[    0.976308] Freeing unused kernel memory: 1532K (ffff880001a81000 - ffff880001c00000)
[    1.007548] random: nonblocking pool is initialized
[    1.028216] usb 2-1: new high-speed USB device number 2 using ehci-pci
[    1.028950] kbd_mode (1205) used greatest stack depth: 13912 bytes left
[    1.032411] loadkeys (1206) used greatest stack depth: 13144 bytes left
[    1.032545] init-early.sh (1204) used greatest stack depth: 12616 bytes left
[    1.143428] usb 2-1: New USB device found, idVendor=8087, idProduct=0024
[    1.143431] usb 2-1: New USB device strings: Mfr=0, Product=0, SerialNumber=0
[    1.143674] hub 2-1:1.0: USB hub found
[    1.143783] hub 2-1:1.0: 8 ports detected
[    1.158271] kmod (1298) used greatest stack depth: 12520 bytes left
[    1.278588] pps_core: LinuxPPS API ver. 1 registered
[    1.278591] pps_core: Software ver. 5.3.6 - Copyright 2005-2007 Rodolfo Giometti <giometti@linux.it>
[    1.279027] PTP clock support registered
[    1.281477] e1000e: Intel(R) PRO/1000 Network Driver - 2.3.2-k
[    1.281479] e1000e: Copyright(c) 1999 - 2014 Intel Corporation.
[    1.281601] e1000e 0000:00:19.0: Interrupt Throttling Rate (ints/sec) set to dynamic conservative mode
[    1.281617] e1000e 0000:00:19.0: irq 49 for MSI/MSI-X
[    1.302515] md: bind<sdf1>
[    1.303256] md: bind<sdd1>
[    1.305690] md: bind<sdb1>
[    1.306923] md: bind<sdc1>
[    1.308773] md: bind<sde1>
[    1.310236] md: bind<sda1>
[    1.314033] md: raid10 personality registered for level 10
[    1.314308] md/raid10:md127: active with 6 out of 6 devices
[    1.314325] md127: detected capacity change from 0 to 299885395968
[    1.315061]  md127: unknown partition table
[    1.418984] usb 2-1.7: new full-speed USB device number 3 using ehci-pci
[    1.465761] tsc: Refined TSC clocksource calibration: 3300.023 MHz
[    1.504487] usb 2-1.7: New USB device found, idVendor=0cf3, idProduct=3000
[    1.504489] usb 2-1.7: New USB device strings: Mfr=0, Product=0, SerialNumber=0
[    1.543953] e1000e 0000:00:19.0 eth0: registered PHC clock
[    1.543955] e1000e 0000:00:19.0 eth0: (PCI Express:2.5GT/s:Width x1) 14:da:e9:0f:78:84
[    1.543957] e1000e 0000:00:19.0 eth0: Intel(R) PRO/1000 Network Connection
[    1.543988] e1000e 0000:00:19.0 eth0: MAC: 10, PHY: 11, PBA No: FFFFFF-0FF
[    2.460047] EXT4-fs (sdg3): re-mounted. Opts: (null)
[    2.464906] Switched to clocksource tsc
[    2.499289] Adding 1020k swap on /dev/sdg2.  Priority:-1 extents:1 across:1020k SS
[    3.048196] e1000e 0000:00:19.0: irq 49 for MSI/MSI-X
[    3.149200] e1000e 0000:00:19.0: irq 49 for MSI/MSI-X
[    3.149289] IPv6: ADDRCONF(NETDEV_UP): eno1: link is not ready
[    5.978608] e1000e: eno1 NIC Link is Up 1000 Mbps Full Duplex, Flow Control: Rx/Tx
[    5.978641] IPv6: ADDRCONF(NETDEV_CHANGE): eno1: link becomes ready
[  127.945380] nr_pdflush_threads exported in /proc is scheduled for removal
[  127.945465] sysctl: The scan_unevictable_pages sysctl/node-interface has been disabled for lack of a legitimate use case.  If you have one, please send an email to linux-mm@kvack.org.
