[    0.000000] Linux version 4.5.5 (root@axle) (gcc version 4.6.4 (Ubuntu/Linaro 4.6.4-1ubuntu1~12.04) ) #1 SMP Fri May 27 18:33:27 UTC 2016
[    0.000000] Command line: BOOT_IMAGE=/boot/vmlinuz-4.5.5 root=UUID=7c9bb05c-372c-44bd-9ac8-6e53160d10e4 ro
[    0.000000] KERNEL supported cpus:
[    0.000000]   Intel GenuineIntel
[    0.000000]   AMD AuthenticAMD
[    0.000000]   Centaur CentaurHauls
[    0.000000] x86/fpu: xstate_offset[2]:  576, xstate_sizes[2]:  256
[    0.000000] x86/fpu: Supporting XSAVE feature 0x01: 'x87 floating point registers'
[    0.000000] x86/fpu: Supporting XSAVE feature 0x02: 'SSE registers'
[    0.000000] x86/fpu: Supporting XSAVE feature 0x04: 'AVX registers'
[    0.000000] x86/fpu: Enabled xstate features 0x7, context size is 832 bytes, using 'standard' format.
[    0.000000] x86/fpu: Using 'eager' FPU context switches.
[    0.000000] e820: BIOS-provided physical RAM map:
[    0.000000] BIOS-e820: [mem 0x0000000000000000-0x000000000009afff] usable
[    0.000000] BIOS-e820: [mem 0x000000000009b000-0x000000000009ffff] reserved
[    0.000000] BIOS-e820: [mem 0x00000000000e0000-0x00000000000fffff] reserved
[    0.000000] BIOS-e820: [mem 0x0000000000100000-0x000000007e00bfff] usable
[    0.000000] BIOS-e820: [mem 0x000000007e00c000-0x000000007e048fff] reserved
[    0.000000] BIOS-e820: [mem 0x000000007e049000-0x000000007e348fff] ACPI NVS
[    0.000000] BIOS-e820: [mem 0x000000007e349000-0x000000007f334fff] reserved
[    0.000000] BIOS-e820: [mem 0x000000007f335000-0x000000007f7fffff] ACPI NVS
[    0.000000] BIOS-e820: [mem 0x0000000080000000-0x000000008fffffff] reserved
[    0.000000] BIOS-e820: [mem 0x00000000fed1c000-0x00000000fed3ffff] reserved
[    0.000000] BIOS-e820: [mem 0x00000000ff000000-0x00000000ffffffff] reserved
[    0.000000] BIOS-e820: [mem 0x0000000100000000-0x000000407fffffff] usable
[    0.000000] NX (Execute Disable) protection: active
[    0.000000] SMBIOS 2.7 present.
[    0.000000] DMI: Supermicro X9QR7-(J)TF/X9QRi-F/X9QRi-F, BIOS 4.6.5 09/05/2012
[    0.000000] e820: update [mem 0x00000000-0x00000fff] usable ==> reserved
[    0.000000] e820: remove [mem 0x000a0000-0x000fffff] usable
[    0.000000] e820: last_pfn = 0x4080000 max_arch_pfn = 0x400000000
[    0.000000] MTRR default type: uncachable
[    0.000000] MTRR fixed ranges enabled:
[    0.000000]   00000-9FFFF write-back
[    0.000000]   A0000-BFFFF uncachable
[    0.000000]   C0000-FFFFF write-protect
[    0.000000] MTRR variable ranges enabled:
[    0.000000]   0 base 000000000000 mask 3FC000000000 write-back
[    0.000000]   1 base 004000000000 mask 3FFF80000000 write-back
[    0.000000]   2 base 000080000000 mask 3FFF80000000 uncachable
[    0.000000]   3 disabled
[    0.000000]   4 disabled
[    0.000000]   5 disabled
[    0.000000]   6 disabled
[    0.000000]   7 disabled
[    0.000000]   8 disabled
[    0.000000]   9 disabled
[    0.000000] x86/PAT: Configuration [0-7]: WB  WC  UC- UC  WB  WC  UC- WT  
[    0.000000] original variable MTRRs
[    0.000000] reg 0, base: 0GB, range: 256GB, type WB
[    0.000000] reg 1, base: 256GB, range: 2GB, type WB
[    0.000000] reg 2, base: 2GB, range: 2GB, type UC
[    0.000000] total RAM covered: 262144M
[    0.000000] Found optimal setting for mtrr clean up
[    0.000000]  gran_size: 64K 	chunk_size: 64K 	num_reg: 8  	lose cover RAM: 0G
[    0.000000] New variable MTRRs
[    0.000000] reg 0, base: 0GB, range: 2GB, type WB
[    0.000000] reg 1, base: 4GB, range: 4GB, type WB
[    0.000000] reg 2, base: 8GB, range: 8GB, type WB
[    0.000000] reg 3, base: 16GB, range: 16GB, type WB
[    0.000000] reg 4, base: 32GB, range: 32GB, type WB
[    0.000000] reg 5, base: 64GB, range: 64GB, type WB
[    0.000000] reg 6, base: 128GB, range: 128GB, type WB
[    0.000000] reg 7, base: 256GB, range: 2GB, type WB
[    0.000000] e820: update [mem 0x80000000-0xffffffff] usable ==> reserved
[    0.000000] e820: last_pfn = 0x7e00c max_arch_pfn = 0x400000000
[    0.000000] found SMP MP-table at [mem 0x000fdf40-0x000fdf4f] mapped at [ffff8800000fdf40]
[    0.000000] Scanning 1 areas for low memory corruption
[    0.000000] Base memory trampoline at [ffff880000095000] 95000 size 24576
[    0.000000] Using GB pages for direct mapping
[    0.000000] BRK [0x01ffd000, 0x01ffdfff] PGTABLE
[    0.000000] BRK [0x01ffe000, 0x01ffefff] PGTABLE
[    0.000000] BRK [0x01fff000, 0x01ffffff] PGTABLE
[    0.000000] RAMDISK: [mem 0x37a50000-0x37d1ffff]
[    0.000000] ACPI: Early table checksum verification disabled
[    0.000000] ACPI: RSDP 0x00000000000F0490 000024 (v02 ALASKA)
[    0.000000] ACPI: XSDT 0x000000007E2B2098 0000AC (v01 ALASKA A M I    01072009 AMI  00010013)
[    0.000000] ACPI: FACP 0x000000007E2BE0F0 0000F4 (v04 ALASKA A M I    01072009 AMI  00010013)
[    0.000000] ACPI: DSDT 0x000000007E2B21D8 00BF15 (v02 ALASKA A M I    00000001 INTL 20051117)
[    0.000000] ACPI: FACS 0x000000007E346F80 000040
[    0.000000] ACPI: APIC 0x000000007E2BE1E8 0003FC (v03 ALASKA A M I    01072009 AMI  00010013)
[    0.000000] ACPI: FPDT 0x000000007E2BE5E8 000044 (v01 ALASKA A M I    01072009 AMI  00010013)
[    0.000000] ACPI: TCPA 0x000000007E2BE630 000032 (v02 APTIO4 NAPAASF  00000001 MSFT 01000013)
[    0.000000] ACPI: SRAT 0x000000007E2BE668 000930 (v01 A M I  AMI SRAT 00000001 AMI. 00000000)
[    0.000000] ACPI: SLIT 0x000000007E2BEF98 00003C (v01 A M I  AMI SLIT 00000000 AMI. 00000000)
[    0.000000] ACPI: HPET 0x000000007E2BEFD8 000038 (v01 ALASKA A M I    01072009 AMI. 00000005)
[    0.000000] ACPI: PRAD 0x000000007E2BF010 0000BE (v02 PRADID PRADTID  00000001 MSFT 03000001)
[    0.000000] ACPI: SPMI 0x000000007E2BF0D0 000040 (v05 A M I  OEMSPMI  00000000 AMI. 00000000)
[    0.000000] ACPI: SSDT 0x000000007E2BF110 070104 (v02 INTEL  CpuPm    00004000 INTL 20051117)
[    0.000000] ACPI: SPCR 0x000000007E32F218 000050 (v01 A M I  APTIO4   01072009 AMI. 00000005)
[    0.000000] ACPI: EINJ 0x000000007E32F268 000130 (v01 AMI    AMI EINJ 00000000      00000000)
[    0.000000] ACPI: ERST 0x000000007E32F398 000230 (v01 AMIER  AMI ERST 00000000      00000000)
[    0.000000] ACPI: HEST 0x000000007E32F5C8 0000A8 (v01 AMI    AMI HEST 00000000      00000000)
[    0.000000] ACPI: BERT 0x000000007E32F670 000030 (v01 AMI    AMI BERT 00000000      00000000)
[    0.000000] ACPI: DMAR 0x000000007E32F6A0 0002A0 (v01 A M I  OEMDMAR  00000001 INTL 00000001)
[    0.000000] ACPI: MCFG 0x000000007E32F940 00003C (v01 ALASKA A M I    01072009 MSFT 00000097)
[    0.000000] ACPI: Local APIC address 0xfee00000
[    0.000000] SRAT: PXM 0 -> APIC 0x00 -> Node 0
[    0.000000] SRAT: PXM 0 -> APIC 0x01 -> Node 0
[    0.000000] SRAT: PXM 0 -> APIC 0x02 -> Node 0
[    0.000000] SRAT: PXM 0 -> APIC 0x03 -> Node 0
[    0.000000] SRAT: PXM 0 -> APIC 0x04 -> Node 0
[    0.000000] SRAT: PXM 0 -> APIC 0x05 -> Node 0
[    0.000000] SRAT: PXM 0 -> APIC 0x06 -> Node 0
[    0.000000] SRAT: PXM 0 -> APIC 0x07 -> Node 0
[    0.000000] SRAT: PXM 0 -> APIC 0x08 -> Node 0
[    0.000000] SRAT: PXM 0 -> APIC 0x09 -> Node 0
[    0.000000] SRAT: PXM 0 -> APIC 0x0a -> Node 0
[    0.000000] SRAT: PXM 0 -> APIC 0x0b -> Node 0
[    0.000000] SRAT: PXM 0 -> APIC 0x0c -> Node 0
[    0.000000] SRAT: PXM 0 -> APIC 0x0d -> Node 0
[    0.000000] SRAT: PXM 0 -> APIC 0x0e -> Node 0
[    0.000000] SRAT: PXM 0 -> APIC 0x0f -> Node 0
[    0.000000] SRAT: PXM 1 -> APIC 0x20 -> Node 1
[    0.000000] SRAT: PXM 1 -> APIC 0x21 -> Node 1
[    0.000000] SRAT: PXM 1 -> APIC 0x22 -> Node 1
[    0.000000] SRAT: PXM 1 -> APIC 0x23 -> Node 1
[    0.000000] SRAT: PXM 1 -> APIC 0x24 -> Node 1
[    0.000000] SRAT: PXM 1 -> APIC 0x25 -> Node 1
[    0.000000] SRAT: PXM 1 -> APIC 0x26 -> Node 1
[    0.000000] SRAT: PXM 1 -> APIC 0x27 -> Node 1
[    0.000000] SRAT: PXM 1 -> APIC 0x28 -> Node 1
[    0.000000] SRAT: PXM 1 -> APIC 0x29 -> Node 1
[    0.000000] SRAT: PXM 1 -> APIC 0x2a -> Node 1
[    0.000000] SRAT: PXM 1 -> APIC 0x2b -> Node 1
[    0.000000] SRAT: PXM 1 -> APIC 0x2c -> Node 1
[    0.000000] SRAT: PXM 1 -> APIC 0x2d -> Node 1
[    0.000000] SRAT: PXM 1 -> APIC 0x2e -> Node 1
[    0.000000] SRAT: PXM 1 -> APIC 0x2f -> Node 1
[    0.000000] SRAT: PXM 2 -> APIC 0x40 -> Node 2
[    0.000000] SRAT: PXM 2 -> APIC 0x41 -> Node 2
[    0.000000] SRAT: PXM 2 -> APIC 0x42 -> Node 2
[    0.000000] SRAT: PXM 2 -> APIC 0x43 -> Node 2
[    0.000000] SRAT: PXM 2 -> APIC 0x44 -> Node 2
[    0.000000] SRAT: PXM 2 -> APIC 0x45 -> Node 2
[    0.000000] SRAT: PXM 2 -> APIC 0x46 -> Node 2
[    0.000000] SRAT: PXM 2 -> APIC 0x47 -> Node 2
[    0.000000] SRAT: PXM 2 -> APIC 0x48 -> Node 2
[    0.000000] SRAT: PXM 2 -> APIC 0x49 -> Node 2
[    0.000000] SRAT: PXM 2 -> APIC 0x4a -> Node 2
[    0.000000] SRAT: PXM 2 -> APIC 0x4b -> Node 2
[    0.000000] SRAT: PXM 2 -> APIC 0x4c -> Node 2
[    0.000000] SRAT: PXM 2 -> APIC 0x4d -> Node 2
[    0.000000] SRAT: PXM 2 -> APIC 0x4e -> Node 2
[    0.000000] SRAT: PXM 2 -> APIC 0x4f -> Node 2
[    0.000000] SRAT: PXM 3 -> APIC 0x60 -> Node 3
[    0.000000] SRAT: PXM 3 -> APIC 0x61 -> Node 3
[    0.000000] SRAT: PXM 3 -> APIC 0x62 -> Node 3
[    0.000000] SRAT: PXM 3 -> APIC 0x63 -> Node 3
[    0.000000] SRAT: PXM 3 -> APIC 0x64 -> Node 3
[    0.000000] SRAT: PXM 3 -> APIC 0x65 -> Node 3
[    0.000000] SRAT: PXM 3 -> APIC 0x66 -> Node 3
[    0.000000] SRAT: PXM 3 -> APIC 0x67 -> Node 3
[    0.000000] SRAT: PXM 3 -> APIC 0x68 -> Node 3
[    0.000000] SRAT: PXM 3 -> APIC 0x69 -> Node 3
[    0.000000] SRAT: PXM 3 -> APIC 0x6a -> Node 3
[    0.000000] SRAT: PXM 3 -> APIC 0x6b -> Node 3
[    0.000000] SRAT: PXM 3 -> APIC 0x6c -> Node 3
[    0.000000] SRAT: PXM 3 -> APIC 0x6d -> Node 3
[    0.000000] SRAT: PXM 3 -> APIC 0x6e -> Node 3
[    0.000000] SRAT: PXM 3 -> APIC 0x6f -> Node 3
[    0.000000] SRAT: Node 0 PXM 0 [mem 0x00000000-0x7fffffff]
[    0.000000] SRAT: Node 0 PXM 0 [mem 0x100000000-0x107fffffff]
[    0.000000] SRAT: Node 1 PXM 1 [mem 0x1080000000-0x207fffffff]
[    0.000000] SRAT: Node 2 PXM 2 [mem 0x2080000000-0x307fffffff]
[    0.000000] SRAT: Node 3 PXM 3 [mem 0x3080000000-0x407fffffff]
[    0.000000] NUMA: Initialized distance table, cnt=4
[    0.000000] NUMA: Node 0 [mem 0x00000000-0x7fffffff] + [mem 0x100000000-0x107fffffff] -> [mem 0x00000000-0x107fffffff]
[    0.000000] NODE_DATA(0) allocated [mem 0x107fffc000-0x107fffffff]
[    0.000000] NODE_DATA(1) allocated [mem 0x207fffc000-0x207fffffff]
[    0.000000] NODE_DATA(2) allocated [mem 0x307fffc000-0x307fffffff]
[    0.000000] NODE_DATA(3) allocated [mem 0x407fff9000-0x407fffcfff]
[    0.000000] Zone ranges:
[    0.000000]   DMA      [mem 0x0000000000001000-0x0000000000ffffff]
[    0.000000]   DMA32    [mem 0x0000000001000000-0x00000000ffffffff]
[    0.000000]   Normal   [mem 0x0000000100000000-0x000000407fffffff]
[    0.000000] Movable zone start for each node
[    0.000000] Early memory node ranges
[    0.000000]   node   0: [mem 0x0000000000001000-0x000000000009afff]
[    0.000000]   node   0: [mem 0x0000000000100000-0x000000007e00bfff]
[    0.000000]   node   0: [mem 0x0000000100000000-0x000000107fffffff]
[    0.000000]   node   1: [mem 0x0000001080000000-0x000000207fffffff]
[    0.000000]   node   2: [mem 0x0000002080000000-0x000000307fffffff]
[    0.000000]   node   3: [mem 0x0000003080000000-0x000000407fffffff]
[    0.000000] Initmem setup node 0 [mem 0x0000000000001000-0x000000107fffffff]
[    0.000000] On node 0 totalpages: 16768934
[    0.000000]   DMA zone: 64 pages used for memmap
[    0.000000]   DMA zone: 21 pages reserved
[    0.000000]   DMA zone: 3994 pages, LIFO batch:0
[    0.000000]   DMA32 zone: 8001 pages used for memmap
[    0.000000]   DMA32 zone: 512012 pages, LIFO batch:31
[    0.000000]   Normal zone: 253952 pages used for memmap
[    0.000000]   Normal zone: 16252928 pages, LIFO batch:31
[    0.000000] Initmem setup node 1 [mem 0x0000001080000000-0x000000207fffffff]
[    0.000000] On node 1 totalpages: 16777216
[    0.000000]   Normal zone: 262144 pages used for memmap
[    0.000000]   Normal zone: 16777216 pages, LIFO batch:31
[    0.000000] Initmem setup node 2 [mem 0x0000002080000000-0x000000307fffffff]
[    0.000000] On node 2 totalpages: 16777216
[    0.000000]   Normal zone: 262144 pages used for memmap
[    0.000000]   Normal zone: 16777216 pages, LIFO batch:31
[    0.000000] Initmem setup node 3 [mem 0x0000003080000000-0x000000407fffffff]
[    0.000000] On node 3 totalpages: 16777216
[    0.000000]   Normal zone: 262144 pages used for memmap
[    0.000000]   Normal zone: 16777216 pages, LIFO batch:31
[    0.000000] ACPI: PM-Timer IO Port: 0x408
[    0.000000] ACPI: Local APIC address 0xfee00000
[    0.000000] ACPI: LAPIC_NMI (acpi_id[0x00] high edge lint[0x1])
[    0.000000] ACPI: LAPIC_NMI (acpi_id[0x02] high edge lint[0x1])
[    0.000000] ACPI: LAPIC_NMI (acpi_id[0x04] high edge lint[0x1])
[    0.000000] ACPI: LAPIC_NMI (acpi_id[0x06] high edge lint[0x1])
[    0.000000] ACPI: LAPIC_NMI (acpi_id[0x08] high edge lint[0x1])
[    0.000000] ACPI: LAPIC_NMI (acpi_id[0x0a] high edge lint[0x1])
[    0.000000] ACPI: LAPIC_NMI (acpi_id[0x0c] high edge lint[0x1])
[    0.000000] ACPI: LAPIC_NMI (acpi_id[0x0e] high edge lint[0x1])
[    0.000000] ACPI: LAPIC_NMI (acpi_id[0x10] high edge lint[0x1])
[    0.000000] ACPI: LAPIC_NMI (acpi_id[0x12] high edge lint[0x1])
[    0.000000] ACPI: LAPIC_NMI (acpi_id[0x14] high edge lint[0x1])
[    0.000000] ACPI: LAPIC_NMI (acpi_id[0x16] high edge lint[0x1])
[    0.000000] ACPI: LAPIC_NMI (acpi_id[0x18] high edge lint[0x1])
[    0.000000] ACPI: LAPIC_NMI (acpi_id[0x1a] high edge lint[0x1])
[    0.000000] ACPI: LAPIC_NMI (acpi_id[0x1c] high edge lint[0x1])
[    0.000000] ACPI: LAPIC_NMI (acpi_id[0x1e] high edge lint[0x1])
[    0.000000] ACPI: LAPIC_NMI (acpi_id[0x20] high edge lint[0x1])
[    0.000000] ACPI: LAPIC_NMI (acpi_id[0x22] high edge lint[0x1])
[    0.000000] ACPI: LAPIC_NMI (acpi_id[0x24] high edge lint[0x1])
[    0.000000] ACPI: LAPIC_NMI (acpi_id[0x26] high edge lint[0x1])
[    0.000000] ACPI: LAPIC_NMI (acpi_id[0x28] high edge lint[0x1])
[    0.000000] ACPI: LAPIC_NMI (acpi_id[0x2a] high edge lint[0x1])
[    0.000000] ACPI: LAPIC_NMI (acpi_id[0x2c] high edge lint[0x1])
[    0.000000] ACPI: LAPIC_NMI (acpi_id[0x2e] high edge lint[0x1])
[    0.000000] ACPI: LAPIC_NMI (acpi_id[0x30] high edge lint[0x1])
[    0.000000] ACPI: LAPIC_NMI (acpi_id[0x32] high edge lint[0x1])
[    0.000000] ACPI: LAPIC_NMI (acpi_id[0x34] high edge lint[0x1])
[    0.000000] ACPI: LAPIC_NMI (acpi_id[0x36] high edge lint[0x1])
[    0.000000] ACPI: LAPIC_NMI (acpi_id[0x38] high edge lint[0x1])
[    0.000000] ACPI: LAPIC_NMI (acpi_id[0x3a] high edge lint[0x1])
[    0.000000] ACPI: LAPIC_NMI (acpi_id[0x3c] high edge lint[0x1])
[    0.000000] ACPI: LAPIC_NMI (acpi_id[0x3e] high edge lint[0x1])
[    0.000000] ACPI: LAPIC_NMI (acpi_id[0x01] high edge lint[0x1])
[    0.000000] ACPI: LAPIC_NMI (acpi_id[0x03] high edge lint[0x1])
[    0.000000] ACPI: LAPIC_NMI (acpi_id[0x05] high edge lint[0x1])
[    0.000000] ACPI: LAPIC_NMI (acpi_id[0x07] high edge lint[0x1])
[    0.000000] ACPI: LAPIC_NMI (acpi_id[0x09] high edge lint[0x1])
[    0.000000] ACPI: LAPIC_NMI (acpi_id[0x0b] high edge lint[0x1])
[    0.000000] ACPI: LAPIC_NMI (acpi_id[0x0d] high edge lint[0x1])
[    0.000000] ACPI: LAPIC_NMI (acpi_id[0x0f] high edge lint[0x1])
[    0.000000] ACPI: LAPIC_NMI (acpi_id[0x11] high edge lint[0x1])
[    0.000000] ACPI: LAPIC_NMI (acpi_id[0x13] high edge lint[0x1])
[    0.000000] ACPI: LAPIC_NMI (acpi_id[0x15] high edge lint[0x1])
[    0.000000] ACPI: LAPIC_NMI (acpi_id[0x17] high edge lint[0x1])
[    0.000000] ACPI: LAPIC_NMI (acpi_id[0x19] high edge lint[0x1])
[    0.000000] ACPI: LAPIC_NMI (acpi_id[0x1b] high edge lint[0x1])
[    0.000000] ACPI: LAPIC_NMI (acpi_id[0x1d] high edge lint[0x1])
[    0.000000] ACPI: LAPIC_NMI (acpi_id[0x1f] high edge lint[0x1])
[    0.000000] ACPI: LAPIC_NMI (acpi_id[0x21] high edge lint[0x1])
[    0.000000] ACPI: LAPIC_NMI (acpi_id[0x23] high edge lint[0x1])
[    0.000000] ACPI: LAPIC_NMI (acpi_id[0x25] high edge lint[0x1])
[    0.000000] ACPI: LAPIC_NMI (acpi_id[0x27] high edge lint[0x1])
[    0.000000] ACPI: LAPIC_NMI (acpi_id[0x29] high edge lint[0x1])
[    0.000000] ACPI: LAPIC_NMI (acpi_id[0x2b] high edge lint[0x1])
[    0.000000] ACPI: LAPIC_NMI (acpi_id[0x2d] high edge lint[0x1])
[    0.000000] ACPI: LAPIC_NMI (acpi_id[0x2f] high edge lint[0x1])
[    0.000000] ACPI: LAPIC_NMI (acpi_id[0x31] high edge lint[0x1])
[    0.000000] ACPI: LAPIC_NMI (acpi_id[0x33] high edge lint[0x1])
[    0.000000] ACPI: LAPIC_NMI (acpi_id[0x35] high edge lint[0x1])
[    0.000000] ACPI: LAPIC_NMI (acpi_id[0x37] high edge lint[0x1])
[    0.000000] ACPI: LAPIC_NMI (acpi_id[0x39] high edge lint[0x1])
[    0.000000] ACPI: LAPIC_NMI (acpi_id[0x3b] high edge lint[0x1])
[    0.000000] ACPI: LAPIC_NMI (acpi_id[0x3d] high edge lint[0x1])
[    0.000000] ACPI: LAPIC_NMI (acpi_id[0x3f] high edge lint[0x1])
[    0.000000] IOAPIC[0]: apic_id 0, version 32, address 0xfec00000, GSI 0-23
[    0.000000] IOAPIC[1]: apic_id 2, version 32, address 0xfec01000, GSI 24-47
[    0.000000] IOAPIC[2]: apic_id 3, version 32, address 0xfec40000, GSI 48-71
[    0.000000] IOAPIC[3]: apic_id 4, version 32, address 0xfec80000, GSI 72-95
[    0.000000] IOAPIC[4]: apic_id 5, version 32, address 0xfecc0000, GSI 96-119
[    0.000000] ACPI: INT_SRC_OVR (bus 0 bus_irq 0 global_irq 2 dfl dfl)
[    0.000000] ACPI: INT_SRC_OVR (bus 0 bus_irq 9 global_irq 9 high level)
[    0.000000] ACPI: IRQ0 used by override.
[    0.000000] ACPI: IRQ9 used by override.
[    0.000000] Using ACPI (MADT) for SMP configuration information
[    0.000000] ACPI: HPET id: 0x8086a701 base: 0xfed00000
[    0.000000] smpboot: Allowing 64 CPUs, 0 hotplug CPUs
[    0.000000] PM: Registered nosave memory: [mem 0x00000000-0x00000fff]
[    0.000000] PM: Registered nosave memory: [mem 0x0009b000-0x0009ffff]
[    0.000000] PM: Registered nosave memory: [mem 0x000a0000-0x000dffff]
[    0.000000] PM: Registered nosave memory: [mem 0x000e0000-0x000fffff]
[    0.000000] PM: Registered nosave memory: [mem 0x7e00c000-0x7e048fff]
[    0.000000] PM: Registered nosave memory: [mem 0x7e049000-0x7e348fff]
[    0.000000] PM: Registered nosave memory: [mem 0x7e349000-0x7f334fff]
[    0.000000] PM: Registered nosave memory: [mem 0x7f335000-0x7f7fffff]
[    0.000000] PM: Registered nosave memory: [mem 0x7f800000-0x7fffffff]
[    0.000000] PM: Registered nosave memory: [mem 0x80000000-0x8fffffff]
[    0.000000] PM: Registered nosave memory: [mem 0x90000000-0xfed1bfff]
[    0.000000] PM: Registered nosave memory: [mem 0xfed1c000-0xfed3ffff]
[    0.000000] PM: Registered nosave memory: [mem 0xfed40000-0xfeffffff]
[    0.000000] PM: Registered nosave memory: [mem 0xff000000-0xffffffff]
[    0.000000] e820: [mem 0x90000000-0xfed1bfff] available for PCI devices
[    0.000000] Booting paravirtualized kernel on bare hardware
[    0.000000] clocksource: refined-jiffies: mask: 0xffffffff max_cycles: 0xffffffff, max_idle_ns: 7645519600211568 ns
[    0.000000] setup_percpu: NR_CPUS:256 nr_cpumask_bits:256 nr_cpu_ids:64 nr_node_ids:4
[    0.000000] PERCPU: Embedded 33 pages/cpu @ffff88103fa00000 s97432 r8192 d29544 u262144
[    0.000000] pcpu-alloc: s97432 r8192 d29544 u262144 alloc=1*2097152
[    0.000000] pcpu-alloc: [0] 00 01 02 03 04 05 06 07 [0] 32 33 34 35 36 37 38 39 
[    0.000000] pcpu-alloc: [1] 08 09 10 11 12 13 14 15 [1] 40 41 42 43 44 45 46 47 
[    0.000000] pcpu-alloc: [2] 16 17 18 19 20 21 22 23 [2] 48 49 50 51 52 53 54 55 
[    0.000000] pcpu-alloc: [3] 24 25 26 27 28 29 30 31 [3] 56 57 58 59 60 61 62 63 
[    0.000000] Built 4 zonelists in Node order, mobility grouping on.  Total pages: 66052112
[    0.000000] Policy zone: Normal
[    0.000000] Kernel command line: BOOT_IMAGE=/boot/vmlinuz-4.5.5 root=UUID=7c9bb05c-372c-44bd-9ac8-6e53160d10e4 ro
[    0.000000] log_buf_len individual max cpu contribution: 4096 bytes
[    0.000000] log_buf_len total cpu_extra contributions: 258048 bytes
[    0.000000] log_buf_len min size: 262144 bytes
[    0.000000] log_buf_len: 524288 bytes
[    0.000000] early log buf free: 241664(92%)
[    0.000000] PID hash table entries: 4096 (order: 3, 32768 bytes)
[    0.000000] Calgary: detecting Calgary via BIOS EBDA area
[    0.000000] Calgary: Unable to locate Rio Grande table in EBDA - bailing!
[    0.000000] Memory: 264112936K/268402328K available (8159K kernel code, 1275K rwdata, 3924K rodata, 1476K init, 1292K bss, 4289392K reserved, 0K cma-reserved)
[    0.000000] SLUB: HWalign=64, Order=0-3, MinObjects=0, CPUs=64, Nodes=4
[    0.000000] Hierarchical RCU implementation.
[    0.000000] 	Build-time adjustment of leaf fanout to 64.
[    0.000000] 	RCU restricting CPUs from NR_CPUS=256 to nr_cpu_ids=64.
[    0.000000] RCU: Adjusting geometry for rcu_fanout_leaf=64, nr_cpu_ids=64
[    0.000000] NR_IRQS:16640 nr_irqs:2568 16
[    0.000000] Console: colour VGA+ 80x25
[    0.000000] console [tty0] enabled
[    0.000000] mempolicy: Enabling automatic NUMA balancing. Configure with numa_balancing= or the kernel.numa_balancing sysctl
[    0.000000] clocksource: hpet: mask: 0xffffffff max_cycles: 0xffffffff, max_idle_ns: 133484882848 ns
[    0.000000] hpet clockevent registered
[    0.000000] tsc: Fast TSC calibration using PIT
[    0.000000] tsc: Detected 2200.141 MHz processor
[    0.000066] Calibrating delay loop (skipped), value calculated using timer frequency.. 4400.28 BogoMIPS (lpj=8800564)
[    0.000186] pid_max: default: 65536 minimum: 512
[    0.000288] ACPI: Core revision 20160108
[    0.034771] ACPI: 2 ACPI AML tables successfully acquired and loaded
[    0.034868] 
[    0.035076] Security Framework initialized
[    0.035134] Yama: becoming mindful.
[    0.035199] AppArmor: AppArmor initialized
[    0.056768] Dentry cache hash table entries: 33554432 (order: 16, 268435456 bytes)
[    0.146710] Inode-cache hash table entries: 16777216 (order: 15, 134217728 bytes)
[    0.185197] Mount-cache hash table entries: 524288 (order: 10, 4194304 bytes)
[    0.185616] Mountpoint-cache hash table entries: 524288 (order: 10, 4194304 bytes)
[    0.188418] CPU: Physical Processor ID: 0
[    0.188489] CPU: Processor Core ID: 0
[    0.188552] mce: CPU supports 20 MCE banks
[    0.188641] CPU0: Thermal monitoring enabled (TM1)
[    0.188717] process: using mwait in idle threads
[    0.188777] Last level iTLB entries: 4KB 512, 2MB 8, 4MB 8
[    0.188836] Last level dTLB entries: 4KB 512, 2MB 32, 4MB 32, 1GB 0
[    0.189396] Freeing SMP alternatives memory: 28K (ffffffff81eb1000 - ffffffff81eb8000)
[    0.197743] ftrace: allocating 31192 entries in 122 pages
[    0.215227] DMAR: Host address width 46
[    0.215285] DMAR: DRHD base: 0x000000fbffe000 flags: 0x0
[    0.215356] DMAR: dmar0: reg_base_addr fbffe000 ver 1:0 cap d2078c106f0462 ecap f020ff
[    0.215433] DMAR: DRHD base: 0x000000e7ffe000 flags: 0x0
[    0.215497] DMAR: dmar1: reg_base_addr e7ffe000 ver 1:0 cap d2078c106f0462 ecap f020ff
[    0.215574] DMAR: DRHD base: 0x000000d3ffe000 flags: 0x0
[    0.215637] DMAR: dmar2: reg_base_addr d3ffe000 ver 1:0 cap d2078c106f0462 ecap f020ff
[    0.215714] DMAR: DRHD base: 0x000000bbffc000 flags: 0x1
[    0.215777] DMAR: dmar3: reg_base_addr bbffc000 ver 1:0 cap d2078c106f0462 ecap f020ff
[    0.215856] DMAR: RMRR base: 0x0000007e01f000 end: 0x0000007e02bfff
[    0.215917] DMAR: ATSR flags: 0x0
[    0.215973] DMAR: RHSA base: 0x000000fbffe000 proximity domain: 0x3
[    0.216033] DMAR: RHSA base: 0x000000e7ffe000 proximity domain: 0x2
[    0.216094] DMAR: RHSA base: 0x000000d3ffe000 proximity domain: 0x1
[    0.216153] DMAR: RHSA base: 0x000000bbffc000 proximity domain: 0x0
[    0.216215] DMAR-IR: IOAPIC id 3 under DRHD base  0xd3ffe000 IOMMU 2
[    0.216276] DMAR-IR: IOAPIC id 4 under DRHD base  0xe7ffe000 IOMMU 1
[    0.216337] DMAR-IR: IOAPIC id 5 under DRHD base  0xfbffe000 IOMMU 0
[    0.216398] DMAR-IR: IOAPIC id 0 under DRHD base  0xbbffc000 IOMMU 3
[    0.216470] DMAR-IR: IOAPIC id 2 under DRHD base  0xbbffc000 IOMMU 3
[    0.216531] DMAR-IR: HPET id 0 under DRHD base 0xbbffc000
[    0.216591] DMAR-IR: Queued invalidation will be enabled to support x2apic and Intr-remapping.
[    0.219037] DMAR-IR: Enabled IRQ remapping in x2apic mode
[    0.219096] x2apic enabled
[    0.219154] Switched APIC routing to cluster x2apic.
[    0.220217] ..TIMER: vector=0x30 apic1=0 pin1=2 apic2=-1 pin2=-1
[    0.259965] TSC deadline timer enabled
[    0.259976] smpboot: CPU0: Intel(R) Xeon(R) CPU E5-4620 0 @ 2.20GHz (family: 0x6, model: 0x2d, stepping: 0x7)
[    0.260202] Performance Events: PEBS fmt1+, 16-deep LBR, SandyBridge events, full-width counters, Intel PMU driver.
[    0.260482] ... version:                3
[    0.260539] ... bit width:              48
[    0.260595] ... generic registers:      4
[    0.260651] ... value mask:             0000ffffffffffff
[    0.260709] ... max period:             0000ffffffffffff
[    0.260768] ... fixed-purpose events:   3
[    0.260824] ... event mask:             000000070000000f
[    0.262547] x86: Booting SMP configuration:
[    0.262604] .... node  #0, CPUs:        #1
[    0.271057] NMI watchdog: enabled on all CPUs, permanently consumes one hw-PMU counter.
[    0.271341]   #2  #3  #4  #5  #6  #7
[    0.291307] .... node  #1, CPUs:    #8  #9 #10 #11 #12 #13 #14 #15
[    0.414129] .... node  #2, CPUs:   #16 #17 #18 #19 #20 #21 #22 #23
[    0.538538] .... node  #3, CPUs:   #24 #25 #26 #27 #28 #29 #30 #31
[    0.658356] .... node  #0, CPUs:   #32 #33 #34 #35 #36 #37 #38 #39
[    0.683757] .... node  #1, CPUs:   #40 #41 #42 #43 #44 #45 #46 #47
[    0.710182] .... node  #2, CPUs:   #48 #49 #50 #51 #52 #53 #54 #55
[    0.738731] .... node  #3, CPUs:   #56 #57 #58 #59 #60 #61 #62 #63
[    0.765593] x86: Booted up 4 nodes, 64 CPUs
[    0.765710] smpboot: Total of 64 processors activated (281747.65 BogoMIPS)
[    0.961901] devtmpfs: initialized
[    0.962062] Using 2GB memory block size for large-memory system
[    0.965794] evm: security.selinux
[    0.968598] evm: security.SMACK64
[    0.968653] evm: security.SMACK64EXEC
[    0.968708] evm: security.SMACK64TRANSMUTE
[    0.968771] evm: security.SMACK64MMAP
[    0.968826] evm: security.ima
[    0.968881] evm: security.capability
[    0.969162] PM: Registering ACPI NVS region [mem 0x7e049000-0x7e348fff] (3145728 bytes)
[    0.969287] PM: Registering ACPI NVS region [mem 0x7f335000-0x7f7fffff] (5025792 bytes)
[    0.969852] clocksource: jiffies: mask: 0xffffffff max_cycles: 0xffffffff, max_idle_ns: 7645041785100000 ns
[    0.970494] pinctrl core: initialized pinctrl subsystem
[    0.970730] RTC time: 19:04:59, date: 05/27/16
[    0.972411] NET: Registered protocol family 16
[    0.996649] cpuidle: using governor ladder
[    1.016665] cpuidle: using governor menu
[    1.016747] PCCT header not found.
[    1.016938] ACPI FADT declares the system doesn't support PCIe ASPM, so disable it
[    1.017015] ACPI: bus type PCI registered
[    1.017072] acpiphp: ACPI Hot Plug PCI Controller Driver version: 0.5
[    1.017288] PCI: MMCONFIG for domain 0000 [bus 00-ff] at [mem 0x80000000-0x8fffffff] (base 0x80000000)
[    1.017370] PCI: MMCONFIG at [mem 0x80000000-0x8fffffff] reserved in E820
[    1.017464] PCI: Using configuration type 1 for base access
[    1.019672] perf_event_intel: PMU erratum BJ122, BV98, HSD29 worked around, HT is on
[    1.032983] HugeTLB registered 1 GB page size, pre-allocated 0 pages
[    1.033044] HugeTLB registered 2 MB page size, pre-allocated 0 pages
[    1.034795] ACPI: Added _OSI(Module Device)
[    1.034853] ACPI: Added _OSI(Processor Device)
[    1.034910] ACPI: Added _OSI(3.0 _SCP Extensions)
[    1.034967] ACPI: Added _OSI(Processor Aggregator Device)
[    1.040276] ACPI: Executed 1 blocks of module-level executable AML code
[    1.162276] ACPI: Interpreter enabled
[    1.162355] ACPI: (supports S0 S1 S4 S5)
[    1.162412] ACPI: Using IOAPIC for interrupt routing
[    1.162535] HEST: Table parsing has been initialized.
[    1.162602] PCI: Using host bridge windows from ACPI; if necessary, use "pci=nocrs" and report a bug
[    1.164086] [Firmware Bug]: ACPI: BIOS _OSI(Linux) query ignored
[    1.175801] ACPI: PCI Root Bridge [PCI0] (domain 0000 [bus 00-3e])
[    1.175868] acpi PNP0A08:00: _OSC: OS supports [ExtendedConfig ASPM ClockPM Segments MSI]
[    1.176088] acpi PNP0A08:00: _OSC: platform does not support [AER]
[    1.176282] acpi PNP0A08:00: _OSC: OS now controls [PCIeHotplug PME PCIeCapability]
[    1.176365] acpi PNP0A08:00: FADT indicates ASPM is unsupported, using BIOS configuration
[    1.176715] PCI host bridge to bus 0000:00
[    1.176774] pci_bus 0000:00: root bus resource [io  0x0000-0x03af window]
[    1.176836] pci_bus 0000:00: root bus resource [io  0x03e0-0x0cf7 window]
[    1.176898] pci_bus 0000:00: root bus resource [io  0x03b0-0x03df window]
[    1.176960] pci_bus 0000:00: root bus resource [io  0x0d00-0x7fff window]
[    1.177022] pci_bus 0000:00: root bus resource [mem 0x000a0000-0x000bffff window]
[    1.177098] pci_bus 0000:00: root bus resource [mem 0x000c0000-0x000dffff window]
[    1.177176] pci_bus 0000:00: root bus resource [mem 0xfed0e000-0xfed0ffff window]
[    1.177252] pci_bus 0000:00: root bus resource [mem 0x80000000-0xbbffffff window]
[    1.177329] pci_bus 0000:00: root bus resource [bus 00-3e]
[    1.177401] pci 0000:00:00.0: [8086:3c00] type 00 class 0x060000
[    1.177469] pci 0000:00:00.0: PME# supported from D0 D3hot D3cold
[    1.177566] pci 0000:00:01.0: [8086:3c02] type 01 class 0x060400
[    1.177638] pci 0000:00:01.0: PME# supported from D0 D3hot D3cold
[    1.177740] pci 0000:00:02.0: [8086:3c04] type 01 class 0x060400
[    1.177814] pci 0000:00:02.0: PME# supported from D0 D3hot D3cold
[    1.177867] pci 0000:00:02.0: System wakeup disabled by ACPI
[    1.177975] pci 0000:00:02.2: [8086:3c06] type 01 class 0x060400
[    1.178047] pci 0000:00:02.2: PME# supported from D0 D3hot D3cold
[    1.178099] pci 0000:00:02.2: System wakeup disabled by ACPI
[    1.178206] pci 0000:00:03.0: [8086:3c08] type 01 class 0x060400
[    1.178278] pci 0000:00:03.0: PME# supported from D0 D3hot D3cold
[    1.178329] pci 0000:00:03.0: System wakeup disabled by ACPI
[    1.178435] pci 0000:00:04.0: [8086:3c20] type 00 class 0x088000
[    1.178451] pci 0000:00:04.0: reg 0x10: [mem 0xba11c000-0xba11ffff 64bit]
[    1.178586] pci 0000:00:04.1: [8086:3c21] type 00 class 0x088000
[    1.178602] pci 0000:00:04.1: reg 0x10: [mem 0xba118000-0xba11bfff 64bit]
[    1.178741] pci 0000:00:04.2: [8086:3c22] type 00 class 0x088000
[    1.178757] pci 0000:00:04.2: reg 0x10: [mem 0xba114000-0xba117fff 64bit]
[    1.178887] pci 0000:00:04.3: [8086:3c23] type 00 class 0x088000
[    1.178902] pci 0000:00:04.3: reg 0x10: [mem 0xba110000-0xba113fff 64bit]
[    1.179031] pci 0000:00:04.4: [8086:3c24] type 00 class 0x088000
[    1.179047] pci 0000:00:04.4: reg 0x10: [mem 0xba10c000-0xba10ffff 64bit]
[    1.179175] pci 0000:00:04.5: [8086:3c25] type 00 class 0x088000
[    1.179190] pci 0000:00:04.5: reg 0x10: [mem 0xba108000-0xba10bfff 64bit]
[    1.179319] pci 0000:00:04.6: [8086:3c26] type 00 class 0x088000
[    1.179334] pci 0000:00:04.6: reg 0x10: [mem 0xba104000-0xba107fff 64bit]
[    1.179462] pci 0000:00:04.7: [8086:3c27] type 00 class 0x088000
[    1.179478] pci 0000:00:04.7: reg 0x10: [mem 0xba100000-0xba103fff 64bit]
[    1.179606] pci 0000:00:05.0: [8086:3c28] type 00 class 0x088000
[    1.179727] pci 0000:00:05.2: [8086:3c2a] type 00 class 0x088000
[    1.179847] pci 0000:00:05.4: [8086:3c2c] type 00 class 0x080020
[    1.179859] pci 0000:00:05.4: reg 0x10: [mem 0xba126000-0xba126fff]
[    1.179991] pci 0000:00:11.0: [8086:1d3e] type 01 class 0x060400
[    1.180086] pci 0000:00:11.0: PME# supported from D0 D3hot D3cold
[    1.180184] pci 0000:00:16.0: [8086:1d3a] type 00 class 0x078000
[    1.180202] pci 0000:00:16.0: reg 0x10: [mem 0xfed0e000-0xfed0e00f 64bit]
[    1.180267] pci 0000:00:16.0: PME# supported from D0 D3hot D3cold
[    1.180344] pci 0000:00:16.1: [8086:1d3b] type 00 class 0x078000
[    1.180363] pci 0000:00:16.1: reg 0x10: [mem 0xfed0f000-0xfed0f00f 64bit]
[    1.180427] pci 0000:00:16.1: PME# supported from D0 D3hot D3cold
[    1.180516] pci 0000:00:1a.0: [8086:1d2d] type 00 class 0x0c0320
[    1.180533] pci 0000:00:1a.0: reg 0x10: [mem 0xba124000-0xba1243ff]
[    1.180619] pci 0000:00:1a.0: PME# supported from D0 D3hot D3cold
[    1.180660] pci 0000:00:1a.0: System wakeup disabled by ACPI
[    1.180767] pci 0000:00:1d.0: [8086:1d26] type 00 class 0x0c0320
[    1.180784] pci 0000:00:1d.0: reg 0x10: [mem 0xba123000-0xba1233ff]
[    1.180870] pci 0000:00:1d.0: PME# supported from D0 D3hot D3cold
[    1.180911] pci 0000:00:1d.0: System wakeup disabled by ACPI
[    1.181009] pci 0000:00:1e.0: [8086:244e] type 01 class 0x060401
[    1.181091] pci 0000:00:1e.0: System wakeup disabled by ACPI
[    1.181199] pci 0000:00:1f.0: [8086:1d41] type 00 class 0x060100
[    1.181377] pci 0000:00:1f.2: [8086:1d02] type 00 class 0x010601
[    1.181392] pci 0000:00:1f.2: reg 0x10: [io  0x7070-0x7077]
[    1.181400] pci 0000:00:1f.2: reg 0x14: [io  0x7060-0x7063]
[    1.181408] pci 0000:00:1f.2: reg 0x18: [io  0x7050-0x7057]
[    1.181416] pci 0000:00:1f.2: reg 0x1c: [io  0x7040-0x7043]
[    1.181424] pci 0000:00:1f.2: reg 0x20: [io  0x7020-0x703f]
[    1.181432] pci 0000:00:1f.2: reg 0x24: [mem 0xba122000-0xba1227ff]
[    1.181474] pci 0000:00:1f.2: PME# supported from D3hot
[    1.181551] pci 0000:00:1f.3: [8086:1d22] type 00 class 0x0c0500
[    1.181567] pci 0000:00:1f.3: reg 0x10: [mem 0xba121000-0xba1210ff 64bit]
[    1.181588] pci 0000:00:1f.3: reg 0x20: [io  0x7000-0x701f]
[    1.181681] pci 0000:00:1f.6: [8086:1d24] type 00 class 0x118000
[    1.181701] pci 0000:00:1f.6: reg 0x10: [mem 0xba120000-0xba120fff 64bit]
[    1.181878] pci 0000:00:01.0: PCI bridge to [bus 01]
[    1.181989] pci 0000:00:02.0: PCI bridge to [bus 02]
[    1.182116] pci 0000:03:00.0: [8086:1521] type 00 class 0x020000
[    1.182134] pci 0000:03:00.0: reg 0x10: [mem 0xbb320000-0xbb33ffff]
[    1.182147] pci 0000:03:00.0: reg 0x18: [io  0x6020-0x603f]
[    1.182155] pci 0000:03:00.0: reg 0x1c: [mem 0xbb3c4000-0xbb3c7fff]
[    1.182227] pci 0000:03:00.0: PME# supported from D0 D3hot D3cold
[    1.182252] pci 0000:03:00.0: reg 0x184: [mem 0xbb3a0000-0xbb3a3fff]
[    1.182254] pci 0000:03:00.0: VF(n) BAR0 space: [mem 0xbb3a0000-0xbb3bffff] (contains BAR0 for 8 VFs)
[    1.182349] pci 0000:03:00.0: reg 0x190: [mem 0xbb380000-0xbb383fff]
[    1.182351] pci 0000:03:00.0: VF(n) BAR3 space: [mem 0xbb380000-0xbb39ffff] (contains BAR3 for 8 VFs)
[    1.182527] pci 0000:03:00.1: [8086:1521] type 00 class 0x020000
[    1.182539] pci 0000:03:00.1: reg 0x10: [mem 0xbb300000-0xbb31ffff]
[    1.182553] pci 0000:03:00.1: reg 0x18: [io  0x6000-0x601f]
[    1.182562] pci 0000:03:00.1: reg 0x1c: [mem 0xbb3c0000-0xbb3c3fff]
[    1.182635] pci 0000:03:00.1: PME# supported from D0 D3hot D3cold
[    1.182654] pci 0000:03:00.1: reg 0x184: [mem 0xbb360000-0xbb363fff]
[    1.182657] pci 0000:03:00.1: VF(n) BAR0 space: [mem 0xbb360000-0xbb37ffff] (contains BAR0 for 8 VFs)
[    1.182751] pci 0000:03:00.1: reg 0x190: [mem 0xbb340000-0xbb343fff]
[    1.182754] pci 0000:03:00.1: VF(n) BAR3 space: [mem 0xbb340000-0xbb35ffff] (contains BAR3 for 8 VFs)
[    1.190662] pci 0000:00:02.2: PCI bridge to [bus 03-04]
[    1.190737] pci 0000:00:02.2:   bridge window [io  0x6000-0x6fff]
[    1.190741] pci 0000:00:02.2:   bridge window [mem 0xbb300000-0xbb3fffff]
[    1.190806] pci 0000:05:00.0: [10de:1028] type 00 class 0x030200
[    1.190817] pci 0000:05:00.0: reg 0x10: [mem 0xb9000000-0xb9ffffff]
[    1.190826] pci 0000:05:00.0: reg 0x14: [mem 0xa0000000-0xafffffff 64bit pref]
[    1.190836] pci 0000:05:00.0: reg 0x1c: [mem 0xb0000000-0xb1ffffff 64bit pref]
[    1.190847] pci 0000:05:00.0: reg 0x30: [mem 0xba000000-0xba07ffff pref]
[    1.198663] pci 0000:00:03.0: PCI bridge to [bus 05]
[    1.198739] pci 0000:00:03.0:   bridge window [mem 0xb9000000-0xba0fffff]
[    1.198744] pci 0000:00:03.0:   bridge window [mem 0xa0000000-0xb1ffffff 64bit pref]
[    1.198809] pci 0000:06:00.0: [8086:1d6b] type 00 class 0x010700
[    1.198831] pci 0000:06:00.0: reg 0x10: [mem 0xb447c000-0xb447ffff 64bit pref]
[    1.198846] pci 0000:06:00.0: reg 0x18: [mem 0xb4000000-0xb43fffff 64bit pref]
[    1.198857] pci 0000:06:00.0: reg 0x20: [io  0x5000-0x50ff]
[    1.198966] pci 0000:06:00.0: reg 0x164: [mem 0xb4400000-0xb4403fff 64bit pref]
[    1.198969] pci 0000:06:00.0: VF(n) BAR0 space: [mem 0xb4400000-0xb447bfff 64bit pref] (contains BAR0 for 31 VFs)
[    1.199251] pci 0000:00:11.0: PCI bridge to [bus 06]
[    1.199312] pci 0000:00:11.0:   bridge window [io  0x5000-0x5fff]
[    1.199317] pci 0000:00:11.0:   bridge window [mem 0xbb200000-0xbb2fffff]
[    1.199324] pci 0000:00:11.0:   bridge window [mem 0xb4000000-0xb44fffff 64bit pref]
[    1.199369] pci 0000:07:01.0: [102b:0532] type 00 class 0x030000
[    1.199384] pci 0000:07:01.0: reg 0x10: [mem 0xb3000000-0xb3ffffff pref]
[    1.199394] pci 0000:07:01.0: reg 0x14: [mem 0xbb000000-0xbb003fff]
[    1.199404] pci 0000:07:01.0: reg 0x18: [mem 0xba800000-0xbaffffff]
[    1.199538] pci 0000:00:1e.0: PCI bridge to [bus 07] (subtractive decode)
[    1.199603] pci 0000:00:1e.0:   bridge window [mem 0xba800000-0xbb0fffff]
[    1.199609] pci 0000:00:1e.0:   bridge window [mem 0xb3000000-0xb3ffffff 64bit pref]
[    1.199611] pci 0000:00:1e.0:   bridge window [io  0x0000-0x03af window] (subtractive decode)
[    1.199613] pci 0000:00:1e.0:   bridge window [io  0x03e0-0x0cf7 window] (subtractive decode)
[    1.199615] pci 0000:00:1e.0:   bridge window [io  0x03b0-0x03df window] (subtractive decode)
[    1.199617] pci 0000:00:1e.0:   bridge window [io  0x0d00-0x7fff window] (subtractive decode)
[    1.199619] pci 0000:00:1e.0:   bridge window [mem 0x000a0000-0x000bffff window] (subtractive decode)
[    1.199620] pci 0000:00:1e.0:   bridge window [mem 0x000c0000-0x000dffff window] (subtractive decode)
[    1.199622] pci 0000:00:1e.0:   bridge window [mem 0xfed0e000-0xfed0ffff window] (subtractive decode)
[    1.199624] pci 0000:00:1e.0:   bridge window [mem 0x80000000-0xbbffffff window] (subtractive decode)
[    1.199661] pci_bus 0000:00: on NUMA node 0
[    1.200271] ACPI: PCI Root Bridge [UNC0] (domain 0000 [bus 3f])
[    1.200334] acpi PNP0A03:00: _OSC: OS supports [ExtendedConfig ASPM ClockPM Segments MSI]
[    1.200415] acpi PNP0A03:00: _OSC failed (AE_NOT_FOUND); disabling ASPM
[    1.200541] PCI host bridge to bus 0000:3f
[    1.200599] pci_bus 0000:3f: root bus resource [bus 3f]
[    1.200665] pci 0000:3f:08.0: [8086:3c80] type 00 class 0x088000
[    1.200732] pci 0000:3f:08.3: [8086:3c83] type 00 class 0x088000
[    1.200804] pci 0000:3f:08.4: [8086:3c84] type 00 class 0x088000
[    1.200880] pci 0000:3f:09.0: [8086:3c90] type 00 class 0x088000
[    1.200949] pci 0000:3f:09.3: [8086:3c93] type 00 class 0x088000
[    1.201020] pci 0000:3f:09.4: [8086:3c94] type 00 class 0x088000
[    1.201101] pci 0000:3f:0a.0: [8086:3cc0] type 00 class 0x088000
[    1.201156] pci 0000:3f:0a.1: [8086:3cc1] type 00 class 0x088000
[    1.201211] pci 0000:3f:0a.2: [8086:3cc2] type 00 class 0x088000
[    1.201266] pci 0000:3f:0a.3: [8086:3cd0] type 00 class 0x088000
[    1.201321] pci 0000:3f:0b.0: [8086:3ce0] type 00 class 0x088000
[    1.201374] pci 0000:3f:0b.3: [8086:3ce3] type 00 class 0x088000
[    1.201427] pci 0000:3f:0c.0: [8086:3ce8] type 00 class 0x088000
[    1.201479] pci 0000:3f:0c.1: [8086:3ce8] type 00 class 0x088000
[    1.201530] pci 0000:3f:0c.2: [8086:3ce8] type 00 class 0x088000
[    1.201583] pci 0000:3f:0c.3: [8086:3ce8] type 00 class 0x088000
[    1.201639] pci 0000:3f:0c.6: [8086:3cf4] type 00 class 0x088000
[    1.201693] pci 0000:3f:0c.7: [8086:3cf6] type 00 class 0x088000
[    1.201745] pci 0000:3f:0d.0: [8086:3ce8] type 00 class 0x088000
[    1.201800] pci 0000:3f:0d.1: [8086:3ce8] type 00 class 0x088000
[    1.201853] pci 0000:3f:0d.2: [8086:3ce8] type 00 class 0x088000
[    1.201907] pci 0000:3f:0d.3: [8086:3ce8] type 00 class 0x088000
[    1.201962] pci 0000:3f:0d.6: [8086:3cf5] type 00 class 0x088000
[    1.202017] pci 0000:3f:0e.0: [8086:3ca0] type 00 class 0x088000
[    1.202076] pci 0000:3f:0e.1: [8086:3c46] type 00 class 0x110100
[    1.202140] pci 0000:3f:0f.0: [8086:3ca8] type 00 class 0x088000
[    1.202208] pci 0000:3f:0f.1: [8086:3c71] type 00 class 0x088000
[    1.202277] pci 0000:3f:0f.2: [8086:3caa] type 00 class 0x088000
[    1.202345] pci 0000:3f:0f.3: [8086:3cab] type 00 class 0x088000
[    1.202413] pci 0000:3f:0f.4: [8086:3cac] type 00 class 0x088000
[    1.202480] pci 0000:3f:0f.5: [8086:3cad] type 00 class 0x088000
[    1.202547] pci 0000:3f:0f.6: [8086:3cae] type 00 class 0x088000
[    1.202614] pci 0000:3f:10.0: [8086:3cb0] type 00 class 0x088000
[    1.202692] pci 0000:3f:10.1: [8086:3cb1] type 00 class 0x088000
[    1.202761] pci 0000:3f:10.2: [8086:3cb2] type 00 class 0x088000
[    1.202829] pci 0000:3f:10.3: [8086:3cb3] type 00 class 0x088000
[    1.202900] pci 0000:3f:10.4: [8086:3cb4] type 00 class 0x088000
[    1.202969] pci 0000:3f:10.5: [8086:3cb5] type 00 class 0x088000
[    1.203037] pci 0000:3f:10.6: [8086:3cb6] type 00 class 0x088000
[    1.203107] pci 0000:3f:10.7: [8086:3cb7] type 00 class 0x088000
[    1.203174] pci 0000:3f:11.0: [8086:3cb8] type 00 class 0x088000
[    1.203239] pci 0000:3f:13.0: [8086:3ce4] type 00 class 0x088000
[    1.203292] pci 0000:3f:13.1: [8086:3c43] type 00 class 0x110100
[    1.203348] pci 0000:3f:13.4: [8086:3ce6] type 00 class 0x110100
[    1.203402] pci 0000:3f:13.5: [8086:3c44] type 00 class 0x110100
[    1.203456] pci 0000:3f:13.6: [8086:3c45] type 00 class 0x088000
[    1.203653] ACPI: PCI Root Bridge [PCI1] (domain 0000 [bus 40-7e])
[    1.203716] acpi PNP0A08:01: _OSC: OS supports [ExtendedConfig ASPM ClockPM Segments MSI]
[    1.203933] acpi PNP0A08:01: _OSC: platform does not support [AER]
[    1.204126] acpi PNP0A08:01: _OSC: OS now controls [PCIeHotplug PME PCIeCapability]
[    1.204203] acpi PNP0A08:01: FADT indicates ASPM is unsupported, using BIOS configuration
[    1.204483] PCI host bridge to bus 0000:40
[    1.204541] pci_bus 0000:40: root bus resource [io  0x8000-0xbfff window]
[    1.204603] pci_bus 0000:40: root bus resource [mem 0xbc000000-0xd3ffffff window]
[    1.204679] pci_bus 0000:40: root bus resource [bus 40-7e]
[    1.204749] pci 0000:40:00.0: [8086:3c01] type 01 class 0x060400
[    1.204827] pci 0000:40:00.0: PME# supported from D0 D3hot D3cold
[    1.204950] pci 0000:40:01.0: [8086:3c02] type 01 class 0x060400
[    1.205029] pci 0000:40:01.0: PME# supported from D0 D3hot D3cold
[    1.205132] pci 0000:40:02.0: [8086:3c04] type 01 class 0x060400
[    1.205212] pci 0000:40:02.0: PME# supported from D0 D3hot D3cold
[    1.205256] pci 0000:40:02.0: System wakeup disabled by ACPI
[    1.205366] pci 0000:40:03.0: [8086:3c08] type 01 class 0x060400
[    1.205445] pci 0000:40:03.0: PME# supported from D0 D3hot D3cold
[    1.205488] pci 0000:40:03.0: System wakeup disabled by ACPI
[    1.205596] pci 0000:40:04.0: [8086:3c20] type 00 class 0x088000
[    1.205613] pci 0000:40:04.0: reg 0x10: [mem 0xd311c000-0xd311ffff 64bit]
[    1.205741] pci 0000:40:04.1: [8086:3c21] type 00 class 0x088000
[    1.205758] pci 0000:40:04.1: reg 0x10: [mem 0xd3118000-0xd311bfff 64bit]
[    1.205883] pci 0000:40:04.2: [8086:3c22] type 00 class 0x088000
[    1.205900] pci 0000:40:04.2: reg 0x10: [mem 0xd3114000-0xd3117fff 64bit]
[    1.206024] pci 0000:40:04.3: [8086:3c23] type 00 class 0x088000
[    1.206041] pci 0000:40:04.3: reg 0x10: [mem 0xd3110000-0xd3113fff 64bit]
[    1.206168] pci 0000:40:04.4: [8086:3c24] type 00 class 0x088000
[    1.206184] pci 0000:40:04.4: reg 0x10: [mem 0xd310c000-0xd310ffff 64bit]
[    1.206309] pci 0000:40:04.5: [8086:3c25] type 00 class 0x088000
[    1.206326] pci 0000:40:04.5: reg 0x10: [mem 0xd3108000-0xd310bfff 64bit]
[    1.206452] pci 0000:40:04.6: [8086:3c26] type 00 class 0x088000
[    1.206469] pci 0000:40:04.6: reg 0x10: [mem 0xd3104000-0xd3107fff 64bit]
[    1.206596] pci 0000:40:04.7: [8086:3c27] type 00 class 0x088000
[    1.206612] pci 0000:40:04.7: reg 0x10: [mem 0xd3100000-0xd3103fff 64bit]
[    1.206744] pci 0000:40:05.0: [8086:3c28] type 00 class 0x088000
[    1.206867] pci 0000:40:05.2: [8086:3c2a] type 00 class 0x088000
[    1.206983] pci 0000:40:05.4: [8086:3c2c] type 00 class 0x080020
[    1.206995] pci 0000:40:05.4: reg 0x10: [mem 0xd3120000-0xd3120fff]
[    1.207181] pci 0000:40:00.0: PCI bridge to [bus 41]
[    1.207299] pci 0000:40:01.0: PCI bridge to [bus 42]
[    1.207422] pci 0000:43:00.0: [10de:1028] type 00 class 0x030200
[    1.207434] pci 0000:43:00.0: reg 0x10: [mem 0xd2000000-0xd2ffffff]
[    1.207444] pci 0000:43:00.0: reg 0x14: [mem 0xc0000000-0xcfffffff 64bit pref]
[    1.207454] pci 0000:43:00.0: reg 0x1c: [mem 0xd0000000-0xd1ffffff 64bit pref]
[    1.207467] pci 0000:43:00.0: reg 0x30: [mem 0xd3000000-0xd307ffff pref]
[    1.214687] pci 0000:40:02.0: PCI bridge to [bus 43]
[    1.214763] pci 0000:40:02.0:   bridge window [mem 0xd2000000-0xd30fffff]
[    1.214769] pci 0000:40:02.0:   bridge window [mem 0xc0000000-0xd1ffffff 64bit pref]
[    1.214823] pci 0000:40:03.0: PCI bridge to [bus 44]
[    1.214914] pci_bus 0000:40: on NUMA node 1
[    1.214991] ACPI: PCI Root Bridge [UNC1] (domain 0000 [bus 7f])
[    1.215053] acpi PNP0A03:01: _OSC: OS supports [ExtendedConfig ASPM ClockPM Segments MSI]
[    1.215134] acpi PNP0A03:01: _OSC failed (AE_NOT_FOUND); disabling ASPM
[    1.215273] PCI host bridge to bus 0000:7f
[    1.215331] pci_bus 0000:7f: root bus resource [bus 7f]
[    1.215399] pci 0000:7f:08.0: [8086:3c80] type 00 class 0x088000
[    1.215475] pci 0000:7f:08.3: [8086:3c83] type 00 class 0x088000
[    1.215556] pci 0000:7f:08.4: [8086:3c84] type 00 class 0x088000
[    1.215637] pci 0000:7f:09.0: [8086:3c90] type 00 class 0x088000
[    1.215707] pci 0000:7f:09.3: [8086:3c93] type 00 class 0x088000
[    1.215784] pci 0000:7f:09.4: [8086:3c94] type 00 class 0x088000
[    1.215866] pci 0000:7f:0a.0: [8086:3cc0] type 00 class 0x088000
[    1.215925] pci 0000:7f:0a.1: [8086:3cc1] type 00 class 0x088000
[    1.215986] pci 0000:7f:0a.2: [8086:3cc2] type 00 class 0x088000
[    1.216045] pci 0000:7f:0a.3: [8086:3cd0] type 00 class 0x088000
[    1.216107] pci 0000:7f:0b.0: [8086:3ce0] type 00 class 0x088000
[    1.216166] pci 0000:7f:0b.3: [8086:3ce3] type 00 class 0x088000
[    1.216224] pci 0000:7f:0c.0: [8086:3ce8] type 00 class 0x088000
[    1.216282] pci 0000:7f:0c.1: [8086:3ce8] type 00 class 0x088000
[    1.216339] pci 0000:7f:0c.2: [8086:3ce8] type 00 class 0x088000
[    1.216397] pci 0000:7f:0c.3: [8086:3ce8] type 00 class 0x088000
[    1.216457] pci 0000:7f:0c.6: [8086:3cf4] type 00 class 0x088000
[    1.216514] pci 0000:7f:0c.7: [8086:3cf6] type 00 class 0x088000
[    1.216573] pci 0000:7f:0d.0: [8086:3ce8] type 00 class 0x088000
[    1.216631] pci 0000:7f:0d.1: [8086:3ce8] type 00 class 0x088000
[    1.216690] pci 0000:7f:0d.2: [8086:3ce8] type 00 class 0x088000
[    1.216748] pci 0000:7f:0d.3: [8086:3ce8] type 00 class 0x088000
[    1.216807] pci 0000:7f:0d.6: [8086:3cf5] type 00 class 0x088000
[    1.216867] pci 0000:7f:0e.0: [8086:3ca0] type 00 class 0x088000
[    1.216932] pci 0000:7f:0e.1: [8086:3c46] type 00 class 0x110100
[    1.217004] pci 0000:7f:0f.0: [8086:3ca8] type 00 class 0x088000
[    1.217082] pci 0000:7f:0f.1: [8086:3c71] type 00 class 0x088000
[    1.217158] pci 0000:7f:0f.2: [8086:3caa] type 00 class 0x088000
[    1.217234] pci 0000:7f:0f.3: [8086:3cab] type 00 class 0x088000
[    1.217309] pci 0000:7f:0f.4: [8086:3cac] type 00 class 0x088000
[    1.217384] pci 0000:7f:0f.5: [8086:3cad] type 00 class 0x088000
[    1.217457] pci 0000:7f:0f.6: [8086:3cae] type 00 class 0x088000
[    1.217526] pci 0000:7f:10.0: [8086:3cb0] type 00 class 0x088000
[    1.217603] pci 0000:7f:10.1: [8086:3cb1] type 00 class 0x088000
[    1.217681] pci 0000:7f:10.2: [8086:3cb2] type 00 class 0x088000
[    1.217757] pci 0000:7f:10.3: [8086:3cb3] type 00 class 0x088000
[    1.217832] pci 0000:7f:10.4: [8086:3cb4] type 00 class 0x088000
[    1.217907] pci 0000:7f:10.5: [8086:3cb5] type 00 class 0x088000
[    1.217984] pci 0000:7f:10.6: [8086:3cb6] type 00 class 0x088000
[    1.218059] pci 0000:7f:10.7: [8086:3cb7] type 00 class 0x088000
[    1.218134] pci 0000:7f:11.0: [8086:3cb8] type 00 class 0x088000
[    1.218202] pci 0000:7f:13.0: [8086:3ce4] type 00 class 0x088000
[    1.218261] pci 0000:7f:13.1: [8086:3c43] type 00 class 0x110100
[    1.218321] pci 0000:7f:13.4: [8086:3ce6] type 00 class 0x110100
[    1.218381] pci 0000:7f:13.5: [8086:3c44] type 00 class 0x110100
[    1.218439] pci 0000:7f:13.6: [8086:3c45] type 00 class 0x088000
[    1.218627] ACPI: PCI Root Bridge [PCI2] (domain 0000 [bus 80-be])
[    1.218696] acpi PNP0A08:02: _OSC: OS supports [ExtendedConfig ASPM ClockPM Segments MSI]
[    1.218916] acpi PNP0A08:02: _OSC: platform does not support [AER]
[    1.219102] acpi PNP0A08:02: _OSC: OS now controls [PCIeHotplug PME PCIeCapability]
[    1.219186] acpi PNP0A08:02: FADT indicates ASPM is unsupported, using BIOS configuration
[    1.219474] PCI host bridge to bus 0000:80
[    1.219532] pci_bus 0000:80: root bus resource [io  0xc000-0xdfff window]
[    1.219601] pci_bus 0000:80: root bus resource [mem 0xd4000000-0xe7ffffff window]
[    1.219686] pci_bus 0000:80: root bus resource [bus 80-be]
[    1.219757] pci 0000:80:00.0: [8086:3c01] type 01 class 0x060400
[    1.219840] pci 0000:80:00.0: PME# supported from D0 D3hot D3cold
[    1.219945] pci 0000:80:02.0: [8086:3c04] type 01 class 0x060400
[    1.220030] pci 0000:80:02.0: PME# supported from D0 D3hot D3cold
[    1.220076] pci 0000:80:02.0: System wakeup disabled by ACPI
[    1.220186] pci 0000:80:03.0: [8086:3c08] type 01 class 0x060400
[    1.220270] pci 0000:80:03.0: PME# supported from D0 D3hot D3cold
[    1.220315] pci 0000:80:03.0: System wakeup disabled by ACPI
[    1.220423] pci 0000:80:04.0: [8086:3c20] type 00 class 0x088000
[    1.220440] pci 0000:80:04.0: reg 0x10: [mem 0xe7f1c000-0xe7f1ffff 64bit]
[    1.220573] pci 0000:80:04.1: [8086:3c21] type 00 class 0x088000
[    1.220591] pci 0000:80:04.1: reg 0x10: [mem 0xe7f18000-0xe7f1bfff 64bit]
[    1.220724] pci 0000:80:04.2: [8086:3c22] type 00 class 0x088000
[    1.220742] pci 0000:80:04.2: reg 0x10: [mem 0xe7f14000-0xe7f17fff 64bit]
[    1.220875] pci 0000:80:04.3: [8086:3c23] type 00 class 0x088000
[    1.220892] pci 0000:80:04.3: reg 0x10: [mem 0xe7f10000-0xe7f13fff 64bit]
[    1.221022] pci 0000:80:04.4: [8086:3c24] type 00 class 0x088000
[    1.221040] pci 0000:80:04.4: reg 0x10: [mem 0xe7f0c000-0xe7f0ffff 64bit]
[    1.221171] pci 0000:80:04.5: [8086:3c25] type 00 class 0x088000
[    1.221188] pci 0000:80:04.5: reg 0x10: [mem 0xe7f08000-0xe7f0bfff 64bit]
[    1.221317] pci 0000:80:04.6: [8086:3c26] type 00 class 0x088000
[    1.221334] pci 0000:80:04.6: reg 0x10: [mem 0xe7f04000-0xe7f07fff 64bit]
[    1.221464] pci 0000:80:04.7: [8086:3c27] type 00 class 0x088000
[    1.221482] pci 0000:80:04.7: reg 0x10: [mem 0xe7f00000-0xe7f03fff 64bit]
[    1.221610] pci 0000:80:05.0: [8086:3c28] type 00 class 0x088000
[    1.221733] pci 0000:80:05.2: [8086:3c2a] type 00 class 0x088000
[    1.221852] pci 0000:80:05.4: [8086:3c2c] type 00 class 0x080020
[    1.221865] pci 0000:80:05.4: reg 0x10: [mem 0xe7f20000-0xe7f20fff]
[    1.222040] pci 0000:80:00.0: PCI bridge to [bus 81]
[    1.222151] pci 0000:80:02.0: PCI bridge to [bus 82]
[    1.222264] pci 0000:80:03.0: PCI bridge to [bus 83]
[    1.222350] pci_bus 0000:80: on NUMA node 2
[    1.222419] ACPI: PCI Root Bridge [UNC2] (domain 0000 [bus bf])
[    1.222482] acpi PNP0A03:02: _OSC: OS supports [ExtendedConfig ASPM ClockPM Segments MSI]
[    1.222562] acpi PNP0A03:02: _OSC failed (AE_NOT_FOUND); disabling ASPM
[    1.222705] PCI host bridge to bus 0000:bf
[    1.222763] pci_bus 0000:bf: root bus resource [bus bf]
[    1.222832] pci 0000:bf:08.0: [8086:3c80] type 00 class 0x088000
[    1.222904] pci 0000:bf:08.3: [8086:3c83] type 00 class 0x088000
[    1.222986] pci 0000:bf:08.4: [8086:3c84] type 00 class 0x088000
[    1.223071] pci 0000:bf:09.0: [8086:3c90] type 00 class 0x088000
[    1.223141] pci 0000:bf:09.3: [8086:3c93] type 00 class 0x088000
[    1.223221] pci 0000:bf:09.4: [8086:3c94] type 00 class 0x088000
[    1.223308] pci 0000:bf:0a.0: [8086:3cc0] type 00 class 0x088000
[    1.223375] pci 0000:bf:0a.1: [8086:3cc1] type 00 class 0x088000
[    1.223438] pci 0000:bf:0a.2: [8086:3cc2] type 00 class 0x088000
[    1.223500] pci 0000:bf:0a.3: [8086:3cd0] type 00 class 0x088000
[    1.223564] pci 0000:bf:0b.0: [8086:3ce0] type 00 class 0x088000
[    1.223625] pci 0000:bf:0b.3: [8086:3ce3] type 00 class 0x088000
[    1.223688] pci 0000:bf:0c.0: [8086:3ce8] type 00 class 0x088000
[    1.223749] pci 0000:bf:0c.1: [8086:3ce8] type 00 class 0x088000
[    1.223815] pci 0000:bf:0c.2: [8086:3ce8] type 00 class 0x088000
[    1.223878] pci 0000:bf:0c.3: [8086:3ce8] type 00 class 0x088000
[    1.223941] pci 0000:bf:0c.6: [8086:3cf4] type 00 class 0x088000
[    1.224003] pci 0000:bf:0c.7: [8086:3cf6] type 00 class 0x088000
[    1.224065] pci 0000:bf:0d.0: [8086:3ce8] type 00 class 0x088000
[    1.224128] pci 0000:bf:0d.1: [8086:3ce8] type 00 class 0x088000
[    1.224193] pci 0000:bf:0d.2: [8086:3ce8] type 00 class 0x088000
[    1.224255] pci 0000:bf:0d.3: [8086:3ce8] type 00 class 0x088000
[    1.224318] pci 0000:bf:0d.6: [8086:3cf5] type 00 class 0x088000
[    1.224380] pci 0000:bf:0e.0: [8086:3ca0] type 00 class 0x088000
[    1.224447] pci 0000:bf:0e.1: [8086:3c46] type 00 class 0x110100
[    1.224522] pci 0000:bf:0f.0: [8086:3ca8] type 00 class 0x088000
[    1.224602] pci 0000:bf:0f.1: [8086:3c71] type 00 class 0x088000
[    1.224683] pci 0000:bf:0f.2: [8086:3caa] type 00 class 0x088000
[    1.224763] pci 0000:bf:0f.3: [8086:3cab] type 00 class 0x088000
[    1.224845] pci 0000:bf:0f.4: [8086:3cac] type 00 class 0x088000
[    1.224928] pci 0000:bf:0f.5: [8086:3cad] type 00 class 0x088000
[    1.225006] pci 0000:bf:0f.6: [8086:3cae] type 00 class 0x088000
[    1.225080] pci 0000:bf:10.0: [8086:3cb0] type 00 class 0x088000
[    1.225162] pci 0000:bf:10.1: [8086:3cb1] type 00 class 0x088000
[    1.225242] pci 0000:bf:10.2: [8086:3cb2] type 00 class 0x088000
[    1.225324] pci 0000:bf:10.3: [8086:3cb3] type 00 class 0x088000
[    1.225404] pci 0000:bf:10.4: [8086:3cb4] type 00 class 0x088000
[    1.225485] pci 0000:bf:10.5: [8086:3cb5] type 00 class 0x088000
[    1.225566] pci 0000:bf:10.6: [8086:3cb6] type 00 class 0x088000
[    1.225647] pci 0000:bf:10.7: [8086:3cb7] type 00 class 0x088000
[    1.225723] pci 0000:bf:11.0: [8086:3cb8] type 00 class 0x088000
[    1.225796] pci 0000:bf:13.0: [8086:3ce4] type 00 class 0x088000
[    1.225856] pci 0000:bf:13.1: [8086:3c43] type 00 class 0x110100
[    1.225919] pci 0000:bf:13.4: [8086:3ce6] type 00 class 0x110100
[    1.225980] pci 0000:bf:13.5: [8086:3c44] type 00 class 0x110100
[    1.226043] pci 0000:bf:13.6: [8086:3c45] type 00 class 0x088000
[    1.226232] ACPI: PCI Root Bridge [PCI3] (domain 0000 [bus c0-fe])
[    1.226295] acpi PNP0A08:03: _OSC: OS supports [ExtendedConfig ASPM ClockPM Segments MSI]
[    1.226512] acpi PNP0A08:03: _OSC: platform does not support [AER]
[    1.226711] acpi PNP0A08:03: _OSC: OS now controls [PCIeHotplug PME PCIeCapability]
[    1.226791] acpi PNP0A08:03: FADT indicates ASPM is unsupported, using BIOS configuration
[    1.227065] PCI host bridge to bus 0000:c0
[    1.227123] pci_bus 0000:c0: root bus resource [io  0xe000-0xffff window]
[    1.227185] pci_bus 0000:c0: root bus resource [mem 0xe8000000-0xfbffffff window]
[    1.227262] pci_bus 0000:c0: root bus resource [bus c0-fe]
[    1.227333] pci 0000:c0:00.0: [8086:3c01] type 01 class 0x060400
[    1.227411] pci 0000:c0:00.0: PME# supported from D0 D3hot D3cold
[    1.227510] pci 0000:c0:02.0: [8086:3c04] type 01 class 0x060400
[    1.227590] pci 0000:c0:02.0: PME# supported from D0 D3hot D3cold
[    1.227634] pci 0000:c0:02.0: System wakeup disabled by ACPI
[    1.227745] pci 0000:c0:03.0: [8086:3c08] type 01 class 0x060400
[    1.227824] pci 0000:c0:03.0: PME# supported from D0 D3hot D3cold
[    1.227868] pci 0000:c0:03.0: System wakeup disabled by ACPI
[    1.227976] pci 0000:c0:04.0: [8086:3c20] type 00 class 0x088000
[    1.227993] pci 0000:c0:04.0: reg 0x10: [mem 0xfbf1c000-0xfbf1ffff 64bit]
[    1.228121] pci 0000:c0:04.1: [8086:3c21] type 00 class 0x088000
[    1.228138] pci 0000:c0:04.1: reg 0x10: [mem 0xfbf18000-0xfbf1bfff 64bit]
[    1.228264] pci 0000:c0:04.2: [8086:3c22] type 00 class 0x088000
[    1.228280] pci 0000:c0:04.2: reg 0x10: [mem 0xfbf14000-0xfbf17fff 64bit]
[    1.228405] pci 0000:c0:04.3: [8086:3c23] type 00 class 0x088000
[    1.228421] pci 0000:c0:04.3: reg 0x10: [mem 0xfbf10000-0xfbf13fff 64bit]
[    1.228547] pci 0000:c0:04.4: [8086:3c24] type 00 class 0x088000
[    1.228563] pci 0000:c0:04.4: reg 0x10: [mem 0xfbf0c000-0xfbf0ffff 64bit]
[    1.228690] pci 0000:c0:04.5: [8086:3c25] type 00 class 0x088000
[    1.228707] pci 0000:c0:04.5: reg 0x10: [mem 0xfbf08000-0xfbf0bfff 64bit]
[    1.228831] pci 0000:c0:04.6: [8086:3c26] type 00 class 0x088000
[    1.228847] pci 0000:c0:04.6: reg 0x10: [mem 0xfbf04000-0xfbf07fff 64bit]
[    1.228972] pci 0000:c0:04.7: [8086:3c27] type 00 class 0x088000
[    1.228989] pci 0000:c0:04.7: reg 0x10: [mem 0xfbf00000-0xfbf03fff 64bit]
[    1.229115] pci 0000:c0:05.0: [8086:3c28] type 00 class 0x088000
[    1.229232] pci 0000:c0:05.2: [8086:3c2a] type 00 class 0x088000
[    1.229346] pci 0000:c0:05.4: [8086:3c2c] type 00 class 0x080020
[    1.229358] pci 0000:c0:05.4: reg 0x10: [mem 0xfbf20000-0xfbf20fff]
[    1.229524] pci 0000:c0:00.0: PCI bridge to [bus c1]
[    1.229636] pci 0000:c0:02.0: PCI bridge to [bus c2]
[    1.229754] pci 0000:c3:00.0: [1000:005b] type 00 class 0x010400
[    1.229763] pci 0000:c3:00.0: reg 0x10: [io  0xf000-0xf0ff]
[    1.229772] pci 0000:c3:00.0: reg 0x14: [mem 0xfbe60000-0xfbe63fff 64bit]
[    1.229781] pci 0000:c3:00.0: reg 0x1c: [mem 0xfbe00000-0xfbe3ffff 64bit]
[    1.229792] pci 0000:c3:00.0: reg 0x30: [mem 0xfbe40000-0xfbe5ffff pref]
[    1.229831] pci 0000:c3:00.0: supports D1 D2
[    1.229893] pci 0000:c0:03.0: PCI bridge to [bus c3]
[    1.229954] pci 0000:c0:03.0:   bridge window [io  0xf000-0xffff]
[    1.229957] pci 0000:c0:03.0:   bridge window [mem 0xfbe00000-0xfbefffff]
[    1.229982] pci_bus 0000:c0: on NUMA node 3
[    1.230052] ACPI: PCI Root Bridge [UNC3] (domain 0000 [bus ff])
[    1.230115] acpi PNP0A03:03: _OSC: OS supports [ExtendedConfig ASPM ClockPM Segments MSI]
[    1.230195] acpi PNP0A03:03: _OSC failed (AE_NOT_FOUND); disabling ASPM
[    1.230321] PCI host bridge to bus 0000:ff
[    1.230379] pci_bus 0000:ff: root bus resource [bus ff]
[    1.230454] pci 0000:ff:08.0: [8086:3c80] type 00 class 0x088000
[    1.230525] pci 0000:ff:08.3: [8086:3c83] type 00 class 0x088000
[    1.230602] pci 0000:ff:08.4: [8086:3c84] type 00 class 0x088000
[    1.230687] pci 0000:ff:09.0: [8086:3c90] type 00 class 0x088000
[    1.230762] pci 0000:ff:09.3: [8086:3c93] type 00 class 0x088000
[    1.230839] pci 0000:ff:09.4: [8086:3c94] type 00 class 0x088000
[    1.230922] pci 0000:ff:0a.0: [8086:3cc0] type 00 class 0x088000
[    1.230982] pci 0000:ff:0a.1: [8086:3cc1] type 00 class 0x088000
[    1.231040] pci 0000:ff:0a.2: [8086:3cc2] type 00 class 0x088000
[    1.231099] pci 0000:ff:0a.3: [8086:3cd0] type 00 class 0x088000
[    1.231159] pci 0000:ff:0b.0: [8086:3ce0] type 00 class 0x088000
[    1.231215] pci 0000:ff:0b.3: [8086:3ce3] type 00 class 0x088000
[    1.231271] pci 0000:ff:0c.0: [8086:3ce8] type 00 class 0x088000
[    1.231326] pci 0000:ff:0c.1: [8086:3ce8] type 00 class 0x088000
[    1.231384] pci 0000:ff:0c.2: [8086:3ce8] type 00 class 0x088000
[    1.231439] pci 0000:ff:0c.3: [8086:3ce8] type 00 class 0x088000
[    1.231497] pci 0000:ff:0c.6: [8086:3cf4] type 00 class 0x088000
[    1.231556] pci 0000:ff:0c.7: [8086:3cf6] type 00 class 0x088000
[    1.231614] pci 0000:ff:0d.0: [8086:3ce8] type 00 class 0x088000
[    1.231672] pci 0000:ff:0d.1: [8086:3ce8] type 00 class 0x088000
[    1.231730] pci 0000:ff:0d.2: [8086:3ce8] type 00 class 0x088000
[    1.231790] pci 0000:ff:0d.3: [8086:3ce8] type 00 class 0x088000
[    1.231850] pci 0000:ff:0d.6: [8086:3cf5] type 00 class 0x088000
[    1.231908] pci 0000:ff:0e.0: [8086:3ca0] type 00 class 0x088000
[    1.231972] pci 0000:ff:0e.1: [8086:3c46] type 00 class 0x110100
[    1.232044] pci 0000:ff:0f.0: [8086:3ca8] type 00 class 0x088000
[    1.232119] pci 0000:ff:0f.1: [8086:3c71] type 00 class 0x088000
[    1.232193] pci 0000:ff:0f.2: [8086:3caa] type 00 class 0x088000
[    1.232268] pci 0000:ff:0f.3: [8086:3cab] type 00 class 0x088000
[    1.232343] pci 0000:ff:0f.4: [8086:3cac] type 00 class 0x088000
[    1.232418] pci 0000:ff:0f.5: [8086:3cad] type 00 class 0x088000
[    1.232491] pci 0000:ff:0f.6: [8086:3cae] type 00 class 0x088000
[    1.232556] pci 0000:ff:10.0: [8086:3cb0] type 00 class 0x088000
[    1.232634] pci 0000:ff:10.1: [8086:3cb1] type 00 class 0x088000
[    1.232709] pci 0000:ff:10.2: [8086:3cb2] type 00 class 0x088000
[    1.232784] pci 0000:ff:10.3: [8086:3cb3] type 00 class 0x088000
[    1.232858] pci 0000:ff:10.4: [8086:3cb4] type 00 class 0x088000
[    1.232932] pci 0000:ff:10.5: [8086:3cb5] type 00 class 0x088000
[    1.233007] pci 0000:ff:10.6: [8086:3cb6] type 00 class 0x088000
[    1.233082] pci 0000:ff:10.7: [8086:3cb7] type 00 class 0x088000
[    1.233154] pci 0000:ff:11.0: [8086:3cb8] type 00 class 0x088000
[    1.233225] pci 0000:ff:13.0: [8086:3ce4] type 00 class 0x088000
[    1.233283] pci 0000:ff:13.1: [8086:3c43] type 00 class 0x110100
[    1.233343] pci 0000:ff:13.4: [8086:3ce6] type 00 class 0x110100
[    1.233401] pci 0000:ff:13.5: [8086:3c44] type 00 class 0x110100
[    1.233459] pci 0000:ff:13.6: [8086:3c45] type 00 class 0x088000
[    1.233610] ACPI: PCI Interrupt Link [LNKA] (IRQs 3 4 5 6 7 10 *11 12 14 15)
[    1.234140] ACPI: PCI Interrupt Link [LNKB] (IRQs 3 4 5 6 7 *10 11 12 14 15)
[    1.234668] ACPI: PCI Interrupt Link [LNKC] (IRQs 3 4 *5 6 10 11 12 14 15)
[    1.235174] ACPI: PCI Interrupt Link [LNKD] (IRQs 3 4 5 6 10 *11 12 14 15)
[    1.235671] ACPI: PCI Interrupt Link [LNKE] (IRQs 3 4 5 6 7 10 11 12 14 15) *0
[    1.236252] ACPI: PCI Interrupt Link [LNKF] (IRQs 3 4 5 6 7 10 11 12 14 15) *0
[    1.236826] ACPI: PCI Interrupt Link [LNKG] (IRQs 3 4 5 6 7 10 11 12 14 15) *0
[    1.237400] ACPI: PCI Interrupt Link [LNKH] (IRQs 3 4 5 6 *7 10 11 12 14 15)
[    1.241459] ACPI: Enabled 4 GPEs in block 00 to 3F
[    1.242462] vgaarb: setting as boot device: PCI:0000:07:01.0
[    1.242538] vgaarb: device added: PCI:0000:07:01.0,decodes=io+mem,owns=io+mem,locks=none
[    1.245500] vgaarb: loaded
[    1.245562] vgaarb: bridge control possible 0000:07:01.0
[    1.245869] SCSI subsystem initialized
[    1.246217] libata version 3.00 loaded.
[    1.246247] ACPI: bus type USB registered
[    1.246326] usbcore: registered new interface driver usbfs
[    1.246394] usbcore: registered new interface driver hub
[    1.246748] usbcore: registered new device driver usb
[    1.247321] PCI: Using ACPI for IRQ routing
[    1.251296] PCI: pci_cache_line_size set to 64 bytes
[    1.251675] e820: reserve RAM buffer [mem 0x0009b000-0x0009ffff]
[    1.251677] e820: reserve RAM buffer [mem 0x7e00c000-0x7fffffff]
[    1.251896] NetLabel: Initializing
[    1.251951] NetLabel:  domain hash size = 128
[    1.252008] NetLabel:  protocols = UNLABELED CIPSOv4
[    1.252086] NetLabel:  unlabeled traffic allowed by default
[    1.252287] hpet0: at MMIO 0xfed00000, IRQs 2, 8, 0, 0, 0, 0, 0, 0
[    1.252664] hpet0: 8 comparators, 64-bit 14.318180 MHz counter
[    1.254978] clocksource: Switched to clocksource hpet
[    1.266112] VFS: Disk quotas dquot_6.6.0
[    1.266249] VFS: Dquot-cache hash table entries: 512 (order 0, 4096 bytes)
[    1.266522] AppArmor: AppArmor Filesystem Enabled
[    1.266647] pnp: PnP ACPI init
[    1.266852] system 00:00: [mem 0xfc000000-0xfcffffff] has been reserved
[    1.266915] system 00:00: [mem 0xfd000000-0xfdffffff] has been reserved
[    1.266988] system 00:00: [mem 0xfe000000-0xfeafffff] has been reserved
[    1.267050] system 00:00: [mem 0xfeb00000-0xfebfffff] has been reserved
[    1.267111] system 00:00: [mem 0xfed00400-0xfed3ffff] could not be reserved
[    1.267174] system 00:00: [mem 0xfed45000-0xfedfffff] has been reserved
[    1.267240] system 00:00: Plug and Play ACPI device, IDs PNP0c01 (active)
[    1.267417] system 00:01: [mem 0xbbffc000-0xbbffdfff] could not be reserved
[    1.267482] system 00:01: Plug and Play ACPI device, IDs PNP0c02 (active)
[    1.267688] system 00:02: [io  0x0b00-0x0b7f] has been reserved
[    1.267750] system 00:02: Plug and Play ACPI device, IDs PNP0c02 (active)
[    1.267882] pnp 00:03: [dma 0 disabled]
[    1.267935] pnp 00:03: Plug and Play ACPI device, IDs PNP0501 (active)
[    1.268096] pnp 00:04: [dma 0 disabled]
[    1.268144] pnp 00:04: Plug and Play ACPI device, IDs PNP0501 (active)
[    1.268290] system 00:05: Plug and Play ACPI device, IDs PNP0c02 (active)
[    1.268348] pnp 00:06: Plug and Play ACPI device, IDs PNP0b00 (active)
[    1.268494] system 00:07: [io  0x04d0-0x04d1] has been reserved
[    1.268555] system 00:07: [mem 0x00000400-0x000004ff] could not be reserved
[    1.268619] system 00:07: Plug and Play ACPI device, IDs PNP0c02 (active)
[    1.268669] pnp 00:08: Plug and Play ACPI device, IDs PNP0c31 (active)
[    1.268903] system 00:09: [io  0x0400-0x0453] could not be reserved
[    1.268964] system 00:09: [io  0x0458-0x047f] has been reserved
[    1.269025] system 00:09: [io  0x1180-0x119f] has been reserved
[    1.269085] system 00:09: [io  0x0500-0x057f] has been reserved
[    1.269146] system 00:09: [mem 0xfed1c000-0xfed1ffff] has been reserved
[    1.269208] system 00:09: [mem 0xfec00000-0xfecfffff] could not be reserved
[    1.269271] system 00:09: [mem 0xfed08000-0xfed08fff] has been reserved
[    1.269332] system 00:09: [mem 0xff000000-0xffffffff] has been reserved
[    1.269397] system 00:09: Plug and Play ACPI device, IDs PNP0c01 (active)
[    1.269557] system 00:0a: [io  0x0454-0x0457] has been reserved
[    1.269619] system 00:0a: Plug and Play ACPI device, IDs INT3f0d PNP0c02 (active)
[    1.269816] system 00:0b: Plug and Play ACPI device, IDs PNP0c01 (active)
[    1.269973] system 00:0c: [mem 0xd3ffe000-0xd3ffffff] could not be reserved
[    1.270037] system 00:0c: Plug and Play ACPI device, IDs PNP0c02 (active)
[    1.270141] system 00:0d: Plug and Play ACPI device, IDs PNP0c01 (active)
[    1.270291] system 00:0e: [mem 0xe7ffe000-0xe7ffffff] could not be reserved
[    1.270355] system 00:0e: Plug and Play ACPI device, IDs PNP0c02 (active)
[    1.270455] system 00:0f: Plug and Play ACPI device, IDs PNP0c01 (active)
[    1.270611] system 00:10: [mem 0xfbffe000-0xfbffffff] could not be reserved
[    1.270675] system 00:10: Plug and Play ACPI device, IDs PNP0c02 (active)
[    1.271015] pnp: PnP ACPI: found 17 devices
[    1.279740] clocksource: acpi_pm: mask: 0xffffff max_cycles: 0xffffff, max_idle_ns: 2085701024 ns
[    1.279877] pci 0000:00:01.0: PCI bridge to [bus 01]
[    1.279944] pci 0000:00:02.0: PCI bridge to [bus 02]
[    1.280010] pci 0000:00:02.2: PCI bridge to [bus 03-04]
[    1.280070] pci 0000:00:02.2:   bridge window [io  0x6000-0x6fff]
[    1.280134] pci 0000:00:02.2:   bridge window [mem 0xbb300000-0xbb3fffff]
[    1.280201] pci 0000:00:03.0: PCI bridge to [bus 05]
[    1.280262] pci 0000:00:03.0:   bridge window [mem 0xb9000000-0xba0fffff]
[    1.280326] pci 0000:00:03.0:   bridge window [mem 0xa0000000-0xb1ffffff 64bit pref]
[    1.280408] pci 0000:00:11.0: PCI bridge to [bus 06]
[    1.280468] pci 0000:00:11.0:   bridge window [io  0x5000-0x5fff]
[    1.280532] pci 0000:00:11.0:   bridge window [mem 0xbb200000-0xbb2fffff]
[    1.280597] pci 0000:00:11.0:   bridge window [mem 0xb4000000-0xb44fffff 64bit pref]
[    1.280680] pci 0000:00:1e.0: PCI bridge to [bus 07]
[    1.280742] pci 0000:00:1e.0:   bridge window [mem 0xba800000-0xbb0fffff]
[    1.280807] pci 0000:00:1e.0:   bridge window [mem 0xb3000000-0xb3ffffff 64bit pref]
[    1.280889] pci_bus 0000:00: resource 4 [io  0x0000-0x03af window]
[    1.280891] pci_bus 0000:00: resource 5 [io  0x03e0-0x0cf7 window]
[    1.280900] pci_bus 0000:00: resource 6 [io  0x03b0-0x03df window]
[    1.280907] pci_bus 0000:00: resource 7 [io  0x0d00-0x7fff window]
[    1.280909] pci_bus 0000:00: resource 8 [mem 0x000a0000-0x000bffff window]
[    1.280911] pci_bus 0000:00: resource 9 [mem 0x000c0000-0x000dffff window]
[    1.280913] pci_bus 0000:00: resource 10 [mem 0xfed0e000-0xfed0ffff window]
[    1.280915] pci_bus 0000:00: resource 11 [mem 0x80000000-0xbbffffff window]
[    1.280917] pci_bus 0000:03: resource 0 [io  0x6000-0x6fff]
[    1.280919] pci_bus 0000:03: resource 1 [mem 0xbb300000-0xbb3fffff]
[    1.280921] pci_bus 0000:05: resource 1 [mem 0xb9000000-0xba0fffff]
[    1.280923] pci_bus 0000:05: resource 2 [mem 0xa0000000-0xb1ffffff 64bit pref]
[    1.280925] pci_bus 0000:06: resource 0 [io  0x5000-0x5fff]
[    1.280927] pci_bus 0000:06: resource 1 [mem 0xbb200000-0xbb2fffff]
[    1.280929] pci_bus 0000:06: resource 2 [mem 0xb4000000-0xb44fffff 64bit pref]
[    1.280931] pci_bus 0000:07: resource 1 [mem 0xba800000-0xbb0fffff]
[    1.280933] pci_bus 0000:07: resource 2 [mem 0xb3000000-0xb3ffffff 64bit pref]
[    1.280935] pci_bus 0000:07: resource 4 [io  0x0000-0x03af window]
[    1.280937] pci_bus 0000:07: resource 5 [io  0x03e0-0x0cf7 window]
[    1.280939] pci_bus 0000:07: resource 6 [io  0x03b0-0x03df window]
[    1.280940] pci_bus 0000:07: resource 7 [io  0x0d00-0x7fff window]
[    1.280942] pci_bus 0000:07: resource 8 [mem 0x000a0000-0x000bffff window]
[    1.280944] pci_bus 0000:07: resource 9 [mem 0x000c0000-0x000dffff window]
[    1.280946] pci_bus 0000:07: resource 10 [mem 0xfed0e000-0xfed0ffff window]
[    1.280947] pci_bus 0000:07: resource 11 [mem 0x80000000-0xbbffffff window]
[    1.280984] pci 0000:40:00.0: PCI bridge to [bus 41]
[    1.281052] pci 0000:40:01.0: PCI bridge to [bus 42]
[    1.281118] pci 0000:40:02.0: PCI bridge to [bus 43]
[    1.281179] pci 0000:40:02.0:   bridge window [mem 0xd2000000-0xd30fffff]
[    1.281243] pci 0000:40:02.0:   bridge window [mem 0xc0000000-0xd1ffffff 64bit pref]
[    1.281323] pci 0000:40:03.0: PCI bridge to [bus 44]
[    1.281391] pci_bus 0000:40: resource 4 [io  0x8000-0xbfff window]
[    1.281393] pci_bus 0000:40: resource 5 [mem 0xbc000000-0xd3ffffff window]
[    1.281395] pci_bus 0000:43: resource 1 [mem 0xd2000000-0xd30fffff]
[    1.281397] pci_bus 0000:43: resource 2 [mem 0xc0000000-0xd1ffffff 64bit pref]
[    1.281427] pci 0000:80:00.0: PCI bridge to [bus 81]
[    1.281495] pci 0000:80:02.0: PCI bridge to [bus 82]
[    1.281562] pci 0000:80:03.0: PCI bridge to [bus 83]
[    1.281630] pci_bus 0000:80: resource 4 [io  0xc000-0xdfff window]
[    1.281631] pci_bus 0000:80: resource 5 [mem 0xd4000000-0xe7ffffff window]
[    1.281661] pci 0000:c0:00.0: PCI bridge to [bus c1]
[    1.281728] pci 0000:c0:02.0: PCI bridge to [bus c2]
[    1.281796] pci 0000:c0:03.0: PCI bridge to [bus c3]
[    1.281855] pci 0000:c0:03.0:   bridge window [io  0xf000-0xffff]
[    1.281919] pci 0000:c0:03.0:   bridge window [mem 0xfbe00000-0xfbefffff]
[    1.281987] pci_bus 0000:c0: resource 4 [io  0xe000-0xffff window]
[    1.281989] pci_bus 0000:c0: resource 5 [mem 0xe8000000-0xfbffffff window]
[    1.281991] pci_bus 0000:c3: resource 0 [io  0xf000-0xffff]
[    1.281992] pci_bus 0000:c3: resource 1 [mem 0xfbe00000-0xfbefffff]
[    1.282105] NET: Registered protocol family 2
[    1.283168] TCP established hash table entries: 524288 (order: 10, 4194304 bytes)
[    1.284575] TCP bind hash table entries: 65536 (order: 8, 1048576 bytes)
[    1.284952] TCP: Hash tables configured (established 524288 bind 65536)
[    1.285226] UDP hash table entries: 65536 (order: 9, 2097152 bytes)
[    1.286034] UDP-Lite hash table entries: 65536 (order: 9, 2097152 bytes)
[    1.287048] NET: Registered protocol family 1
[    1.327069] pci 0000:07:01.0: Video device with shadowed ROM
[    1.327426] PCI: CLS 64 bytes, default 64
[    1.327510] Trying to unpack rootfs image as initramfs...
[    1.383593] Freeing initrd memory: 2880K (ffff880037a50000 - ffff880037d20000)
[    1.383849] PCI-DMA: Using software bounce buffering for IO (SWIOTLB)
[    1.383912] software IO TLB [mem 0x7a00c000-0x7e00c000] (64MB) mapped at [ffff88007a00c000-ffff88007e00bfff]
[    1.384138] RAPL PMU detected, API unit is 2^-32 Joules, 3 fixed counters 163840 ms ovfl timer
[    1.384217] hw unit of domain pp0-core 2^-16 Joules
[    1.384275] hw unit of domain package 2^-16 Joules
[    1.384333] hw unit of domain dram 2^-16 Joules
[    1.385906] Scanning for low memory corruption every 60 seconds
[    1.387397] futex hash table entries: 16384 (order: 8, 1048576 bytes)
[    1.387783] audit: initializing netlink subsys (disabled)
[    1.387865] audit: type=2000 audit(1464375899.076:1): initialized
[    1.388636] Initialise system trusted keyring
[    1.391514] zbud: loaded
[    1.392540] fuse init (API version 7.24)
[    1.392842] Key type big_key registered
[    1.394090] Key type asymmetric registered
[    1.394165] Asymmetric key parser 'x509' registered
[    1.394275] Block layer SCSI generic (bsg) driver version 0.4 loaded (major 251)
[    1.394589] io scheduler noop registered
[    1.394649] io scheduler deadline registered (default)
[    1.394761] io scheduler cfq registered
[    1.399595] pcieport 0000:00:01.0: Signaling PME through PCIe PME interrupt
[    1.399660] pcie_pme 0000:00:01.0:pcie01: service driver pcie_pme loaded
[    1.399681] pcieport 0000:00:02.0: Signaling PME through PCIe PME interrupt
[    1.399745] pcie_pme 0000:00:02.0:pcie01: service driver pcie_pme loaded
[    1.399764] pcieport 0000:00:02.2: Signaling PME through PCIe PME interrupt
[    1.399827] pci 0000:03:00.0: Signaling PME through PCIe PME interrupt
[    1.399888] pci 0000:03:00.1: Signaling PME through PCIe PME interrupt
[    1.399951] pcie_pme 0000:00:02.2:pcie01: service driver pcie_pme loaded
[    1.399976] pcieport 0000:00:03.0: Signaling PME through PCIe PME interrupt
[    1.400039] pci 0000:05:00.0: Signaling PME through PCIe PME interrupt
[    1.400102] pcie_pme 0000:00:03.0:pcie01: service driver pcie_pme loaded
[    1.400127] pcieport 0000:00:11.0: Signaling PME through PCIe PME interrupt
[    1.400190] pci 0000:06:00.0: Signaling PME through PCIe PME interrupt
[    1.400253] pcie_pme 0000:00:11.0:pcie01: service driver pcie_pme loaded
[    1.400283] pcieport 0000:40:00.0: Signaling PME through PCIe PME interrupt
[    1.400347] pcie_pme 0000:40:00.0:pcie01: service driver pcie_pme loaded
[    1.400373] pcieport 0000:40:01.0: Signaling PME through PCIe PME interrupt
[    1.400437] pcie_pme 0000:40:01.0:pcie01: service driver pcie_pme loaded
[    1.400466] pcieport 0000:40:02.0: Signaling PME through PCIe PME interrupt
[    1.400528] pci 0000:43:00.0: Signaling PME through PCIe PME interrupt
[    1.400591] pcie_pme 0000:40:02.0:pcie01: service driver pcie_pme loaded
[    1.400616] pcieport 0000:40:03.0: Signaling PME through PCIe PME interrupt
[    1.400679] pcie_pme 0000:40:03.0:pcie01: service driver pcie_pme loaded
[    1.400717] pcieport 0000:80:00.0: Signaling PME through PCIe PME interrupt
[    1.400781] pcie_pme 0000:80:00.0:pcie01: service driver pcie_pme loaded
[    1.400813] pcieport 0000:80:02.0: Signaling PME through PCIe PME interrupt
[    1.400877] pcie_pme 0000:80:02.0:pcie01: service driver pcie_pme loaded
[    1.400902] pcieport 0000:80:03.0: Signaling PME through PCIe PME interrupt
[    1.400966] pcie_pme 0000:80:03.0:pcie01: service driver pcie_pme loaded
[    1.400996] pcieport 0000:c0:00.0: Signaling PME through PCIe PME interrupt
[    1.401060] pcie_pme 0000:c0:00.0:pcie01: service driver pcie_pme loaded
[    1.401086] pcieport 0000:c0:02.0: Signaling PME through PCIe PME interrupt
[    1.401151] pcie_pme 0000:c0:02.0:pcie01: service driver pcie_pme loaded
[    1.401176] pcieport 0000:c0:03.0: Signaling PME through PCIe PME interrupt
[    1.401239] pci 0000:c3:00.0: Signaling PME through PCIe PME interrupt
[    1.401302] pcie_pme 0000:c0:03.0:pcie01: service driver pcie_pme loaded
[    1.401312] pci_hotplug: PCI Hot Plug PCI Core version: 0.5
[    1.401379] pciehp: PCI Express Hot Plug Controller Driver version: 0.4
[    1.401514] intel_idle: MWAIT substates: 0x21120
[    1.401515] intel_idle: v0.4.1 model 0x2D
[    1.401516] intel_idle: lapic_timer_reliable_states 0xffffffff
[    1.405123] input: Power Button as /devices/LNXSYSTM:00/LNXSYBUS:00/PNP0C0C:00/input/input0
[    1.405207] ACPI: Power Button [PWRB]
[    1.405339] input: Power Button as /devices/LNXSYSTM:00/LNXPWRBN:00/input/input1
[    1.405418] ACPI: Power Button [PWRF]
[    1.512462] ERST: Error Record Serialization Table (ERST) support is initialized.
[    1.512559] pstore: Registered erst as persistent store backend
[    1.512725] GHES: APEI firmware first mode is enabled by APEI bit and WHEA _OSC.
[    1.513162] Serial: 8250/16550 driver, 32 ports, IRQ sharing enabled
[    1.533795] 00:03: ttyS0 at I/O 0x3f8 (irq = 4, base_baud = 115200) is a 16550A
[    1.554491] 00:04: ttyS1 at I/O 0x2f8 (irq = 3, base_baud = 115200) is a 16550A
[    1.557602] Linux agpgart interface v0.103
[    1.614982] tpm_tis 00:08: 1.2 TPM (device-id 0xB, rev-id 16)
[    1.887059] brd: module loaded
[    1.894073] loop: module loaded
[    1.894760] libphy: Fixed MDIO Bus: probed
[    1.894833] tun: Universal TUN/TAP device driver, 1.6
[    1.894905] tun: (C) 1999-2004 Max Krasnyansky <maxk@qualcomm.com>
[    1.895088] PPP generic driver version 2.4.2
[    1.895274] ehci_hcd: USB 2.0 'Enhanced' Host Controller (EHCI) Driver
[    1.895357] ehci-pci: EHCI PCI platform driver
[    1.895833] ehci-pci 0000:00:1a.0: EHCI Host Controller
[    1.895913] ehci-pci 0000:00:1a.0: new USB bus registered, assigned bus number 1
[    1.896003] ehci-pci 0000:00:1a.0: debug port 2
[    1.899970] ehci-pci 0000:00:1a.0: cache line size of 64 is not supported
[    1.899994] ehci-pci 0000:00:1a.0: irq 16, io mem 0xba124000
[    1.910989] ehci-pci 0000:00:1a.0: USB 2.0 started, EHCI 1.00
[    1.911117] usb usb1: New USB device found, idVendor=1d6b, idProduct=0002
[    1.911179] usb usb1: New USB device strings: Mfr=3, Product=2, SerialNumber=1
[    1.911256] usb usb1: Product: EHCI Host Controller
[    1.911315] usb usb1: Manufacturer: Linux 4.5.5 ehci_hcd
[    1.911373] usb usb1: SerialNumber: 0000:00:1a.0
[    1.911759] hub 1-0:1.0: USB hub found
[    1.911825] hub 1-0:1.0: 2 ports detected
[    1.912380] ehci-pci 0000:00:1d.0: EHCI Host Controller
[    1.912453] ehci-pci 0000:00:1d.0: new USB bus registered, assigned bus number 2
[    1.912541] ehci-pci 0000:00:1d.0: debug port 2
[    1.916498] ehci-pci 0000:00:1d.0: cache line size of 64 is not supported
[    1.916533] ehci-pci 0000:00:1d.0: irq 23, io mem 0xba123000
[    1.926993] ehci-pci 0000:00:1d.0: USB 2.0 started, EHCI 1.00
[    1.929772] usb usb2: New USB device found, idVendor=1d6b, idProduct=0002
[    1.929835] usb usb2: New USB device strings: Mfr=3, Product=2, SerialNumber=1
[    1.929911] usb usb2: Product: EHCI Host Controller
[    1.929969] usb usb2: Manufacturer: Linux 4.5.5 ehci_hcd
[    1.930028] usb usb2: SerialNumber: 0000:00:1d.0
[    1.930386] hub 2-0:1.0: USB hub found
[    1.930451] hub 2-0:1.0: 2 ports detected
[    1.930782] ehci-platform: EHCI generic platform driver
[    1.930877] ohci_hcd: USB 1.1 'Open' Host Controller (OHCI) Driver
[    1.930979] ohci-pci: OHCI PCI platform driver
[    1.931098] ohci-platform: OHCI generic platform driver
[    1.931180] uhci_hcd: USB Universal Host Controller Interface driver
[    1.931371] i8042: PNP: No PS/2 controller found. Probing ports directly.
[    1.934508] serio: i8042 KBD port at 0x60,0x64 irq 1
[    1.934596] serio: i8042 AUX port at 0x60,0x64 irq 12
[    1.934936] mousedev: PS/2 mouse device common for all mice
[    1.935381] rtc_cmos 00:06: RTC can wake from S4
[    1.935650] rtc_cmos 00:06: rtc core: registered rtc_cmos as rtc0
[    1.935771] rtc_cmos 00:06: alarms up to one month, y3k, 114 bytes nvram, hpet irqs
[    1.935985] device-mapper: uevent: version 1.0.3
[    1.936242] device-mapper: ioctl: 4.34.0-ioctl (2015-10-28) initialised: dm-devel@redhat.com
[    1.936385] Intel P-state driver initializing.
[    1.940893] ledtrig-cpu: registered to indicate activity on CPUs
[    1.942341] NET: Registered protocol family 10
[    1.943494] NET: Registered protocol family 17
[    1.943631] Key type dns_resolver registered
[    1.947408] microcode: CPU0 sig=0x206d7, pf=0x20, revision=0x70d
[    1.947522] microcode: CPU1 sig=0x206d7, pf=0x20, revision=0x70d
[    1.947638] microcode: CPU2 sig=0x206d7, pf=0x20, revision=0x70d
[    1.947752] microcode: CPU3 sig=0x206d7, pf=0x20, revision=0x70d
[    1.947875] microcode: CPU4 sig=0x206d7, pf=0x20, revision=0x70d
[    1.947988] microcode: CPU5 sig=0x206d7, pf=0x20, revision=0x70d
[    1.948100] microcode: CPU6 sig=0x206d7, pf=0x20, revision=0x70d
[    1.948213] microcode: CPU7 sig=0x206d7, pf=0x20, revision=0x70d
[    1.948336] microcode: CPU8 sig=0x206d7, pf=0x20, revision=0x70d
[    1.948474] microcode: CPU9 sig=0x206d7, pf=0x20, revision=0x70d
[    1.948599] microcode: CPU10 sig=0x206d7, pf=0x20, revision=0x70d
[    1.948725] microcode: CPU11 sig=0x206d7, pf=0x20, revision=0x70d
[    1.948854] microcode: CPU12 sig=0x206d7, pf=0x20, revision=0x70d
[    1.948987] microcode: CPU13 sig=0x206d7, pf=0x20, revision=0x70d
[    1.949118] microcode: CPU14 sig=0x206d7, pf=0x20, revision=0x70d
[    1.949246] microcode: CPU15 sig=0x206d7, pf=0x20, revision=0x70d
[    1.949373] microcode: CPU16 sig=0x206d7, pf=0x20, revision=0x70d
[    1.949494] microcode: CPU17 sig=0x206d7, pf=0x20, revision=0x70d
[    1.949602] microcode: CPU18 sig=0x206d7, pf=0x20, revision=0x70d
[    1.949709] microcode: CPU19 sig=0x206d7, pf=0x20, revision=0x70d
[    1.949816] microcode: CPU20 sig=0x206d7, pf=0x20, revision=0x70d
[    1.949897] microcode: CPU21 sig=0x206d7, pf=0x20, revision=0x70d
[    1.950011] microcode: CPU22 sig=0x206d7, pf=0x20, revision=0x70d
[    1.950126] microcode: CPU23 sig=0x206d7, pf=0x20, revision=0x70d
[    1.950264] microcode: CPU24 sig=0x206d7, pf=0x20, revision=0x70d
[    1.950393] microcode: CPU25 sig=0x206d7, pf=0x20, revision=0x70d
[    1.950516] microcode: CPU26 sig=0x206d7, pf=0x20, revision=0x70d
[    1.950640] microcode: CPU27 sig=0x206d7, pf=0x20, revision=0x70d
[    1.950765] microcode: CPU28 sig=0x206d7, pf=0x20, revision=0x70d
[    1.950897] microcode: CPU29 sig=0x206d7, pf=0x20, revision=0x70d
[    1.951053] microcode: CPU30 sig=0x206d7, pf=0x20, revision=0x70d
[    1.951179] microcode: CPU31 sig=0x206d7, pf=0x20, revision=0x70d
[    1.951314] microcode: CPU32 sig=0x206d7, pf=0x20, revision=0x70d
[    1.951431] microcode: CPU33 sig=0x206d7, pf=0x20, revision=0x70d
[    1.951543] microcode: CPU34 sig=0x206d7, pf=0x20, revision=0x70d
[    1.951657] microcode: CPU35 sig=0x206d7, pf=0x20, revision=0x70d
[    1.951775] microcode: CPU36 sig=0x206d7, pf=0x20, revision=0x70d
[    1.951888] microcode: CPU37 sig=0x206d7, pf=0x20, revision=0x70d
[    1.952001] microcode: CPU38 sig=0x206d7, pf=0x20, revision=0x70d
[    1.952113] microcode: CPU39 sig=0x206d7, pf=0x20, revision=0x70d
[    1.952249] microcode: CPU40 sig=0x206d7, pf=0x20, revision=0x70d
[    1.952377] microcode: CPU41 sig=0x206d7, pf=0x20, revision=0x70d
[    1.952504] microcode: CPU42 sig=0x206d7, pf=0x20, revision=0x70d
[    1.952630] microcode: CPU43 sig=0x206d7, pf=0x20, revision=0x70d
[    1.952755] microcode: CPU44 sig=0x206d7, pf=0x20, revision=0x70d
[    1.952887] microcode: CPU45 sig=0x206d7, pf=0x20, revision=0x70d
[    1.953017] microcode: CPU46 sig=0x206d7, pf=0x20, revision=0x70d
[    1.953157] microcode: CPU47 sig=0x206d7, pf=0x20, revision=0x70d
[    1.953274] microcode: CPU48 sig=0x206d7, pf=0x20, revision=0x70d
[    1.953389] microcode: CPU49 sig=0x206d7, pf=0x20, revision=0x70d
[    1.953497] microcode: CPU50 sig=0x206d7, pf=0x20, revision=0x70d
[    1.953605] microcode: CPU51 sig=0x206d7, pf=0x20, revision=0x70d
[    1.953711] microcode: CPU52 sig=0x206d7, pf=0x20, revision=0x70d
[    1.953803] microcode: CPU53 sig=0x206d7, pf=0x20, revision=0x70d
[    1.953918] microcode: CPU54 sig=0x206d7, pf=0x20, revision=0x70d
[    1.954027] microcode: CPU55 sig=0x206d7, pf=0x20, revision=0x70d
[    1.954161] microcode: CPU56 sig=0x206d7, pf=0x20, revision=0x70d
[    1.954295] microcode: CPU57 sig=0x206d7, pf=0x20, revision=0x70d
[    1.954432] microcode: CPU58 sig=0x206d7, pf=0x20, revision=0x70d
[    1.954558] microcode: CPU59 sig=0x206d7, pf=0x20, revision=0x70d
[    1.954682] microcode: CPU60 sig=0x206d7, pf=0x20, revision=0x70d
[    1.954808] microcode: CPU61 sig=0x206d7, pf=0x20, revision=0x70d
[    1.954933] microcode: CPU62 sig=0x206d7, pf=0x20, revision=0x70d
[    1.955085] microcode: CPU63 sig=0x206d7, pf=0x20, revision=0x70d
[    1.955260] microcode: Microcode Update Driver: v2.01 <tigran@aivazian.fsnet.co.uk>, Peter Oruba
[    1.955809] registered taskstats version 1
[    1.955906] Loading compiled-in X.509 certificates
[    1.957353] Loaded X.509 cert 'Build time autogenerated kernel key: b57429460a1a0e69f9a19ad4133d6409731bda46'
[    1.957613] zswap: loaded using pool lzo/zbud
[    1.962072] Key type trusted registered
[    1.968445] Key type encrypted registered
[    1.968540] AppArmor: AppArmor sha1 policy hashing enabled
[    2.222961] usb 1-1: new high-speed USB device number 2 using ehci-pci
[    2.238963] usb 2-1: new high-speed USB device number 2 using ehci-pci
[    2.355678] usb 1-1: New USB device found, idVendor=8087, idProduct=0024
[    2.355755] usb 1-1: New USB device strings: Mfr=0, Product=0, SerialNumber=0
[    2.356351] hub 1-1:1.0: USB hub found
[    2.356686] hub 1-1:1.0: 6 ports detected
[    2.371418] usb 2-1: New USB device found, idVendor=8087, idProduct=0024
[    2.371483] usb 2-1: New USB device strings: Mfr=0, Product=0, SerialNumber=0
[    2.372027] hub 2-1:1.0: USB hub found
[    2.372313] hub 2-1:1.0: 8 ports detected
[    2.382928] tsc: Refined TSC clocksource calibration: 2199.999 MHz
[    2.382994] clocksource: tsc: mask: 0xffffffffffffffff max_cycles: 0x1fb631c647b, max_idle_ns: 440795226700 ns
[    2.519072] evm: HMAC attrs: 0x1
[    2.521604]   Magic number: 0:552:92
[    2.521993]  pci0000:bf: hash matches
[    2.522221]  container: hash matches
[    2.522572] rtc_cmos 00:06: setting system clock to 2016-05-27 19:05:01 UTC (1464375901)
[    2.522967] BIOS EDD facility v0.16 2004-Jun-25, 0 devices found
[    2.523032] EDD information not available.
[    2.523198] PM: Hibernation image not present or could not be loaded.
[    2.525138] Freeing unused kernel memory: 1476K (ffffffff81d40000 - ffffffff81eb1000)
[    2.525216] Write protecting the kernel read-only data: 12288k
[    2.526166] Freeing unused kernel memory: 20K (ffff8800017fb000 - ffff880001800000)
[    2.527101] Freeing unused kernel memory: 172K (ffff880001bd5000 - ffff880001c00000)
[    2.551778] systemd-udevd[446]: starting version 204
[    2.584519] megaraid_sas: module verification failed: signature and/or required key missing - tainting kernel
[    2.587642] megasas: 06.808.16.00-rc1
[    2.588725] megaraid_sas 0000:c3:00.0: FW now in Ready state
[    2.589162] megaraid_sas 0000:c3:00.0: firmware supports msix	: (16)
[    2.589228] megaraid_sas 0000:c3:00.0: current msix/online cpus	: (16/64)
[    2.614983] megaraid_sas 0000:c3:00.0: Init cmd success
[    2.627015] usb 1-1.3: new full-speed USB device number 3 using ehci-pci
[    2.638976] megaraid_sas 0000:c3:00.0: firmware type	: Legacy(64 VD) firmware
[    2.639056] megaraid_sas 0000:c3:00.0: controller type	: MR(1024MB)
[    2.639121] megaraid_sas 0000:c3:00.0: Online Controller Reset(OCR)	: Enabled
[    2.639186] megaraid_sas 0000:c3:00.0: Secure JBOD support	: No
[    2.663072] megaraid_sas 0000:c3:00.0: INIT adapter done
[    2.663139] megaraid_sas 0000:c3:00.0: Jbod map is not supported megasas_setup_jbod_map 4612
[    2.691184] megaraid_sas 0000:c3:00.0: pci id		: (0x1000)/(0x005b)/(0x1000)/(0x9275)
[    2.691267] megaraid_sas 0000:c3:00.0: unevenspan support	: no
[    2.691330] megaraid_sas 0000:c3:00.0: firmware crash dump	: no
[    2.691393] megaraid_sas 0000:c3:00.0: jbod sync map		: no
[    2.691458] scsi host0: Avago SAS based MegaRAID driver
[    2.691903] shpchp: Standard Hot Plug PCI Controller Driver version: 0.4
[    2.698325] scsi 0:0:8:0: Enclosure         LSI      SAS2X36          0e0b PQ: 0 ANSI: 5
[    2.732445] usb 1-1.3: New USB device found, idVendor=0557, idProduct=2221
[    2.732531] usb 1-1.3: New USB device strings: Mfr=1, Product=2, SerialNumber=0
[    2.732608] usb 1-1.3: Product: Hermon USB hidmouse Device
[    2.732668] usb 1-1.3: Manufacturer: Winbond Electronics Corp
[    2.764403] scsi 0:0:28:0: Enclosure         LSI      SAS2X36          0e0b PQ: 0 ANSI: 5
[    2.889091] scsi 0:2:0:0: Direct-Access     LSI      MR9271-8iCC      3.24 PQ: 0 ANSI: 5
[    2.963864] scsi 0:2:1:0: Direct-Access     LSI      MR9271-8iCC      3.24 PQ: 0 ANSI: 5
[    3.099790] scsi 0:0:8:0: Attached scsi generic sg0 type 13
[    3.100077] scsi 0:0:28:0: Attached scsi generic sg1 type 13
[    3.100774] sd 0:2:0:0: Attached scsi generic sg2 type 0
[    3.100781] sd 0:2:0:0: [sda] 487325696 512-byte logical blocks: (250 GB/232 GiB)
[    3.100783] sd 0:2:0:0: [sda] 4096-byte physical blocks
[    3.100901] sd 0:2:0:0: [sda] Write Protect is off
[    3.100902] sd 0:2:0:0: [sda] Mode Sense: 1f 00 00 08
[    3.100973] sd 0:2:0:0: [sda] Write cache: enabled, read cache: enabled, doesn't support DPO or FUA
[    3.101613] sd 0:2:1:0: Attached scsi generic sg3 type 0
[    3.101643] sd 0:2:1:0: [sdb] 21079130112 512-byte logical blocks: (10.8 TB/9.82 TiB)
[    3.101644] sd 0:2:1:0: [sdb] 4096-byte physical blocks
[    3.101736] sd 0:2:1:0: [sdb] Write Protect is off
[    3.101737] sd 0:2:1:0: [sdb] Mode Sense: 1f 00 00 08
[    3.101805] sd 0:2:1:0: [sdb] Write cache: enabled, read cache: enabled, doesn't support DPO or FUA
[    3.102086]  sda: sda1 sda2 < sda5 sda6 >
[    3.102715] sd 0:2:0:0: [sda] Attached SCSI disk
[    3.104734] GPT:Primary header thinks Alt. header is not at the end of the disk.
[    3.104735] GPT:19908067327 != 21079130111
[    3.104735] GPT:Alternate GPT header not at the end of the disk.
[    3.104736] GPT:19908067327 != 21079130111
[    3.104736] GPT: Use GNU Parted to correct GPT errors.
[    3.104746]  sdb: sdb1
[    3.105173] sd 0:2:1:0: [sdb] Attached SCSI disk
[    3.360974] EXT4-fs (sda1): mounted filesystem with ordered data mode. Opts: (null)
[    3.387513] clocksource: Switched to clocksource tsc
[    4.130615] random: init urandom read with 113 bits of entropy available
[    4.296817] random: nonblocking pool is initialized
[    4.371882] init: plymouth-upstart-bridge main process (1177) terminated with status 1
[    4.371983] init: plymouth-upstart-bridge main process ended, respawning
[    4.375916] init: plymouth-upstart-bridge main process (1189) terminated with status 1
[    4.376014] init: plymouth-upstart-bridge main process ended, respawning
[    4.378303] init: plymouth-upstart-bridge main process (1191) terminated with status 1
[    4.378392] init: plymouth-upstart-bridge main process ended, respawning
[    4.382187] init: plymouth-upstart-bridge main process (1192) terminated with status 1
[    4.382292] init: plymouth-upstart-bridge main process ended, respawning
[    4.443224] init: ureadahead main process (1180) terminated with status 5
[    4.859055] Adding 9566204k swap on /dev/sda5.  Priority:-1 extents:1 across:9566204k FS
[    5.092159] EXT4-fs (sda1): re-mounted. Opts: errors=remount-ro
[    5.309049] EXT4-fs (sdb1): mounted filesystem with ordered data mode. Opts: (null)
[    5.385177] EXT4-fs (sda6): mounted filesystem with ordered data mode. Opts: (null)
[    6.720840] systemd-udevd[1379]: starting version 204
[    7.097799] lp: driver loaded but no devices found
[    7.398991] wmi: Mapper loaded
[    7.434680] ipmi message handler version 39.2
[    7.440098] ipmi_si IPI0001:00: ipmi_si: probing via ACPI
[    7.440163] ipmi_si IPI0001:00: [io  0x0ca2] regsize 1 spacing 1 irq 0
[    7.440165] ipmi_si: Adding ACPI-specified kcs state machine
[    7.440192] IPMI System Interface driver.
[    7.440338] ipmi_si: probing via SMBIOS
[    7.440340] ipmi_si: SMBIOS: io 0xca2 regsize 1 spacing 1 irq 0
[    7.440341] ipmi_si: Adding SMBIOS-specified kcs state machine duplicate interface
[    7.440345] ipmi_si: probing via SPMI
[    7.440346] ipmi_si: SPMI: io 0xca2 regsize 1 spacing 1 irq 0
[    7.440348] ipmi_si: Adding SPMI-specified kcs state machine duplicate interface
[    7.440350] ipmi_si: Trying ACPI-specified kcs state machine at i/o address 0xca2, slave address 0x0, irq 0
[    7.445653] dca service started, version 1.12.1
[    7.483696] EDAC MC: Ver: 3.0.0
[    7.496561] EDAC sbridge: Seeking for: PCI ID 8086:3ca0
[    7.496575] EDAC sbridge: Seeking for: PCI ID 8086:3ca0
[    7.496584] EDAC sbridge: Seeking for: PCI ID 8086:3ca0
[    7.496592] EDAC sbridge: Seeking for: PCI ID 8086:3ca0
[    7.496604] EDAC sbridge: Seeking for: PCI ID 8086:3ca0
[    7.496607] EDAC sbridge: Seeking for: PCI ID 8086:3ca8
[    7.496614] EDAC sbridge: Seeking for: PCI ID 8086:3ca8
[    7.496621] EDAC sbridge: Seeking for: PCI ID 8086:3ca8
[    7.496628] EDAC sbridge: Seeking for: PCI ID 8086:3ca8
[    7.496635] EDAC sbridge: Seeking for: PCI ID 8086:3ca8
[    7.496638] EDAC sbridge: Seeking for: PCI ID 8086:3c71
[    7.496646] EDAC sbridge: Seeking for: PCI ID 8086:3c71
[    7.496653] EDAC sbridge: Seeking for: PCI ID 8086:3c71
[    7.496660] EDAC sbridge: Seeking for: PCI ID 8086:3c71
[    7.496667] EDAC sbridge: Seeking for: PCI ID 8086:3c71
[    7.496670] EDAC sbridge: Seeking for: PCI ID 8086:3caa
[    7.496676] EDAC sbridge: Seeking for: PCI ID 8086:3caa
[    7.496684] EDAC sbridge: Seeking for: PCI ID 8086:3caa
[    7.496692] pps_core: LinuxPPS API ver. 1 registered
[    7.496695] EDAC sbridge: Seeking for: PCI ID 8086:3caa
[    7.496701] pps_core: Software ver. 5.3.6 - Copyright 2005-2007 Rodolfo Giometti <giometti@linux.it>
[    7.496703] EDAC sbridge: Seeking for: PCI ID 8086:3caa
[    7.496707] EDAC sbridge: Seeking for: PCI ID 8086:3cab
[    7.496714] EDAC sbridge: Seeking for: PCI ID 8086:3cab
[    7.496722] EDAC sbridge: Seeking for: PCI ID 8086:3cab
[    7.496739] EDAC sbridge: Seeking for: PCI ID 8086:3cab
[    7.496747] EDAC sbridge: Seeking for: PCI ID 8086:3cab
[    7.496756] EDAC sbridge: Seeking for: PCI ID 8086:3cac
[    7.496766] EDAC sbridge: Seeking for: PCI ID 8086:3cac
[    7.496778] EDAC sbridge: Seeking for: PCI ID 8086:3cac
[    7.496789] EDAC sbridge: Seeking for: PCI ID 8086:3cac
[    7.496797] EDAC sbridge: Seeking for: PCI ID 8086:3cac
[    7.496799] EDAC sbridge: Seeking for: PCI ID 8086:3cad
[    7.496807] EDAC sbridge: Seeking for: PCI ID 8086:3cad
[    7.496814] EDAC sbridge: Seeking for: PCI ID 8086:3cad
[    7.496821] EDAC sbridge: Seeking for: PCI ID 8086:3cad
[    7.496829] EDAC sbridge: Seeking for: PCI ID 8086:3cad
[    7.496831] EDAC sbridge: Seeking for: PCI ID 8086:3cb8
[    7.496839] EDAC sbridge: Seeking for: PCI ID 8086:3cb8
[    7.496846] EDAC sbridge: Seeking for: PCI ID 8086:3cb8
[    7.496854] EDAC sbridge: Seeking for: PCI ID 8086:3cb8
[    7.496861] EDAC sbridge: Seeking for: PCI ID 8086:3cb8
[    7.496863] EDAC sbridge: Seeking for: PCI ID 8086:3cf4
[    7.496869] EDAC sbridge: Seeking for: PCI ID 8086:3cf4
[    7.496876] EDAC sbridge: Seeking for: PCI ID 8086:3cf4
[    7.496883] EDAC sbridge: Seeking for: PCI ID 8086:3cf4
[    7.496890] EDAC sbridge: Seeking for: PCI ID 8086:3cf4
[    7.496893] EDAC sbridge: Seeking for: PCI ID 8086:3cf6
[    7.496899] EDAC sbridge: Seeking for: PCI ID 8086:3cf6
[    7.496906] EDAC sbridge: Seeking for: PCI ID 8086:3cf6
[    7.496914] EDAC sbridge: Seeking for: PCI ID 8086:3cf6
[    7.496925] EDAC sbridge: Seeking for: PCI ID 8086:3cf6
[    7.496931] EDAC sbridge: Seeking for: PCI ID 8086:3cf5
[    7.496941] EDAC sbridge: Seeking for: PCI ID 8086:3cf5
[    7.496948] EDAC sbridge: Seeking for: PCI ID 8086:3cf5
[    7.496954] EDAC sbridge: Seeking for: PCI ID 8086:3cf5
[    7.496961] EDAC sbridge: Seeking for: PCI ID 8086:3cf5
[    7.499738] EDAC MC0: Giving out device to module sbridge_edac.c controller Sandy Bridge Socket#0: DEV 0000:3f:0e.0 (POLLED)
[    7.501372] mei_me 0000:00:16.0: Device doesn't have valid ME Interface
[    7.502021] EDAC MC1: Giving out device to module sbridge_edac.c controller Sandy Bridge Socket#1: DEV 0000:7f:0e.0 (POLLED)
[    7.503361] PTP clock support registered
[    7.505729] EDAC MC2: Giving out device to module sbridge_edac.c controller Sandy Bridge Socket#2: DEV 0000:bf:0e.0 (POLLED)
[    7.508448] EDAC MC3: Giving out device to module sbridge_edac.c controller Sandy Bridge Socket#3: DEV 0000:ff:0e.0 (POLLED)
[    7.508451] EDAC sbridge:  Ver: 1.1.1 
[    7.512207] ioatdma: Intel(R) QuickData Technology Driver 4.00
[    7.532481] isci: Intel(R) C600 SAS Controller Driver - version 1.2.0
[    7.532570] isci 0000:06:00.0: driver configured for rev: 6 silicon
[    7.532583] isci 0000:06:00.0: OEM parameter table found in OROM
[    7.532587] isci 0000:06:00.0: OEM SAS parameters (version: 1.0) loaded (platform)
[    7.532875] isci 0000:06:00.0: SCU controller 0: phy 3-0 cables: {short, short, short, short}
[    7.535308] scsi host1: isci
[    7.537896] ahci 0000:00:1f.2: version 3.0
[    7.540702] hidraw: raw HID events driver (C) Jiri Kosina
[    7.548232] ahci 0000:00:1f.2: AHCI 0001.0300 32 slots 6 ports 6 Gbps 0x3f impl SATA mode
[    7.548237] ahci 0000:00:1f.2: flags: 64bit ncq sntf pm led clo pio slum part ems apst 
[    7.550392] usbcore: registered new interface driver usbhid
[    7.550395] usbhid: USB HID core driver
[    7.570213] igb: Intel(R) Gigabit Ethernet Network Driver - version 5.3.0-k
[    7.570217] igb: Copyright (c) 2007-2014 Intel Corporation.
[    7.578579] ipmi_si IPI0001:00: The BMC does not support clearing the recv irq bit, compensating, but the BMC needs to be fixed.
[    7.594073] scsi host2: ahci
[    7.594263] scsi host3: ahci
[    7.594479] scsi host4: ahci
[    7.594775] scsi host5: ahci
[    7.595051] scsi host6: ahci
[    7.595393] scsi host7: ahci
[    7.595606] ata1: SATA max UDMA/133 abar m2048@0xba122000 port 0xba122100 irq 98
[    7.595609] ata2: SATA max UDMA/133 abar m2048@0xba122000 port 0xba122180 irq 98
[    7.595611] ata3: SATA max UDMA/133 abar m2048@0xba122000 port 0xba122200 irq 98
[    7.595613] ata4: SATA max UDMA/133 abar m2048@0xba122000 port 0xba122280 irq 98
[    7.595615] ata5: SATA max UDMA/133 abar m2048@0xba122000 port 0xba122300 irq 98
[    7.595617] ata6: SATA max UDMA/133 abar m2048@0xba122000 port 0xba122380 irq 98
[    7.622693] ipmi_si IPI0001:00: Found new BMC (man_id: 0x002a7c, prod_id: 0x070f, dev_id: 0x20)
[    7.622714] ipmi_si IPI0001:00: IPMI kcs interface initialized
[    7.623207] igb 0000:03:00.0: DCA enabled
[    7.623489] igb 0000:03:00.0: added PHC on eth0
[    7.623490] igb 0000:03:00.0: Intel(R) Gigabit Ethernet Network Connection
[    7.623492] igb 0000:03:00.0: eth0: (PCIe:5.0Gb/s:Width x4) 00:25:90:59:af:7c
[    7.623566] igb 0000:03:00.0: eth0: PBA No: 104900-000
[    7.623579] igb 0000:03:00.0: Using MSI-X interrupts. 8 rx queue(s), 8 tx queue(s)
[    7.628467] IPMI SSIF Interface driver
[    7.629063] input: Winbond Electronics Corp Hermon USB hidmouse Device as /devices/pci0000:00/0000:00:1a.0/usb1/1-1/1-1.3/1-1.3:1.0/0003:0557:2221.0001/input/input5
