[    0.000000] Linux version 4.5.1 (root@bench) (gcc version 4.7.3 (Gentoo 4.7.3-r1 p1.4, pie-0.5.5) ) #1 SMP Thu May 26 19:09:04 CEST 2016
[    0.000000] Command line: BOOT_IMAGE=/kernel-4.5.1 root=/dev/sdg3 ro
[    0.000000] x86/fpu: xstate_offset[2]:  576, xstate_sizes[2]:  256
[    0.000000] x86/fpu: Supporting XSAVE feature 0x01: 'x87 floating point registers'
[    0.000000] x86/fpu: Supporting XSAVE feature 0x02: 'SSE registers'
[    0.000000] x86/fpu: Supporting XSAVE feature 0x04: 'AVX registers'
[    0.000000] x86/fpu: Enabled xstate features 0x7, context size is 832 bytes, using 'standard' format.
[    0.000000] x86/fpu: Using 'eager' FPU context switches.
[    0.000000] e820: BIOS-provided physical RAM map:
[    0.000000] BIOS-e820: [mem 0x0000000000000000-0x000000000009b3ff] usable
[    0.000000] BIOS-e820: [mem 0x000000000009b400-0x000000000009ffff] reserved
[    0.000000] BIOS-e820: [mem 0x00000000000e0000-0x00000000000fffff] reserved
[    0.000000] BIOS-e820: [mem 0x0000000000100000-0x000000001fffffff] usable
[    0.000000] BIOS-e820: [mem 0x0000000020000000-0x00000000201fffff] reserved
[    0.000000] BIOS-e820: [mem 0x0000000020200000-0x000000003fffffff] usable
[    0.000000] BIOS-e820: [mem 0x0000000040000000-0x00000000401fffff] reserved
[    0.000000] BIOS-e820: [mem 0x0000000040200000-0x00000000b677dfff] usable
[    0.000000] BIOS-e820: [mem 0x00000000b677e000-0x00000000b67d4fff] ACPI NVS
[    0.000000] BIOS-e820: [mem 0x00000000b67d5000-0x00000000b6b5bfff] reserved
[    0.000000] BIOS-e820: [mem 0x00000000b6b5c000-0x00000000b6b5efff] ACPI NVS
[    0.000000] BIOS-e820: [mem 0x00000000b6b5f000-0x00000000b6da4fff] reserved
[    0.000000] BIOS-e820: [mem 0x00000000b6da5000-0x00000000b6db5fff] ACPI NVS
[    0.000000] BIOS-e820: [mem 0x00000000b6db6000-0x00000000b6dccfff] reserved
[    0.000000] BIOS-e820: [mem 0x00000000b6dcd000-0x00000000b6dcefff] usable
[    0.000000] BIOS-e820: [mem 0x00000000b6dcf000-0x00000000b6dd6fff] reserved
[    0.000000] BIOS-e820: [mem 0x00000000b6dd7000-0x00000000b6de1fff] ACPI NVS
[    0.000000] BIOS-e820: [mem 0x00000000b6de2000-0x00000000b6e3dfff] reserved
[    0.000000] BIOS-e820: [mem 0x00000000b6e3e000-0x00000000b6e80fff] ACPI NVS
[    0.000000] BIOS-e820: [mem 0x00000000b6e81000-0x00000000b6ffffff] usable
[    0.000000] BIOS-e820: [mem 0x00000000b7800000-0x00000000bf9fffff] reserved
[    0.000000] BIOS-e820: [mem 0x00000000fed1c000-0x00000000fed1ffff] reserved
[    0.000000] BIOS-e820: [mem 0x00000000ff000000-0x00000000ffffffff] reserved
[    0.000000] BIOS-e820: [mem 0x0000000100000000-0x000000023fdfffff] usable
[    0.000000] NX (Execute Disable) protection: active
[    0.000000] SMBIOS 2.6 present.
[    0.000000] DMI: System manufacturer System Product Name/P8Z68-V PRO, BIOS 0501 05/09/2011
[    0.000000] e820: update [mem 0x00000000-0x00000fff] usable ==> reserved
[    0.000000] e820: remove [mem 0x000a0000-0x000fffff] usable
[    0.000000] e820: last_pfn = 0x23fe00 max_arch_pfn = 0x400000000
[    0.000000] MTRR default type: uncachable
[    0.000000] MTRR fixed ranges enabled:
[    0.000000]   00000-9FFFF write-back
[    0.000000]   A0000-BFFFF uncachable
[    0.000000]   C0000-D3FFF write-protect
[    0.000000]   D4000-E7FFF uncachable
[    0.000000]   E8000-FFFFF write-protect
[    0.000000] MTRR variable ranges enabled:
[    0.000000]   0 base 000000000 mask E00000000 write-back
[    0.000000]   1 base 200000000 mask FC0000000 write-back
[    0.000000]   2 base 0B7800000 mask FFF800000 uncachable
[    0.000000]   3 base 0B8000000 mask FF8000000 uncachable
[    0.000000]   4 base 0C0000000 mask FC0000000 uncachable
[    0.000000]   5 base 23FE00000 mask FFFE00000 uncachable
[    0.000000]   6 disabled
[    0.000000]   7 disabled
[    0.000000]   8 disabled
[    0.000000]   9 disabled
[    0.000000] x86/PAT: Configuration [0-7]: WB  WC  UC- UC  WB  WC  UC- WT  
[    0.000000] e820: update [mem 0xb7800000-0xffffffff] usable ==> reserved
[    0.000000] e820: last_pfn = 0xb7000 max_arch_pfn = 0x400000000
[    0.000000] found SMP MP-table at [mem 0x000fcee0-0x000fceef] mapped at [ffff8800000fcee0]
[    0.000000] Scanning 1 areas for low memory corruption
[    0.000000] Base memory trampoline at [ffff880000095000] 95000 size 24576
[    0.000000] reserving inaccessible SNB gfx pages
[    0.000000] BRK [0x020f3000, 0x020f3fff] PGTABLE
[    0.000000] BRK [0x020f4000, 0x020f4fff] PGTABLE
[    0.000000] BRK [0x020f5000, 0x020f5fff] PGTABLE
[    0.000000] BRK [0x020f6000, 0x020f6fff] PGTABLE
[    0.000000] BRK [0x020f7000, 0x020f7fff] PGTABLE
[    0.000000] BRK [0x020f8000, 0x020f8fff] PGTABLE
[    0.000000] ACPI: Early table checksum verification disabled
[    0.000000] ACPI: RSDP 0x00000000000F0420 000024 (v02 ALASKA)
[    0.000000] ACPI: XSDT 0x00000000B67CA068 00004C (v01 ALASKA A M I    01072009 AMI  00010013)
[    0.000000] ACPI: FACP 0x00000000B67D42D8 0000F4 (v04 ALASKA A M I    01072009 AMI  00010013)
[    0.000000] ACPI: DSDT 0x00000000B67CA140 00A198 (v02 ALASKA A M I    00000000 INTL 20051117)
[    0.000000] ACPI: FACS 0x00000000B6DD9F80 000040
[    0.000000] ACPI: APIC 0x00000000B67D43D0 000072 (v03 ALASKA A M I    01072009 AMI  00010013)
[    0.000000] ACPI: SSDT 0x00000000B67D4448 000102 (v01 AMICPU PROC     00000001 MSFT 03000001)
[    0.000000] ACPI: MCFG 0x00000000B67D4550 00003C (v01 ALASKA A M I    01072009 MSFT 00000097)
[    0.000000] ACPI: HPET 0x00000000B67D4590 000038 (v01 ALASKA A M I    01072009 AMI. 00000004)
[    0.000000] ACPI: Local APIC address 0xfee00000
[    0.000000] No NUMA configuration found
[    0.000000] Faking a node at [mem 0x0000000000000000-0x000000023fdfffff]
[    0.000000] NODE_DATA(0) allocated [mem 0x23fdf5000-0x23fdf8fff]
[    0.000000] Zone ranges:
[    0.000000]   DMA      [mem 0x0000000000001000-0x0000000000ffffff]
[    0.000000]   DMA32    [mem 0x0000000001000000-0x00000000ffffffff]
[    0.000000]   Normal   [mem 0x0000000100000000-0x000000023fdfffff]
[    0.000000] Movable zone start for each node
[    0.000000] Early memory node ranges
[    0.000000]   node   0: [mem 0x0000000000001000-0x000000000009afff]
[    0.000000]   node   0: [mem 0x0000000000100000-0x000000001fffffff]
[    0.000000]   node   0: [mem 0x0000000020200000-0x000000003fffffff]
[    0.000000]   node   0: [mem 0x0000000040200000-0x00000000b677dfff]
[    0.000000]   node   0: [mem 0x00000000b6dcd000-0x00000000b6dcefff]
[    0.000000]   node   0: [mem 0x00000000b6e81000-0x00000000b6ffffff]
[    0.000000]   node   0: [mem 0x0000000100000000-0x000000023fdfffff]
[    0.000000] Initmem setup node 0 [mem 0x0000000000001000-0x000000023fdfffff]
[    0.000000] On node 0 totalpages: 2056857
[    0.000000]   DMA zone: 64 pages used for memmap
[    0.000000]   DMA zone: 154 pages reserved
[    0.000000]   DMA zone: 3994 pages, LIFO batch:0
[    0.000000]   DMA32 zone: 11604 pages used for memmap
[    0.000000]   DMA32 zone: 742655 pages, LIFO batch:31
[    0.000000]   Normal zone: 20472 pages used for memmap
[    0.000000]   Normal zone: 1310208 pages, LIFO batch:31
[    0.000000] Reserving Intel graphics stolen memory at 0xb7a00000-0xbf9fffff
[    0.000000] ACPI: PM-Timer IO Port: 0x408
[    0.000000] ACPI: Local APIC address 0xfee00000
[    0.000000] ACPI: LAPIC_NMI (acpi_id[0xff] high edge lint[0x1])
[    0.000000] IOAPIC[0]: apic_id 0, version 32, address 0xfec00000, GSI 0-23
[    0.000000] ACPI: INT_SRC_OVR (bus 0 bus_irq 0 global_irq 2 dfl dfl)
[    0.000000] ACPI: INT_SRC_OVR (bus 0 bus_irq 9 global_irq 9 high level)
[    0.000000] ACPI: IRQ0 used by override.
[    0.000000] ACPI: IRQ9 used by override.
[    0.000000] Using ACPI (MADT) for SMP configuration information
[    0.000000] ACPI: HPET id: 0x8086a701 base: 0xfed00000
[    0.000000] smpboot: Allowing 4 CPUs, 0 hotplug CPUs
[    0.000000] e820: [mem 0xbfa00000-0xfed1bfff] available for PCI devices
[    0.000000] clocksource: refined-jiffies: mask: 0xffffffff max_cycles: 0xffffffff, max_idle_ns: 1910969940391419 ns
[    0.000000] setup_percpu: NR_CPUS:64 nr_cpumask_bits:64 nr_cpu_ids:4 nr_node_ids:1
[    0.000000] PERCPU: Embedded 32 pages/cpu @ffff88023fa00000 s90200 r8192 d32680 u524288
[    0.000000] pcpu-alloc: s90200 r8192 d32680 u524288 alloc=1*2097152
[    0.000000] pcpu-alloc: [0] 0 1 2 3 
[    0.000000] Built 1 zonelists in Node order, mobility grouping on.  Total pages: 2024563
[    0.000000] Policy zone: Normal
[    0.000000] Kernel command line: BOOT_IMAGE=/kernel-4.5.1 root=/dev/sdg3 ro
[    0.000000] PID hash table entries: 4096 (order: 3, 32768 bytes)
[    0.000000] Memory: 8013644K/8227428K available (8286K kernel code, 1063K rwdata, 2672K rodata, 1044K init, 876K bss, 213784K reserved, 0K cma-reserved)
[    0.000000] SLUB: HWalign=64, Order=0-3, MinObjects=0, CPUs=4, Nodes=1
[    0.000000] Hierarchical RCU implementation.
[    0.000000] 	Build-time adjustment of leaf fanout to 64.
[    0.000000] 	RCU restricting CPUs from NR_CPUS=64 to nr_cpu_ids=4.
[    0.000000] RCU: Adjusting geometry for rcu_fanout_leaf=64, nr_cpu_ids=4
[    0.000000] NR_IRQS:4352 nr_irqs:456 16
[    0.000000] Console: colour VGA+ 80x25
[    0.000000] console [tty0] enabled
[    0.000000] clocksource: hpet: mask: 0xffffffff max_cycles: 0xffffffff, max_idle_ns: 133484882848 ns
[    0.000000] hpet clockevent registered
[    0.000000] tsc: Fast TSC calibration using PIT
[    0.000000] tsc: Detected 3299.931 MHz processor
[    0.000001] Calibrating delay loop (skipped), value calculated using timer frequency.. 6599.86 BogoMIPS (lpj=3299931)
[    0.000146] pid_max: default: 32768 minimum: 301
[    0.000221] ACPI: Core revision 20160108
[    0.003488] ACPI: 2 ACPI AML tables successfully acquired and loaded

[    0.003676] Security Framework initialized
[    0.004099] Dentry cache hash table entries: 1048576 (order: 11, 8388608 bytes)
[    0.005411] Inode-cache hash table entries: 524288 (order: 10, 4194304 bytes)
[    0.006018] Mount-cache hash table entries: 16384 (order: 5, 131072 bytes)
[    0.006099] Mountpoint-cache hash table entries: 16384 (order: 5, 131072 bytes)
[    0.006337] CPU: Physical Processor ID: 0
[    0.006408] CPU: Processor Core ID: 0
[    0.006481] ENERGY_PERF_BIAS: Set to 'normal', was 'performance'
[    0.006553] ENERGY_PERF_BIAS: View and update with x86_energy_perf_policy(8)
[    0.006630] mce: CPU supports 9 MCE banks
[    0.006710] CPU0: Thermal monitoring enabled (TM1)
[    0.006787] process: using mwait in idle threads
[    0.006860] Last level iTLB entries: 4KB 512, 2MB 8, 4MB 8
[    0.006941] Last level dTLB entries: 4KB 512, 2MB 32, 4MB 32, 1GB 0
[    0.007376] Freeing SMP alternatives memory: 28K (ffffffff82010000 - ffffffff82017000)
[    0.110922] ..TIMER: vector=0x30 apic1=0 pin1=2 apic2=-1 pin2=-1
[    0.121001] TSC deadline timer enabled
[    0.121004] smpboot: CPU0: Intel(R) Core(TM) i5-2500K CPU @ 3.30GHz (family: 0x6, model: 0x2a, stepping: 0x7)
[    0.121236] Performance Events: PEBS fmt1+, 16-deep LBR, SandyBridge events, full-width counters, Intel PMU driver.
[    0.121541] perf_event_intel: PEBS disabled due to CPU errata, please upgrade microcode
[    0.121646] ... version:                3
[    0.121717] ... bit width:              48
[    0.121787] ... generic registers:      8
[    0.121857] ... value mask:             0000ffffffffffff
[    0.121929] ... max period:             0000ffffffffffff
[    0.122001] ... fixed-purpose events:   3
[    0.122073] ... event mask:             00000007000000ff
[    0.122306] x86: Booting SMP configuration:
[    0.122377] .... node  #0, CPUs:      #1 #2 #3
[    0.129780] x86: Booted up 1 node, 4 CPUs
[    0.129918] smpboot: Total of 4 processors activated (26399.44 BogoMIPS)
[    0.132109] devtmpfs: initialized
[    0.132316] clocksource: jiffies: mask: 0xffffffff max_cycles: 0xffffffff, max_idle_ns: 1911260446275000 ns
[    0.132348] kworker/u8:0 (24) used greatest stack depth: 14872 bytes left
[    0.132584] NET: Registered protocol family 16
[    0.132694] kworker/u8:0 (25) used greatest stack depth: 13992 bytes left
[    0.137005] cpuidle: using governor ladder
[    0.141007] cpuidle: using governor menu
[    0.141106] ACPI: bus type PCI registered
[    0.141209] PCI: MMCONFIG for domain 0000 [bus 00-3f] at [mem 0xe0000000-0xe3ffffff] (base 0xe0000000)
[    0.141316] PCI: not using MMCONFIG
[    0.141385] PCI: Using configuration type 1 for base access
[    0.141540] perf_event_intel: PMU erratum BJ122, BV98, HSD29 workaround disabled, HT off
[    0.142762] kworker/u8:1 (244) used greatest stack depth: 13904 bytes left
[    0.148095] HugeTLB registered 2 MB page size, pre-allocated 0 pages
[    0.148270] ACPI: Added _OSI(Module Device)
[    0.148341] ACPI: Added _OSI(Processor Device)
[    0.148412] ACPI: Added _OSI(3.0 _SCP Extensions)
[    0.148483] ACPI: Added _OSI(Processor Aggregator Device)
[    0.149389] ACPI: Executed 1 blocks of module-level executable AML code
[    0.151079] ACPI: Dynamic OEM Table Load:
[    0.151226] ACPI: SSDT 0xFFFF88023592E800 0003E0 (v01 AMI    IST      00000001 MSFT 03000001)
[    0.151662] ACPI: Dynamic OEM Table Load:
[    0.151806] ACPI: SSDT 0xFFFF880236218500 0000E4 (v01 AMI    CST      00000001 MSFT 03000001)
[    0.152462] ACPI : EC: EC started
[    0.152535] ACPI: Interpreter enabled
[    0.152607] ACPI: (supports S0 S5)
[    0.152677] ACPI: Using IOAPIC for interrupt routing
[    0.152770] PCI: MMCONFIG for domain 0000 [bus 00-3f] at [mem 0xe0000000-0xe3ffffff] (base 0xe0000000)
[    0.152910] PCI: MMCONFIG at [mem 0xe0000000-0xe3ffffff] reserved in ACPI motherboard resources
[    0.153020] pmd_set_huge: Cannot satisfy [mem 0xe0000000-0xe0200000] with a huge-page mapping due to MTRR override.
[    0.153810] PCI: Using host bridge windows from ACPI; if necessary, use "pci=nocrs" and report a bug
[    0.154065] [Firmware Bug]: ACPI: BIOS _OSI(Linux) query ignored
[    0.157759] ACPI: PCI Root Bridge [PCI0] (domain 0000 [bus 00-ff])
[    0.157836] acpi PNP0A08:00: _OSC: OS supports [ExtendedConfig ASPM ClockPM Segments MSI]
[    0.158031] acpi PNP0A08:00: _OSC: platform does not support [PCIeHotplug]
[    0.158185] acpi PNP0A08:00: _OSC: OS now controls [PME AER PCIeCapability]
[    0.158266] acpi PNP0A08:00: [Firmware Info]: MMCONFIG for domain 0000 [bus 00-3f] only partially covers this bridge
[    0.158431] acpi PNP0A08:00: ignoring host bridge window [mem 0x000c8000-0x000dffff window] (conflicts with Video ROM [mem 0x000c0000-0x000cdbff])
[    0.158557] PCI host bridge to bus 0000:00
[    0.158629] pci_bus 0000:00: root bus resource [io  0x0000-0x0cf7 window]
[    0.158704] pci_bus 0000:00: root bus resource [io  0x0d00-0xffff window]
[    0.158778] pci_bus 0000:00: root bus resource [mem 0x000a0000-0x000bffff window]
[    0.158881] pci_bus 0000:00: root bus resource [mem 0xbfa00000-0xffffffff window]
[    0.158984] pci_bus 0000:00: root bus resource [bus 00-ff]
[    0.159064] pci 0000:00:00.0: [8086:0100] type 00 class 0x060000
[    0.159123] pci 0000:00:01.0: [8086:0101] type 01 class 0x060400
[    0.159146] pci 0000:00:01.0: PME# supported from D0 D3hot D3cold
[    0.159191] pci 0000:00:02.0: [8086:0112] type 00 class 0x030000
[    0.159198] pci 0000:00:02.0: reg 0x10: [mem 0xfa400000-0xfa7fffff 64bit]
[    0.159203] pci 0000:00:02.0: reg 0x18: [mem 0xc0000000-0xcfffffff 64bit pref]
[    0.159206] pci 0000:00:02.0: reg 0x20: [io  0xf000-0xf03f]
[    0.159278] pci 0000:00:16.0: [8086:1c3a] type 00 class 0x078000
[    0.159298] pci 0000:00:16.0: reg 0x10: [mem 0xfad29000-0xfad2900f 64bit]
[    0.159365] pci 0000:00:16.0: PME# supported from D0 D3hot D3cold
[    0.159418] pci 0000:00:19.0: [8086:1503] type 00 class 0x020000
[    0.159432] pci 0000:00:19.0: reg 0x10: [mem 0xfad00000-0xfad1ffff]
[    0.159440] pci 0000:00:19.0: reg 0x14: [mem 0xfad28000-0xfad28fff]
[    0.159448] pci 0000:00:19.0: reg 0x18: [io  0xf080-0xf09f]
[    0.159503] pci 0000:00:19.0: PME# supported from D0 D3hot D3cold
[    0.159551] pci 0000:00:1a.0: [8086:1c2d] type 00 class 0x0c0320
[    0.159567] pci 0000:00:1a.0: reg 0x10: [mem 0xfad27000-0xfad273ff]
[    0.159645] pci 0000:00:1a.0: PME# supported from D0 D3hot D3cold
[    0.159695] pci 0000:00:1b.0: [8086:1c20] type 00 class 0x040300
[    0.159710] pci 0000:00:1b.0: reg 0x10: [mem 0xfad20000-0xfad23fff 64bit]
[    0.159776] pci 0000:00:1b.0: PME# supported from D0 D3hot D3cold
[    0.159826] pci 0000:00:1c.0: [8086:1c10] type 01 class 0x060400
[    0.159897] pci 0000:00:1c.0: PME# supported from D0 D3hot D3cold
[    0.159947] pci 0000:00:1c.1: [8086:1c12] type 01 class 0x060400
[    0.160017] pci 0000:00:1c.1: PME# supported from D0 D3hot D3cold
[    0.160070] pci 0000:00:1c.2: [8086:1c14] type 01 class 0x060400
[    0.160140] pci 0000:00:1c.2: PME# supported from D0 D3hot D3cold
[    0.160191] pci 0000:00:1c.3: [8086:1c16] type 01 class 0x060400
[    0.160261] pci 0000:00:1c.3: PME# supported from D0 D3hot D3cold
[    0.160313] pci 0000:00:1c.4: [8086:1c18] type 01 class 0x060400
[    0.160383] pci 0000:00:1c.4: PME# supported from D0 D3hot D3cold
[    0.160435] pci 0000:00:1c.6: [8086:244e] type 01 class 0x060401
[    0.160505] pci 0000:00:1c.6: PME# supported from D0 D3hot D3cold
[    0.160556] pci 0000:00:1c.7: [8086:1c1e] type 01 class 0x060400
[    0.160626] pci 0000:00:1c.7: PME# supported from D0 D3hot D3cold
[    0.160679] pci 0000:00:1d.0: [8086:1c26] type 00 class 0x0c0320
[    0.160695] pci 0000:00:1d.0: reg 0x10: [mem 0xfad26000-0xfad263ff]
[    0.160774] pci 0000:00:1d.0: PME# supported from D0 D3hot D3cold
[    0.160823] pci 0000:00:1f.0: [8086:1c44] type 00 class 0x060100
[    0.160963] pci 0000:00:1f.2: [8086:1c02] type 00 class 0x010601
[    0.160976] pci 0000:00:1f.2: reg 0x10: [io  0xf0d0-0xf0d7]
[    0.160983] pci 0000:00:1f.2: reg 0x14: [io  0xf0c0-0xf0c3]
[    0.160990] pci 0000:00:1f.2: reg 0x18: [io  0xf0b0-0xf0b7]
[    0.160997] pci 0000:00:1f.2: reg 0x1c: [io  0xf0a0-0xf0a3]
[    0.161004] pci 0000:00:1f.2: reg 0x20: [io  0xf060-0xf07f]
[    0.161011] pci 0000:00:1f.2: reg 0x24: [mem 0xfad25000-0xfad257ff]
[    0.161048] pci 0000:00:1f.2: PME# supported from D3hot
[    0.161092] pci 0000:00:1f.3: [8086:1c22] type 00 class 0x0c0500
[    0.161106] pci 0000:00:1f.3: reg 0x10: [mem 0xfad24000-0xfad240ff 64bit]
[    0.161125] pci 0000:00:1f.3: reg 0x20: [io  0xf040-0xf05f]
[    0.161203] pci 0000:01:00.0: [10de:1245] type 00 class 0x030000
[    0.161211] pci 0000:01:00.0: reg 0x10: [mem 0xf8000000-0xf9ffffff]
[    0.161219] pci 0000:01:00.0: reg 0x14: [mem 0xd0000000-0xd7ffffff 64bit pref]
[    0.161226] pci 0000:01:00.0: reg 0x1c: [mem 0xd8000000-0xdbffffff 64bit pref]
[    0.161230] pci 0000:01:00.0: reg 0x24: [io  0xe000-0xe07f]
[    0.161235] pci 0000:01:00.0: reg 0x30: [mem 0xfa000000-0xfa07ffff pref]
[    0.161299] pci 0000:01:00.1: [10de:0bee] type 00 class 0x040300
[    0.161308] pci 0000:01:00.1: reg 0x10: [mem 0xfa080000-0xfa083fff]
[    0.163076] pci 0000:00:01.0: PCI bridge to [bus 01]
[    0.163149] pci 0000:00:01.0:   bridge window [io  0xe000-0xefff]
[    0.163151] pci 0000:00:01.0:   bridge window [mem 0xf8000000-0xfa0fffff]
[    0.163153] pci 0000:00:01.0:   bridge window [mem 0xd0000000-0xdbffffff 64bit pref]
[    0.163189] pci 0000:00:1c.0: PCI bridge to [bus 02]
[    0.163322] pci 0000:03:00.0: [1b21:1042] type 00 class 0x0c0330
[    0.163353] pci 0000:03:00.0: reg 0x10: [mem 0xfac00000-0xfac07fff 64bit]
[    0.163505] pci 0000:03:00.0: PME# supported from D3hot D3cold
[    0.165077] pci 0000:00:1c.1: PCI bridge to [bus 03]
[    0.165153] pci 0000:00:1c.1:   bridge window [mem 0xfac00000-0xfacfffff]
[    0.165192] pci 0000:00:1c.2: PCI bridge to [bus 04]
[    0.165323] pci 0000:05:00.0: [197b:2362] type 00 class 0x010185
[    0.165360] pci 0000:05:00.0: reg 0x10: [io  0xd040-0xd047]
[    0.165376] pci 0000:05:00.0: reg 0x14: [io  0xd030-0xd033]
[    0.165392] pci 0000:05:00.0: reg 0x18: [io  0xd020-0xd027]
[    0.165407] pci 0000:05:00.0: reg 0x1c: [io  0xd010-0xd013]
[    0.165423] pci 0000:05:00.0: reg 0x20: [io  0xd000-0xd00f]
[    0.165439] pci 0000:05:00.0: reg 0x24: [mem 0xfab10000-0xfab101ff]
[    0.165455] pci 0000:05:00.0: reg 0x30: [mem 0x00000000-0x0000ffff pref]
[    0.165520] pci 0000:05:00.0: PME# supported from D3hot
[    0.167079] pci 0000:00:1c.3: PCI bridge to [bus 05]
[    0.167153] pci 0000:00:1c.3:   bridge window [io  0xd000-0xdfff]
[    0.167156] pci 0000:00:1c.3:   bridge window [mem 0xfab00000-0xfabfffff]
[    0.167215] pci 0000:06:00.0: [1b21:1042] type 00 class 0x0c0330
[    0.167246] pci 0000:06:00.0: reg 0x10: [mem 0xfaa00000-0xfaa07fff 64bit]
[    0.167398] pci 0000:06:00.0: PME# supported from D3hot D3cold
[    0.169079] pci 0000:00:1c.4: PCI bridge to [bus 06]
[    0.169156] pci 0000:00:1c.4:   bridge window [mem 0xfaa00000-0xfaafffff]
[    0.169206] pci 0000:07:00.0: [1b21:1080] type 01 class 0x060401
[    0.169331] pci 0000:00:1c.6: PCI bridge to [bus 07-08] (subtractive decode)
[    0.169408] pci 0000:00:1c.6:   bridge window [io  0xc000-0xcfff]
[    0.169411] pci 0000:00:1c.6:   bridge window [mem 0xfa900000-0xfa9fffff]
[    0.169417] pci 0000:00:1c.6:   bridge window [io  0x0000-0x0cf7 window] (subtractive decode)
[    0.169418] pci 0000:00:1c.6:   bridge window [io  0x0d00-0xffff window] (subtractive decode)
[    0.169419] pci 0000:00:1c.6:   bridge window [mem 0x000a0000-0x000bffff window] (subtractive decode)
[    0.169421] pci 0000:00:1c.6:   bridge window [mem 0xbfa00000-0xffffffff window] (subtractive decode)
[    0.169472] pci 0000:08:02.0: [1106:3044] type 00 class 0x0c0010
[    0.169501] pci 0000:08:02.0: reg 0x10: [mem 0xfa900000-0xfa9007ff]
[    0.169518] pci 0000:08:02.0: reg 0x14: [io  0xc000-0xc07f]
[    0.169647] pci 0000:08:02.0: supports D2
[    0.169648] pci 0000:08:02.0: PME# supported from D2 D3hot D3cold
[    0.169739] pci 0000:07:00.0: PCI bridge to [bus 08] (subtractive decode)
[    0.169822] pci 0000:07:00.0:   bridge window [io  0xc000-0xcfff]
[    0.169827] pci 0000:07:00.0:   bridge window [mem 0xfa900000-0xfa9fffff]
[    0.169836] pci 0000:07:00.0:   bridge window [io  0xc000-0xcfff] (subtractive decode)
[    0.169837] pci 0000:07:00.0:   bridge window [mem 0xfa900000-0xfa9fffff] (subtractive decode)
[    0.169838] pci 0000:07:00.0:   bridge window [io  0x0000-0x0cf7 window] (subtractive decode)
[    0.169839] pci 0000:07:00.0:   bridge window [io  0x0d00-0xffff window] (subtractive decode)
[    0.169841] pci 0000:07:00.0:   bridge window [mem 0x000a0000-0x000bffff window] (subtractive decode)
[    0.169842] pci 0000:07:00.0:   bridge window [mem 0xbfa00000-0xffffffff window] (subtractive decode)
[    0.169901] pci 0000:09:00.0: [1b4b:9172] type 00 class 0x010601
[    0.169920] pci 0000:09:00.0: reg 0x10: [io  0xb040-0xb047]
[    0.169932] pci 0000:09:00.0: reg 0x14: [io  0xb030-0xb033]
[    0.169945] pci 0000:09:00.0: reg 0x18: [io  0xb020-0xb027]
[    0.169957] pci 0000:09:00.0: reg 0x1c: [io  0xb010-0xb013]
[    0.169969] pci 0000:09:00.0: reg 0x20: [io  0xb000-0xb00f]
[    0.169981] pci 0000:09:00.0: reg 0x24: [mem 0xfa810000-0xfa8101ff]
[    0.169993] pci 0000:09:00.0: reg 0x30: [mem 0xfa800000-0xfa80ffff pref]
[    0.170052] pci 0000:09:00.0: PME# supported from D3hot
[    0.172082] pci 0000:00:1c.7: PCI bridge to [bus 09]
[    0.172156] pci 0000:00:1c.7:   bridge window [io  0xb000-0xbfff]
[    0.172160] pci 0000:00:1c.7:   bridge window [mem 0xfa800000-0xfa8fffff]
[    0.172503] ACPI: PCI Interrupt Link [LNKA] (IRQs 3 4 5 6 7 10 *11 12 14 15)
[    0.173053] ACPI: PCI Interrupt Link [LNKB] (IRQs 3 4 5 6 7 *10 11 12 14 15)
[    0.173606] ACPI: PCI Interrupt Link [LNKC] (IRQs *3 4 5 6 10 11 12 14 15)
[    0.174120] ACPI: PCI Interrupt Link [LNKD] (IRQs 3 4 5 6 10 *11 12 14 15)
[    0.174632] ACPI: PCI Interrupt Link [LNKE] (IRQs 3 4 6 7 *10 11 12 14 15)
[    0.175144] ACPI: PCI Interrupt Link [LNKF] (IRQs 3 4 *5 6 7 10 11 12 14 15)
[    0.175693] ACPI: PCI Interrupt Link [LNKG] (IRQs 3 *4 5 6 7 10 11 12 14 15)
[    0.176244] ACPI: PCI Interrupt Link [LNKH] (IRQs 3 4 5 6 *7 10 11 12 14 15)
[    0.176796] ACPI: Enabled 1 GPEs in block 00 to 3F
[    0.176953] ACPI : EC: GPE = 0x18, I/O: command/status = 0x66, data = 0x62
[    0.177086] vgaarb: setting as boot device: PCI:0000:00:02.0
[    0.177160] vgaarb: device added: PCI:0000:00:02.0,decodes=io+mem,owns=io+mem,locks=none
[    0.177268] vgaarb: device added: PCI:0000:01:00.0,decodes=io+mem,owns=none,locks=none
[    0.177372] vgaarb: loaded
[    0.177441] vgaarb: bridge control possible 0000:01:00.0
[    0.177513] vgaarb: no bridge control possible 0000:00:02.0
[    0.177636] SCSI subsystem initialized
[    0.177738] libata version 3.00 loaded.
[    0.177754] ACPI: bus type USB registered
[    0.177841] usbcore: registered new interface driver usbfs
[    0.177920] usbcore: registered new interface driver hub
[    0.178001] usbcore: registered new device driver usb
[    0.178137] PCI: Using ACPI for IRQ routing
[    0.179523] PCI: pci_cache_line_size set to 64 bytes
[    0.179591] e820: reserve RAM buffer [mem 0x0009b400-0x0009ffff]
[    0.179592] e820: reserve RAM buffer [mem 0xb677e000-0xb7ffffff]
[    0.179594] e820: reserve RAM buffer [mem 0xb6dcf000-0xb7ffffff]
[    0.179595] e820: reserve RAM buffer [mem 0xb7000000-0xb7ffffff]
[    0.179596] e820: reserve RAM buffer [mem 0x23fe00000-0x23fffffff]
[    0.179680] NetLabel: Initializing
[    0.179749] NetLabel:  domain hash size = 128
[    0.179820] NetLabel:  protocols = UNLABELED CIPSOv4
[    0.179901] NetLabel:  unlabeled traffic allowed by default
[    0.179999] hpet0: at MMIO 0xfed00000, IRQs 2, 8, 0, 0, 0, 0, 0, 0
[    0.180413] hpet0: 8 comparators, 64-bit 14.318180 MHz counter
[    0.182508] clocksource: Switched to clocksource hpet
[    0.185341] VFS: Disk quotas dquot_6.6.0
[    0.185425] VFS: Dquot-cache hash table entries: 512 (order 0, 4096 bytes)
[    0.185581] pnp: PnP ACPI init
[    0.185742] system 00:00: [mem 0xfed10000-0xfed19fff] has been reserved
[    0.185819] system 00:00: [mem 0xe0000000-0xe3ffffff] has been reserved
[    0.185894] system 00:00: [mem 0xfed90000-0xfed93fff] has been reserved
[    0.185968] system 00:00: [mem 0xfed20000-0xfed3ffff] has been reserved
[    0.186043] system 00:00: [mem 0xfee00000-0xfee0ffff] has been reserved
[    0.186118] system 00:00: Plug and Play ACPI device, IDs PNP0c01 (active)
[    0.186177] system 00:01: [io  0x0290-0x029f] has been reserved
[    0.186253] system 00:01: Plug and Play ACPI device, IDs PNP0c02 (active)
[    0.186272] pnp 00:02: Plug and Play ACPI device, IDs PNP0b00 (active)
[    0.186307] system 00:03: [io  0x04d0-0x04d1] has been reserved
[    0.186384] system 00:03: Plug and Play ACPI device, IDs PNP0c02 (active)
[    0.186578] system 00:04: [io  0x0400-0x0453] could not be reserved
[    0.186655] system 00:04: [io  0x0458-0x047f] has been reserved
[    0.186728] system 00:04: [io  0x0500-0x057f] has been reserved
[    0.186801] system 00:04: [mem 0xfed1c000-0xfed1ffff] has been reserved
[    0.186876] system 00:04: [mem 0xfec00000-0xfecfffff] could not be reserved
[    0.186952] system 00:04: [mem 0xfed08000-0xfed08fff] has been reserved
[    0.187026] system 00:04: [mem 0xff000000-0xffffffff] has been reserved
[    0.187101] system 00:04: Plug and Play ACPI device, IDs PNP0c01 (active)
[    0.187139] system 00:05: [io  0x0454-0x0457] has been reserved
[    0.187216] system 00:05: Plug and Play ACPI device, IDs INT3f0d PNP0c02 (active)
[    0.187358] pnp: PnP ACPI: found 6 devices
[    0.193089] clocksource: acpi_pm: mask: 0xffffff max_cycles: 0xffffff, max_idle_ns: 2085701024 ns
[    0.193264] pci 0000:00:01.0: PCI bridge to [bus 01]
[    0.193337] pci 0000:00:01.0:   bridge window [io  0xe000-0xefff]
[    0.193411] pci 0000:00:01.0:   bridge window [mem 0xf8000000-0xfa0fffff]
[    0.193487] pci 0000:00:01.0:   bridge window [mem 0xd0000000-0xdbffffff 64bit pref]
[    0.193604] pci 0000:00:1c.0: PCI bridge to [bus 02]
[    0.193685] pci 0000:00:1c.1: PCI bridge to [bus 03]
[    0.193760] pci 0000:00:1c.1:   bridge window [mem 0xfac00000-0xfacfffff]
[    0.193840] pci 0000:00:1c.2: PCI bridge to [bus 04]
[    0.193923] pci 0000:05:00.0: BAR 6: assigned [mem 0xfab00000-0xfab0ffff pref]
[    0.194026] pci 0000:00:1c.3: PCI bridge to [bus 05]
[    0.194098] pci 0000:00:1c.3:   bridge window [io  0xd000-0xdfff]
[    0.194175] pci 0000:00:1c.3:   bridge window [mem 0xfab00000-0xfabfffff]
[    0.194256] pci 0000:00:1c.4: PCI bridge to [bus 06]
[    0.194330] pci 0000:00:1c.4:   bridge window [mem 0xfaa00000-0xfaafffff]
[    0.194411] pci 0000:07:00.0: PCI bridge to [bus 08]
[    0.194485] pci 0000:07:00.0:   bridge window [io  0xc000-0xcfff]
[    0.194578] pci 0000:07:00.0:   bridge window [mem 0xfa900000-0xfa9fffff]
[    0.194665] pci 0000:00:1c.6: PCI bridge to [bus 07-08]
[    0.194738] pci 0000:00:1c.6:   bridge window [io  0xc000-0xcfff]
[    0.194815] pci 0000:00:1c.6:   bridge window [mem 0xfa900000-0xfa9fffff]
[    0.194894] pci 0000:00:1c.7: PCI bridge to [bus 09]
[    0.194967] pci 0000:00:1c.7:   bridge window [io  0xb000-0xbfff]
[    0.195044] pci 0000:00:1c.7:   bridge window [mem 0xfa800000-0xfa8fffff]
[    0.195125] pci_bus 0000:00: resource 4 [io  0x0000-0x0cf7 window]
[    0.195126] pci_bus 0000:00: resource 5 [io  0x0d00-0xffff window]
[    0.195127] pci_bus 0000:00: resource 6 [mem 0x000a0000-0x000bffff window]
[    0.195128] pci_bus 0000:00: resource 7 [mem 0xbfa00000-0xffffffff window]
[    0.195130] pci_bus 0000:01: resource 0 [io  0xe000-0xefff]
[    0.195131] pci_bus 0000:01: resource 1 [mem 0xf8000000-0xfa0fffff]
[    0.195132] pci_bus 0000:01: resource 2 [mem 0xd0000000-0xdbffffff 64bit pref]
[    0.195133] pci_bus 0000:03: resource 1 [mem 0xfac00000-0xfacfffff]
[    0.195135] pci_bus 0000:05: resource 0 [io  0xd000-0xdfff]
[    0.195136] pci_bus 0000:05: resource 1 [mem 0xfab00000-0xfabfffff]
[    0.195137] pci_bus 0000:06: resource 1 [mem 0xfaa00000-0xfaafffff]
[    0.195138] pci_bus 0000:07: resource 0 [io  0xc000-0xcfff]
[    0.195139] pci_bus 0000:07: resource 1 [mem 0xfa900000-0xfa9fffff]
[    0.195140] pci_bus 0000:07: resource 4 [io  0x0000-0x0cf7 window]
[    0.195141] pci_bus 0000:07: resource 5 [io  0x0d00-0xffff window]
[    0.195143] pci_bus 0000:07: resource 6 [mem 0x000a0000-0x000bffff window]
[    0.195144] pci_bus 0000:07: resource 7 [mem 0xbfa00000-0xffffffff window]
[    0.195145] pci_bus 0000:08: resource 0 [io  0xc000-0xcfff]
[    0.195146] pci_bus 0000:08: resource 1 [mem 0xfa900000-0xfa9fffff]
[    0.195147] pci_bus 0000:08: resource 4 [io  0xc000-0xcfff]
[    0.195148] pci_bus 0000:08: resource 5 [mem 0xfa900000-0xfa9fffff]
[    0.195149] pci_bus 0000:08: resource 6 [io  0x0000-0x0cf7 window]
[    0.195150] pci_bus 0000:08: resource 7 [io  0x0d00-0xffff window]
[    0.195152] pci_bus 0000:08: resource 8 [mem 0x000a0000-0x000bffff window]
[    0.195153] pci_bus 0000:08: resource 9 [mem 0xbfa00000-0xffffffff window]
[    0.195154] pci_bus 0000:09: resource 0 [io  0xb000-0xbfff]
[    0.195155] pci_bus 0000:09: resource 1 [mem 0xfa800000-0xfa8fffff]
[    0.195176] NET: Registered protocol family 2
[    0.195369] TCP established hash table entries: 65536 (order: 7, 524288 bytes)
[    0.195586] TCP bind hash table entries: 65536 (order: 8, 1048576 bytes)
[    0.195773] TCP: Hash tables configured (established 65536 bind 65536)
[    0.195868] UDP hash table entries: 4096 (order: 5, 131072 bytes)
[    0.195966] UDP-Lite hash table entries: 4096 (order: 5, 131072 bytes)
[    0.196079] NET: Registered protocol family 1
[    0.196199] RPC: Registered named UNIX socket transport module.
[    0.196274] RPC: Registered udp transport module.
[    0.196345] RPC: Registered tcp transport module.
[    0.196416] RPC: Registered tcp NFSv4.1 backchannel transport module.
[    0.196501] pci 0000:00:02.0: Video device with shadowed ROM
[    0.442764] PCI: CLS 64 bytes, default 64
[    0.442803] PCI-DMA: Using software bounce buffering for IO (SWIOTLB)
[    0.442878] software IO TLB [mem 0xb277e000-0xb677e000] (64MB) mapped at [ffff8800b277e000-ffff8800b677dfff]
[    0.443122] RAPL PMU detected, API unit is 2^-32 Joules, 3 fixed counters 163840 ms ovfl timer
[    0.443228] hw unit of domain pp0-core 2^-16 Joules
[    0.443301] hw unit of domain package 2^-16 Joules
[    0.443372] hw unit of domain pp1-gpu 2^-16 Joules
[    0.443667] Scanning for low memory corruption every 60 seconds
[    0.445367] AVX2 or AES-NI instructions are not detected.
[    0.445441] AVX2 instructions are not detected.
[    0.445624] futex hash table entries: 1024 (order: 4, 65536 bytes)
[    0.447603] NFS: Registering the id_resolver key type
[    0.447684] Key type id_resolver registered
[    0.447754] Key type id_legacy registered
[    0.449179] NET: Registered protocol family 38
[    0.449255] Key type asymmetric registered
[    0.449327] Asymmetric key parser 'x509' registered
[    0.449429] Block layer SCSI generic (bsg) driver version 0.4 loaded (major 253)
[    0.449549] io scheduler noop registered
[    0.449621] io scheduler deadline registered
[    0.449712] io scheduler cfq registered (default)
[    0.450397] pci_hotplug: PCI Hot Plug PCI Core version: 0.5
[    0.450588] input: Power Button as /devices/LNXSYSTM:00/LNXSYBUS:00/PNP0C0C:00/input/input0
[    0.450697] ACPI: Power Button [PWRB]
[    0.450789] input: Power Button as /devices/LNXSYSTM:00/LNXPWRBN:00/input/input1
[    0.450894] ACPI: Power Button [PWRF]
[    0.451037] Monitor-Mwait will be used to enter C-1 state
[    0.451044] Monitor-Mwait will be used to enter C-3 state
[    0.451054] ACPI: acpi_idle registered with cpuidle
[    0.451563] Serial: 8250/16550 driver, 4 ports, IRQ sharing enabled
[    0.451930] Non-volatile memory driver v1.3
[    0.452022] Linux agpgart interface v0.103
[    0.452135] [drm] Initialized drm 1.1.0 20060810
[    0.452822] [drm] Memory usable by graphics device = 2048M
[    0.452896] [drm] Replacing VGA console driver
[    0.453423] Console: switching to colour dummy device 80x25
[    0.459658] [drm] Supports vblank timestamp caching Rev 2 (21.10.2013).
[    0.459662] [drm] Driver supports precise vblank timestamp query.
[    0.459806] vgaarb: device changed decodes: PCI:0000:00:02.0,olddecodes=io+mem,decodes=none:owns=io+mem
[    0.463904] ACPI: Video Device [GFX0] (multi-head: yes  rom: no  post: no)
[    0.464118] acpi device:41: registered as cooling_device4
[    0.464163] input: Video Bus as /devices/LNXSYSTM:00/LNXSYBUS:00/PNP0A08:00/LNXVIDEO:00/input/input2
[    0.464181] [drm] Initialized i915 1.6.0 20151218 for 0000:00:02.0 on minor 0
[    0.465081] loop: module loaded
[    0.465157] ahci 0000:00:1f.2: version 3.0
[    0.475389] ahci 0000:00:1f.2: AHCI 0001.0300 32 slots 6 ports 6 Gbps 0x3f impl SATA mode
[    0.475404] ahci 0000:00:1f.2: flags: 64bit ncq sntf pm led clo pio slum part ems apst 
[    0.484923] scsi host0: ahci
[    0.485076] scsi host1: ahci
[    0.485142] scsi host2: ahci
[    0.485199] scsi host3: ahci
[    0.485252] scsi host4: ahci
[    0.485305] scsi host5: ahci
[    0.485329] ata1: SATA max UDMA/133 abar m2048@0xfad25000 port 0xfad25100 irq 32
[    0.485335] ata2: SATA max UDMA/133 abar m2048@0xfad25000 port 0xfad25180 irq 32
[    0.485340] ata3: SATA max UDMA/133 abar m2048@0xfad25000 port 0xfad25200 irq 32
[    0.485345] ata4: SATA max UDMA/133 abar m2048@0xfad25000 port 0xfad25280 irq 32
[    0.485350] ata5: SATA max UDMA/133 abar m2048@0xfad25000 port 0xfad25300 irq 32
[    0.485356] ata6: SATA max UDMA/133 abar m2048@0xfad25000 port 0xfad25380 irq 32
[    0.485503] ahci 0000:05:00.0: AHCI 0001.0100 32 slots 2 ports 3 Gbps 0x3 impl SATA mode
[    0.485508] ahci 0000:05:00.0: flags: 64bit ncq pm led clo pmp pio slum part 
[    0.485674] scsi host6: ahci
[    0.485744] scsi host7: ahci
[    0.485771] ata7: SATA max UDMA/133 abar m512@0xfab10000 port 0xfab10100 irq 19
[    0.485778] ata8: SATA max UDMA/133 abar m512@0xfab10000 port 0xfab10180 irq 19
[    0.485896] ahci 0000:09:00.0: AHCI 0001.0000 32 slots 2 ports 6 Gbps 0x3 impl SATA mode
[    0.485902] ahci 0000:09:00.0: flags: 64bit ncq sntf led only pmp fbs pio slum part sxs 
[    0.486061] scsi host8: ahci
[    0.486123] scsi host9: ahci
[    0.486158] ata9: SATA max UDMA/133 abar m512@0xfa810000 port 0xfa810100 irq 33
[    0.486165] ata10: SATA max UDMA/133 abar m512@0xfa810000 port 0xfa810180 irq 33
[    0.486255] ehci_hcd: USB 2.0 'Enhanced' Host Controller (EHCI) Driver
[    0.486261] ehci-pci: EHCI PCI platform driver
[    0.486331] ehci-pci 0000:00:1a.0: EHCI Host Controller
[    0.486361] ehci-pci 0000:00:1a.0: new USB bus registered, assigned bus number 1
[    0.486378] ehci-pci 0000:00:1a.0: debug port 2
[    0.490266] ehci-pci 0000:00:1a.0: cache line size of 64 is not supported
[    0.490273] ehci-pci 0000:00:1a.0: irq 23, io mem 0xfad27000
[    0.495572] ehci-pci 0000:00:1a.0: USB 2.0 started, EHCI 1.00
[    0.495632] usb usb1: New USB device found, idVendor=1d6b, idProduct=0002
[    0.495636] usb usb1: New USB device strings: Mfr=3, Product=2, SerialNumber=1
[    0.495641] usb usb1: Product: EHCI Host Controller
[    0.495644] usb usb1: Manufacturer: Linux 4.5.1 ehci_hcd
[    0.495646] usb usb1: SerialNumber: 0000:00:1a.0
[    0.495782] hub 1-0:1.0: USB hub found
[    0.495791] hub 1-0:1.0: 2 ports detected
[    0.495898] ehci-pci 0000:00:1d.0: EHCI Host Controller
[    0.495983] ehci-pci 0000:00:1d.0: new USB bus registered, assigned bus number 2
[    0.495998] ehci-pci 0000:00:1d.0: debug port 2
[    0.499880] ehci-pci 0000:00:1d.0: cache line size of 64 is not supported
[    0.499884] ehci-pci 0000:00:1d.0: irq 23, io mem 0xfad26000
[    0.505577] ehci-pci 0000:00:1d.0: USB 2.0 started, EHCI 1.00
[    0.505634] usb usb2: New USB device found, idVendor=1d6b, idProduct=0002
[    0.505638] usb usb2: New USB device strings: Mfr=3, Product=2, SerialNumber=1
[    0.505643] usb usb2: Product: EHCI Host Controller
[    0.505646] usb usb2: Manufacturer: Linux 4.5.1 ehci_hcd
[    0.505648] usb usb2: SerialNumber: 0000:00:1d.0
[    0.505776] hub 2-0:1.0: USB hub found
[    0.505784] hub 2-0:1.0: 2 ports detected
[    0.505846] ohci_hcd: USB 1.1 'Open' Host Controller (OHCI) Driver
[    0.505852] ohci-pci: OHCI PCI platform driver
[    0.505863] uhci_hcd: USB Universal Host Controller Interface driver
[    0.505884] usbcore: registered new interface driver usblp
[    0.505902] usbcore: registered new interface driver usb-storage
[    0.505931] i8042: PNP: No PS/2 controller found. Probing ports directly.
[    0.508704] serio: i8042 KBD port at 0x60,0x64 irq 1
[    0.508711] serio: i8042 AUX port at 0x60,0x64 irq 12
[    0.508840] mousedev: PS/2 mouse device common for all mice
[    0.509056] rtc_cmos 00:02: RTC can wake from S4
[    0.509173] rtc_cmos 00:02: rtc core: registered rtc_cmos as rtc0
[    0.509201] rtc_cmos 00:02: alarms up to one month, y3k, 114 bytes nvram, hpet irqs
[    0.509277] i801_smbus 0000:00:1f.3: SMBus using PCI interrupt
[    0.509358] device-mapper: ioctl: 4.34.0-ioctl (2015-10-28) initialised: dm-devel@redhat.com
[    0.509382] hidraw: raw HID events driver (C) Jiri Kosina
[    0.509554] usbcore: registered new interface driver usbhid
[    0.509557] usbhid: USB HID core driver
[    0.509576] Netfilter messages via NETLINK v0.30.
[    0.509586] nf_conntrack version 0.5.0 (65536 buckets, 262144 max)
[    0.509702] ctnetlink v0.93: registering with nfnetlink.
[    0.509782] ip_tables: (C) 2000-2006 Netfilter Core Team
[    0.509799] Initializing XFRM netlink socket
[    0.509903] NET: Registered protocol family 10
[    0.510030] ip6_tables: (C) 2000-2006 Netfilter Core Team
[    0.510063] sit: IPv6 over IPv4 tunneling driver
[    0.510152] NET: Registered protocol family 17
[    0.510173] Key type dns_resolver registered
[    0.510291] microcode: CPU0 sig=0x206a7, pf=0x2, revision=0x14
[    0.510300] microcode: CPU1 sig=0x206a7, pf=0x2, revision=0x14
[    0.510309] microcode: CPU2 sig=0x206a7, pf=0x2, revision=0x14
[    0.510319] microcode: CPU3 sig=0x206a7, pf=0x2, revision=0x14
[    0.510340] microcode: Microcode Update Driver: v2.01 <tigran@aivazian.fsnet.co.uk>, Peter Oruba
[    0.510358] AVX version of gcm_enc/dec engaged.
[    0.510360] AES CTR mode by8 optimization enabled
[    0.510885] registered taskstats version 1
[    0.511225] console [netcon0] enabled
[    0.511228] netconsole: network logging started
[    0.788564] ata5: SATA link up 3.0 Gbps (SStatus 123 SControl 300)
[    0.788593] ata1: SATA link up 6.0 Gbps (SStatus 133 SControl 300)
[    0.788623] ata4: SATA link up 3.0 Gbps (SStatus 123 SControl 300)
[    0.788659] ata2: SATA link up 6.0 Gbps (SStatus 133 SControl 300)
[    0.788679] ata3: SATA link up 3.0 Gbps (SStatus 123 SControl 300)
[    0.788812] ata1.00: ATA-9: INTEL SSDSC2BA100G3, 5DV10270, max UDMA/133
[    0.788827] ata1.00: 195371568 sectors, multi 1: LBA48 NCQ (depth 31/32)
[    0.788847] ata5.00: ATA-9: INTEL SSDSC2BA100G3, 5DV10270, max UDMA/133
[    0.788852] ata5.00: 195371568 sectors, multi 1: LBA48 NCQ (depth 31/32)
[    0.788959] ata3.00: ATA-9: INTEL SSDSC2BA100G3, 5DV10270, max UDMA/133
[    0.788969] ata3.00: 195371568 sectors, multi 1: LBA48 NCQ (depth 31/32)
[    0.789013] ata2.00: ATA-9: INTEL SSDSC2BA100G3, 5DV10270, max UDMA/133
[    0.789018] ata2.00: 195371568 sectors, multi 1: LBA48 NCQ (depth 31/32)
[    0.789029] ata4.00: ATA-9: INTEL SSDSC2BA100G3, 5DV10270, max UDMA/133
[    0.789034] ata4.00: 195371568 sectors, multi 1: LBA48 NCQ (depth 31/32)
[    0.789169] ata1.00: configured for UDMA/133
[    0.789285] ata3.00: configured for UDMA/133
[    0.789302] scsi 0:0:0:0: Direct-Access     ATA      INTEL SSDSC2BA10 0270 PQ: 0 ANSI: 5
[    0.789311] ata5.00: configured for UDMA/133
[    0.789405] ata2.00: configured for UDMA/133
[    0.789413] ata4.00: configured for UDMA/133
[    0.789597] ata8: SATA link down (SStatus 0 SControl 300)
[    0.789633] ata6: SATA link up 3.0 Gbps (SStatus 123 SControl 300)
[    0.789662] ata7: SATA link down (SStatus 0 SControl 300)
[    0.789984] ata6.00: ATA-9: INTEL SSDSC2BA100G3, 5DV10270, max UDMA/133
[    0.789989] ata6.00: 195371568 sectors, multi 1: LBA48 NCQ (depth 31/32)
[    0.790288] ata6.00: configured for UDMA/133
[    0.797534] usb 1-1: new high-speed USB device number 2 using ehci-pci
[    0.799706] ata1.00: Enabling discard_zeroes_data
[    0.799722] sd 0:0:0:0: [sda] 195371568 512-byte logical blocks: (100 GB/93.2 GiB)
[    0.799728] sd 0:0:0:0: [sda] 4096-byte physical blocks
[    0.799736] sd 0:0:0:0: Attached scsi generic sg0 type 0
[    0.799911] sd 0:0:0:0: [sda] Write Protect is off
[    0.799914] scsi 1:0:0:0: Direct-Access     ATA      INTEL SSDSC2BA10 0270 PQ: 0 ANSI: 5
[    0.799920] sd 0:0:0:0: [sda] Mode Sense: 00 3a 00 00
[    0.799973] sd 0:0:0:0: [sda] Write cache: enabled, read cache: enabled, doesn't support DPO or FUA
[    0.800126] ata1.00: Enabling discard_zeroes_data
[    0.800411]  sda: sda1
[    0.800506] ata1.00: Enabling discard_zeroes_data
[    0.800615] sd 0:0:0:0: [sda] Attached SCSI disk
[    0.807548] usb 2-1: new high-speed USB device number 2 using ehci-pci
[    0.810699] ata2.00: Enabling discard_zeroes_data
[    0.810714] sd 1:0:0:0: [sdb] 195371568 512-byte logical blocks: (100 GB/93.2 GiB)
[    0.810719] sd 1:0:0:0: [sdb] 4096-byte physical blocks
[    0.810726] sd 1:0:0:0: Attached scsi generic sg1 type 0
[    0.810823] sd 1:0:0:0: [sdb] Write Protect is off
[    0.810828] sd 1:0:0:0: [sdb] Mode Sense: 00 3a 00 00
[    0.810876] scsi 2:0:0:0: Direct-Access     ATA      INTEL SSDSC2BA10 0270 PQ: 0 ANSI: 5
[    0.810905] sd 1:0:0:0: [sdb] Write cache: enabled, read cache: enabled, doesn't support DPO or FUA
[    0.810980] ata2.00: Enabling discard_zeroes_data
[    0.811326]  sdb: sdb1
[    0.811411] ata2.00: Enabling discard_zeroes_data
[    0.811508] sd 1:0:0:0: [sdb] Attached SCSI disk
[    0.821701] ata3.00: Enabling discard_zeroes_data
[    0.821715] sd 2:0:0:0: [sdc] 195371568 512-byte logical blocks: (100 GB/93.2 GiB)
[    0.821721] sd 2:0:0:0: Attached scsi generic sg2 type 0
[    0.821724] sd 2:0:0:0: [sdc] 4096-byte physical blocks
[    0.821844] sd 2:0:0:0: [sdc] Write Protect is off
[    0.821846] scsi 3:0:0:0: Direct-Access     ATA      INTEL SSDSC2BA10 0270 PQ: 0 ANSI: 5
[    0.821853] sd 2:0:0:0: [sdc] Mode Sense: 00 3a 00 00
[    0.821883] sd 2:0:0:0: [sdc] Write cache: enabled, read cache: enabled, doesn't support DPO or FUA
[    0.822029] ata3.00: Enabling discard_zeroes_data
[    0.822311]  sdc: sdc1
[    0.822395] ata3.00: Enabling discard_zeroes_data
[    0.822494] sd 2:0:0:0: [sdc] Attached SCSI disk
[    0.831688] sd 3:0:0:0: Attached scsi generic sg3 type 0
[    0.831696] ata4.00: Enabling discard_zeroes_data
[    0.831711] sd 3:0:0:0: [sdd] 195371568 512-byte logical blocks: (100 GB/93.2 GiB)
[    0.831717] sd 3:0:0:0: [sdd] 4096-byte physical blocks
[    0.831820] scsi 4:0:0:0: Direct-Access     ATA      INTEL SSDSC2BA10 0270 PQ: 0 ANSI: 5
[    0.831852] sd 3:0:0:0: [sdd] Write Protect is off
[    0.831857] sd 3:0:0:0: [sdd] Mode Sense: 00 3a 00 00
[    0.831886] sd 3:0:0:0: [sdd] Write cache: enabled, read cache: enabled, doesn't support DPO or FUA
[    0.832021] ata4.00: Enabling discard_zeroes_data
[    0.832349]  sdd: sdd1
[    0.832434] ata4.00: Enabling discard_zeroes_data
[    0.832470] sd 3:0:0:0: [sdd] Attached SCSI disk
[    0.840693] ata5.00: Enabling discard_zeroes_data
[    0.840705] sd 4:0:0:0: [sde] 195371568 512-byte logical blocks: (100 GB/93.2 GiB)
[    0.840711] sd 4:0:0:0: [sde] 4096-byte physical blocks
[    0.840740] sd 4:0:0:0: [sde] Write Protect is off
[    0.840744] sd 4:0:0:0: [sde] Mode Sense: 00 3a 00 00
[    0.840751] sd 4:0:0:0: Attached scsi generic sg4 type 0
[    0.840753] sd 4:0:0:0: [sde] Write cache: enabled, read cache: enabled, doesn't support DPO or FUA
[    0.840856] ata5.00: Enabling discard_zeroes_data
[    0.840952] scsi 5:0:0:0: Direct-Access     ATA      INTEL SSDSC2BA10 0270 PQ: 0 ANSI: 5
[    0.841232]  sde: sde1
[    0.841317] ata5.00: Enabling discard_zeroes_data
[    0.841417] sd 4:0:0:0: [sde] Attached SCSI disk
[    0.850701] ata6.00: Enabling discard_zeroes_data
[    0.850716] sd 5:0:0:0: [sdf] 195371568 512-byte logical blocks: (100 GB/93.2 GiB)
[    0.850721] sd 5:0:0:0: Attached scsi generic sg5 type 0
[    0.850721] sd 5:0:0:0: [sdf] 4096-byte physical blocks
[    0.850831] sd 5:0:0:0: [sdf] Write Protect is off
[    0.850836] sd 5:0:0:0: [sdf] Mode Sense: 00 3a 00 00
[    0.850864] sd 5:0:0:0: [sdf] Write cache: enabled, read cache: enabled, doesn't support DPO or FUA
[    0.850944] ata6.00: Enabling discard_zeroes_data
[    0.851269]  sdf: sdf1
[    0.851351] ata6.00: Enabling discard_zeroes_data
[    0.851449] sd 5:0:0:0: [sdf] Attached SCSI disk
[    0.911986] usb 1-1: New USB device found, idVendor=8087, idProduct=0024
[    0.911996] usb 1-1: New USB device strings: Mfr=0, Product=0, SerialNumber=0
[    0.912212] hub 1-1:1.0: USB hub found
[    0.912321] hub 1-1:1.0: 6 ports detected
[    0.921993] usb 2-1: New USB device found, idVendor=8087, idProduct=0024
[    0.922004] usb 2-1: New USB device strings: Mfr=0, Product=0, SerialNumber=0
[    0.922213] hub 2-1:1.0: USB hub found
[    0.922320] hub 2-1:1.0: 8 ports detected
[    0.942596] ata10: SATA link up 3.0 Gbps (SStatus 123 SControl 300)
[    0.942630] ata9: SATA link up 6.0 Gbps (SStatus 133 SControl 300)
[    0.943018] ata10.00: ATA-8: INTEL SSDSA2CW120G3, 4PC10362, max UDMA/133
[    0.943023] ata10.00: 234441648 sectors, multi 1: LBA48 NCQ (depth 31/32)
[    0.943094] ata9.00: ATA-9: INTEL SSDSC2BB080G6, G2010140, max UDMA/133
[    0.943098] ata9.00: 156301488 sectors, multi 1: LBA48 NCQ (depth 31/32)
[    0.943508] ata10.00: configured for UDMA/133
[    0.943703] ata9.00: configured for UDMA/133
[    0.943884] scsi 8:0:0:0: Direct-Access     ATA      INTEL SSDSC2BB08 0140 PQ: 0 ANSI: 5
[    0.954740] ata9.00: Enabling discard_zeroes_data
[    0.954761] sd 8:0:0:0: Attached scsi generic sg6 type 0
[    0.954789] sd 8:0:0:0: [sdg] 156301488 512-byte logical blocks: (80.0 GB/74.5 GiB)
[    0.954796] sd 8:0:0:0: [sdg] 4096-byte physical blocks
[    0.954851] scsi 9:0:0:0: Direct-Access     ATA      INTEL SSDSA2CW12 0362 PQ: 0 ANSI: 5
[    0.954972] sd 8:0:0:0: [sdg] Write Protect is off
[    0.954977] sd 8:0:0:0: [sdg] Mode Sense: 00 3a 00 00
[    0.955035] sd 8:0:0:0: [sdg] Write cache: enabled, read cache: enabled, doesn't support DPO or FUA
[    0.955120] ata9.00: Enabling discard_zeroes_data
[    0.955498]  sdg: sdg1 sdg2 sdg3 sdg4
[    0.955659] ata9.00: Enabling discard_zeroes_data
[    0.955794] sd 8:0:0:0: [sdg] Attached SCSI removable disk
[    0.965701] ata10.00: Enabling discard_zeroes_data
[    0.965716] sd 9:0:0:0: [sdh] 234441648 512-byte logical blocks: (120 GB/112 GiB)
[    0.965728] sd 9:0:0:0: Attached scsi generic sg7 type 0
[    0.965883] sd 9:0:0:0: [sdh] Write Protect is off
[    0.965888] sd 9:0:0:0: [sdh] Mode Sense: 00 3a 00 00
[    0.965947] sd 9:0:0:0: [sdh] Write cache: enabled, read cache: enabled, doesn't support DPO or FUA
[    0.966055] ata10.00: Enabling discard_zeroes_data
[    0.966389]  sdh: sdh1
[    0.966471] ata10.00: Enabling discard_zeroes_data
[    0.966582] sd 9:0:0:0: [sdh] Attached SCSI removable disk
[    0.966594] md: Waiting for all devices to be available before autodetect
[    0.966597] md: If you don't use raid, use raid=noautodetect
[    0.966695] md: Autodetecting RAID arrays.
[    0.966828] md: invalid raid superblock magic on sda1
[    0.966832] md: sda1 does not have a valid v0.90 superblock, not importing!
[    0.966944] md: invalid raid superblock magic on sdb1
[    0.966947] md: sdb1 does not have a valid v0.90 superblock, not importing!
[    0.967002] md: invalid raid superblock magic on sdc1
[    0.967005] md: sdc1 does not have a valid v0.90 superblock, not importing!
[    0.967059] md: invalid raid superblock magic on sdd1
[    0.967062] md: sdd1 does not have a valid v0.90 superblock, not importing!
[    0.967117] md: invalid raid superblock magic on sde1
[    0.967120] md: sde1 does not have a valid v0.90 superblock, not importing!
[    0.967174] md: invalid raid superblock magic on sdf1
[    0.967177] md: sdf1 does not have a valid v0.90 superblock, not importing!
[    0.967181] md: Scanned 6 and added 0 devices.
[    0.967184] md: autorun ...
[    0.967186] md: ... autorun DONE.
[    0.967351] EXT4-fs (sdg3): couldn't mount as ext3 due to feature incompatibilities
[    0.967507] EXT4-fs (sdg3): couldn't mount as ext2 due to feature incompatibilities
[    0.969284] EXT4-fs (sdg3): mounted filesystem with ordered data mode. Opts: (null)
[    0.969294] VFS: Mounted root (ext4 filesystem) readonly on device 8:99.
[    0.970029] Freeing unused kernel memory: 1044K (ffffffff81f0b000 - ffffffff82010000)
[    0.970034] Write protecting the kernel read-only data: 14336k
[    0.970403] Freeing unused kernel memory: 1936K (ffff88000181c000 - ffff880001a00000)
[    0.972678] Freeing unused kernel memory: 1424K (ffff880001c9c000 - ffff880001e00000)
[    1.026981] kbd_mode (1329) used greatest stack depth: 13744 bytes left
[    1.030417] loadkeys (1330) used greatest stack depth: 13480 bytes left
[    1.030562] init-early.sh (1327) used greatest stack depth: 12512 bytes left
[    1.188556] usb 2-1.7: new full-speed USB device number 3 using ehci-pci
[    1.229685] random: systemd-udevd urandom read with 47 bits of entropy available
[    1.265269] usb 2-1.7: New USB device found, idVendor=0cf3, idProduct=3000
[    1.265273] usb 2-1.7: New USB device strings: Mfr=0, Product=0, SerialNumber=0
[    1.277943] pps_core: LinuxPPS API ver. 1 registered
[    1.277946] pps_core: Software ver. 5.3.6 - Copyright 2005-2007 Rodolfo Giometti <giometti@linux.it>
[    1.279067] PTP clock support registered
[    1.281320] e1000e: Intel(R) PRO/1000 Network Driver - 3.2.6-k
[    1.281322] e1000e: Copyright(c) 1999 - 2015 Intel Corporation.
[    1.281434] e1000e 0000:00:19.0: Interrupt Throttling Rate (ints/sec) set to dynamic conservative mode
[    1.306991] md: bind<sdc1>
[    1.307985] md: bind<sdf1>
[    1.309142] md: bind<sda1>
[    1.311012] md: bind<sde1>
[    1.312359] md: bind<sdb1>
[    1.314735] md: bind<sdd1>
[    1.316956] md: raid10 personality registered for level 10
[    1.317089] md/raid10:md127: active with 6 out of 6 devices
[    1.317109] md127: detected capacity change from 0 to 299885395968
[    1.444598] tsc: Refined TSC clocksource calibration: 3300.023 MHz
[    1.444604] clocksource: tsc: mask: 0xffffffffffffffff max_cycles: 0x2f91626a655, max_idle_ns: 440795305688 ns
[    1.544850] e1000e 0000:00:19.0 eth0: registered PHC clock
[    1.544853] e1000e 0000:00:19.0 eth0: (PCI Express:2.5GT/s:Width x1) 14:da:e9:0f:78:84
[    1.544854] e1000e 0000:00:19.0 eth0: Intel(R) PRO/1000 Network Connection
[    1.544885] e1000e 0000:00:19.0 eth0: MAC: 10, PHY: 11, PBA No: FFFFFF-0FF
[    1.546899] e1000e 0000:00:19.0 eno1: renamed from eth0
[    2.444703] clocksource: Switched to clocksource tsc
[    2.476992] EXT4-fs (sdg3): re-mounted. Opts: (null)
[    2.514808] Adding 1020k swap on /dev/sdg2.  Priority:-1 extents:1 across:1020k SS
[    5.981782] e1000e: eno1 NIC Link is Up 1000 Mbps Full Duplex, Flow Control: Rx/Tx
[   71.816644] random: nonblocking pool is initialized
[  182.324112] EXT4-fs (md127): barriers disabled
[  182.327489] EXT4-fs (md127): mounted filesystem with ordered data mode. Opts: nobarrier
