[    0.000000] Linux version 3.12.58 (root@bench) (gcc version 4.7.3 (Gentoo 4.7.3-r1 p1.4, pie-0.5.5) ) #1 SMP Thu May 12 12:37:55 CEST 2016
[    0.000000] Command line: BOOT_IMAGE=/kernel-3.12.58 root=/dev/sdg3 ro
[    0.000000] e820: BIOS-provided physical RAM map:
[    0.000000] BIOS-e820: [mem 0x0000000000000000-0x000000000009b3ff] usable
[    0.000000] BIOS-e820: [mem 0x000000000009b400-0x000000000009ffff] reserved
[    0.000000] BIOS-e820: [mem 0x00000000000e0000-0x00000000000fffff] reserved
[    0.000000] BIOS-e820: [mem 0x0000000000100000-0x000000001fffffff] usable
[    0.000000] BIOS-e820: [mem 0x0000000020000000-0x00000000201fffff] reserved
[    0.000000] BIOS-e820: [mem 0x0000000020200000-0x000000003fffffff] usable
[    0.000000] BIOS-e820: [mem 0x0000000040000000-0x00000000401fffff] reserved
[    0.000000] BIOS-e820: [mem 0x0000000040200000-0x00000000b677dfff] usable
[    0.000000] BIOS-e820: [mem 0x00000000b677e000-0x00000000b67d4fff] ACPI NVS
[    0.000000] BIOS-e820: [mem 0x00000000b67d5000-0x00000000b6b5bfff] reserved
[    0.000000] BIOS-e820: [mem 0x00000000b6b5c000-0x00000000b6b5efff] ACPI NVS
[    0.000000] BIOS-e820: [mem 0x00000000b6b5f000-0x00000000b6da4fff] reserved
[    0.000000] BIOS-e820: [mem 0x00000000b6da5000-0x00000000b6db5fff] ACPI NVS
[    0.000000] BIOS-e820: [mem 0x00000000b6db6000-0x00000000b6dccfff] reserved
[    0.000000] BIOS-e820: [mem 0x00000000b6dcd000-0x00000000b6dcefff] usable
[    0.000000] BIOS-e820: [mem 0x00000000b6dcf000-0x00000000b6dd6fff] reserved
[    0.000000] BIOS-e820: [mem 0x00000000b6dd7000-0x00000000b6de1fff] ACPI NVS
[    0.000000] BIOS-e820: [mem 0x00000000b6de2000-0x00000000b6e3dfff] reserved
[    0.000000] BIOS-e820: [mem 0x00000000b6e3e000-0x00000000b6e80fff] ACPI NVS
[    0.000000] BIOS-e820: [mem 0x00000000b6e81000-0x00000000b6ffffff] usable
[    0.000000] BIOS-e820: [mem 0x00000000b7800000-0x00000000bf9fffff] reserved
[    0.000000] BIOS-e820: [mem 0x00000000fed1c000-0x00000000fed1ffff] reserved
[    0.000000] BIOS-e820: [mem 0x00000000ff000000-0x00000000ffffffff] reserved
[    0.000000] BIOS-e820: [mem 0x0000000100000000-0x000000023fdfffff] usable
[    0.000000] NX (Execute Disable) protection: active
[    0.000000] SMBIOS 2.6 present.
[    0.000000] DMI: System manufacturer System Product Name/P8Z68-V PRO, BIOS 0501 05/09/2011
[    0.000000] e820: update [mem 0x00000000-0x00000fff] usable ==> reserved
[    0.000000] e820: remove [mem 0x000a0000-0x000fffff] usable
[    0.000000] No AGP bridge found
[    0.000000] e820: last_pfn = 0x23fe00 max_arch_pfn = 0x400000000
[    0.000000] MTRR default type: uncachable
[    0.000000] MTRR fixed ranges enabled:
[    0.000000]   00000-9FFFF write-back
[    0.000000]   A0000-BFFFF uncachable
[    0.000000]   C0000-D3FFF write-protect
[    0.000000]   D4000-E7FFF uncachable
[    0.000000]   E8000-FFFFF write-protect
[    0.000000] MTRR variable ranges enabled:
[    0.000000]   0 base 000000000 mask E00000000 write-back
[    0.000000]   1 base 200000000 mask FC0000000 write-back
[    0.000000]   2 base 0B7800000 mask FFF800000 uncachable
[    0.000000]   3 base 0B8000000 mask FF8000000 uncachable
[    0.000000]   4 base 0C0000000 mask FC0000000 uncachable
[    0.000000]   5 base 23FE00000 mask FFFE00000 uncachable
[    0.000000]   6 disabled
[    0.000000]   7 disabled
[    0.000000]   8 disabled
[    0.000000]   9 disabled
[    0.000000] x86 PAT enabled: cpu 0, old 0x7040600070406, new 0x7010600070106
[    0.000000] e820: update [mem 0xb7800000-0xffffffff] usable ==> reserved
[    0.000000] e820: last_pfn = 0xb7000 max_arch_pfn = 0x400000000
[    0.000000] found SMP MP-table at [mem 0x000fcee0-0x000fceef] mapped at [ffff8800000fcee0]
[    0.000000] Scanning 1 areas for low memory corruption
[    0.000000] Base memory trampoline at [ffff880000095000] 95000 size 24576
[    0.000000] reserving inaccessible SNB gfx pages
[    0.000000] init_memory_mapping: [mem 0x00000000-0x000fffff]
[    0.000000]  [mem 0x00000000-0x000fffff] page 4k
[    0.000000] BRK [0x01ea7000, 0x01ea7fff] PGTABLE
[    0.000000] BRK [0x01ea8000, 0x01ea8fff] PGTABLE
[    0.000000] BRK [0x01ea9000, 0x01ea9fff] PGTABLE
[    0.000000] init_memory_mapping: [mem 0x23fc00000-0x23fdfffff]
[    0.000000]  [mem 0x23fc00000-0x23fdfffff] page 2M
[    0.000000] BRK [0x01eaa000, 0x01eaafff] PGTABLE
[    0.000000] init_memory_mapping: [mem 0x23c000000-0x23fbfffff]
[    0.000000]  [mem 0x23c000000-0x23fbfffff] page 2M
[    0.000000] init_memory_mapping: [mem 0x200000000-0x23bffffff]
[    0.000000]  [mem 0x200000000-0x23bffffff] page 2M
[    0.000000] init_memory_mapping: [mem 0x00100000-0x1fffffff]
[    0.000000]  [mem 0x00100000-0x001fffff] page 4k
[    0.000000]  [mem 0x00200000-0x1fffffff] page 2M
[    0.000000] init_memory_mapping: [mem 0x20200000-0x3fffffff]
[    0.000000]  [mem 0x20200000-0x3fffffff] page 2M
[    0.000000] init_memory_mapping: [mem 0x40200000-0xb677dfff]
[    0.000000]  [mem 0x40200000-0xb65fffff] page 2M
[    0.000000]  [mem 0xb6600000-0xb677dfff] page 4k
[    0.000000] BRK [0x01eab000, 0x01eabfff] PGTABLE
[    0.000000] BRK [0x01eac000, 0x01eacfff] PGTABLE
[    0.000000] init_memory_mapping: [mem 0xb6dcd000-0xb6dcefff]
[    0.000000]  [mem 0xb6dcd000-0xb6dcefff] page 4k
[    0.000000] init_memory_mapping: [mem 0xb6e81000-0xb6ffffff]
[    0.000000]  [mem 0xb6e81000-0xb6ffffff] page 4k
[    0.000000] init_memory_mapping: [mem 0x100000000-0x1ffffffff]
[    0.000000]  [mem 0x100000000-0x1ffffffff] page 2M
[    0.000000] ACPI: RSDP 0x00000000000F0420 00024 (v02 ALASKA)
[    0.000000] ACPI: XSDT 0x00000000B67CA068 0004C (v01 ALASKA A M I    01072009 AMI  00010013)
[    0.000000] ACPI: FACP 0x00000000B67D42D8 000F4 (v04 ALASKA A M I    01072009 AMI  00010013)
[    0.000000] ACPI: DSDT 0x00000000B67CA140 0A198 (v02 ALASKA A M I    00000000 INTL 20051117)
[    0.000000] ACPI: FACS 0x00000000B6DD9F80 00040
[    0.000000] ACPI: APIC 0x00000000B67D43D0 00072 (v03 ALASKA A M I    01072009 AMI  00010013)
[    0.000000] ACPI: SSDT 0x00000000B67D4448 00102 (v01 AMICPU PROC     00000001 MSFT 03000001)
[    0.000000] ACPI: MCFG 0x00000000B67D4550 0003C (v01 ALASKA A M I    01072009 MSFT 00000097)
[    0.000000] ACPI: HPET 0x00000000B67D4590 00038 (v01 ALASKA A M I    01072009 AMI. 00000004)
[    0.000000] ACPI: Local APIC address 0xfee00000
[    0.000000] No NUMA configuration found
[    0.000000] Faking a node at [mem 0x0000000000000000-0x000000023fdfffff]
[    0.000000] Initmem setup node 0 [mem 0x00000000-0x23fdfffff]
[    0.000000]   NODE_DATA [mem 0x23fdf5000-0x23fdf8fff]
[    0.000000]  [ffffea0000000000-ffffea0008ffffff] PMD -> [ffff880237600000-ffff88023f3fffff] on node 0
[    0.000000] Zone ranges:
[    0.000000]   DMA      [mem 0x00001000-0x00ffffff]
[    0.000000]   DMA32    [mem 0x01000000-0xffffffff]
[    0.000000]   Normal   [mem 0x100000000-0x23fdfffff]
[    0.000000] Movable zone start for each node
[    0.000000] Early memory node ranges
[    0.000000]   node   0: [mem 0x00001000-0x0009afff]
[    0.000000]   node   0: [mem 0x00100000-0x1fffffff]
[    0.000000]   node   0: [mem 0x20200000-0x3fffffff]
[    0.000000]   node   0: [mem 0x40200000-0xb677dfff]
[    0.000000]   node   0: [mem 0xb6dcd000-0xb6dcefff]
[    0.000000]   node   0: [mem 0xb6e81000-0xb6ffffff]
[    0.000000]   node   0: [mem 0x100000000-0x23fdfffff]
[    0.000000] On node 0 totalpages: 2056857
[    0.000000]   DMA zone: 64 pages used for memmap
[    0.000000]   DMA zone: 154 pages reserved
[    0.000000]   DMA zone: 3994 pages, LIFO batch:0
[    0.000000]   DMA32 zone: 11604 pages used for memmap
[    0.000000]   DMA32 zone: 742655 pages, LIFO batch:31
[    0.000000]   Normal zone: 20472 pages used for memmap
[    0.000000]   Normal zone: 1310208 pages, LIFO batch:31
[    0.000000] ACPI: PM-Timer IO Port: 0x408
[    0.000000] ACPI: Local APIC address 0xfee00000
[    0.000000] ACPI: LAPIC (acpi_id[0x01] lapic_id[0x00] enabled)
[    0.000000] ACPI: LAPIC (acpi_id[0x02] lapic_id[0x02] enabled)
[    0.000000] ACPI: LAPIC (acpi_id[0x03] lapic_id[0x04] enabled)
[    0.000000] ACPI: LAPIC (acpi_id[0x04] lapic_id[0x06] enabled)
[    0.000000] ACPI: LAPIC_NMI (acpi_id[0xff] high edge lint[0x1])
[    0.000000] ACPI: IOAPIC (id[0x00] address[0xfec00000] gsi_base[0])
[    0.000000] IOAPIC[0]: apic_id 0, version 32, address 0xfec00000, GSI 0-23
[    0.000000] ACPI: INT_SRC_OVR (bus 0 bus_irq 0 global_irq 2 dfl dfl)
[    0.000000] ACPI: INT_SRC_OVR (bus 0 bus_irq 9 global_irq 9 high level)
[    0.000000] ACPI: IRQ0 used by override.
[    0.000000] ACPI: IRQ2 used by override.
[    0.000000] ACPI: IRQ9 used by override.
[    0.000000] Using ACPI (MADT) for SMP configuration information
[    0.000000] ACPI: HPET id: 0x8086a701 base: 0xfed00000
[    0.000000] smpboot: Allowing 4 CPUs, 0 hotplug CPUs
[    0.000000] nr_irqs_gsi: 40
[    0.000000] e820: [mem 0xbfa00000-0xfed1bfff] available for PCI devices
[    0.000000] setup_percpu: NR_CPUS:64 nr_cpumask_bits:64 nr_cpu_ids:4 nr_node_ids:1
[    0.000000] PERCPU: Embedded 26 pages/cpu @ffff88023fa00000 s74496 r8192 d23808 u524288
[    0.000000] pcpu-alloc: s74496 r8192 d23808 u524288 alloc=1*2097152
[    0.000000] pcpu-alloc: [0] 0 1 2 3 
[    0.000000] Built 1 zonelists in Zone order, mobility grouping on.  Total pages: 2024563
[    0.000000] Policy zone: Normal
[    0.000000] Kernel command line: BOOT_IMAGE=/kernel-3.12.58 root=/dev/sdg3 ro
[    0.000000] PID hash table entries: 4096 (order: 3, 32768 bytes)
[    0.000000] xsave: enabled xstate_bv 0x7, cntxt size 0x340
[    0.000000] Checking aperture...
[    0.000000] No AGP bridge found
[    0.000000] Memory: 8016092K/8227428K available (7158K kernel code, 746K rwdata, 2416K rodata, 964K init, 972K bss, 211336K reserved)
[    0.000000] SLUB: HWalign=64, Order=0-3, MinObjects=0, CPUs=4, Nodes=1
[    0.000000] Hierarchical RCU implementation.
[    0.000000] 	RCU restricting CPUs from NR_CPUS=64 to nr_cpu_ids=4.
[    0.000000] NR_IRQS:4352 nr_irqs:712 16
[    0.000000] Console: colour VGA+ 80x25
[    0.000000] console [tty0] enabled
[    0.000000] hpet clockevent registered
[    0.000000] tsc: Fast TSC calibration using PIT
[    0.001000] tsc: Detected 3299.988 MHz processor
[    0.000001] Calibrating delay loop (skipped), value calculated using timer frequency.. 6599.97 BogoMIPS (lpj=3299988)
[    0.000139] pid_max: default: 32768 minimum: 301
[    0.000222] Security Framework initialized
[    0.000632] Dentry cache hash table entries: 1048576 (order: 11, 8388608 bytes)
[    0.001943] Inode-cache hash table entries: 524288 (order: 10, 4194304 bytes)
[    0.002520] Mount-cache hash table entries: 256
[    0.002704] CPU: Physical Processor ID: 0
[    0.002771] CPU: Processor Core ID: 0
[    0.002840] ENERGY_PERF_BIAS: Set to 'normal', was 'performance'
               ENERGY_PERF_BIAS: View and update with x86_energy_perf_policy(8)
[    0.002956] mce: CPU supports 9 MCE banks
[    0.003031] CPU0: Thermal monitoring enabled (TM1)
[    0.003103] process: using mwait in idle threads
[    0.003173] Last level iTLB entries: 4KB 512, 2MB 0, 4MB 0
               Last level dTLB entries: 4KB 512, 2MB 32, 4MB 32
               tlb_flushall_shift: 5
[    0.003395] Freeing SMP alternatives memory: 24K (ffffffff81dad000 - ffffffff81db3000)
[    0.003493] ACPI: Core revision 20130725
[    0.005509] ACPI: All ACPI Tables successfully acquired
[    0.107496] ..TIMER: vector=0x30 apic1=0 pin1=2 apic2=-1 pin2=-1
[    0.117557] smpboot: CPU0: Intel(R) Core(TM) i5-2500K CPU @ 3.30GHz (fam: 06, model: 2a, stepping: 07)
[    0.117772] TSC deadline timer enabled
[    0.117777] Performance Events: PEBS fmt1+, 16-deep LBR, SandyBridge events, full-width counters, Intel PMU driver.
[    0.118076] perf_event_intel: PEBS disabled due to CPU errata, please upgrade microcode
[    0.118173] ... version:                3
[    0.118240] ... bit width:              48
[    0.118307] ... generic registers:      8
[    0.118374] ... value mask:             0000ffffffffffff
[    0.118443] ... max period:             0000ffffffffffff
[    0.118511] ... fixed-purpose events:   3
[    0.118577] ... event mask:             00000007000000ff
[    0.118775] smpboot: Booting Node   0, Processors  #   1 #   2 #   3 OK
[    0.158606] Brought up 4 CPUs
[    0.158674] smpboot: Total of 4 processors activated (26399.90 BogoMIPS)
[    0.160847] devtmpfs: initialized
[    0.161053] kworker/u8:0 (25) used greatest stack depth: 5880 bytes left
[    0.161134] NET: Registered protocol family 16
[    0.161367] cpuidle: using governor ladder
[    0.161435] cpuidle: using governor menu
[    0.161515] ACPI: bus type PCI registered
[    0.161626] PCI: MMCONFIG for domain 0000 [bus 00-3f] at [mem 0xe0000000-0xe3ffffff] (base 0xe0000000)
[    0.161729] PCI: not using MMCONFIG
[    0.161795] PCI: Using configuration type 1 for base access
[    0.165401] bio: create slab <bio-0> at 0
[    0.165556] ACPI: Added _OSI(Module Device)
[    0.165622] ACPI: Added _OSI(Processor Device)
[    0.165690] ACPI: Added _OSI(3.0 _SCP Extensions)
[    0.165760] ACPI: Added _OSI(Processor Aggregator Device)
[    0.166577] ACPI: EC: Look up EC in DSDT
[    0.167289] ACPI: Executed 1 blocks of module-level executable AML code
[    0.169004] ACPI: SSDT 0x00000000B6DD8918 003E0 (v01 AMI    IST      00000001 MSFT 03000001)
[    0.169392] ACPI: Dynamic OEM Table Load:
[    0.169534] ACPI: SSDT 0x0000000000000000 003E0 (v01 AMI    IST      00000001 MSFT 03000001)
[    0.169720] ACPI: SSDT 0x00000000B6DD7D98 000E4 (v01 AMI    CST      00000001 MSFT 03000001)
[    0.170077] ACPI: Dynamic OEM Table Load:
[    0.170219] ACPI: SSDT 0x0000000000000000 000E4 (v01 AMI    CST      00000001 MSFT 03000001)
[    0.170676] ACPI: Interpreter enabled
[    0.170745] ACPI: (supports S0 S5)
[    0.170813] ACPI: Using IOAPIC for interrupt routing
[    0.170895] PCI: MMCONFIG for domain 0000 [bus 00-3f] at [mem 0xe0000000-0xe3ffffff] (base 0xe0000000)
[    0.171027] PCI: MMCONFIG at [mem 0xe0000000-0xe3ffffff] reserved in ACPI motherboard resources
[    0.171185] PCI: Using host bridge windows from ACPI; if necessary, use "pci=nocrs" and report a bug
[    0.171372] ACPI: No dock devices found.
[    0.171621] [Firmware Bug]: ACPI: BIOS _OSI(Linux) query ignored
[    0.176550] ACPI: PCI Root Bridge [PCI0] (domain 0000 [bus 00-ff])
[    0.176713] acpi PNP0A08:00: Requesting ACPI _OSC control (0x1d)
[    0.176911] acpi PNP0A08:00: ACPI _OSC control (0x1c) granted
[    0.177097] acpi PNP0A08:00: ignoring host bridge window [mem 0x000c8000-0x000dffff] (conflicts with Video ROM [mem 0x000c0000-0x000cdbff])
[    0.177660] acpi PNP0A08:00: [Firmware Info]: MMCONFIG for domain 0000 [bus 00-3f] only partially covers this bridge
[    0.177780] PCI host bridge to bus 0000:00
[    0.177849] pci_bus 0000:00: root bus resource [bus 00-ff]
[    0.177919] pci_bus 0000:00: root bus resource [io  0x0000-0x0cf7]
[    0.177990] pci_bus 0000:00: root bus resource [io  0x0d00-0xffff]
[    0.178060] pci_bus 0000:00: root bus resource [mem 0x000a0000-0x000bffff]
[    0.178131] pci_bus 0000:00: root bus resource [mem 0xbfa00000-0xffffffff]
[    0.178208] pci 0000:00:00.0: [8086:0100] type 00 class 0x060000
[    0.178274] pci 0000:00:01.0: [8086:0101] type 01 class 0x060400
[    0.178296] pci 0000:00:01.0: PME# supported from D0 D3hot D3cold
[    0.178348] pci 0000:00:02.0: [8086:0112] type 00 class 0x030000
[    0.178356] pci 0000:00:02.0: reg 0x10: [mem 0xfa400000-0xfa7fffff 64bit]
[    0.178360] pci 0000:00:02.0: reg 0x18: [mem 0xc0000000-0xcfffffff 64bit pref]
[    0.178363] pci 0000:00:02.0: reg 0x20: [io  0xf000-0xf03f]
[    0.178445] pci 0000:00:16.0: [8086:1c3a] type 00 class 0x078000
[    0.178467] pci 0000:00:16.0: reg 0x10: [mem 0xfad29000-0xfad2900f 64bit]
[    0.178536] pci 0000:00:16.0: PME# supported from D0 D3hot D3cold
[    0.178601] pci 0000:00:19.0: [8086:1503] type 00 class 0x020000
[    0.178618] pci 0000:00:19.0: reg 0x10: [mem 0xfad00000-0xfad1ffff]
[    0.178626] pci 0000:00:19.0: reg 0x14: [mem 0xfad28000-0xfad28fff]
[    0.178634] pci 0000:00:19.0: reg 0x18: [io  0xf080-0xf09f]
[    0.178692] pci 0000:00:19.0: PME# supported from D0 D3hot D3cold
[    0.178753] pci 0000:00:1a.0: [8086:1c2d] type 00 class 0x0c0320
[    0.178773] pci 0000:00:1a.0: reg 0x10: [mem 0xfad27000-0xfad273ff]
[    0.178860] pci 0000:00:1a.0: PME# supported from D0 D3hot D3cold
[    0.178920] pci 0000:00:1b.0: [8086:1c20] type 00 class 0x040300
[    0.178934] pci 0000:00:1b.0: reg 0x10: [mem 0xfad20000-0xfad23fff 64bit]
[    0.178996] pci 0000:00:1b.0: PME# supported from D0 D3hot D3cold
[    0.179052] pci 0000:00:1c.0: [8086:1c10] type 01 class 0x060400
[    0.179125] pci 0000:00:1c.0: PME# supported from D0 D3hot D3cold
[    0.179186] pci 0000:00:1c.1: [8086:1c12] type 01 class 0x060400
[    0.179259] pci 0000:00:1c.1: PME# supported from D0 D3hot D3cold
[    0.179319] pci 0000:00:1c.2: [8086:1c14] type 01 class 0x060400
[    0.179392] pci 0000:00:1c.2: PME# supported from D0 D3hot D3cold
[    0.179452] pci 0000:00:1c.3: [8086:1c16] type 01 class 0x060400
[    0.179525] pci 0000:00:1c.3: PME# supported from D0 D3hot D3cold
[    0.179585] pci 0000:00:1c.4: [8086:1c18] type 01 class 0x060400
[    0.179658] pci 0000:00:1c.4: PME# supported from D0 D3hot D3cold
[    0.179722] pci 0000:00:1c.6: [8086:244e] type 01 class 0x060401
[    0.179795] pci 0000:00:1c.6: PME# supported from D0 D3hot D3cold
[    0.179856] pci 0000:00:1c.7: [8086:1c1e] type 01 class 0x060400
[    0.179929] pci 0000:00:1c.7: PME# supported from D0 D3hot D3cold
[    0.179994] pci 0000:00:1d.0: [8086:1c26] type 00 class 0x0c0320
[    0.180014] pci 0000:00:1d.0: reg 0x10: [mem 0xfad26000-0xfad263ff]
[    0.180098] pci 0000:00:1d.0: PME# supported from D0 D3hot D3cold
[    0.180160] pci 0000:00:1f.0: [8086:1c44] type 00 class 0x060100
[    0.180313] pci 0000:00:1f.2: [8086:1c02] type 00 class 0x010601
[    0.180329] pci 0000:00:1f.2: reg 0x10: [io  0xf0d0-0xf0d7]
[    0.180337] pci 0000:00:1f.2: reg 0x14: [io  0xf0c0-0xf0c3]
[    0.180344] pci 0000:00:1f.2: reg 0x18: [io  0xf0b0-0xf0b7]
[    0.180351] pci 0000:00:1f.2: reg 0x1c: [io  0xf0a0-0xf0a3]
[    0.180358] pci 0000:00:1f.2: reg 0x20: [io  0xf060-0xf07f]
[    0.180365] pci 0000:00:1f.2: reg 0x24: [mem 0xfad25000-0xfad257ff]
[    0.180406] pci 0000:00:1f.2: PME# supported from D3hot
[    0.180459] pci 0000:00:1f.3: [8086:1c22] type 00 class 0x0c0500
[    0.180473] pci 0000:00:1f.3: reg 0x10: [mem 0xfad24000-0xfad240ff 64bit]
[    0.180492] pci 0000:00:1f.3: reg 0x20: [io  0xf040-0xf05f]
[    0.180592] pci 0000:01:00.0: [10de:1245] type 00 class 0x030000
[    0.180599] pci 0000:01:00.0: reg 0x10: [mem 0xf8000000-0xf9ffffff]
[    0.180606] pci 0000:01:00.0: reg 0x14: [mem 0xd0000000-0xd7ffffff 64bit pref]
[    0.180613] pci 0000:01:00.0: reg 0x1c: [mem 0xd8000000-0xdbffffff 64bit pref]
[    0.180618] pci 0000:01:00.0: reg 0x24: [io  0xe000-0xe07f]
[    0.180623] pci 0000:01:00.0: reg 0x30: [mem 0xfa000000-0xfa07ffff pref]
[    0.180688] pci 0000:01:00.1: [10de:0bee] type 00 class 0x040300
[    0.180696] pci 0000:01:00.1: reg 0x10: [mem 0xfa080000-0xfa083fff]
[    0.181858] pci 0000:00:01.0: PCI bridge to [bus 01]
[    0.181927] pci 0000:00:01.0:   bridge window [io  0xe000-0xefff]
[    0.181929] pci 0000:00:01.0:   bridge window [mem 0xf8000000-0xfa0fffff]
[    0.181932] pci 0000:00:01.0:   bridge window [mem 0xd0000000-0xdbffffff 64bit pref]
[    0.181988] pci 0000:00:1c.0: PCI bridge to [bus 02]
[    0.182146] pci 0000:03:00.0: [1b21:1042] type 00 class 0x0c0330
[    0.182174] pci 0000:03:00.0: reg 0x10: [mem 0xfac00000-0xfac07fff 64bit]
[    0.182318] pci 0000:03:00.0: PME# supported from D3hot D3cold
[    0.183862] pci 0000:00:1c.1: PCI bridge to [bus 03]
[    0.183934] pci 0000:00:1c.1:   bridge window [mem 0xfac00000-0xfacfffff]
[    0.183995] pci 0000:00:1c.2: PCI bridge to [bus 04]
[    0.184144] pci 0000:05:00.0: [197b:2362] type 00 class 0x010185
[    0.184178] pci 0000:05:00.0: reg 0x10: [io  0xd040-0xd047]
[    0.184194] pci 0000:05:00.0: reg 0x14: [io  0xd030-0xd033]
[    0.184209] pci 0000:05:00.0: reg 0x18: [io  0xd020-0xd027]
[    0.184225] pci 0000:05:00.0: reg 0x1c: [io  0xd010-0xd013]
[    0.184241] pci 0000:05:00.0: reg 0x20: [io  0xd000-0xd00f]
[    0.184256] pci 0000:05:00.0: reg 0x24: [mem 0xfab10000-0xfab101ff]
[    0.184272] pci 0000:05:00.0: reg 0x30: [mem 0x00000000-0x0000ffff pref]
[    0.184332] pci 0000:05:00.0: PME# supported from D3hot
[    0.185862] pci 0000:00:1c.3: PCI bridge to [bus 05]
[    0.185933] pci 0000:00:1c.3:   bridge window [io  0xd000-0xdfff]
[    0.185936] pci 0000:00:1c.3:   bridge window [mem 0xfab00000-0xfabfffff]
[    0.186024] pci 0000:06:00.0: [1b21:1042] type 00 class 0x0c0330
[    0.186052] pci 0000:06:00.0: reg 0x10: [mem 0xfaa00000-0xfaa07fff 64bit]
[    0.186195] pci 0000:06:00.0: PME# supported from D3hot D3cold
[    0.187861] pci 0000:00:1c.4: PCI bridge to [bus 06]
[    0.187933] pci 0000:00:1c.4:   bridge window [mem 0xfaa00000-0xfaafffff]
[    0.188007] pci 0000:07:00.0: [1b21:1080] type 01 class 0x060401
[    0.188141] pci 0000:00:1c.6: PCI bridge to [bus 07-08] (subtractive decode)
[    0.188215] pci 0000:00:1c.6:   bridge window [io  0xc000-0xcfff]
[    0.188218] pci 0000:00:1c.6:   bridge window [mem 0xfa900000-0xfa9fffff]
[    0.188224] pci 0000:00:1c.6:   bridge window [io  0x0000-0x0cf7] (subtractive decode)
[    0.188225] pci 0000:00:1c.6:   bridge window [io  0x0d00-0xffff] (subtractive decode)
[    0.188226] pci 0000:00:1c.6:   bridge window [mem 0x000a0000-0x000bffff] (subtractive decode)
[    0.188227] pci 0000:00:1c.6:   bridge window [mem 0xbfa00000-0xffffffff] (subtractive decode)
[    0.188302] pci 0000:08:02.0: [1106:3044] type 00 class 0x0c0010
[    0.188333] pci 0000:08:02.0: reg 0x10: [mem 0xfa900000-0xfa9007ff]
[    0.188351] pci 0000:08:02.0: reg 0x14: [io  0xc000-0xc07f]
[    0.188480] pci 0000:08:02.0: supports D2
[    0.188481] pci 0000:08:02.0: PME# supported from D2 D3hot D3cold
[    0.188579] pci 0000:07:00.0: PCI bridge to [bus 08] (subtractive decode)
[    0.188658] pci 0000:07:00.0:   bridge window [io  0xc000-0xcfff]
[    0.188663] pci 0000:07:00.0:   bridge window [mem 0xfa900000-0xfa9fffff]
[    0.188673] pci 0000:07:00.0:   bridge window [io  0xc000-0xcfff] (subtractive decode)
[    0.188674] pci 0000:07:00.0:   bridge window [mem 0xfa900000-0xfa9fffff] (subtractive decode)
[    0.188675] pci 0000:07:00.0:   bridge window [??? 0x00000000 flags 0x0] (subtractive decode)
[    0.188677] pci 0000:07:00.0:   bridge window [??? 0x00000000 flags 0x0] (subtractive decode)
[    0.188678] pci 0000:07:00.0:   bridge window [io  0x0000-0x0cf7] (subtractive decode)
[    0.188679] pci 0000:07:00.0:   bridge window [io  0x0d00-0xffff] (subtractive decode)
[    0.188680] pci 0000:07:00.0:   bridge window [mem 0x000a0000-0x000bffff] (subtractive decode)
[    0.188681] pci 0000:07:00.0:   bridge window [mem 0xbfa00000-0xffffffff] (subtractive decode)
[    0.188764] pci 0000:09:00.0: [1b4b:9172] type 00 class 0x010601
[    0.188781] pci 0000:09:00.0: reg 0x10: [io  0xb040-0xb047]
[    0.188794] pci 0000:09:00.0: reg 0x14: [io  0xb030-0xb033]
[    0.188806] pci 0000:09:00.0: reg 0x18: [io  0xb020-0xb027]
[    0.188818] pci 0000:09:00.0: reg 0x1c: [io  0xb010-0xb013]
[    0.188830] pci 0000:09:00.0: reg 0x20: [io  0xb000-0xb00f]
[    0.188843] pci 0000:09:00.0: reg 0x24: [mem 0xfa810000-0xfa8101ff]
[    0.188857] pci 0000:09:00.0: reg 0x30: [mem 0xfa800000-0xfa80ffff pref]
[    0.188914] pci 0000:09:00.0: PME# supported from D3hot
[    0.190861] pci 0000:00:1c.7: PCI bridge to [bus 09]
[    0.190931] pci 0000:00:1c.7:   bridge window [io  0xb000-0xbfff]
[    0.190935] pci 0000:00:1c.7:   bridge window [mem 0xfa800000-0xfa8fffff]
[    0.191317] ACPI: PCI Interrupt Link [LNKA] (IRQs 3 4 5 6 7 10 *11 12 14 15)
[    0.191869] ACPI: PCI Interrupt Link [LNKB] (IRQs 3 4 5 6 7 *10 11 12 14 15)
[    0.192417] ACPI: PCI Interrupt Link [LNKC] (IRQs *3 4 5 6 10 11 12 14 15)
[    0.192929] ACPI: PCI Interrupt Link [LNKD] (IRQs 3 4 5 6 10 *11 12 14 15)
[    0.193439] ACPI: PCI Interrupt Link [LNKE] (IRQs 3 4 6 7 *10 11 12 14 15)
[    0.193951] ACPI: PCI Interrupt Link [LNKF] (IRQs 3 4 *5 6 7 10 11 12 14 15)
[    0.194499] ACPI: PCI Interrupt Link [LNKG] (IRQs 3 *4 5 6 7 10 11 12 14 15)
[    0.195048] ACPI: PCI Interrupt Link [LNKH] (IRQs 3 4 5 6 *7 10 11 12 14 15)
[    0.195642] ACPI: Enabled 1 GPEs in block 00 to 3F
[    0.195787] ACPI: \_SB_.PCI0: notify handler is installed
[    0.195817] Found 1 acpi root devices
[    0.195828] ACPI: EC: GPE = 0x18, I/O: command/status = 0x66, data = 0x62
[    0.195974] vgaarb: device added: PCI:0000:00:02.0,decodes=io+mem,owns=io+mem,locks=none
[    0.196073] vgaarb: device added: PCI:0000:01:00.0,decodes=io+mem,owns=none,locks=none
[    0.196170] vgaarb: loaded
[    0.196234] vgaarb: bridge control possible 0000:01:00.0
[    0.196303] vgaarb: no bridge control possible 0000:00:02.0
[    0.196437] SCSI subsystem initialized
[    0.196551] libata version 3.00 loaded.
[    0.196565] ACPI: bus type USB registered
[    0.196660] usbcore: registered new interface driver usbfs
[    0.196744] usbcore: registered new interface driver hub
[    0.196831] usbcore: registered new device driver usb
[    0.196992] PCI: Using ACPI for IRQ routing
[    0.198379] PCI: pci_cache_line_size set to 64 bytes
[    0.198445] e820: reserve RAM buffer [mem 0x0009b400-0x0009ffff]
[    0.198447] e820: reserve RAM buffer [mem 0xb677e000-0xb7ffffff]
[    0.198448] e820: reserve RAM buffer [mem 0xb6dcf000-0xb7ffffff]
[    0.198450] e820: reserve RAM buffer [mem 0xb7000000-0xb7ffffff]
[    0.198451] e820: reserve RAM buffer [mem 0x23fe00000-0x23fffffff]
[    0.198543] NetLabel: Initializing
[    0.198609] NetLabel:  domain hash size = 128
[    0.198676] NetLabel:  protocols = UNLABELED CIPSOv4
[    0.198752] NetLabel:  unlabeled traffic allowed by default
[    0.198840] hpet0: at MMIO 0xfed00000, IRQs 2, 8, 0, 0, 0, 0, 0, 0
[    0.199247] hpet0: 8 comparators, 64-bit 14.318180 MHz counter
[    0.201331] Switched to clocksource hpet
[    0.203097] pnp: PnP ACPI init
[    0.203167] ACPI: bus type PNP registered
[    0.203321] system 00:00: [mem 0xfed10000-0xfed19fff] has been reserved
[    0.203400] system 00:00: [mem 0xe0000000-0xe3ffffff] has been reserved
[    0.203472] system 00:00: [mem 0xfed90000-0xfed93fff] has been reserved
[    0.203543] system 00:00: [mem 0xfed20000-0xfed3ffff] has been reserved
[    0.203614] system 00:00: [mem 0xfee00000-0xfee0ffff] has been reserved
[    0.203685] system 00:00: Plug and Play ACPI device, IDs PNP0c01 (active)
[    0.203757] system 00:01: [io  0x0290-0x029f] has been reserved
[    0.203828] system 00:01: Plug and Play ACPI device, IDs PNP0c02 (active)
[    0.203836] pnp 00:02: [dma 4]
[    0.203863] pnp 00:02: Plug and Play ACPI device, IDs PNP0200 (active)
[    0.203900] pnp 00:03: Plug and Play ACPI device, IDs PNP0b00 (active)
[    0.203928] pnp 00:04: Plug and Play ACPI device, IDs PNP0800 (active)
[    0.203975] system 00:05: [io  0x04d0-0x04d1] has been reserved
[    0.204046] system 00:05: Plug and Play ACPI device, IDs PNP0c02 (active)
[    0.204079] pnp 00:06: Plug and Play ACPI device, IDs PNP0c04 (active)
[    0.204277] system 00:07: [io  0x0400-0x0453] could not be reserved
[    0.204357] system 00:07: [io  0x0458-0x047f] has been reserved
[    0.204427] system 00:07: [io  0x0500-0x057f] has been reserved
[    0.204497] system 00:07: [mem 0xfed1c000-0xfed1ffff] has been reserved
[    0.204568] system 00:07: [mem 0xfec00000-0xfecfffff] could not be reserved
[    0.204640] system 00:07: [mem 0xfed08000-0xfed08fff] has been reserved
[    0.204712] system 00:07: [mem 0xff000000-0xffffffff] has been reserved
[    0.204783] system 00:07: Plug and Play ACPI device, IDs PNP0c01 (active)
[    0.204837] system 00:08: [io  0x0454-0x0457] has been reserved
[    0.204908] system 00:08: Plug and Play ACPI device, IDs INT3f0d PNP0c02 (active)
[    0.205006] pnp 00:09: Plug and Play ACPI device, IDs PNP0103 (active)
[    0.205097] pnp: PnP ACPI: found 10 devices
[    0.205164] ACPI: bus type PNP unregistered
[    0.212405] pci 0000:00:1c.3: BAR 15: assigned [mem 0xbfa00000-0xbfafffff pref]
[    0.212502] pci 0000:00:01.0: PCI bridge to [bus 01]
[    0.212571] pci 0000:00:01.0:   bridge window [io  0xe000-0xefff]
[    0.212642] pci 0000:00:01.0:   bridge window [mem 0xf8000000-0xfa0fffff]
[    0.212714] pci 0000:00:01.0:   bridge window [mem 0xd0000000-0xdbffffff 64bit pref]
[    0.212811] pci 0000:00:1c.0: PCI bridge to [bus 02]
[    0.212888] pci 0000:00:1c.1: PCI bridge to [bus 03]
[    0.212960] pci 0000:00:1c.1:   bridge window [mem 0xfac00000-0xfacfffff]
[    0.213037] pci 0000:00:1c.2: PCI bridge to [bus 04]
[    0.213115] pci 0000:05:00.0: BAR 6: assigned [mem 0xbfa00000-0xbfa0ffff pref]
[    0.213210] pci 0000:00:1c.3: PCI bridge to [bus 05]
[    0.213280] pci 0000:00:1c.3:   bridge window [io  0xd000-0xdfff]
[    0.213364] pci 0000:00:1c.3:   bridge window [mem 0xfab00000-0xfabfffff]
[    0.213437] pci 0000:00:1c.3:   bridge window [mem 0xbfa00000-0xbfafffff pref]
[    0.213537] pci 0000:00:1c.4: PCI bridge to [bus 06]
[    0.213609] pci 0000:00:1c.4:   bridge window [mem 0xfaa00000-0xfaafffff]
[    0.213686] pci 0000:07:00.0: PCI bridge to [bus 08]
[    0.213756] pci 0000:07:00.0:   bridge window [io  0xc000-0xcfff]
[    0.213833] pci 0000:07:00.0:   bridge window [mem 0xfa900000-0xfa9fffff]
[    0.213915] pci 0000:00:1c.6: PCI bridge to [bus 07-08]
[    0.213985] pci 0000:00:1c.6:   bridge window [io  0xc000-0xcfff]
[    0.214057] pci 0000:00:1c.6:   bridge window [mem 0xfa900000-0xfa9fffff]
[    0.214134] pci 0000:00:1c.7: PCI bridge to [bus 09]
[    0.214204] pci 0000:00:1c.7:   bridge window [io  0xb000-0xbfff]
[    0.214277] pci 0000:00:1c.7:   bridge window [mem 0xfa800000-0xfa8fffff]
[    0.214365] pci_bus 0000:00: resource 4 [io  0x0000-0x0cf7]
[    0.214366] pci_bus 0000:00: resource 5 [io  0x0d00-0xffff]
[    0.214367] pci_bus 0000:00: resource 6 [mem 0x000a0000-0x000bffff]
[    0.214369] pci_bus 0000:00: resource 7 [mem 0xbfa00000-0xffffffff]
[    0.214370] pci_bus 0000:01: resource 0 [io  0xe000-0xefff]
[    0.214371] pci_bus 0000:01: resource 1 [mem 0xf8000000-0xfa0fffff]
[    0.214373] pci_bus 0000:01: resource 2 [mem 0xd0000000-0xdbffffff 64bit pref]
[    0.214374] pci_bus 0000:03: resource 1 [mem 0xfac00000-0xfacfffff]
[    0.214375] pci_bus 0000:05: resource 0 [io  0xd000-0xdfff]
[    0.214376] pci_bus 0000:05: resource 1 [mem 0xfab00000-0xfabfffff]
[    0.214378] pci_bus 0000:05: resource 2 [mem 0xbfa00000-0xbfafffff pref]
[    0.214379] pci_bus 0000:06: resource 1 [mem 0xfaa00000-0xfaafffff]
[    0.214380] pci_bus 0000:07: resource 0 [io  0xc000-0xcfff]
[    0.214382] pci_bus 0000:07: resource 1 [mem 0xfa900000-0xfa9fffff]
[    0.214383] pci_bus 0000:07: resource 4 [io  0x0000-0x0cf7]
[    0.214384] pci_bus 0000:07: resource 5 [io  0x0d00-0xffff]
[    0.214385] pci_bus 0000:07: resource 6 [mem 0x000a0000-0x000bffff]
[    0.214386] pci_bus 0000:07: resource 7 [mem 0xbfa00000-0xffffffff]
[    0.214388] pci_bus 0000:08: resource 0 [io  0xc000-0xcfff]
[    0.214389] pci_bus 0000:08: resource 1 [mem 0xfa900000-0xfa9fffff]
[    0.214390] pci_bus 0000:08: resource 4 [io  0xc000-0xcfff]
[    0.214391] pci_bus 0000:08: resource 5 [mem 0xfa900000-0xfa9fffff]
[    0.214392] pci_bus 0000:08: resource 8 [io  0x0000-0x0cf7]
[    0.214393] pci_bus 0000:08: resource 9 [io  0x0d00-0xffff]
[    0.214395] pci_bus 0000:08: resource 10 [mem 0x000a0000-0x000bffff]
[    0.214396] pci_bus 0000:08: resource 11 [mem 0xbfa00000-0xffffffff]
[    0.214397] pci_bus 0000:09: resource 0 [io  0xb000-0xbfff]
[    0.214398] pci_bus 0000:09: resource 1 [mem 0xfa800000-0xfa8fffff]
[    0.214417] NET: Registered protocol family 2
[    0.214642] TCP established hash table entries: 65536 (order: 8, 1048576 bytes)
[    0.214891] TCP bind hash table entries: 65536 (order: 8, 1048576 bytes)
[    0.215075] TCP: Hash tables configured (established 65536 bind 65536)
[    0.215160] TCP: reno registered
[    0.215233] UDP hash table entries: 4096 (order: 5, 131072 bytes)
[    0.215333] UDP-Lite hash table entries: 4096 (order: 5, 131072 bytes)
[    0.215450] NET: Registered protocol family 1
[    0.215564] RPC: Registered named UNIX socket transport module.
[    0.215634] RPC: Registered udp transport module.
[    0.215702] RPC: Registered tcp transport module.
[    0.215770] RPC: Registered tcp NFSv4.1 backchannel transport module.
[    0.215845] pci 0000:00:02.0: Boot video device
[    0.462336] PCI: CLS 64 bytes, default 64
[    0.462369] PCI-DMA: Using software bounce buffering for IO (SWIOTLB)
[    0.462441] software IO TLB [mem 0xb277e000-0xb677e000] (64MB) mapped at [ffff8800b277e000-ffff8800b677dfff]
[    0.463110] microcode: CPU0 sig=0x206a7, pf=0x2, revision=0x14
[    0.463183] microcode: CPU1 sig=0x206a7, pf=0x2, revision=0x14
[    0.463257] microcode: CPU2 sig=0x206a7, pf=0x2, revision=0x14
[    0.463331] microcode: CPU3 sig=0x206a7, pf=0x2, revision=0x14
[    0.463433] microcode: Microcode Update Driver: v2.00 <tigran@aivazian.fsnet.co.uk>, Peter Oruba
[    0.463531] Scanning for low memory corruption every 60 seconds
[    0.464350] sha1_ssse3: Using AVX optimized SHA-1 implementation
[    0.464454] sha256_ssse3: Using AVX optimized SHA-256 implementation
[    0.464558] sha512_ssse3: Using AVX optimized SHA-512 implementation
[    0.478812] HugeTLB registered 2 MB page size, pre-allocated 0 pages
[    0.480696] VFS: Disk quotas dquot_6.5.2
[    0.480805] Dquot-cache hash table entries: 512 (order 0, 4096 bytes)
[    0.481492] NFS: Registering the id_resolver key type
[    0.481565] Key type id_resolver registered
[    0.481632] Key type id_legacy registered
[    0.481741] msgmni has been set to 15656
[    0.482773] NET: Registered protocol family 38
[    0.482841] Key type asymmetric registered
[    0.482908] Asymmetric key parser 'x509' registered
[    0.483030] Block layer SCSI generic (bsg) driver version 0.4 loaded (major 253)
[    0.483140] io scheduler noop registered
[    0.483206] io scheduler deadline registered
[    0.483305] io scheduler cfq registered (default)
[    0.483489] pcieport 0000:00:01.0: irq 40 for MSI/MSI-X
[    0.483601] pcieport 0000:00:1c.0: irq 41 for MSI/MSI-X
[    0.483679] pcieport 0000:00:1c.1: irq 42 for MSI/MSI-X
[    0.483789] pcieport 0000:00:1c.2: irq 43 for MSI/MSI-X
[    0.483897] pcieport 0000:00:1c.3: irq 44 for MSI/MSI-X
[    0.483972] pcieport 0000:00:1c.4: irq 45 for MSI/MSI-X
[    0.484094] pcieport 0000:00:1c.7: irq 46 for MSI/MSI-X
[    0.484216] kworker/u8:0 (879) used greatest stack depth: 5792 bytes left
[    0.484220] pci_hotplug: PCI Hot Plug PCI Core version: 0.5
[    0.484495] input: Power Button as /devices/LNXSYSTM:00/device:00/PNP0C0C:00/input/input0
[    0.484593] ACPI: Power Button [PWRB]
[    0.484693] input: Power Button as /devices/LNXSYSTM:00/LNXPWRBN:00/input/input1
[    0.484788] ACPI: Power Button [PWRF]
[    0.484923] ACPI: Requesting acpi_cpufreq
[    0.485118] Monitor-Mwait will be used to enter C-1 state
[    0.485121] Monitor-Mwait will be used to enter C-3 state
[    0.485127] ACPI: acpi_idle registered with cpuidle
[    0.485730] Serial: 8250/16550 driver, 4 ports, IRQ sharing enabled
[    0.486301] Non-volatile memory driver v1.3
[    0.486369] Linux agpgart interface v0.103
[    0.486544] [drm] Initialized drm 1.1.0 20060810
[    0.486678] [drm:drm_pci_agp_init] *ERROR* Cannot initialize the agpgart module.
[    0.486774] DRM: Fill_in_dev failed.
[    0.487607] loop: module loaded
[    0.487832] ahci 0000:00:1f.2: version 3.0
[    0.487891] ahci 0000:00:1f.2: irq 47 for MSI/MSI-X
[    0.498123] ahci 0000:00:1f.2: AHCI 0001.0300 32 slots 6 ports 6 Gbps 0x3f impl SATA mode
[    0.498234] ahci 0000:00:1f.2: flags: 64bit ncq sntf pm led clo pio slum part ems apst 
[    0.509334] scsi0 : ahci
[    0.509546] scsi1 : ahci
[    0.509748] scsi2 : ahci
[    0.509896] scsi3 : ahci
[    0.510054] scsi4 : ahci
[    0.510214] scsi5 : ahci
[    0.510340] ata1: SATA max UDMA/133 abar m2048@0xfad25000 port 0xfad25100 irq 47
[    0.510436] ata2: SATA max UDMA/133 abar m2048@0xfad25000 port 0xfad25180 irq 47
[    0.510532] ata3: SATA max UDMA/133 abar m2048@0xfad25000 port 0xfad25200 irq 47
[    0.510627] ata4: SATA max UDMA/133 abar m2048@0xfad25000 port 0xfad25280 irq 47
[    0.510723] ata5: SATA max UDMA/133 abar m2048@0xfad25000 port 0xfad25300 irq 47
[    0.510818] ata6: SATA max UDMA/133 abar m2048@0xfad25000 port 0xfad25380 irq 47
[    0.511062] ahci 0000:05:00.0: AHCI 0001.0100 32 slots 2 ports 3 Gbps 0x3 impl SATA mode
[    0.511172] ahci 0000:05:00.0: flags: 64bit ncq pm led clo pmp pio slum part 
[    0.511512] scsi6 : ahci
[    0.511660] scsi7 : ahci
[    0.512285] ata7: SATA max UDMA/133 abar m512@0xfab10000 port 0xfab10100 irq 19
[    0.512382] ata8: SATA max UDMA/133 abar m512@0xfab10000 port 0xfab10180 irq 19
[    0.512559] ahci 0000:09:00.0: irq 48 for MSI/MSI-X
[    0.512613] ahci 0000:09:00.0: AHCI 0001.0000 32 slots 2 ports 6 Gbps 0x3 impl SATA mode
[    0.512710] ahci 0000:09:00.0: flags: 64bit ncq sntf led only pmp fbs pio slum part sxs 
[    0.513270] scsi8 : ahci
[    0.513408] scsi9 : ahci
[    0.513531] ata9: SATA max UDMA/133 abar m512@0xfa810000 port 0xfa810100 irq 48
[    0.513628] ata10: SATA max UDMA/133 abar m512@0xfa810000 port 0xfa810180 irq 48
[    0.513931] ehci_hcd: USB 2.0 'Enhanced' Host Controller (EHCI) Driver
[    0.514004] ehci-pci: EHCI PCI platform driver
[    0.514153] ehci-pci 0000:00:1a.0: EHCI Host Controller
[    0.514261] ehci-pci 0000:00:1a.0: new USB bus registered, assigned bus number 1
[    0.514367] ehci-pci 0000:00:1a.0: debug port 2
[    0.518338] ehci-pci 0000:00:1a.0: cache line size of 64 is not supported
[    0.518349] ehci-pci 0000:00:1a.0: irq 23, io mem 0xfad27000
[    0.524069] ehci-pci 0000:00:1a.0: USB 2.0 started, EHCI 1.00
[    0.524189] usb usb1: New USB device found, idVendor=1d6b, idProduct=0002
[    0.524261] usb usb1: New USB device strings: Mfr=3, Product=2, SerialNumber=1
[    0.524357] usb usb1: Product: EHCI Host Controller
[    0.524426] usb usb1: Manufacturer: Linux 3.12.58 ehci_hcd
[    0.524495] usb usb1: SerialNumber: 0000:00:1a.0
[    0.524798] hub 1-0:1.0: USB hub found
[    0.524870] hub 1-0:1.0: 2 ports detected
[    0.525047] ehci-pci 0000:00:1d.0: EHCI Host Controller
[    0.525259] ehci-pci 0000:00:1d.0: new USB bus registered, assigned bus number 2
[    0.525365] ehci-pci 0000:00:1d.0: debug port 2
[    0.529314] ehci-pci 0000:00:1d.0: cache line size of 64 is not supported
[    0.529317] ehci-pci 0000:00:1d.0: irq 23, io mem 0xfad26000
[    0.535031] ehci-pci 0000:00:1d.0: USB 2.0 started, EHCI 1.00
[    0.535129] usb usb2: New USB device found, idVendor=1d6b, idProduct=0002
[    0.535201] usb usb2: New USB device strings: Mfr=3, Product=2, SerialNumber=1
[    0.535296] usb usb2: Product: EHCI Host Controller
[    0.535365] usb usb2: Manufacturer: Linux 3.12.58 ehci_hcd
[    0.535435] usb usb2: SerialNumber: 0000:00:1d.0
[    0.535863] hub 2-0:1.0: USB hub found
[    0.535937] hub 2-0:1.0: 2 ports detected
[    0.536211] ohci_hcd: USB 1.1 'Open' Host Controller (OHCI) Driver
[    0.536283] ohci-pci: OHCI PCI platform driver
[    0.536512] uhci_hcd: USB Universal Host Controller Interface driver
[    0.536830] usbcore: registered new interface driver usblp
[    0.536988] usbcore: registered new interface driver usb-storage
[    0.537315] i8042: PNP: No PS/2 controller found. Probing ports directly.
[    0.540032] serio: i8042 KBD port at 0x60,0x64 irq 1
[    0.540103] serio: i8042 AUX port at 0x60,0x64 irq 12
[    0.540321] mousedev: PS/2 mouse device common for all mice
[    0.540717] rtc_cmos 00:03: RTC can wake from S4
[    0.540908] rtc_cmos 00:03: rtc core: registered rtc_cmos as rtc0
[    0.541011] rtc_cmos 00:03: alarms up to one month, y3k, 114 bytes nvram, hpet irqs
[    0.541236] i801_smbus 0000:00:1f.3: SMBus using PCI Interrupt
[    0.541578] device-mapper: ioctl: 4.26.0-ioctl (2013-08-15) initialised: dm-devel@redhat.com
[    0.541725] hidraw: raw HID events driver (C) Jiri Kosina
[    0.542492] usbcore: registered new interface driver usbhid
[    0.542561] usbhid: USB HID core driver
[    0.542680] Netfilter messages via NETLINK v0.30.
[    0.542754] nf_conntrack version 0.5.0 (16384 buckets, 65536 max)
[    0.542896] ctnetlink v0.93: registering with nfnetlink.
[    0.543032] ip_tables: (C) 2000-2006 Netfilter Core Team
[    0.543112] TCP: cubic registered
[    0.543178] Initializing XFRM netlink socket
[    0.543441] NET: Registered protocol family 10
[    0.543602] ip6_tables: (C) 2000-2006 Netfilter Core Team
[    0.543691] sit: IPv6 over IPv4 tunneling driver
[    0.543888] NET: Registered protocol family 17
[    0.543971] Key type dns_resolver registered
[    0.544437] registered taskstats version 1
[    0.544876] console [netcon0] enabled
[    0.544942] netconsole: network logging started
[    0.814807] ata4: SATA link up 3.0 Gbps (SStatus 123 SControl 300)
[    0.814913] ata2: SATA link up 6.0 Gbps (SStatus 133 SControl 300)
[    0.815000] ata1: SATA link up 6.0 Gbps (SStatus 133 SControl 300)
[    0.815100] ata3: SATA link up 3.0 Gbps (SStatus 123 SControl 300)
[    0.815184] ata4.00: ATA-9: INTEL SSDSC2BA100G3, 5DV10270, max UDMA/133
[    0.815260] ata4.00: 195371568 sectors, multi 1: LBA48 NCQ (depth 31/32)
[    0.815339] ata2.00: ATA-9: INTEL SSDSC2BA100G3, 5DV10270, max UDMA/133
[    0.815414] ata2.00: 195371568 sectors, multi 1: LBA48 NCQ (depth 31/32)
[    0.815587] ata3.00: ATA-9: INTEL SSDSC2BA100G3, 5DV10270, max UDMA/133
[    0.815662] ata3.00: 195371568 sectors, multi 1: LBA48 NCQ (depth 31/32)
[    0.815755] ata1.00: ATA-9: INTEL SSDSC2BA100G3, 5DV10270, max UDMA/133
[    0.815834] ata1.00: 195371568 sectors, multi 1: LBA48 NCQ (depth 31/32)
[    0.815924] ata5: SATA link up 3.0 Gbps (SStatus 123 SControl 300)
[    0.816013] ata6: SATA link up 3.0 Gbps (SStatus 123 SControl 300)
[    0.816091] ata4.00: configured for UDMA/133
[    0.816171] ata2.00: configured for UDMA/133
[    0.816352] ata5.00: ATA-9: INTEL SSDSC2BA100G3, 5DV10270, max UDMA/133
[    0.816445] ata5.00: 195371568 sectors, multi 1: LBA48 NCQ (depth 31/32)
[    0.816525] ata6.00: ATA-9: INTEL SSDSC2BA100G3, 5DV10270, max UDMA/133
[    0.816600] ata6.00: 195371568 sectors, multi 1: LBA48 NCQ (depth 31/32)
[    0.816680] ata3.00: configured for UDMA/133
[    0.816785] ata7: SATA link down (SStatus 0 SControl 300)
[    0.816789] ata1.00: configured for UDMA/133
[    0.816917] scsi 0:0:0:0: Direct-Access     ATA      INTEL SSDSC2BA10 5DV1 PQ: 0 ANSI: 5
[    0.817099] ata8: SATA link down (SStatus 0 SControl 300)
[    0.817191] ata5.00: configured for UDMA/133
[    0.817207] sd 0:0:0:0: [sda] 195371568 512-byte logical blocks: (100 GB/93.1 GiB)
[    0.817208] sd 0:0:0:0: [sda] 4096-byte physical blocks
[    0.817285] sd 0:0:0:0: Attached scsi generic sg0 type 0
[    0.817318] sd 0:0:0:0: [sda] Write Protect is off
[    0.817319] sd 0:0:0:0: [sda] Mode Sense: 00 3a 00 00
[    0.817349] sd 0:0:0:0: [sda] Write cache: enabled, read cache: enabled, doesn't support DPO or FUA
[    0.817399] scsi 1:0:0:0: Direct-Access     ATA      INTEL SSDSC2BA10 5DV1 PQ: 0 ANSI: 5
[    0.817560] sd 1:0:0:0: [sdb] 195371568 512-byte logical blocks: (100 GB/93.1 GiB)
[    0.817561] sd 1:0:0:0: [sdb] 4096-byte physical blocks
[    0.817625] sd 1:0:0:0: Attached scsi generic sg1 type 0
[    0.817644] sd 1:0:0:0: [sdb] Write Protect is off
[    0.817645] sd 1:0:0:0: [sdb] Mode Sense: 00 3a 00 00
[    0.817667] sd 1:0:0:0: [sdb] Write cache: enabled, read cache: enabled, doesn't support DPO or FUA
[    0.817697]  sda: sda1
[    0.817778] scsi 2:0:0:0: Direct-Access     ATA      INTEL SSDSC2BA10 5DV1 PQ: 0 ANSI: 5
[    0.817955] sd 2:0:0:0: [sdc] 195371568 512-byte logical blocks: (100 GB/93.1 GiB)
[    0.817955] sd 2:0:0:0: [sdc] 4096-byte physical blocks
[    0.817985] sd 0:0:0:0: [sda] Attached SCSI disk
[    0.818004]  sdb: sdb1
[    0.818013] sd 2:0:0:0: [sdc] Write Protect is off
[    0.818013] sd 2:0:0:0: [sdc] Mode Sense: 00 3a 00 00
[    0.818034] sd 2:0:0:0: [sdc] Write cache: enabled, read cache: enabled, doesn't support DPO or FUA
[    0.818045] sd 2:0:0:0: Attached scsi generic sg2 type 0
[    0.818184] scsi 3:0:0:0: Direct-Access     ATA      INTEL SSDSC2BA10 5DV1 PQ: 0 ANSI: 5
[    0.818221] sd 1:0:0:0: [sdb] Attached SCSI disk
[    0.818312] sd 3:0:0:0: [sdd] 195371568 512-byte logical blocks: (100 GB/93.1 GiB)
[    0.818312] sd 3:0:0:0: [sdd] 4096-byte physical blocks
[    0.818346]  sdc: sdc1
[    0.818366] sd 3:0:0:0: Attached scsi generic sg3 type 0
[    0.818387] sd 3:0:0:0: [sdd] Write Protect is off
[    0.818388] sd 3:0:0:0: [sdd] Mode Sense: 00 3a 00 00
[    0.818410] sd 3:0:0:0: [sdd] Write cache: enabled, read cache: enabled, doesn't support DPO or FUA
[    0.818462] scsi 4:0:0:0: Direct-Access     ATA      INTEL SSDSC2BA10 5DV1 PQ: 0 ANSI: 5
[    0.818573] sd 2:0:0:0: [sdc] Attached SCSI disk
[    0.818601] sd 4:0:0:0: [sde] 195371568 512-byte logical blocks: (100 GB/93.1 GiB)
[    0.818601] sd 4:0:0:0: [sde] 4096-byte physical blocks
[    0.818672] sd 4:0:0:0: Attached scsi generic sg4 type 0
[    0.818695] sd 4:0:0:0: [sde] Write Protect is off
[    0.818696] sd 4:0:0:0: [sde] Mode Sense: 00 3a 00 00
[    0.818721] sd 4:0:0:0: [sde] Write cache: enabled, read cache: enabled, doesn't support DPO or FUA
[    0.818728]  sdd: sdd1
[    0.819033] sd 3:0:0:0: [sdd] Attached SCSI disk
[    0.819107]  sde: sde1
[    0.819348] sd 4:0:0:0: [sde] Attached SCSI disk
[    0.821424] ata6.00: configured for UDMA/133
[    0.821595] scsi 5:0:0:0: Direct-Access     ATA      INTEL SSDSC2BA10 5DV1 PQ: 0 ANSI: 5
[    0.821940] sd 5:0:0:0: [sdf] 195371568 512-byte logical blocks: (100 GB/93.1 GiB)
[    0.822032] sd 5:0:0:0: Attached scsi generic sg5 type 0
[    0.822152] sd 5:0:0:0: [sdf] 4096-byte physical blocks
[    0.822305] sd 5:0:0:0: [sdf] Write Protect is off
[    0.822374] sd 5:0:0:0: [sdf] Mode Sense: 00 3a 00 00
[    0.822394] sd 5:0:0:0: [sdf] Write cache: enabled, read cache: enabled, doesn't support DPO or FUA
[    0.822793]  sdf: sdf1
[    0.823117] sd 5:0:0:0: [sdf] Attached SCSI disk
[    0.825740] usb 1-1: new high-speed USB device number 2 using ehci-pci
[    0.940420] usb 1-1: New USB device found, idVendor=8087, idProduct=0024
[    0.940493] usb 1-1: New USB device strings: Mfr=0, Product=0, SerialNumber=0
[    0.941206] hub 1-1:1.0: USB hub found
[    0.941559] hub 1-1:1.0: 6 ports detected
[    0.972606] ata9: SATA link up 6.0 Gbps (SStatus 133 SControl 300)
[    0.973159] ata9.00: ATA-9: INTEL SSDSC2BB080G6, G2010140, max UDMA/133
[    0.973233] ata9.00: 156301488 sectors, multi 1: LBA48 NCQ (depth 31/32)
[    0.973610] ata10: SATA link up 3.0 Gbps (SStatus 123 SControl 300)
[    0.973869] ata9.00: configured for UDMA/133
[    0.974041] scsi 8:0:0:0: Direct-Access     ATA      INTEL SSDSC2BB08 G201 PQ: 0 ANSI: 5
[    0.974057] ata10.00: ATA-8: INTEL SSDSA2CW120G3, 4PC10362, max UDMA/133
[    0.974058] ata10.00: 234441648 sectors, multi 1: LBA48 NCQ (depth 31/32)
[    0.975071] ata10.00: configured for UDMA/133
[    0.975181] sd 8:0:0:0: [sdg] 156301488 512-byte logical blocks: (80.0 GB/74.5 GiB)
[    0.975296] sd 8:0:0:0: [sdg] 4096-byte physical blocks
[    0.975408] sd 8:0:0:0: Attached scsi generic sg6 type 0
[    0.975508] sd 8:0:0:0: [sdg] Write Protect is off
[    0.975631] sd 8:0:0:0: [sdg] Mode Sense: 00 3a 00 00
[    0.975636] scsi 9:0:0:0: Direct-Access     ATA      INTEL SSDSA2CW12 4PC1 PQ: 0 ANSI: 5
[    0.975664] sd 8:0:0:0: [sdg] Write cache: enabled, read cache: enabled, doesn't support DPO or FUA
[    0.976029] sd 9:0:0:0: [sdh] 234441648 512-byte logical blocks: (120 GB/111 GiB)
[    0.976083] sd 9:0:0:0: Attached scsi generic sg7 type 0
[    0.976319] sd 9:0:0:0: [sdh] Write Protect is off
[    0.976396] sd 9:0:0:0: [sdh] Mode Sense: 00 3a 00 00
[    0.976398]  sdg: sdg1 sdg2 sdg3 sdg4
[    0.976426] sd 9:0:0:0: [sdh] Write cache: enabled, read cache: enabled, doesn't support DPO or FUA
[    0.976836]  sdh: sdh1
[    0.977001] sd 8:0:0:0: [sdg] Attached SCSI disk
[    0.977152] sd 9:0:0:0: [sdh] Attached SCSI disk
[    0.977228] md: Waiting for all devices to be available before autodetect
[    0.977300] md: If you don't use raid, use raid=noautodetect
[    0.977476] md: Autodetecting RAID arrays.
[    0.977674] md: invalid raid superblock magic on sda1
[    0.977747] md: sda1 does not have a valid v0.90 superblock, not importing!
[    0.977935] md: invalid raid superblock magic on sdb1
[    0.978004] md: sdb1 does not have a valid v0.90 superblock, not importing!
[    0.978126] md: invalid raid superblock magic on sdc1
[    0.978195] md: sdc1 does not have a valid v0.90 superblock, not importing!
[    0.978318] md: invalid raid superblock magic on sdd1
[    0.978386] md: sdd1 does not have a valid v0.90 superblock, not importing!
[    0.978508] md: invalid raid superblock magic on sde1
[    0.978590] md: sde1 does not have a valid v0.90 superblock, not importing!
[    0.978713] md: invalid raid superblock magic on sdf1
[    0.978783] md: sdf1 does not have a valid v0.90 superblock, not importing!
[    0.978855] md: Scanned 6 and added 0 devices.
[    0.978922] md: autorun ...
[    0.978987] md: ... autorun DONE.
[    0.979189] EXT4-fs (sdg3): couldn't mount as ext2 due to feature incompatibilities
[    0.983262] EXT4-fs (sdg3): mounted filesystem with ordered data mode. Opts: (null)
[    0.983362] VFS: Mounted root (ext4 filesystem) readonly on device 8:99.
[    0.983839] Freeing unused kernel memory: 964K (ffffffff81cbc000 - ffffffff81dad000)
[    0.983935] Write protecting the kernel read-only data: 12288k
[    0.984280] Freeing unused kernel memory: 1020K (ffff880001701000 - ffff880001800000)
[    0.986666] Freeing unused kernel memory: 1680K (ffff880001a5c000 - ffff880001c00000)
[    1.044143] kbd_mode (1182) used greatest stack depth: 5704 bytes left
[    1.045522] usb 2-1: new high-speed USB device number 2 using ehci-pci
[    1.047653] loadkeys (1183) used greatest stack depth: 5112 bytes left
[    1.047841] init-early.sh (1181) used greatest stack depth: 4432 bytes left
[    1.159831] usb 2-1: New USB device found, idVendor=8087, idProduct=0024
[    1.159834] usb 2-1: New USB device strings: Mfr=0, Product=0, SerialNumber=0
[    1.160135] hub 2-1:1.0: USB hub found
[    1.160202] hub 2-1:1.0: 8 ports detected
[    1.176217] kmod (1275) used greatest stack depth: 4408 bytes left
[    1.297385] pps_core: LinuxPPS API ver. 1 registered
[    1.297387] pps_core: Software ver. 5.3.6 - Copyright 2005-2007 Rodolfo Giometti <giometti@linux.it>
[    1.297912] PTP clock support registered
[    1.300864] e1000e: Intel(R) PRO/1000 Network Driver - 2.3.2-k
[    1.300866] e1000e: Copyright(c) 1999 - 2013 Intel Corporation.
[    1.300984] e1000e 0000:00:19.0: Interrupt Throttling Rate (ints/sec) set to dynamic conservative mode
[    1.301002] e1000e 0000:00:19.0: irq 49 for MSI/MSI-X
[    1.325192] md: bind<sdb1>
[    1.327981] md: bind<sdc1>
[    1.329897] md: bind<sde1>
[    1.331297] md: bind<sda1>
[    1.332656] md: bind<sdf1>
[    1.334110] md: bind<sdd1>
[    1.338057] md: raid10 personality registered for level 10
[    1.338210] md/raid10:md127: active with 6 out of 6 devices
[    1.338222] md127: detected capacity change from 0 to 299885395968
[    1.338528]  md127: unknown partition table
[    1.435190] usb 2-1.7: new full-speed USB device number 3 using ehci-pci
[    1.463163] tsc: Refined TSC clocksource calibration: 3300.021 MHz
[    1.520780] usb 2-1.7: New USB device found, idVendor=0cf3, idProduct=3000
[    1.520783] usb 2-1.7: New USB device strings: Mfr=0, Product=0, SerialNumber=0
[    1.558013] e1000e 0000:00:19.0 eth0: registered PHC clock
[    1.558022] e1000e 0000:00:19.0 eth0: (PCI Express:2.5GT/s:Width x1) 14:da:e9:0f:78:84
[    1.558023] e1000e 0000:00:19.0 eth0: Intel(R) PRO/1000 Network Connection
[    1.558056] e1000e 0000:00:19.0 eth0: MAC: 10, PHY: 11, PBA No: FFFFFF-0FF
[    2.383141] EXT4-fs (sdg3): re-mounted. Opts: (null)
[    2.423364] Adding 1020k swap on /dev/sdg2.  Priority:-1 extents:1 across:1020k SS
[    2.463329] Switched to clocksource tsc
[    2.971713] e1000e 0000:00:19.0: irq 49 for MSI/MSI-X
[    3.072640] e1000e 0000:00:19.0: irq 49 for MSI/MSI-X
[    3.072727] IPv6: ADDRCONF(NETDEV_UP): eno1: link is not ready
[    5.881064] e1000e: eno1 NIC Link is Up 1000 Mbps Full Duplex, Flow Control: Rx/Tx
[    5.881097] IPv6: ADDRCONF(NETDEV_CHANGE): eno1: link becomes ready
[   32.514496] EXT4-fs (md127): barriers disabled
[   32.516484] EXT4-fs (md127): mounted filesystem with ordered data mode. Opts: nobarrier
[  106.884827] nr_pdflush_threads exported in /proc is scheduled for removal
[  106.884898] sysctl: The scan_unevictable_pages sysctl/node-interface has been disabled for lack of a legitimate use case.  If you have one, please send an email to linux-mm@kvack.org.
