[    0.000000] Linux version 4.4.7 (root@bench) (gcc version 4.7.3 (Gentoo 4.7.3-r1 p1.4, pie-0.5.5) ) #1 SMP Wed May 25 16:44:39 CEST 2016
[    0.000000] Command line: BOOT_IMAGE=/kernel-4.4.7 root=/dev/sdg3 ro
[    0.000000] x86/fpu: xstate_offset[2]:  576, xstate_sizes[2]:  256
[    0.000000] x86/fpu: Supporting XSAVE feature 0x01: 'x87 floating point registers'
[    0.000000] x86/fpu: Supporting XSAVE feature 0x02: 'SSE registers'
[    0.000000] x86/fpu: Supporting XSAVE feature 0x04: 'AVX registers'
[    0.000000] x86/fpu: Enabled xstate features 0x7, context size is 832 bytes, using 'standard' format.
[    0.000000] x86/fpu: Using 'eager' FPU context switches.
[    0.000000] e820: BIOS-provided physical RAM map:
[    0.000000] BIOS-e820: [mem 0x0000000000000000-0x000000000009b3ff] usable
[    0.000000] BIOS-e820: [mem 0x000000000009b400-0x000000000009ffff] reserved
[    0.000000] BIOS-e820: [mem 0x00000000000e0000-0x00000000000fffff] reserved
[    0.000000] BIOS-e820: [mem 0x0000000000100000-0x000000001fffffff] usable
[    0.000000] BIOS-e820: [mem 0x0000000020000000-0x00000000201fffff] reserved
[    0.000000] BIOS-e820: [mem 0x0000000020200000-0x000000003fffffff] usable
[    0.000000] BIOS-e820: [mem 0x0000000040000000-0x00000000401fffff] reserved
[    0.000000] BIOS-e820: [mem 0x0000000040200000-0x00000000b677dfff] usable
[    0.000000] BIOS-e820: [mem 0x00000000b677e000-0x00000000b67d4fff] ACPI NVS
[    0.000000] BIOS-e820: [mem 0x00000000b67d5000-0x00000000b6b5bfff] reserved
[    0.000000] BIOS-e820: [mem 0x00000000b6b5c000-0x00000000b6b5efff] ACPI NVS
[    0.000000] BIOS-e820: [mem 0x00000000b6b5f000-0x00000000b6da4fff] reserved
[    0.000000] BIOS-e820: [mem 0x00000000b6da5000-0x00000000b6db5fff] ACPI NVS
[    0.000000] BIOS-e820: [mem 0x00000000b6db6000-0x00000000b6dccfff] reserved
[    0.000000] BIOS-e820: [mem 0x00000000b6dcd000-0x00000000b6dcefff] usable
[    0.000000] BIOS-e820: [mem 0x00000000b6dcf000-0x00000000b6dd6fff] reserved
[    0.000000] BIOS-e820: [mem 0x00000000b6dd7000-0x00000000b6de1fff] ACPI NVS
[    0.000000] BIOS-e820: [mem 0x00000000b6de2000-0x00000000b6e3dfff] reserved
[    0.000000] BIOS-e820: [mem 0x00000000b6e3e000-0x00000000b6e80fff] ACPI NVS
[    0.000000] BIOS-e820: [mem 0x00000000b6e81000-0x00000000b6ffffff] usable
[    0.000000] BIOS-e820: [mem 0x00000000b7800000-0x00000000bf9fffff] reserved
[    0.000000] BIOS-e820: [mem 0x00000000fed1c000-0x00000000fed1ffff] reserved
[    0.000000] BIOS-e820: [mem 0x00000000ff000000-0x00000000ffffffff] reserved
[    0.000000] BIOS-e820: [mem 0x0000000100000000-0x000000023fdfffff] usable
[    0.000000] NX (Execute Disable) protection: active
[    0.000000] SMBIOS 2.6 present.
[    0.000000] DMI: System manufacturer System Product Name/P8Z68-V PRO, BIOS 0501 05/09/2011
[    0.000000] e820: update [mem 0x00000000-0x00000fff] usable ==> reserved
[    0.000000] e820: remove [mem 0x000a0000-0x000fffff] usable
[    0.000000] e820: last_pfn = 0x23fe00 max_arch_pfn = 0x400000000
[    0.000000] MTRR default type: uncachable
[    0.000000] MTRR fixed ranges enabled:
[    0.000000]   00000-9FFFF write-back
[    0.000000]   A0000-BFFFF uncachable
[    0.000000]   C0000-D3FFF write-protect
[    0.000000]   D4000-E7FFF uncachable
[    0.000000]   E8000-FFFFF write-protect
[    0.000000] MTRR variable ranges enabled:
[    0.000000]   0 base 000000000 mask E00000000 write-back
[    0.000000]   1 base 200000000 mask FC0000000 write-back
[    0.000000]   2 base 0B7800000 mask FFF800000 uncachable
[    0.000000]   3 base 0B8000000 mask FF8000000 uncachable
[    0.000000]   4 base 0C0000000 mask FC0000000 uncachable
[    0.000000]   5 base 23FE00000 mask FFFE00000 uncachable
[    0.000000]   6 disabled
[    0.000000]   7 disabled
[    0.000000]   8 disabled
[    0.000000]   9 disabled
[    0.000000] x86/PAT: Configuration [0-7]: WB  WC  UC- UC  WB  WC  UC- WT  
[    0.000000] e820: update [mem 0xb7800000-0xffffffff] usable ==> reserved
[    0.000000] e820: last_pfn = 0xb7000 max_arch_pfn = 0x400000000
[    0.000000] found SMP MP-table at [mem 0x000fcee0-0x000fceef] mapped at [ffff8800000fcee0]
[    0.000000] Scanning 1 areas for low memory corruption
[    0.000000] Base memory trampoline at [ffff880000095000] 95000 size 24576
[    0.000000] reserving inaccessible SNB gfx pages
[    0.000000] BRK [0x01ee7000, 0x01ee7fff] PGTABLE
[    0.000000] BRK [0x01ee8000, 0x01ee8fff] PGTABLE
[    0.000000] BRK [0x01ee9000, 0x01ee9fff] PGTABLE
[    0.000000] BRK [0x01eea000, 0x01eeafff] PGTABLE
[    0.000000] BRK [0x01eeb000, 0x01eebfff] PGTABLE
[    0.000000] BRK [0x01eec000, 0x01eecfff] PGTABLE
[    0.000000] ACPI: Early table checksum verification disabled
[    0.000000] ACPI: RSDP 0x00000000000F0420 000024 (v02 ALASKA)
[    0.000000] ACPI: XSDT 0x00000000B67CA068 00004C (v01 ALASKA A M I    01072009 AMI  00010013)
[    0.000000] ACPI: FACP 0x00000000B67D42D8 0000F4 (v04 ALASKA A M I    01072009 AMI  00010013)
[    0.000000] ACPI: DSDT 0x00000000B67CA140 00A198 (v02 ALASKA A M I    00000000 INTL 20051117)
[    0.000000] ACPI: FACS 0x00000000B6DD9F80 000040
[    0.000000] ACPI: APIC 0x00000000B67D43D0 000072 (v03 ALASKA A M I    01072009 AMI  00010013)
[    0.000000] ACPI: SSDT 0x00000000B67D4448 000102 (v01 AMICPU PROC     00000001 MSFT 03000001)
[    0.000000] ACPI: MCFG 0x00000000B67D4550 00003C (v01 ALASKA A M I    01072009 MSFT 00000097)
[    0.000000] ACPI: HPET 0x00000000B67D4590 000038 (v01 ALASKA A M I    01072009 AMI. 00000004)
[    0.000000] ACPI: Local APIC address 0xfee00000
[    0.000000] No NUMA configuration found
[    0.000000] Faking a node at [mem 0x0000000000000000-0x000000023fdfffff]
[    0.000000] NODE_DATA(0) allocated [mem 0x23fdf5000-0x23fdf8fff]
[    0.000000] Zone ranges:
[    0.000000]   DMA      [mem 0x0000000000001000-0x0000000000ffffff]
[    0.000000]   DMA32    [mem 0x0000000001000000-0x00000000ffffffff]
[    0.000000]   Normal   [mem 0x0000000100000000-0x000000023fdfffff]
[    0.000000] Movable zone start for each node
[    0.000000] Early memory node ranges
[    0.000000]   node   0: [mem 0x0000000000001000-0x000000000009afff]
[    0.000000]   node   0: [mem 0x0000000000100000-0x000000001fffffff]
[    0.000000]   node   0: [mem 0x0000000020200000-0x000000003fffffff]
[    0.000000]   node   0: [mem 0x0000000040200000-0x00000000b677dfff]
[    0.000000]   node   0: [mem 0x00000000b6dcd000-0x00000000b6dcefff]
[    0.000000]   node   0: [mem 0x00000000b6e81000-0x00000000b6ffffff]
[    0.000000]   node   0: [mem 0x0000000100000000-0x000000023fdfffff]
[    0.000000] Initmem setup node 0 [mem 0x0000000000001000-0x000000023fdfffff]
[    0.000000] On node 0 totalpages: 2056857
[    0.000000]   DMA zone: 64 pages used for memmap
[    0.000000]   DMA zone: 154 pages reserved
[    0.000000]   DMA zone: 3994 pages, LIFO batch:0
[    0.000000]   DMA32 zone: 11604 pages used for memmap
[    0.000000]   DMA32 zone: 742655 pages, LIFO batch:31
[    0.000000]   Normal zone: 20472 pages used for memmap
[    0.000000]   Normal zone: 1310208 pages, LIFO batch:31
[    0.000000] Reserving Intel graphics stolen memory at 0xb7a00000-0xbf9fffff
[    0.000000] ACPI: PM-Timer IO Port: 0x408
[    0.000000] ACPI: Local APIC address 0xfee00000
[    0.000000] ACPI: LAPIC_NMI (acpi_id[0xff] high edge lint[0x1])
[    0.000000] IOAPIC[0]: apic_id 0, version 32, address 0xfec00000, GSI 0-23
[    0.000000] ACPI: INT_SRC_OVR (bus 0 bus_irq 0 global_irq 2 dfl dfl)
[    0.000000] ACPI: INT_SRC_OVR (bus 0 bus_irq 9 global_irq 9 high level)
[    0.000000] ACPI: IRQ0 used by override.
[    0.000000] ACPI: IRQ9 used by override.
[    0.000000] Using ACPI (MADT) for SMP configuration information
[    0.000000] ACPI: HPET id: 0x8086a701 base: 0xfed00000
[    0.000000] smpboot: Allowing 4 CPUs, 0 hotplug CPUs
[    0.000000] e820: [mem 0xbfa00000-0xfed1bfff] available for PCI devices
[    0.000000] clocksource: refined-jiffies: mask: 0xffffffff max_cycles: 0xffffffff, max_idle_ns: 1910969940391419 ns
[    0.000000] setup_percpu: NR_CPUS:64 nr_cpumask_bits:64 nr_cpu_ids:4 nr_node_ids:1
[    0.000000] PERCPU: Embedded 31 pages/cpu @ffff88023fa00000 s89880 r8192 d28904 u524288
[    0.000000] pcpu-alloc: s89880 r8192 d28904 u524288 alloc=1*2097152
[    0.000000] pcpu-alloc: [0] 0 1 2 3 
[    0.000000] Built 1 zonelists in Node order, mobility grouping on.  Total pages: 2024563
[    0.000000] Policy zone: Normal
[    0.000000] Kernel command line: BOOT_IMAGE=/kernel-4.4.7 root=/dev/sdg3 ro
[    0.000000] PID hash table entries: 4096 (order: 3, 32768 bytes)
[    0.000000] Memory: 8015756K/8227428K available (8167K kernel code, 1030K rwdata, 2628K rodata, 1032K init, 872K bss, 211672K reserved, 0K cma-reserved)
[    0.000000] SLUB: HWalign=64, Order=0-3, MinObjects=0, CPUs=4, Nodes=1
[    0.000000] Hierarchical RCU implementation.
[    0.000000] 	Build-time adjustment of leaf fanout to 64.
[    0.000000] 	RCU restricting CPUs from NR_CPUS=64 to nr_cpu_ids=4.
[    0.000000] RCU: Adjusting geometry for rcu_fanout_leaf=64, nr_cpu_ids=4
[    0.000000] NR_IRQS:4352 nr_irqs:456 16
[    0.000000] Console: colour VGA+ 80x25
[    0.000000] console [tty0] enabled
[    0.000000] clocksource: hpet: mask: 0xffffffff max_cycles: 0xffffffff, max_idle_ns: 133484882848 ns
[    0.000000] hpet clockevent registered
[    0.000000] tsc: Fast TSC calibration using PIT
[    0.000000] tsc: Detected 3300.161 MHz processor
[    0.000001] Calibrating delay loop (skipped), value calculated using timer frequency.. 6600.32 BogoMIPS (lpj=3300161)
[    0.000147] pid_max: default: 32768 minimum: 301
[    0.000221] ACPI: Core revision 20150930
[    0.003475] ACPI: 2 ACPI AML tables successfully acquired and loaded
[    0.003634] Security Framework initialized
[    0.004053] Dentry cache hash table entries: 1048576 (order: 11, 8388608 bytes)
[    0.005362] Inode-cache hash table entries: 524288 (order: 10, 4194304 bytes)
[    0.005967] Mount-cache hash table entries: 16384 (order: 5, 131072 bytes)
[    0.006049] Mountpoint-cache hash table entries: 16384 (order: 5, 131072 bytes)
[    0.006290] CPU: Physical Processor ID: 0
[    0.006360] CPU: Processor Core ID: 0
[    0.006433] ENERGY_PERF_BIAS: Set to 'normal', was 'performance'
[    0.006506] ENERGY_PERF_BIAS: View and update with x86_energy_perf_policy(8)
[    0.006582] mce: CPU supports 9 MCE banks
[    0.006662] CPU0: Thermal monitoring enabled (TM1)
[    0.006738] process: using mwait in idle threads
[    0.006812] Last level iTLB entries: 4KB 512, 2MB 8, 4MB 8
[    0.006893] Last level dTLB entries: 4KB 512, 2MB 32, 4MB 32, 1GB 0
[    0.007330] Freeing SMP alternatives memory: 28K (ffffffff81e05000 - ffffffff81e0c000)
[    0.110625] ..TIMER: vector=0x30 apic1=0 pin1=2 apic2=-1 pin2=-1
[    0.120703] TSC deadline timer enabled
[    0.120706] smpboot: CPU0: Intel(R) Core(TM) i5-2500K CPU @ 3.30GHz (family: 0x6, model: 0x2a, stepping: 0x7)
[    0.120941] Performance Events: PEBS fmt1+, 16-deep LBR, SandyBridge events, full-width counters, Intel PMU driver.
[    0.121246] perf_event_intel: PEBS disabled due to CPU errata, please upgrade microcode
[    0.121351] ... version:                3
[    0.121421] ... bit width:              48
[    0.121492] ... generic registers:      8
[    0.121562] ... value mask:             0000ffffffffffff
[    0.121635] ... max period:             0000ffffffffffff
[    0.121708] ... fixed-purpose events:   3
[    0.121779] ... event mask:             00000007000000ff
[    0.122017] x86: Booting SMP configuration:
[    0.122089] .... node  #0, CPUs:      #1 #2 #3
[    0.129507] x86: Booted up 1 node, 4 CPUs
[    0.129645] smpboot: Total of 4 processors activated (26401.28 BogoMIPS)
[    0.131768] devtmpfs: initialized
[    0.131977] clocksource: jiffies: mask: 0xffffffff max_cycles: 0xffffffff, max_idle_ns: 1911260446275000 ns
[    0.132010] kworker/u8:0 (24) used greatest stack depth: 14888 bytes left
[    0.132263] NET: Registered protocol family 16
[    0.132392] kworker/u8:0 (28) used greatest stack depth: 14008 bytes left
[    0.136665] cpuidle: using governor ladder
[    0.140667] cpuidle: using governor menu
[    0.140767] ACPI: bus type PCI registered
[    0.140872] PCI: MMCONFIG for domain 0000 [bus 00-3f] at [mem 0xe0000000-0xe3ffffff] (base 0xe0000000)
[    0.140979] PCI: not using MMCONFIG
[    0.141049] PCI: Using configuration type 1 for base access
[    0.141205] perf_event_intel: PMU erratum BJ122, BV98, HSD29 workaround disabled, HT off
[    0.148843] ACPI: Added _OSI(Module Device)
[    0.148919] ACPI: Added _OSI(Processor Device)
[    0.148990] ACPI: Added _OSI(3.0 _SCP Extensions)
[    0.149061] ACPI: Added _OSI(Processor Aggregator Device)
[    0.150693] ACPI: Executed 1 blocks of module-level executable AML code
[    0.152358] ACPI: Dynamic OEM Table Load:
[    0.152505] ACPI: SSDT 0xFFFF880235F0F400 0003E0 (v01 AMI    IST      00000001 MSFT 03000001)
[    0.152938] ACPI: Dynamic OEM Table Load:
[    0.153083] ACPI: SSDT 0xFFFF880236202C00 0000E4 (v01 AMI    CST      00000001 MSFT 03000001)
[    0.153726] ACPI : EC: EC started
[    0.153799] ACPI: Interpreter enabled
[    0.153872] ACPI: (supports S0 S5)
[    0.153941] ACPI: Using IOAPIC for interrupt routing
[    0.154036] PCI: MMCONFIG for domain 0000 [bus 00-3f] at [mem 0xe0000000-0xe3ffffff] (base 0xe0000000)
[    0.154176] PCI: MMCONFIG at [mem 0xe0000000-0xe3ffffff] reserved in ACPI motherboard resources
[    0.154284] pmd_set_huge: Cannot satisfy [mem 0xe0000000-0xe0200000] with a huge-page mapping due to MTRR override.
[    0.154431] PCI: Using host bridge windows from ACPI; if necessary, use "pci=nocrs" and report a bug
[    0.155333] [Firmware Bug]: ACPI: BIOS _OSI(Linux) query ignored
[    0.159036] ACPI: PCI Root Bridge [PCI0] (domain 0000 [bus 00-ff])
[    0.159113] acpi PNP0A08:00: _OSC: OS supports [ExtendedConfig ASPM ClockPM Segments MSI]
[    0.159309] acpi PNP0A08:00: _OSC: platform does not support [PCIeHotplug]
[    0.159464] acpi PNP0A08:00: _OSC: OS now controls [PME AER PCIeCapability]
[    0.159544] acpi PNP0A08:00: [Firmware Info]: MMCONFIG for domain 0000 [bus 00-3f] only partially covers this bridge
[    0.159709] acpi PNP0A08:00: ignoring host bridge window [mem 0x000c8000-0x000dffff window] (conflicts with Video ROM [mem 0x000c0000-0x000cdbff])
[    0.159836] PCI host bridge to bus 0000:00
[    0.159907] pci_bus 0000:00: root bus resource [io  0x0000-0x0cf7 window]
[    0.159982] pci_bus 0000:00: root bus resource [io  0x0d00-0xffff window]
[    0.160058] pci_bus 0000:00: root bus resource [mem 0x000a0000-0x000bffff window]
[    0.160161] pci_bus 0000:00: root bus resource [mem 0xbfa00000-0xffffffff window]
[    0.160265] pci_bus 0000:00: root bus resource [bus 00-ff]
[    0.160345] pci 0000:00:00.0: [8086:0100] type 00 class 0x060000
[    0.160407] pci 0000:00:01.0: [8086:0101] type 01 class 0x060400
[    0.160430] pci 0000:00:01.0: PME# supported from D0 D3hot D3cold
[    0.160475] pci 0000:00:02.0: [8086:0112] type 00 class 0x030000
[    0.160485] pci 0000:00:02.0: reg 0x10: [mem 0xfa400000-0xfa7fffff 64bit]
[    0.160489] pci 0000:00:02.0: reg 0x18: [mem 0xc0000000-0xcfffffff 64bit pref]
[    0.160492] pci 0000:00:02.0: reg 0x20: [io  0xf000-0xf03f]
[    0.160563] pci 0000:00:16.0: [8086:1c3a] type 00 class 0x078000
[    0.160592] pci 0000:00:16.0: reg 0x10: [mem 0xfad29000-0xfad2900f 64bit]
[    0.160650] pci 0000:00:16.0: PME# supported from D0 D3hot D3cold
[    0.160703] pci 0000:00:19.0: [8086:1503] type 00 class 0x020000
[    0.160727] pci 0000:00:19.0: reg 0x10: [mem 0xfad00000-0xfad1ffff]
[    0.160735] pci 0000:00:19.0: reg 0x14: [mem 0xfad28000-0xfad28fff]
[    0.160742] pci 0000:00:19.0: reg 0x18: [io  0xf080-0xf09f]
[    0.160788] pci 0000:00:19.0: PME# supported from D0 D3hot D3cold
[    0.160836] pci 0000:00:1a.0: [8086:1c2d] type 00 class 0x0c0320
[    0.160863] pci 0000:00:1a.0: reg 0x10: [mem 0xfad27000-0xfad273ff]
[    0.160931] pci 0000:00:1a.0: PME# supported from D0 D3hot D3cold
[    0.160980] pci 0000:00:1b.0: [8086:1c20] type 00 class 0x040300
[    0.161004] pci 0000:00:1b.0: reg 0x10: [mem 0xfad20000-0xfad23fff 64bit]
[    0.161062] pci 0000:00:1b.0: PME# supported from D0 D3hot D3cold
[    0.161111] pci 0000:00:1c.0: [8086:1c10] type 01 class 0x060400
[    0.161182] pci 0000:00:1c.0: PME# supported from D0 D3hot D3cold
[    0.161234] pci 0000:00:1c.1: [8086:1c12] type 01 class 0x060400
[    0.161306] pci 0000:00:1c.1: PME# supported from D0 D3hot D3cold
[    0.161357] pci 0000:00:1c.2: [8086:1c14] type 01 class 0x060400
[    0.161428] pci 0000:00:1c.2: PME# supported from D0 D3hot D3cold
[    0.161479] pci 0000:00:1c.3: [8086:1c16] type 01 class 0x060400
[    0.161550] pci 0000:00:1c.3: PME# supported from D0 D3hot D3cold
[    0.161602] pci 0000:00:1c.4: [8086:1c18] type 01 class 0x060400
[    0.161673] pci 0000:00:1c.4: PME# supported from D0 D3hot D3cold
[    0.161726] pci 0000:00:1c.6: [8086:244e] type 01 class 0x060401
[    0.161796] pci 0000:00:1c.6: PME# supported from D0 D3hot D3cold
[    0.161847] pci 0000:00:1c.7: [8086:1c1e] type 01 class 0x060400
[    0.161918] pci 0000:00:1c.7: PME# supported from D0 D3hot D3cold
[    0.161970] pci 0000:00:1d.0: [8086:1c26] type 00 class 0x0c0320
[    0.161996] pci 0000:00:1d.0: reg 0x10: [mem 0xfad26000-0xfad263ff]
[    0.162065] pci 0000:00:1d.0: PME# supported from D0 D3hot D3cold
[    0.162114] pci 0000:00:1f.0: [8086:1c44] type 00 class 0x060100
[    0.162256] pci 0000:00:1f.2: [8086:1c02] type 00 class 0x010601
[    0.162280] pci 0000:00:1f.2: reg 0x10: [io  0xf0d0-0xf0d7]
[    0.162287] pci 0000:00:1f.2: reg 0x14: [io  0xf0c0-0xf0c3]
[    0.162294] pci 0000:00:1f.2: reg 0x18: [io  0xf0b0-0xf0b7]
[    0.162301] pci 0000:00:1f.2: reg 0x1c: [io  0xf0a0-0xf0a3]
[    0.162308] pci 0000:00:1f.2: reg 0x20: [io  0xf060-0xf07f]
[    0.162315] pci 0000:00:1f.2: reg 0x24: [mem 0xfad25000-0xfad257ff]
[    0.162344] pci 0000:00:1f.2: PME# supported from D3hot
[    0.162387] pci 0000:00:1f.3: [8086:1c22] type 00 class 0x0c0500
[    0.162402] pci 0000:00:1f.3: reg 0x10: [mem 0xfad24000-0xfad240ff 64bit]
[    0.162421] pci 0000:00:1f.3: reg 0x20: [io  0xf040-0xf05f]
[    0.162499] pci 0000:01:00.0: [10de:1245] type 00 class 0x030000
[    0.162515] pci 0000:01:00.0: reg 0x10: [mem 0xf8000000-0xf9ffffff]
[    0.162522] pci 0000:01:00.0: reg 0x14: [mem 0xd0000000-0xd7ffffff 64bit pref]
[    0.162529] pci 0000:01:00.0: reg 0x1c: [mem 0xd8000000-0xdbffffff 64bit pref]
[    0.162534] pci 0000:01:00.0: reg 0x24: [io  0xe000-0xe07f]
[    0.162539] pci 0000:01:00.0: reg 0x30: [mem 0xfa000000-0xfa07ffff pref]
[    0.162595] pci 0000:01:00.1: [10de:0bee] type 00 class 0x040300
[    0.162612] pci 0000:01:00.1: reg 0x10: [mem 0xfa080000-0xfa083fff]
[    0.165280] pci 0000:00:01.0: PCI bridge to [bus 01]
[    0.165354] pci 0000:00:01.0:   bridge window [io  0xe000-0xefff]
[    0.165356] pci 0000:00:01.0:   bridge window [mem 0xf8000000-0xfa0fffff]
[    0.165358] pci 0000:00:01.0:   bridge window [mem 0xd0000000-0xdbffffff 64bit pref]
[    0.165393] pci 0000:00:1c.0: PCI bridge to [bus 02]
[    0.165526] pci 0000:03:00.0: [1b21:1042] type 00 class 0x0c0330
[    0.165578] pci 0000:03:00.0: reg 0x10: [mem 0xfac00000-0xfac07fff 64bit]
[    0.165709] pci 0000:03:00.0: PME# supported from D3hot D3cold
[    0.168285] pci 0000:00:1c.1: PCI bridge to [bus 03]
[    0.168362] pci 0000:00:1c.1:   bridge window [mem 0xfac00000-0xfacfffff]
[    0.168401] pci 0000:00:1c.2: PCI bridge to [bus 04]
[    0.168532] pci 0000:05:00.0: [197b:2362] type 00 class 0x010185
[    0.168587] pci 0000:05:00.0: reg 0x10: [io  0xd040-0xd047]
[    0.168602] pci 0000:05:00.0: reg 0x14: [io  0xd030-0xd033]
[    0.168618] pci 0000:05:00.0: reg 0x18: [io  0xd020-0xd027]
[    0.168634] pci 0000:05:00.0: reg 0x1c: [io  0xd010-0xd013]
[    0.168649] pci 0000:05:00.0: reg 0x20: [io  0xd000-0xd00f]
[    0.168665] pci 0000:05:00.0: reg 0x24: [mem 0xfab10000-0xfab101ff]
[    0.168681] pci 0000:05:00.0: reg 0x30: [mem 0x00000000-0x0000ffff pref]
[    0.168731] pci 0000:05:00.0: PME# supported from D3hot
[    0.171288] pci 0000:00:1c.3: PCI bridge to [bus 05]
[    0.171363] pci 0000:00:1c.3:   bridge window [io  0xd000-0xdfff]
[    0.171366] pci 0000:00:1c.3:   bridge window [mem 0xfab00000-0xfabfffff]
[    0.171427] pci 0000:06:00.0: [1b21:1042] type 00 class 0x0c0330
[    0.171478] pci 0000:06:00.0: reg 0x10: [mem 0xfaa00000-0xfaa07fff 64bit]
[    0.171609] pci 0000:06:00.0: PME# supported from D3hot D3cold
[    0.173288] pci 0000:00:1c.4: PCI bridge to [bus 06]
[    0.173365] pci 0000:00:1c.4:   bridge window [mem 0xfaa00000-0xfaafffff]
[    0.173415] pci 0000:07:00.0: [1b21:1080] type 01 class 0x060401
[    0.173541] pci 0000:00:1c.6: PCI bridge to [bus 07-08] (subtractive decode)
[    0.173619] pci 0000:00:1c.6:   bridge window [io  0xc000-0xcfff]
[    0.173622] pci 0000:00:1c.6:   bridge window [mem 0xfa900000-0xfa9fffff]
[    0.173628] pci 0000:00:1c.6:   bridge window [io  0x0000-0x0cf7 window] (subtractive decode)
[    0.173629] pci 0000:00:1c.6:   bridge window [io  0x0d00-0xffff window] (subtractive decode)
[    0.173630] pci 0000:00:1c.6:   bridge window [mem 0x000a0000-0x000bffff window] (subtractive decode)
[    0.173632] pci 0000:00:1c.6:   bridge window [mem 0xbfa00000-0xffffffff window] (subtractive decode)
[    0.173684] pci 0000:08:02.0: [1106:3044] type 00 class 0x0c0010
[    0.173725] pci 0000:08:02.0: reg 0x10: [mem 0xfa900000-0xfa9007ff]
[    0.173743] pci 0000:08:02.0: reg 0x14: [io  0xc000-0xc07f]
[    0.173859] pci 0000:08:02.0: supports D2
[    0.173861] pci 0000:08:02.0: PME# supported from D2 D3hot D3cold
[    0.173952] pci 0000:07:00.0: PCI bridge to [bus 08] (subtractive decode)
[    0.174034] pci 0000:07:00.0:   bridge window [io  0xc000-0xcfff]
[    0.174040] pci 0000:07:00.0:   bridge window [mem 0xfa900000-0xfa9fffff]
[    0.174049] pci 0000:07:00.0:   bridge window [io  0xc000-0xcfff] (subtractive decode)
[    0.174050] pci 0000:07:00.0:   bridge window [mem 0xfa900000-0xfa9fffff] (subtractive decode)
[    0.174051] pci 0000:07:00.0:   bridge window [io  0x0000-0x0cf7 window] (subtractive decode)
[    0.174052] pci 0000:07:00.0:   bridge window [io  0x0d00-0xffff window] (subtractive decode)
[    0.174054] pci 0000:07:00.0:   bridge window [mem 0x000a0000-0x000bffff window] (subtractive decode)
[    0.174055] pci 0000:07:00.0:   bridge window [mem 0xbfa00000-0xffffffff window] (subtractive decode)
[    0.174115] pci 0000:09:00.0: [1b4b:9172] type 00 class 0x010601
[    0.174152] pci 0000:09:00.0: reg 0x10: [io  0xb040-0xb047]
[    0.174164] pci 0000:09:00.0: reg 0x14: [io  0xb030-0xb033]
[    0.174176] pci 0000:09:00.0: reg 0x18: [io  0xb020-0xb027]
[    0.174188] pci 0000:09:00.0: reg 0x1c: [io  0xb010-0xb013]
[    0.174200] pci 0000:09:00.0: reg 0x20: [io  0xb000-0xb00f]
[    0.174213] pci 0000:09:00.0: reg 0x24: [mem 0xfa810000-0xfa8101ff]
[    0.174225] pci 0000:09:00.0: reg 0x30: [mem 0xfa800000-0xfa80ffff pref]
[    0.174268] pci 0000:09:00.0: PME# supported from D3hot
[    0.176289] pci 0000:00:1c.7: PCI bridge to [bus 09]
[    0.176364] pci 0000:00:1c.7:   bridge window [io  0xb000-0xbfff]
[    0.176368] pci 0000:00:1c.7:   bridge window [mem 0xfa800000-0xfa8fffff]
[    0.176710] ACPI: PCI Interrupt Link [LNKA] (IRQs 3 4 5 6 7 10 *11 12 14 15)
[    0.177262] ACPI: PCI Interrupt Link [LNKB] (IRQs 3 4 5 6 7 *10 11 12 14 15)
[    0.177815] ACPI: PCI Interrupt Link [LNKC] (IRQs *3 4 5 6 10 11 12 14 15)
[    0.178331] ACPI: PCI Interrupt Link [LNKD] (IRQs 3 4 5 6 10 *11 12 14 15)
[    0.178843] ACPI: PCI Interrupt Link [LNKE] (IRQs 3 4 6 7 *10 11 12 14 15)
[    0.179359] ACPI: PCI Interrupt Link [LNKF] (IRQs 3 4 *5 6 7 10 11 12 14 15)
[    0.179910] ACPI: PCI Interrupt Link [LNKG] (IRQs 3 *4 5 6 7 10 11 12 14 15)
[    0.180462] ACPI: PCI Interrupt Link [LNKH] (IRQs 3 4 5 6 *7 10 11 12 14 15)
[    0.181020] ACPI: Enabled 1 GPEs in block 00 to 3F
[    0.181177] ACPI : EC: GPE = 0x18, I/O: command/status = 0x66, data = 0x62
[    0.181306] vgaarb: setting as boot device: PCI:0000:00:02.0
[    0.181380] vgaarb: device added: PCI:0000:00:02.0,decodes=io+mem,owns=io+mem,locks=none
[    0.181489] vgaarb: device added: PCI:0000:01:00.0,decodes=io+mem,owns=none,locks=none
[    0.181593] vgaarb: loaded
[    0.181662] vgaarb: bridge control possible 0000:01:00.0
[    0.181734] vgaarb: no bridge control possible 0000:00:02.0
[    0.181858] SCSI subsystem initialized
[    0.181961] libata version 3.00 loaded.
[    0.181974] ACPI: bus type USB registered
[    0.182062] usbcore: registered new interface driver usbfs
[    0.182142] usbcore: registered new interface driver hub
[    0.182224] usbcore: registered new device driver usb
[    0.182356] PCI: Using ACPI for IRQ routing
[    0.183750] PCI: pci_cache_line_size set to 64 bytes
[    0.183817] e820: reserve RAM buffer [mem 0x0009b400-0x0009ffff]
[    0.183819] e820: reserve RAM buffer [mem 0xb677e000-0xb7ffffff]
[    0.183820] e820: reserve RAM buffer [mem 0xb6dcf000-0xb7ffffff]
[    0.183822] e820: reserve RAM buffer [mem 0xb7000000-0xb7ffffff]
[    0.183823] e820: reserve RAM buffer [mem 0x23fe00000-0x23fffffff]
[    0.183905] NetLabel: Initializing
[    0.183975] NetLabel:  domain hash size = 128
[    0.184045] NetLabel:  protocols = UNLABELED CIPSOv4
[    0.184127] NetLabel:  unlabeled traffic allowed by default
[    0.184226] hpet0: at MMIO 0xfed00000, IRQs 2, 8, 0, 0, 0, 0, 0, 0
[    0.184635] hpet0: 8 comparators, 64-bit 14.318180 MHz counter
[    0.186731] clocksource: Switched to clocksource hpet
[    0.189584] pnp: PnP ACPI init
[    0.189759] system 00:00: [mem 0xfed10000-0xfed19fff] has been reserved
[    0.189837] system 00:00: [mem 0xe0000000-0xe3ffffff] has been reserved
[    0.189911] system 00:00: [mem 0xfed90000-0xfed93fff] has been reserved
[    0.189986] system 00:00: [mem 0xfed20000-0xfed3ffff] has been reserved
[    0.190061] system 00:00: [mem 0xfee00000-0xfee0ffff] has been reserved
[    0.190136] system 00:00: Plug and Play ACPI device, IDs PNP0c01 (active)
[    0.190194] system 00:01: [io  0x0290-0x029f] has been reserved
[    0.190270] system 00:01: Plug and Play ACPI device, IDs PNP0c02 (active)
[    0.190289] pnp 00:02: Plug and Play ACPI device, IDs PNP0b00 (active)
[    0.190322] system 00:03: [io  0x04d0-0x04d1] has been reserved
[    0.190399] system 00:03: Plug and Play ACPI device, IDs PNP0c02 (active)
[    0.190578] system 00:04: [io  0x0400-0x0453] could not be reserved
[    0.190656] system 00:04: [io  0x0458-0x047f] has been reserved
[    0.190741] system 00:04: [io  0x0500-0x057f] has been reserved
[    0.190815] system 00:04: [mem 0xfed1c000-0xfed1ffff] has been reserved
[    0.190891] system 00:04: [mem 0xfec00000-0xfecfffff] could not be reserved
[    0.190965] system 00:04: [mem 0xfed08000-0xfed08fff] has been reserved
[    0.191040] system 00:04: [mem 0xff000000-0xffffffff] has been reserved
[    0.191116] system 00:04: Plug and Play ACPI device, IDs PNP0c01 (active)
[    0.191153] system 00:05: [io  0x0454-0x0457] has been reserved
[    0.191230] system 00:05: Plug and Play ACPI device, IDs INT3f0d PNP0c02 (active)
[    0.191373] pnp: PnP ACPI: found 6 devices
[    0.197126] clocksource: acpi_pm: mask: 0xffffff max_cycles: 0xffffff, max_idle_ns: 2085701024 ns
[    0.197301] pci 0000:00:01.0: PCI bridge to [bus 01]
[    0.197374] pci 0000:00:01.0:   bridge window [io  0xe000-0xefff]
[    0.197449] pci 0000:00:01.0:   bridge window [mem 0xf8000000-0xfa0fffff]
[    0.197525] pci 0000:00:01.0:   bridge window [mem 0xd0000000-0xdbffffff 64bit pref]
[    0.197630] pci 0000:00:1c.0: PCI bridge to [bus 02]
[    0.197710] pci 0000:00:1c.1: PCI bridge to [bus 03]
[    0.197797] pci 0000:00:1c.1:   bridge window [mem 0xfac00000-0xfacfffff]
[    0.197878] pci 0000:00:1c.2: PCI bridge to [bus 04]
[    0.197960] pci 0000:05:00.0: BAR 6: assigned [mem 0xfab00000-0xfab0ffff pref]
[    0.198063] pci 0000:00:1c.3: PCI bridge to [bus 05]
[    0.198136] pci 0000:00:1c.3:   bridge window [io  0xd000-0xdfff]
[    0.198213] pci 0000:00:1c.3:   bridge window [mem 0xfab00000-0xfabfffff]
[    0.198293] pci 0000:00:1c.4: PCI bridge to [bus 06]
[    0.198368] pci 0000:00:1c.4:   bridge window [mem 0xfaa00000-0xfaafffff]
[    0.198448] pci 0000:07:00.0: PCI bridge to [bus 08]
[    0.198522] pci 0000:07:00.0:   bridge window [io  0xc000-0xcfff]
[    0.198602] pci 0000:07:00.0:   bridge window [mem 0xfa900000-0xfa9fffff]
[    0.198689] pci 0000:00:1c.6: PCI bridge to [bus 07-08]
[    0.198776] pci 0000:00:1c.6:   bridge window [io  0xc000-0xcfff]
[    0.198852] pci 0000:00:1c.6:   bridge window [mem 0xfa900000-0xfa9fffff]
[    0.198933] pci 0000:00:1c.7: PCI bridge to [bus 09]
[    0.199006] pci 0000:00:1c.7:   bridge window [io  0xb000-0xbfff]
[    0.199083] pci 0000:00:1c.7:   bridge window [mem 0xfa800000-0xfa8fffff]
[    0.199165] pci_bus 0000:00: resource 4 [io  0x0000-0x0cf7 window]
[    0.199166] pci_bus 0000:00: resource 5 [io  0x0d00-0xffff window]
[    0.199167] pci_bus 0000:00: resource 6 [mem 0x000a0000-0x000bffff window]
[    0.199168] pci_bus 0000:00: resource 7 [mem 0xbfa00000-0xffffffff window]
[    0.199170] pci_bus 0000:01: resource 0 [io  0xe000-0xefff]
[    0.199171] pci_bus 0000:01: resource 1 [mem 0xf8000000-0xfa0fffff]
[    0.199172] pci_bus 0000:01: resource 2 [mem 0xd0000000-0xdbffffff 64bit pref]
[    0.199174] pci_bus 0000:03: resource 1 [mem 0xfac00000-0xfacfffff]
[    0.199175] pci_bus 0000:05: resource 0 [io  0xd000-0xdfff]
[    0.199176] pci_bus 0000:05: resource 1 [mem 0xfab00000-0xfabfffff]
[    0.199178] pci_bus 0000:06: resource 1 [mem 0xfaa00000-0xfaafffff]
[    0.199179] pci_bus 0000:07: resource 0 [io  0xc000-0xcfff]
[    0.199180] pci_bus 0000:07: resource 1 [mem 0xfa900000-0xfa9fffff]
[    0.199181] pci_bus 0000:07: resource 4 [io  0x0000-0x0cf7 window]
[    0.199182] pci_bus 0000:07: resource 5 [io  0x0d00-0xffff window]
[    0.199184] pci_bus 0000:07: resource 6 [mem 0x000a0000-0x000bffff window]
[    0.199185] pci_bus 0000:07: resource 7 [mem 0xbfa00000-0xffffffff window]
[    0.199186] pci_bus 0000:08: resource 0 [io  0xc000-0xcfff]
[    0.199187] pci_bus 0000:08: resource 1 [mem 0xfa900000-0xfa9fffff]
[    0.199188] pci_bus 0000:08: resource 4 [io  0xc000-0xcfff]
[    0.199190] pci_bus 0000:08: resource 5 [mem 0xfa900000-0xfa9fffff]
[    0.199191] pci_bus 0000:08: resource 6 [io  0x0000-0x0cf7 window]
[    0.199192] pci_bus 0000:08: resource 7 [io  0x0d00-0xffff window]
[    0.199193] pci_bus 0000:08: resource 8 [mem 0x000a0000-0x000bffff window]
[    0.199194] pci_bus 0000:08: resource 9 [mem 0xbfa00000-0xffffffff window]
[    0.199195] pci_bus 0000:09: resource 0 [io  0xb000-0xbfff]
[    0.199197] pci_bus 0000:09: resource 1 [mem 0xfa800000-0xfa8fffff]
[    0.199218] NET: Registered protocol family 2
[    0.199411] TCP established hash table entries: 65536 (order: 7, 524288 bytes)
[    0.199614] TCP bind hash table entries: 65536 (order: 8, 1048576 bytes)
[    0.199814] TCP: Hash tables configured (established 65536 bind 65536)
[    0.199911] UDP hash table entries: 4096 (order: 5, 131072 bytes)
[    0.200007] UDP-Lite hash table entries: 4096 (order: 5, 131072 bytes)
[    0.200122] NET: Registered protocol family 1
[    0.200235] RPC: Registered named UNIX socket transport module.
[    0.200308] RPC: Registered udp transport module.
[    0.200379] RPC: Registered tcp transport module.
[    0.200450] RPC: Registered tcp NFSv4.1 backchannel transport module.
[    0.200531] pci 0000:00:02.0: Video device with shadowed ROM
[    0.446836] PCI: CLS 64 bytes, default 64
[    0.446878] PCI-DMA: Using software bounce buffering for IO (SWIOTLB)
[    0.446954] software IO TLB [mem 0xb277e000-0xb677e000] (64MB) mapped at [ffff8800b277e000-ffff8800b677dfff]
[    0.447207] RAPL PMU detected, API unit is 2^-32 Joules, 3 fixed counters 163840 ms ovfl timer
[    0.447312] hw unit of domain pp0-core 2^-16 Joules
[    0.447384] hw unit of domain package 2^-16 Joules
[    0.447455] hw unit of domain pp1-gpu 2^-16 Joules
[    0.447746] Scanning for low memory corruption every 60 seconds
[    0.449569] AVX2 or AES-NI instructions are not detected.
[    0.449643] AVX2 instructions are not detected.
[    0.449829] futex hash table entries: 1024 (order: 4, 65536 bytes)
[    0.450260] HugeTLB registered 2 MB page size, pre-allocated 0 pages
[    0.451588] VFS: Disk quotas dquot_6.6.0
[    0.451682] VFS: Dquot-cache hash table entries: 512 (order 0, 4096 bytes)
[    0.452105] NFS: Registering the id_resolver key type
[    0.452183] Key type id_resolver registered
[    0.452254] Key type id_legacy registered
[    0.453811] NET: Registered protocol family 38
[    0.453891] Key type asymmetric registered
[    0.453964] Asymmetric key parser 'x509' registered
[    0.454066] Block layer SCSI generic (bsg) driver version 0.4 loaded (major 253)
[    0.454175] io scheduler noop registered
[    0.454245] io scheduler deadline registered
[    0.454337] io scheduler cfq registered (default)
[    0.455281] pci_hotplug: PCI Hot Plug PCI Core version: 0.5
[    0.455421] input: Power Button as /devices/LNXSYSTM:00/LNXSYBUS:00/PNP0C0C:00/input/input0
[    0.455530] ACPI: Power Button [PWRB]
[    0.455622] input: Power Button as /devices/LNXSYSTM:00/LNXPWRBN:00/input/input1
[    0.455744] ACPI: Power Button [PWRF]
[    0.455888] Monitor-Mwait will be used to enter C-1 state
[    0.455895] Monitor-Mwait will be used to enter C-3 state
[    0.455906] ACPI: acpi_idle registered with cpuidle
[    0.456440] Serial: 8250/16550 driver, 4 ports, IRQ sharing enabled
[    0.456824] Non-volatile memory driver v1.3
[    0.456920] Linux agpgart interface v0.103
[    0.457034] [drm] Initialized drm 1.1.0 20060810
[    0.457648] [drm] Memory usable by graphics device = 2048M
[    0.457738] [drm] Replacing VGA console driver
[    0.458274] Console: switching to colour dummy device 80x25
[    0.463905] [drm] Supports vblank timestamp caching Rev 2 (21.10.2013).
[    0.463909] [drm] Driver supports precise vblank timestamp query.
[    0.464049] vgaarb: device changed decodes: PCI:0000:00:02.0,olddecodes=io+mem,decodes=none:owns=io+mem
[    0.467953] ACPI: Video Device [GFX0] (multi-head: yes  rom: no  post: no)
[    0.468161] acpi device:41: registered as cooling_device4
[    0.468205] input: Video Bus as /devices/LNXSYSTM:00/LNXSYBUS:00/PNP0A08:00/LNXVIDEO:00/input/input2
[    0.468222] [drm] Initialized i915 1.6.0 20151010 for 0000:00:02.0 on minor 0
[    0.469195] loop: module loaded
[    0.469301] ahci 0000:00:1f.2: version 3.0
[    0.479806] ahci 0000:00:1f.2: AHCI 0001.0300 32 slots 6 ports 6 Gbps 0x3f impl SATA mode
[    0.479821] ahci 0000:00:1f.2: flags: 64bit ncq sntf pm led clo pio slum part ems apst 
[    0.490134] scsi host0: ahci
[    0.490348] scsi host1: ahci
[    0.490449] scsi host2: ahci
[    0.490522] scsi host3: ahci
[    0.490592] scsi host4: ahci
[    0.490651] scsi host5: ahci
[    0.490676] ata1: SATA max UDMA/133 abar m2048@0xfad25000 port 0xfad25100 irq 32
[    0.490682] ata2: SATA max UDMA/133 abar m2048@0xfad25000 port 0xfad25180 irq 32
[    0.490687] ata3: SATA max UDMA/133 abar m2048@0xfad25000 port 0xfad25200 irq 32
[    0.490693] ata4: SATA max UDMA/133 abar m2048@0xfad25000 port 0xfad25280 irq 32
[    0.490698] ata5: SATA max UDMA/133 abar m2048@0xfad25000 port 0xfad25300 irq 32
[    0.490703] ata6: SATA max UDMA/133 abar m2048@0xfad25000 port 0xfad25380 irq 32
[    0.490867] ahci 0000:05:00.0: AHCI 0001.0100 32 slots 2 ports 3 Gbps 0x3 impl SATA mode
[    0.490873] ahci 0000:05:00.0: flags: 64bit ncq pm led clo pmp pio slum part 
[    0.491024] scsi host6: ahci
[    0.491086] scsi host7: ahci
[    0.491111] ata7: SATA max UDMA/133 abar m512@0xfab10000 port 0xfab10100 irq 19
[    0.491117] ata8: SATA max UDMA/133 abar m512@0xfab10000 port 0xfab10180 irq 19
[    0.491244] ahci 0000:09:00.0: AHCI 0001.0000 32 slots 2 ports 6 Gbps 0x3 impl SATA mode
[    0.491250] ahci 0000:09:00.0: flags: 64bit ncq sntf led only pmp fbs pio slum part sxs 
[    0.491414] scsi host8: ahci
[    0.491486] scsi host9: ahci
[    0.491513] ata9: SATA max UDMA/133 abar m512@0xfa810000 port 0xfa810100 irq 33
[    0.491520] ata10: SATA max UDMA/133 abar m512@0xfa810000 port 0xfa810180 irq 33
[    0.491613] ehci_hcd: USB 2.0 'Enhanced' Host Controller (EHCI) Driver
[    0.491617] ehci-pci: EHCI PCI platform driver
[    0.491684] ehci-pci 0000:00:1a.0: EHCI Host Controller
[    0.491710] ehci-pci 0000:00:1a.0: new USB bus registered, assigned bus number 1
[    0.491737] ehci-pci 0000:00:1a.0: debug port 2
[    0.495629] ehci-pci 0000:00:1a.0: cache line size of 64 is not supported
[    0.495636] ehci-pci 0000:00:1a.0: irq 23, io mem 0xfad27000
[    0.500778] ehci-pci 0000:00:1a.0: USB 2.0 started, EHCI 1.00
[    0.500827] usb usb1: New USB device found, idVendor=1d6b, idProduct=0002
[    0.500839] usb usb1: New USB device strings: Mfr=3, Product=2, SerialNumber=1
[    0.500844] usb usb1: Product: EHCI Host Controller
[    0.500847] usb usb1: Manufacturer: Linux 4.4.7 ehci_hcd
[    0.500850] usb usb1: SerialNumber: 0000:00:1a.0
[    0.500981] hub 1-0:1.0: USB hub found
[    0.500989] hub 1-0:1.0: 2 ports detected
[    0.501094] ehci-pci 0000:00:1d.0: EHCI Host Controller
[    0.501174] ehci-pci 0000:00:1d.0: new USB bus registered, assigned bus number 2
[    0.501189] ehci-pci 0000:00:1d.0: debug port 2
[    0.505091] ehci-pci 0000:00:1d.0: cache line size of 64 is not supported
[    0.505095] ehci-pci 0000:00:1d.0: irq 23, io mem 0xfad26000
[    0.510777] ehci-pci 0000:00:1d.0: USB 2.0 started, EHCI 1.00
[    0.510824] usb usb2: New USB device found, idVendor=1d6b, idProduct=0002
[    0.510838] usb usb2: New USB device strings: Mfr=3, Product=2, SerialNumber=1
[    0.510843] usb usb2: Product: EHCI Host Controller
[    0.510846] usb usb2: Manufacturer: Linux 4.4.7 ehci_hcd
[    0.510849] usb usb2: SerialNumber: 0000:00:1d.0
[    0.510977] hub 2-0:1.0: USB hub found
[    0.510985] hub 2-0:1.0: 2 ports detected
[    0.511047] ohci_hcd: USB 1.1 'Open' Host Controller (OHCI) Driver
[    0.511053] ohci-pci: OHCI PCI platform driver
[    0.511063] uhci_hcd: USB Universal Host Controller Interface driver
[    0.511085] usbcore: registered new interface driver usblp
[    0.511102] usbcore: registered new interface driver usb-storage
[    0.511125] i8042: PNP: No PS/2 controller found. Probing ports directly.
[    0.513841] serio: i8042 KBD port at 0x60,0x64 irq 1
[    0.513848] serio: i8042 AUX port at 0x60,0x64 irq 12
[    0.513944] mousedev: PS/2 mouse device common for all mice
[    0.514283] rtc_cmos 00:02: RTC can wake from S4
[    0.514401] rtc_cmos 00:02: rtc core: registered rtc_cmos as rtc0
[    0.514430] rtc_cmos 00:02: alarms up to one month, y3k, 114 bytes nvram, hpet irqs
[    0.514513] i801_smbus 0000:00:1f.3: SMBus using PCI interrupt
[    0.514600] device-mapper: ioctl: 4.34.0-ioctl (2015-10-28) initialised: dm-devel@redhat.com
[    0.514625] hidraw: raw HID events driver (C) Jiri Kosina
[    0.514835] usbcore: registered new interface driver usbhid
[    0.514837] usbhid: USB HID core driver
[    0.514858] Netfilter messages via NETLINK v0.30.
[    0.514867] nf_conntrack version 0.5.0 (65536 buckets, 262144 max)
[    0.514984] ctnetlink v0.93: registering with nfnetlink.
[    0.515065] ip_tables: (C) 2000-2006 Netfilter Core Team
[    0.515087] Initializing XFRM netlink socket
[    0.515192] NET: Registered protocol family 10
[    0.515313] ip6_tables: (C) 2000-2006 Netfilter Core Team
[    0.515340] sit: IPv6 over IPv4 tunneling driver
[    0.515429] NET: Registered protocol family 17
[    0.515447] Key type dns_resolver registered
[    0.515575] microcode: CPU0 sig=0x206a7, pf=0x2, revision=0x14
[    0.515585] microcode: CPU1 sig=0x206a7, pf=0x2, revision=0x14
[    0.515596] microcode: CPU2 sig=0x206a7, pf=0x2, revision=0x14
[    0.515602] microcode: CPU3 sig=0x206a7, pf=0x2, revision=0x14
[    0.515624] microcode: Microcode Update Driver: v2.01 <tigran@aivazian.fsnet.co.uk>, Peter Oruba
[    0.515644] AVX version of gcm_enc/dec engaged.
[    0.515646] AES CTR mode by8 optimization enabled
[    0.516161] registered taskstats version 1
[    0.516494] console [netcon0] enabled
[    0.516497] netconsole: network logging started
[    0.795795] ata7: SATA link down (SStatus 0 SControl 300)
[    0.795799] ata1: SATA link up 6.0 Gbps (SStatus 133 SControl 300)
[    0.795826] ata5: SATA link up 3.0 Gbps (SStatus 123 SControl 300)
[    0.795858] ata4: SATA link up 3.0 Gbps (SStatus 123 SControl 300)
[    0.795898] ata8: SATA link down (SStatus 0 SControl 300)
[    0.795899] ata2: SATA link up 6.0 Gbps (SStatus 133 SControl 300)
[    0.795930] ata3: SATA link up 3.0 Gbps (SStatus 123 SControl 300)
[    0.795964] ata6: SATA link up 3.0 Gbps (SStatus 123 SControl 300)
[    0.796128] ata1.00: ATA-9: INTEL SSDSC2BA100G3, 5DV10270, max UDMA/133
[    0.796138] ata1.00: 195371568 sectors, multi 1: LBA48 NCQ (depth 31/32)
[    0.796155] ata2.00: ATA-9: INTEL SSDSC2BA100G3, 5DV10270, max UDMA/133
[    0.796162] ata2.00: 195371568 sectors, multi 1: LBA48 NCQ (depth 31/32)
[    0.796211] ata5.00: ATA-9: INTEL SSDSC2BA100G3, 5DV10270, max UDMA/133
[    0.796216] ata5.00: 195371568 sectors, multi 1: LBA48 NCQ (depth 31/32)
[    0.796224] ata4.00: ATA-9: INTEL SSDSC2BA100G3, 5DV10270, max UDMA/133
[    0.796229] ata4.00: 195371568 sectors, multi 1: LBA48 NCQ (depth 31/32)
[    0.796305] ata3.00: ATA-9: INTEL SSDSC2BA100G3, 5DV10270, max UDMA/133
[    0.796310] ata3.00: 195371568 sectors, multi 1: LBA48 NCQ (depth 31/32)
[    0.796340] ata6.00: ATA-9: INTEL SSDSC2BA100G3, 5DV10270, max UDMA/133
[    0.796345] ata6.00: 195371568 sectors, multi 1: LBA48 NCQ (depth 31/32)
[    0.796484] ata1.00: configured for UDMA/133
[    0.796562] ata2.00: configured for UDMA/133
[    0.796622] ata4.00: configured for UDMA/133
[    0.796646] ata5.00: configured for UDMA/133
[    0.796674] ata3.00: configured for UDMA/133
[    0.796697] scsi 0:0:0:0: Direct-Access     ATA      INTEL SSDSC2BA10 0270 PQ: 0 ANSI: 5
[    0.796762] ata6.00: configured for UDMA/133
[    0.796856] ata1.00: Enabling discard_zeroes_data
[    0.796871] sd 0:0:0:0: [sda] 195371568 512-byte logical blocks: (100 GB/93.2 GiB)
[    0.796871] sd 0:0:0:0: Attached scsi generic sg0 type 0
[    0.796879] sd 0:0:0:0: [sda] 4096-byte physical blocks
[    0.797024] scsi 1:0:0:0: Direct-Access     ATA      INTEL SSDSC2BA10 0270 PQ: 0 ANSI: 5
[    0.797028] sd 0:0:0:0: [sda] Write Protect is off
[    0.797029] sd 0:0:0:0: [sda] Mode Sense: 00 3a 00 00
[    0.797055] sd 0:0:0:0: [sda] Write cache: enabled, read cache: enabled, doesn't support DPO or FUA
[    0.797131] ata1.00: Enabling discard_zeroes_data
[    0.797138] ata2.00: Enabling discard_zeroes_data
[    0.797150] sd 1:0:0:0: Attached scsi generic sg1 type 0
[    0.797153] sd 1:0:0:0: [sdb] 195371568 512-byte logical blocks: (100 GB/93.2 GiB)
[    0.797154] sd 1:0:0:0: [sdb] 4096-byte physical blocks
[    0.797236] sd 1:0:0:0: [sdb] Write Protect is off
[    0.797241] sd 1:0:0:0: [sdb] Mode Sense: 00 3a 00 00
[    0.797246] scsi 2:0:0:0: Direct-Access     ATA      INTEL SSDSC2BA10 0270 PQ: 0 ANSI: 5
[    0.797261] sd 1:0:0:0: [sdb] Write cache: enabled, read cache: enabled, doesn't support DPO or FUA
[    0.797332] ata2.00: Enabling discard_zeroes_data
[    0.797342] ata3.00: Enabling discard_zeroes_data
[    0.797360] sd 2:0:0:0: [sdc] 195371568 512-byte logical blocks: (100 GB/93.2 GiB)
[    0.797365]  sda: sda1
[    0.797366] sd 2:0:0:0: [sdc] 4096-byte physical blocks
[    0.797372] sd 2:0:0:0: Attached scsi generic sg2 type 0
[    0.797417] sd 2:0:0:0: [sdc] Write Protect is off
[    0.797421] sd 2:0:0:0: [sdc] Mode Sense: 00 3a 00 00
[    0.797439] sd 2:0:0:0: [sdc] Write cache: enabled, read cache: enabled, doesn't support DPO or FUA
[    0.797470] scsi 3:0:0:0: Direct-Access     ATA      INTEL SSDSC2BA10 0270 PQ: 0 ANSI: 5
[    0.797497] ata3.00: Enabling discard_zeroes_data
[    0.797503] ata1.00: Enabling discard_zeroes_data
[    0.797570]  sdb: sdb1
[    0.797578] sd 3:0:0:0: Attached scsi generic sg3 type 0
[    0.797580] ata4.00: Enabling discard_zeroes_data
[    0.797586] sd 3:0:0:0: [sdd] 195371568 512-byte logical blocks: (100 GB/93.2 GiB)
[    0.797591] sd 3:0:0:0: [sdd] 4096-byte physical blocks
[    0.797639] sd 0:0:0:0: [sda] Attached SCSI disk
[    0.797655] sd 3:0:0:0: [sdd] Write Protect is off
[    0.797659] sd 3:0:0:0: [sdd] Mode Sense: 00 3a 00 00
[    0.797664] scsi 4:0:0:0: Direct-Access     ATA      INTEL SSDSC2BA10 0270 PQ: 0 ANSI: 5
[    0.797670] ata2.00: Enabling discard_zeroes_data
[    0.797675] sd 3:0:0:0: [sdd] Write cache: enabled, read cache: enabled, doesn't support DPO or FUA
[    0.797718]  sdc: sdc1
[    0.797760] sd 1:0:0:0: [sdb] Attached SCSI disk
[    0.797767] ata4.00: Enabling discard_zeroes_data
[    0.797784] sd 4:0:0:0: Attached scsi generic sg4 type 0
[    0.797786] ata5.00: Enabling discard_zeroes_data
[    0.797793] sd 4:0:0:0: [sde] 195371568 512-byte logical blocks: (100 GB/93.2 GiB)
[    0.797798] sd 4:0:0:0: [sde] 4096-byte physical blocks
[    0.797811] ata3.00: Enabling discard_zeroes_data
[    0.797854] sd 4:0:0:0: [sde] Write Protect is off
[    0.797858] sd 4:0:0:0: [sde] Mode Sense: 00 3a 00 00
[    0.797874] sd 4:0:0:0: [sde] Write cache: enabled, read cache: enabled, doesn't support DPO or FUA
[    0.797883] sd 2:0:0:0: [sdc] Attached SCSI disk
[    0.797904] scsi 5:0:0:0: Direct-Access     ATA      INTEL SSDSC2BA10 0270 PQ: 0 ANSI: 5
[    0.797924] ata5.00: Enabling discard_zeroes_data
[    0.797998] ata6.00: Enabling discard_zeroes_data
[    0.798002] sd 5:0:0:0: Attached scsi generic sg5 type 0
[    0.798010] sd 5:0:0:0: [sdf] 195371568 512-byte logical blocks: (100 GB/93.2 GiB)
[    0.798014]  sdd: sdd1
[    0.798018] sd 5:0:0:0: [sdf] 4096-byte physical blocks
[    0.798095] sd 5:0:0:0: [sdf] Write Protect is off
[    0.798096] ata4.00: Enabling discard_zeroes_data
[    0.798102] sd 5:0:0:0: [sdf] Mode Sense: 00 3a 00 00
[    0.798128] sd 5:0:0:0: [sdf] Write cache: enabled, read cache: enabled, doesn't support DPO or FUA
[    0.798187] ata6.00: Enabling discard_zeroes_data
[    0.798189]  sde: sde1
[    0.798201] sd 3:0:0:0: [sdd] Attached SCSI disk
[    0.798264] ata5.00: Enabling discard_zeroes_data
[    0.798362] sd 4:0:0:0: [sde] Attached SCSI disk
[    0.798417]  sdf: sdf1
[    0.798494] ata6.00: Enabling discard_zeroes_data
[    0.798588] sd 5:0:0:0: [sdf] Attached SCSI disk
[    0.802769] usb 1-1: new high-speed USB device number 2 using ehci-pci
[    0.812759] usb 2-1: new high-speed USB device number 2 using ehci-pci
[    0.917532] usb 1-1: New USB device found, idVendor=8087, idProduct=0024
[    0.917537] usb 1-1: New USB device strings: Mfr=0, Product=0, SerialNumber=0
[    0.917904] hub 1-1:1.0: USB hub found
[    0.918135] hub 1-1:1.0: 6 ports detected
[    0.927277] usb 2-1: New USB device found, idVendor=8087, idProduct=0024
[    0.927282] usb 2-1: New USB device strings: Mfr=0, Product=0, SerialNumber=0
[    0.927446] hub 2-1:1.0: USB hub found
[    0.927558] hub 2-1:1.0: 8 ports detected
[    0.950768] ata9: SATA link up 6.0 Gbps (SStatus 133 SControl 300)
[    0.950803] ata10: SATA link up 3.0 Gbps (SStatus 123 SControl 300)
[    0.951272] ata9.00: ATA-9: INTEL SSDSC2BB080G6, G2010140, max UDMA/133
[    0.951277] ata9.00: 156301488 sectors, multi 1: LBA48 NCQ (depth 31/32)
[    0.951297] ata10.00: ATA-8: INTEL SSDSA2CW120G3, 4PC10362, max UDMA/133
[    0.951302] ata10.00: 234441648 sectors, multi 1: LBA48 NCQ (depth 31/32)
[    0.951843] ata9.00: configured for UDMA/133
[    0.951924] ata10.00: configured for UDMA/133
[    0.951974] scsi 8:0:0:0: Direct-Access     ATA      INTEL SSDSC2BB08 0140 PQ: 0 ANSI: 5
[    0.952202] sd 8:0:0:0: Attached scsi generic sg6 type 0
[    0.952211] ata9.00: Enabling discard_zeroes_data
[    0.952227] sd 8:0:0:0: [sdg] 156301488 512-byte logical blocks: (80.0 GB/74.5 GiB)
[    0.952232] sd 8:0:0:0: [sdg] 4096-byte physical blocks
[    0.952331] scsi 9:0:0:0: Direct-Access     ATA      INTEL SSDSA2CW12 0362 PQ: 0 ANSI: 5
[    0.952417] sd 8:0:0:0: [sdg] Write Protect is off
[    0.952423] sd 8:0:0:0: [sdg] Mode Sense: 00 3a 00 00
[    0.952452] sd 8:0:0:0: [sdg] Write cache: enabled, read cache: enabled, doesn't support DPO or FUA
[    0.952466] ata10.00: Enabling discard_zeroes_data
[    0.952478] sd 9:0:0:0: [sdh] 234441648 512-byte logical blocks: (120 GB/112 GiB)
[    0.952495] sd 9:0:0:0: Attached scsi generic sg7 type 0
[    0.952550] ata9.00: Enabling discard_zeroes_data
[    0.952552] sd 9:0:0:0: [sdh] Write Protect is off
[    0.952554] sd 9:0:0:0: [sdh] Mode Sense: 00 3a 00 00
[    0.952587] sd 9:0:0:0: [sdh] Write cache: enabled, read cache: enabled, doesn't support DPO or FUA
[    0.952668] ata10.00: Enabling discard_zeroes_data
[    0.952929]  sdg: sdg1 sdg2 sdg3 sdg4
[    0.952981]  sdh: sdh1
[    0.953064] ata10.00: Enabling discard_zeroes_data
[    0.953084] ata9.00: Enabling discard_zeroes_data
[    0.953162] sd 9:0:0:0: [sdh] Attached SCSI removable disk
[    0.953176] sd 8:0:0:0: [sdg] Attached SCSI removable disk
[    0.953191] md: Waiting for all devices to be available before autodetect
[    0.953194] md: If you don't use raid, use raid=noautodetect
[    0.953292] md: Autodetecting RAID arrays.
[    0.953422] md: invalid raid superblock magic on sda1
[    0.953425] md: sda1 does not have a valid v0.90 superblock, not importing!
[    0.953536] md: invalid raid superblock magic on sdb1
[    0.953540] md: sdb1 does not have a valid v0.90 superblock, not importing!
[    0.953593] md: invalid raid superblock magic on sdc1
[    0.953596] md: sdc1 does not have a valid v0.90 superblock, not importing!
[    0.953649] md: invalid raid superblock magic on sdd1
[    0.953652] md: sdd1 does not have a valid v0.90 superblock, not importing!
[    0.953719] md: invalid raid superblock magic on sde1
[    0.953722] md: sde1 does not have a valid v0.90 superblock, not importing!
[    0.953802] md: invalid raid superblock magic on sdf1
[    0.953805] md: sdf1 does not have a valid v0.90 superblock, not importing!
[    0.953809] md: Scanned 6 and added 0 devices.
[    0.953812] md: autorun ...
[    0.953814] md: ... autorun DONE.
[    0.953962] EXT4-fs (sdg3): couldn't mount as ext3 due to feature incompatibilities
[    0.954105] EXT4-fs (sdg3): couldn't mount as ext2 due to feature incompatibilities
[    0.958179] EXT4-fs (sdg3): mounted filesystem with ordered data mode. Opts: (null)
[    0.958189] VFS: Mounted root (ext4 filesystem) readonly on device 8:99.
[    0.958928] Freeing unused kernel memory: 1032K (ffffffff81d03000 - ffffffff81e05000)
[    0.958933] Write protecting the kernel read-only data: 12288k
[    0.959091] Freeing unused kernel memory: 12K (ffff8800017fd000 - ffff880001800000)
[    0.961454] Freeing unused kernel memory: 1468K (ffff880001a91000 - ffff880001c00000)
[    1.018677] kbd_mode (1324) used greatest stack depth: 14000 bytes left
[    1.022035] loadkeys (1325) used greatest stack depth: 13560 bytes left
[    1.022146] init-early.sh (1322) used greatest stack depth: 12544 bytes left
[    1.203712] usb 2-1.7: new full-speed USB device number 3 using ehci-pci
[    1.215983] random: systemd-udevd urandom read with 47 bits of entropy available
[    1.263342] pps_core: LinuxPPS API ver. 1 registered
[    1.263345] pps_core: Software ver. 5.3.6 - Copyright 2005-2007 Rodolfo Giometti <giometti@linux.it>
[    1.264131] PTP clock support registered
[    1.266503] e1000e: Intel(R) PRO/1000 Network Driver - 3.2.6-k
[    1.266505] e1000e: Copyright(c) 1999 - 2015 Intel Corporation.
[    1.267111] e1000e 0000:00:19.0: Interrupt Throttling Rate (ints/sec) set to dynamic conservative mode
[    1.291345] md: bind<sdd1>
[    1.292476] md: bind<sdb1>
[    1.293554] md: bind<sde1>
[    1.295042] md: bind<sdc1>
[    1.296265] usb 2-1.7: New USB device found, idVendor=0cf3, idProduct=3000
[    1.296267] usb 2-1.7: New USB device strings: Mfr=0, Product=0, SerialNumber=0
[    1.296590] md: bind<sda1>
[    1.299326] md: bind<sdf1>
[    1.302107] md: raid10 personality registered for level 10
[    1.302244] md/raid10:md127: active with 6 out of 6 devices
[    1.302264] md127: detected capacity change from 0 to 299885395968
[    1.448699] tsc: Refined TSC clocksource calibration: 3300.021 MHz
[    1.448702] clocksource: tsc: mask: 0xffffffffffffffff max_cycles: 0x2f9160c2238, max_idle_ns: 440795363613 ns
[    1.529915] e1000e 0000:00:19.0 eth0: registered PHC clock
[    1.529918] e1000e 0000:00:19.0 eth0: (PCI Express:2.5GT/s:Width x1) 14:da:e9:0f:78:84
[    1.529919] e1000e 0000:00:19.0 eth0: Intel(R) PRO/1000 Network Connection
[    1.529952] e1000e 0000:00:19.0 eth0: MAC: 10, PHY: 11, PBA No: FFFFFF-0FF
[    1.531964] e1000e 0000:00:19.0 eno1: renamed from eth0
[    2.448759] clocksource: Switched to clocksource tsc
[    2.462291] EXT4-fs (sdg3): re-mounted. Opts: (null)
[    2.501464] Adding 1020k swap on /dev/sdg2.  Priority:-1 extents:1 across:1020k SS
[    5.947550] e1000e: eno1 NIC Link is Up 1000 Mbps Full Duplex, Flow Control: Rx/Tx
[   81.780428] random: nonblocking pool is initialized
[  257.132504] EXT4-fs (md127): barriers disabled
[  257.135605] EXT4-fs (md127): mounted filesystem with ordered data mode. Opts: nobarrier
