[    0.000000] Linux version 3.5.7 (root@bench) (gcc version 4.7.3 (Gentoo 4.7.3-r1 p1.4, pie-0.5.5) ) #1 SMP Thu May 5 02:01:08 CEST 2016
[    0.000000] Command line: BOOT_IMAGE=/kernel-3.5.7 root=/dev/sdg3 ro
[    0.000000] e820: BIOS-provided physical RAM map:
[    0.000000] BIOS-e820: [mem 0x0000000000000000-0x000000000009b3ff] usable
[    0.000000] BIOS-e820: [mem 0x000000000009b400-0x000000000009ffff] reserved
[    0.000000] BIOS-e820: [mem 0x00000000000e0000-0x00000000000fffff] reserved
[    0.000000] BIOS-e820: [mem 0x0000000000100000-0x000000001fffffff] usable
[    0.000000] BIOS-e820: [mem 0x0000000020000000-0x00000000201fffff] reserved
[    0.000000] BIOS-e820: [mem 0x0000000020200000-0x000000003fffffff] usable
[    0.000000] BIOS-e820: [mem 0x0000000040000000-0x00000000401fffff] reserved
[    0.000000] BIOS-e820: [mem 0x0000000040200000-0x00000000b677dfff] usable
[    0.000000] BIOS-e820: [mem 0x00000000b677e000-0x00000000b67d4fff] ACPI NVS
[    0.000000] BIOS-e820: [mem 0x00000000b67d5000-0x00000000b6b5bfff] reserved
[    0.000000] BIOS-e820: [mem 0x00000000b6b5c000-0x00000000b6b5efff] ACPI NVS
[    0.000000] BIOS-e820: [mem 0x00000000b6b5f000-0x00000000b6da4fff] reserved
[    0.000000] BIOS-e820: [mem 0x00000000b6da5000-0x00000000b6db5fff] ACPI NVS
[    0.000000] BIOS-e820: [mem 0x00000000b6db6000-0x00000000b6dccfff] reserved
[    0.000000] BIOS-e820: [mem 0x00000000b6dcd000-0x00000000b6dcefff] usable
[    0.000000] BIOS-e820: [mem 0x00000000b6dcf000-0x00000000b6dd6fff] reserved
[    0.000000] BIOS-e820: [mem 0x00000000b6dd7000-0x00000000b6de1fff] ACPI NVS
[    0.000000] BIOS-e820: [mem 0x00000000b6de2000-0x00000000b6e3dfff] reserved
[    0.000000] BIOS-e820: [mem 0x00000000b6e3e000-0x00000000b6e80fff] ACPI NVS
[    0.000000] BIOS-e820: [mem 0x00000000b6e81000-0x00000000b6ffffff] usable
[    0.000000] BIOS-e820: [mem 0x00000000b7800000-0x00000000bf9fffff] reserved
[    0.000000] BIOS-e820: [mem 0x00000000fed1c000-0x00000000fed1ffff] reserved
[    0.000000] BIOS-e820: [mem 0x00000000ff000000-0x00000000ffffffff] reserved
[    0.000000] BIOS-e820: [mem 0x0000000100000000-0x000000023fdfffff] usable
[    0.000000] NX (Execute Disable) protection: active
[    0.000000] DMI 2.6 present.
[    0.000000] DMI: System manufacturer System Product Name/P8Z68-V PRO, BIOS 0501 05/09/2011
[    0.000000] e820: update [mem 0x00000000-0x0000ffff] usable ==> reserved
[    0.000000] e820: remove [mem 0x000a0000-0x000fffff] usable
[    0.000000] No AGP bridge found
[    0.000000] e820: last_pfn = 0x23fe00 max_arch_pfn = 0x400000000
[    0.000000] MTRR default type: uncachable
[    0.000000] MTRR fixed ranges enabled:
[    0.000000]   00000-9FFFF write-back
[    0.000000]   A0000-BFFFF uncachable
[    0.000000]   C0000-D3FFF write-protect
[    0.000000]   D4000-E7FFF uncachable
[    0.000000]   E8000-FFFFF write-protect
[    0.000000] MTRR variable ranges enabled:
[    0.000000]   0 base 000000000 mask E00000000 write-back
[    0.000000]   1 base 200000000 mask FC0000000 write-back
[    0.000000]   2 base 0B7800000 mask FFF800000 uncachable
[    0.000000]   3 base 0B8000000 mask FF8000000 uncachable
[    0.000000]   4 base 0C0000000 mask FC0000000 uncachable
[    0.000000]   5 base 23FE00000 mask FFFE00000 uncachable
[    0.000000]   6 disabled
[    0.000000]   7 disabled
[    0.000000]   8 disabled
[    0.000000]   9 disabled
[    0.000000] x86 PAT enabled: cpu 0, old 0x7040600070406, new 0x7010600070106
[    0.000000] e820: update [mem 0xb7800000-0xffffffff] usable ==> reserved
[    0.000000] e820: last_pfn = 0xb7000 max_arch_pfn = 0x400000000
[    0.000000] found SMP MP-table at [mem 0x000fcee0-0x000fceef] mapped at [ffff8800000fcee0]
[    0.000000] initial memory mapped: [mem 0x00000000-0x1fffffff]
[    0.000000] Base memory trampoline at [ffff880000095000] 95000 size 24576
[    0.000000] init_memory_mapping: [mem 0x00000000-0xb6ffffff]
[    0.000000]  [mem 0x00000000-0xb6ffffff] page 2M
[    0.000000] kernel direct mapping tables up to 0xb6ffffff @ [mem 0x1fa44000-0x1fffffff]
[    0.000000] init_memory_mapping: [mem 0x100000000-0x23fdfffff]
[    0.000000]  [mem 0x100000000-0x23fdfffff] page 2M
[    0.000000] kernel direct mapping tables up to 0x23fdfffff @ [mem 0xb6ff6000-0xb6ffffff]
[    0.000000] ACPI: RSDP 00000000000f0420 00024 (v02 ALASKA)
[    0.000000] ACPI: XSDT 00000000b67ca068 0004C (v01 ALASKA    A M I 01072009 AMI  00010013)
[    0.000000] ACPI: FACP 00000000b67d42d8 000F4 (v04 ALASKA    A M I 01072009 AMI  00010013)
[    0.000000] ACPI: DSDT 00000000b67ca140 0A198 (v02 ALASKA    A M I 00000000 INTL 20051117)
[    0.000000] ACPI: FACS 00000000b6dd9f80 00040
[    0.000000] ACPI: APIC 00000000b67d43d0 00072 (v03 ALASKA    A M I 01072009 AMI  00010013)
[    0.000000] ACPI: SSDT 00000000b67d4448 00102 (v01 AMICPU     PROC 00000001 MSFT 03000001)
[    0.000000] ACPI: MCFG 00000000b67d4550 0003C (v01 ALASKA    A M I 01072009 MSFT 00000097)
[    0.000000] ACPI: HPET 00000000b67d4590 00038 (v01 ALASKA    A M I 01072009 AMI. 00000004)
[    0.000000] ACPI: Local APIC address 0xfee00000
[    0.000000] No NUMA configuration found
[    0.000000] Faking a node at [mem 0x0000000000000000-0x000000023fdfffff]
[    0.000000] Initmem setup node 0 [mem 0x00000000-0x23fdfffff]
[    0.000000]   NODE_DATA [mem 0x23fdfc000-0x23fdfffff]
[    0.000000]  [ffffea0000000000-ffffea0008ffffff] PMD -> [ffff880237600000-ffff88023f3fffff] on node 0
[    0.000000] Zone ranges:
[    0.000000]   DMA      [mem 0x00010000-0x00ffffff]
[    0.000000]   DMA32    [mem 0x01000000-0xffffffff]
[    0.000000]   Normal   [mem 0x100000000-0x23fdfffff]
[    0.000000] Movable zone start for each node
[    0.000000] Early memory node ranges
[    0.000000]   node   0: [mem 0x00010000-0x0009afff]
[    0.000000]   node   0: [mem 0x00100000-0x1fffffff]
[    0.000000]   node   0: [mem 0x20200000-0x3fffffff]
[    0.000000]   node   0: [mem 0x40200000-0xb677dfff]
[    0.000000]   node   0: [mem 0xb6dcd000-0xb6dcefff]
[    0.000000]   node   0: [mem 0xb6e81000-0xb6ffffff]
[    0.000000]   node   0: [mem 0x100000000-0x23fdfffff]
[    0.000000] On node 0 totalpages: 2056842
[    0.000000]   DMA zone: 64 pages used for memmap
[    0.000000]   DMA zone: 6 pages reserved
[    0.000000]   DMA zone: 3909 pages, LIFO batch:0
[    0.000000]   DMA32 zone: 16320 pages used for memmap
[    0.000000]   DMA32 zone: 726335 pages, LIFO batch:31
[    0.000000]   Normal zone: 20472 pages used for memmap
[    0.000000]   Normal zone: 1289736 pages, LIFO batch:31
[    0.000000] ACPI: PM-Timer IO Port: 0x408
[    0.000000] ACPI: Local APIC address 0xfee00000
[    0.000000] ACPI: LAPIC (acpi_id[0x01] lapic_id[0x00] enabled)
[    0.000000] ACPI: LAPIC (acpi_id[0x02] lapic_id[0x02] enabled)
[    0.000000] ACPI: LAPIC (acpi_id[0x03] lapic_id[0x04] enabled)
[    0.000000] ACPI: LAPIC (acpi_id[0x04] lapic_id[0x06] enabled)
[    0.000000] ACPI: LAPIC_NMI (acpi_id[0xff] high edge lint[0x1])
[    0.000000] ACPI: IOAPIC (id[0x00] address[0xfec00000] gsi_base[0])
[    0.000000] IOAPIC[0]: apic_id 0, version 32, address 0xfec00000, GSI 0-23
[    0.000000] ACPI: INT_SRC_OVR (bus 0 bus_irq 0 global_irq 2 dfl dfl)
[    0.000000] ACPI: INT_SRC_OVR (bus 0 bus_irq 9 global_irq 9 high level)
[    0.000000] ACPI: IRQ0 used by override.
[    0.000000] ACPI: IRQ2 used by override.
[    0.000000] ACPI: IRQ9 used by override.
[    0.000000] Using ACPI (MADT) for SMP configuration information
[    0.000000] ACPI: HPET id: 0x8086a701 base: 0xfed00000
[    0.000000] SMP: Allowing 4 CPUs, 0 hotplug CPUs
[    0.000000] nr_irqs_gsi: 40
[    0.000000] e820: [mem 0xbfa00000-0xfed1bfff] available for PCI devices
[    0.000000] setup_percpu: NR_CPUS:64 nr_cpumask_bits:64 nr_cpu_ids:4 nr_node_ids:1
[    0.000000] PERCPU: Embedded 26 pages/cpu @ffff88023fa00000 s77312 r8192 d20992 u524288
[    0.000000] pcpu-alloc: s77312 r8192 d20992 u524288 alloc=1*2097152
[    0.000000] pcpu-alloc: [0] 0 1 2 3 
[    0.000000] Built 1 zonelists in Zone order, mobility grouping on.  Total pages: 2019980
[    0.000000] Policy zone: Normal
[    0.000000] Kernel command line: BOOT_IMAGE=/kernel-3.5.7 root=/dev/sdg3 ro
[    0.000000] PID hash table entries: 4096 (order: 3, 32768 bytes)
[    0.000000] __ex_table already sorted, skipping sort
[    0.000000] xsave/xrstor: enabled xstate_bv 0x7, cntxt size 0x340
[    0.000000] Checking aperture...
[    0.000000] No AGP bridge found
[    0.000000] Memory: 8017200k/9435136k available (6273k kernel code, 1207768k absent, 210168k reserved, 6660k data, 560k init)
[    0.000000] SLUB: Genslabs=15, HWalign=64, Order=0-3, MinObjects=0, CPUs=4, Nodes=1
[    0.000000] Hierarchical RCU implementation.
[    0.000000] NR_IRQS:4352 nr_irqs:712 16
[    0.000000] Extended CMOS year: 2000
[    0.000000] Console: colour VGA+ 80x25
[    0.000000] console [tty0] enabled
[    0.000000] hpet clockevent registered
[    0.000000] Fast TSC calibration using PIT
[    0.001000] Detected 3300.010 MHz processor.
[    0.000001] Calibrating delay loop (skipped), value calculated using timer frequency.. 6600.02 BogoMIPS (lpj=3300010)
[    0.000138] pid_max: default: 32768 minimum: 301
[    0.000217] Security Framework initialized
[    0.000591] Dentry cache hash table entries: 1048576 (order: 11, 8388608 bytes)
[    0.001881] Inode-cache hash table entries: 524288 (order: 10, 4194304 bytes)
[    0.002450] Mount-cache hash table entries: 256
[    0.002626] CPU: Physical Processor ID: 0
[    0.002703] CPU: Processor Core ID: 0
[    0.002771] ENERGY_PERF_BIAS: Set to 'normal', was 'performance'
               ENERGY_PERF_BIAS: View and update with x86_energy_perf_policy(8)
[    0.002875] mce: CPU supports 9 MCE banks
[    0.002950] CPU0: Thermal monitoring enabled (TM1)
[    0.003022] using mwait in idle threads.
[    0.003148] ACPI: Core revision 20120320
[    0.107935] ..TIMER: vector=0x30 apic1=0 pin1=2 apic2=-1 pin2=-1
[    0.117996] CPU0: Intel(R) Core(TM) i5-2500K CPU @ 3.30GHz stepping 07
[    0.219452] Performance Events: PEBS fmt1+, 16-deep LBR, SandyBridge events, Intel PMU driver.
[    0.219700] PEBS disabled due to CPU errata.
[    0.219767] ... version:                3
[    0.219834] ... bit width:              48
[    0.219901] ... generic registers:      8
[    0.219968] ... value mask:             0000ffffffffffff
[    0.220036] ... max period:             000000007fffffff
[    0.220104] ... fixed-purpose events:   3
[    0.220170] ... event mask:             00000007000000ff
[    0.220324] Booting Node   0, Processors  #1 #2 #3 Ok.
[    0.260189] Brought up 4 CPUs
[    0.260258] Total of 4 processors activated (26400.08 BogoMIPS).
[    0.262406] devtmpfs: initialized
[    0.262589] NET: Registered protocol family 16
[    0.262706] kworker/u:0 (19) used greatest stack depth: 6640 bytes left
[    0.262779] kworker/u:0 (20) used greatest stack depth: 5712 bytes left
[    0.262975] ACPI: bus type pci registered
[    0.263085] PCI: MMCONFIG for domain 0000 [bus 00-3f] at [mem 0xe0000000-0xe3ffffff] (base 0xe0000000)
[    0.263184] PCI: not using MMCONFIG
[    0.263250] PCI: Using configuration type 1 for base access
[    0.266255] bio: create slab <bio-0> at 0
[    0.266375] ACPI: Added _OSI(Module Device)
[    0.266443] ACPI: Added _OSI(Processor Device)
[    0.266511] ACPI: Added _OSI(3.0 _SCP Extensions)
[    0.266580] ACPI: Added _OSI(Processor Aggregator Device)
[    0.267375] ACPI: EC: Look up EC in DSDT
[    0.268069] ACPI: Executed 1 blocks of module-level executable AML code
[    0.269813] ACPI: SSDT 00000000b6dd8918 003E0 (v01    AMI      IST 00000001 MSFT 03000001)
[    0.270198] ACPI: Dynamic OEM Table Load:
[    0.270339] ACPI: SSDT           (null) 003E0 (v01    AMI      IST 00000001 MSFT 03000001)
[    0.270523] ACPI: SSDT 00000000b6dd7d98 000E4 (v01    AMI      CST 00000001 MSFT 03000001)
[    0.270878] ACPI: Dynamic OEM Table Load:
[    0.271019] ACPI: SSDT           (null) 000E4 (v01    AMI      CST 00000001 MSFT 03000001)
[    0.271465] ACPI: Interpreter enabled
[    0.271532] ACPI: (supports S0 S5)
[    0.271676] ACPI: Using IOAPIC for interrupt routing
[    0.271757] PCI: MMCONFIG for domain 0000 [bus 00-3f] at [mem 0xe0000000-0xe3ffffff] (base 0xe0000000)
[    0.271888] PCI: MMCONFIG at [mem 0xe0000000-0xe3ffffff] reserved in ACPI motherboard resources
[    0.277729] [Firmware Bug]: ACPI: BIOS _OSI(Linux) query ignored
[    0.281501] ACPI: EC: GPE = 0x18, I/O: command/status = 0x66, data = 0x62
[    0.281683] ACPI: No dock devices found.
[    0.281751] PCI: Using host bridge windows from ACPI; if necessary, use "pci=nocrs" and report a bug
[    0.281956] ACPI: PCI Root Bridge [PCI0] (domain 0000 [bus 00-ff])
[    0.282130] pci_root PNP0A08:00: host bridge window [io  0x0000-0x0cf7]
[    0.282202] pci_root PNP0A08:00: host bridge window [io  0x0d00-0xffff]
[    0.282273] pci_root PNP0A08:00: host bridge window [mem 0x000a0000-0x000bffff]
[    0.282368] pci_root PNP0A08:00: host bridge window [mem 0x000c8000-0x000dffff]
[    0.282463] pci_root PNP0A08:00: host bridge window [mem 0xbfa00000-0xffffffff]
[    0.282562] pci_root PNP0A08:00: ignoring host bridge window [mem 0x000c8000-0x000dffff] (conflicts with Video ROM [mem 0x000c0000-0x000cdbff])
[    0.282684] PCI host bridge to bus 0000:00
[    0.282751] pci_bus 0000:00: root bus resource [io  0x0000-0x0cf7]
[    0.282821] pci_bus 0000:00: root bus resource [io  0x0d00-0xffff]
[    0.282891] pci_bus 0000:00: root bus resource [mem 0x000a0000-0x000bffff]
[    0.282962] pci_bus 0000:00: root bus resource [mem 0xbfa00000-0xffffffff]
[    0.283038] pci 0000:00:00.0: [8086:0100] type 00 class 0x060000
[    0.283064] pci 0000:00:01.0: [8086:0101] type 01 class 0x060400
[    0.283086] pci 0000:00:01.0: PME# supported from D0 D3hot D3cold
[    0.283102] pci 0000:00:02.0: [8086:0112] type 00 class 0x030000
[    0.283109] pci 0000:00:02.0: reg 10: [mem 0xfa400000-0xfa7fffff 64bit]
[    0.283114] pci 0000:00:02.0: reg 18: [mem 0xc0000000-0xcfffffff 64bit pref]
[    0.283117] pci 0000:00:02.0: reg 20: [io  0xf000-0xf03f]
[    0.283159] pci 0000:00:16.0: [8086:1c3a] type 00 class 0x078000
[    0.283180] pci 0000:00:16.0: reg 10: [mem 0xfad29000-0xfad2900f 64bit]
[    0.283249] pci 0000:00:16.0: PME# supported from D0 D3hot D3cold
[    0.283276] pci 0000:00:19.0: [8086:1503] type 00 class 0x020000
[    0.283293] pci 0000:00:19.0: reg 10: [mem 0xfad00000-0xfad1ffff]
[    0.283301] pci 0000:00:19.0: reg 14: [mem 0xfad28000-0xfad28fff]
[    0.283308] pci 0000:00:19.0: reg 18: [io  0xf080-0xf09f]
[    0.283367] pci 0000:00:19.0: PME# supported from D0 D3hot D3cold
[    0.283389] pci 0000:00:1a.0: [8086:1c2d] type 00 class 0x0c0320
[    0.283409] pci 0000:00:1a.0: reg 10: [mem 0xfad27000-0xfad273ff]
[    0.283493] pci 0000:00:1a.0: PME# supported from D0 D3hot D3cold
[    0.283516] pci 0000:00:1b.0: [8086:1c20] type 00 class 0x040300
[    0.283530] pci 0000:00:1b.0: reg 10: [mem 0xfad20000-0xfad23fff 64bit]
[    0.283593] pci 0000:00:1b.0: PME# supported from D0 D3hot D3cold
[    0.283613] pci 0000:00:1c.0: [8086:1c10] type 01 class 0x060400
[    0.283687] pci 0000:00:1c.0: PME# supported from D0 D3hot D3cold
[    0.283709] pci 0000:00:1c.1: [8086:1c12] type 01 class 0x060400
[    0.283782] pci 0000:00:1c.1: PME# supported from D0 D3hot D3cold
[    0.283805] pci 0000:00:1c.2: [8086:1c14] type 01 class 0x060400
[    0.283878] pci 0000:00:1c.2: PME# supported from D0 D3hot D3cold
[    0.283900] pci 0000:00:1c.3: [8086:1c16] type 01 class 0x060400
[    0.283974] pci 0000:00:1c.3: PME# supported from D0 D3hot D3cold
[    0.283996] pci 0000:00:1c.4: [8086:1c18] type 01 class 0x060400
[    0.284070] pci 0000:00:1c.4: PME# supported from D0 D3hot D3cold
[    0.284093] pci 0000:00:1c.6: [8086:244e] type 01 class 0x060401
[    0.284166] pci 0000:00:1c.6: PME# supported from D0 D3hot D3cold
[    0.284188] pci 0000:00:1c.7: [8086:1c1e] type 01 class 0x060400
[    0.284262] pci 0000:00:1c.7: PME# supported from D0 D3hot D3cold
[    0.284288] pci 0000:00:1d.0: [8086:1c26] type 00 class 0x0c0320
[    0.284307] pci 0000:00:1d.0: reg 10: [mem 0xfad26000-0xfad263ff]
[    0.284391] pci 0000:00:1d.0: PME# supported from D0 D3hot D3cold
[    0.284414] pci 0000:00:1f.0: [8086:1c44] type 00 class 0x060100
[    0.284530] pci 0000:00:1f.2: [8086:1c02] type 00 class 0x010601
[    0.284546] pci 0000:00:1f.2: reg 10: [io  0xf0d0-0xf0d7]
[    0.284554] pci 0000:00:1f.2: reg 14: [io  0xf0c0-0xf0c3]
[    0.284561] pci 0000:00:1f.2: reg 18: [io  0xf0b0-0xf0b7]
[    0.284568] pci 0000:00:1f.2: reg 1c: [io  0xf0a0-0xf0a3]
[    0.284575] pci 0000:00:1f.2: reg 20: [io  0xf060-0xf07f]
[    0.284582] pci 0000:00:1f.2: reg 24: [mem 0xfad25000-0xfad257ff]
[    0.284622] pci 0000:00:1f.2: PME# supported from D3hot
[    0.284637] pci 0000:00:1f.3: [8086:1c22] type 00 class 0x0c0500
[    0.284651] pci 0000:00:1f.3: reg 10: [mem 0xfad24000-0xfad240ff 64bit]
[    0.284670] pci 0000:00:1f.3: reg 20: [io  0xf040-0xf05f]
[    0.284718] pci 0000:01:00.0: [10de:1245] type 00 class 0x030000
[    0.284726] pci 0000:01:00.0: reg 10: [mem 0xf8000000-0xf9ffffff]
[    0.284734] pci 0000:01:00.0: reg 14: [mem 0xd0000000-0xd7ffffff 64bit pref]
[    0.284743] pci 0000:01:00.0: reg 1c: [mem 0xd8000000-0xdbffffff 64bit pref]
[    0.284749] pci 0000:01:00.0: reg 24: [io  0xe000-0xe07f]
[    0.284754] pci 0000:01:00.0: reg 30: [mem 0xfa000000-0xfa07ffff pref]
[    0.284802] pci 0000:01:00.1: [10de:0bee] type 00 class 0x040300
[    0.284810] pci 0000:01:00.1: reg 10: [mem 0xfa080000-0xfa083fff]
[    0.286554] pci 0000:00:01.0: PCI bridge to [bus 01-01]
[    0.286624] pci 0000:00:01.0:   bridge window [io  0xe000-0xefff]
[    0.286626] pci 0000:00:01.0:   bridge window [mem 0xf8000000-0xfa0fffff]
[    0.286628] pci 0000:00:01.0:   bridge window [mem 0xd0000000-0xdbffffff 64bit pref]
[    0.286668] pci 0000:00:1c.0: PCI bridge to [bus 02-02]
[    0.286809] pci 0000:03:00.0: [1b21:1042] type 00 class 0x0c0330
[    0.286837] pci 0000:03:00.0: reg 10: [mem 0xfac00000-0xfac07fff 64bit]
[    0.286980] pci 0000:03:00.0: PME# supported from D3hot D3cold
[    0.288555] pci 0000:00:1c.1: PCI bridge to [bus 03-03]
[    0.288628] pci 0000:00:1c.1:   bridge window [mem 0xfac00000-0xfacfffff]
[    0.288673] pci 0000:00:1c.2: PCI bridge to [bus 04-04]
[    0.288808] pci 0000:05:00.0: [197b:2362] type 00 class 0x010185
[    0.288841] pci 0000:05:00.0: reg 10: [io  0xd040-0xd047]
[    0.288857] pci 0000:05:00.0: reg 14: [io  0xd030-0xd033]
[    0.288872] pci 0000:05:00.0: reg 18: [io  0xd020-0xd027]
[    0.288888] pci 0000:05:00.0: reg 1c: [io  0xd010-0xd013]
[    0.288903] pci 0000:05:00.0: reg 20: [io  0xd000-0xd00f]
[    0.288919] pci 0000:05:00.0: reg 24: [mem 0xfab10000-0xfab101ff]
[    0.288935] pci 0000:05:00.0: reg 30: [mem 0x00000000-0x0000ffff pref]
[    0.288995] pci 0000:05:00.0: PME# supported from D3hot
[    0.290553] pci 0000:00:1c.3: PCI bridge to [bus 05-05]
[    0.291082] pci 0000:00:1c.3:   bridge window [io  0xd000-0xdfff]
[    0.291085] pci 0000:00:1c.3:   bridge window [mem 0xfab00000-0xfabfffff]
[    0.291157] pci 0000:06:00.0: [1b21:1042] type 00 class 0x0c0330
[    0.291184] pci 0000:06:00.0: reg 10: [mem 0xfaa00000-0xfaa07fff 64bit]
[    0.291328] pci 0000:06:00.0: PME# supported from D3hot D3cold
[    0.292550] pci 0000:00:1c.4: PCI bridge to [bus 06-06]
[    0.292622] pci 0000:00:1c.4:   bridge window [mem 0xfaa00000-0xfaafffff]
[    0.292681] pci 0000:07:00.0: [1b21:1080] type 01 class 0x060401
[    0.292797] pci 0000:00:1c.6: PCI bridge to [bus 07-08] (subtractive decode)
[    0.292870] pci 0000:00:1c.6:   bridge window [io  0xc000-0xcfff]
[    0.292874] pci 0000:00:1c.6:   bridge window [mem 0xfa900000-0xfa9fffff]
[    0.292879] pci 0000:00:1c.6:   bridge window [io  0x0000-0x0cf7] (subtractive decode)
[    0.292881] pci 0000:00:1c.6:   bridge window [io  0x0d00-0xffff] (subtractive decode)
[    0.292882] pci 0000:00:1c.6:   bridge window [mem 0x000a0000-0x000bffff] (subtractive decode)
[    0.292883] pci 0000:00:1c.6:   bridge window [mem 0xbfa00000-0xffffffff] (subtractive decode)
[    0.292943] pci 0000:08:02.0: [1106:3044] type 00 class 0x0c0010
[    0.292974] pci 0000:08:02.0: reg 10: [mem 0xfa900000-0xfa9007ff]
[    0.292991] pci 0000:08:02.0: reg 14: [io  0xc000-0xc07f]
[    0.293120] pci 0000:08:02.0: supports D2
[    0.293121] pci 0000:08:02.0: PME# supported from D2 D3hot D3cold
[    0.293201] pci 0000:07:00.0: PCI bridge to [bus 08-08] (subtractive decode)
[    0.293280] pci 0000:07:00.0:   bridge window [io  0xc000-0xcfff]
[    0.293285] pci 0000:07:00.0:   bridge window [mem 0xfa900000-0xfa9fffff]
[    0.293294] pci 0000:07:00.0:   bridge window [io  0xc000-0xcfff] (subtractive decode)
[    0.293296] pci 0000:07:00.0:   bridge window [mem 0xfa900000-0xfa9fffff] (subtractive decode)
[    0.293297] pci 0000:07:00.0:   bridge window [??? 0x00000000 flags 0x0] (subtractive decode)
[    0.293298] pci 0000:07:00.0:   bridge window [??? 0x00000000 flags 0x0] (subtractive decode)
[    0.293299] pci 0000:07:00.0:   bridge window [io  0x0000-0x0cf7] (subtractive decode)
[    0.293300] pci 0000:07:00.0:   bridge window [io  0x0d00-0xffff] (subtractive decode)
[    0.293301] pci 0000:07:00.0:   bridge window [mem 0x000a0000-0x000bffff] (subtractive decode)
[    0.293303] pci 0000:07:00.0:   bridge window [mem 0xbfa00000-0xffffffff] (subtractive decode)
[    0.293372] pci 0000:09:00.0: [1b4b:9172] type 00 class 0x010601
[    0.293389] pci 0000:09:00.0: reg 10: [io  0xb040-0xb047]
[    0.293401] pci 0000:09:00.0: reg 14: [io  0xb030-0xb033]
[    0.293413] pci 0000:09:00.0: reg 18: [io  0xb020-0xb027]
[    0.293425] pci 0000:09:00.0: reg 1c: [io  0xb010-0xb013]
[    0.293438] pci 0000:09:00.0: reg 20: [io  0xb000-0xb00f]
[    0.293450] pci 0000:09:00.0: reg 24: [mem 0xfa810000-0xfa8101ff]
[    0.293462] pci 0000:09:00.0: reg 30: [mem 0xfa800000-0xfa80ffff pref]
[    0.293520] pci 0000:09:00.0: PME# supported from D3hot
[    0.295545] pci 0000:00:1c.7: PCI bridge to [bus 09-09]
[    0.295616] pci 0000:00:1c.7:   bridge window [io  0xb000-0xbfff]
[    0.295620] pci 0000:00:1c.7:   bridge window [mem 0xfa800000-0xfa8fffff]
[    0.295656] ACPI: PCI Interrupt Routing Table [\_SB_.PCI0._PRT]
[    0.295706] ACPI: PCI Interrupt Routing Table [\_SB_.PCI0.P0P1._PRT]
[    0.295722] ACPI: PCI Interrupt Routing Table [\_SB_.PCI0.PEX0._PRT]
[    0.295735] ACPI: PCI Interrupt Routing Table [\_SB_.PCI0.PEX1._PRT]
[    0.295749] ACPI: PCI Interrupt Routing Table [\_SB_.PCI0.PEX2._PRT]
[    0.295762] ACPI: PCI Interrupt Routing Table [\_SB_.PCI0.PEX3._PRT]
[    0.295784] ACPI: PCI Interrupt Routing Table [\_SB_.PCI0.PEX4._PRT]
[    0.295799] ACPI: PCI Interrupt Routing Table [\_SB_.PCI0.PEX6._PRT]
[    0.295813] ACPI: PCI Interrupt Routing Table [\_SB_.PCI0.PEX6.BR24._PRT]
[    0.295839] ACPI: PCI Interrupt Routing Table [\_SB_.PCI0.PEX7._PRT]
[    0.295906]  pci0000:00: Requesting ACPI _OSC control (0x1d)
[    0.296091]  pci0000:00: ACPI _OSC control (0x1c) granted
[    0.298885] ACPI: PCI Interrupt Link [LNKA] (IRQs 3 4 5 6 7 10 *11 12 14 15)
[    0.299425] ACPI: PCI Interrupt Link [LNKB] (IRQs 3 4 5 6 7 *10 11 12 14 15)
[    0.299965] ACPI: PCI Interrupt Link [LNKC] (IRQs *3 4 5 6 10 11 12 14 15)
[    0.300465] ACPI: PCI Interrupt Link [LNKD] (IRQs 3 4 5 6 10 *11 12 14 15)
[    0.300968] ACPI: PCI Interrupt Link [LNKE] (IRQs 3 4 6 7 *10 11 12 14 15)
[    0.301468] ACPI: PCI Interrupt Link [LNKF] (IRQs 3 4 *5 6 7 10 11 12 14 15)
[    0.302008] ACPI: PCI Interrupt Link [LNKG] (IRQs 3 *4 5 6 7 10 11 12 14 15)
[    0.302549] ACPI: PCI Interrupt Link [LNKH] (IRQs 3 4 5 6 *7 10 11 12 14 15)
[    0.303134] vgaarb: device added: PCI:0000:00:02.0,decodes=io+mem,owns=io+mem,locks=none
[    0.303234] vgaarb: device added: PCI:0000:01:00.0,decodes=io+mem,owns=none,locks=none
[    0.303331] vgaarb: loaded
[    0.303395] vgaarb: bridge control possible 0000:01:00.0
[    0.303464] vgaarb: no bridge control possible 0000:00:02.0
[    0.303594] SCSI subsystem initialized
[    0.303703] libata version 3.00 loaded.
[    0.303717] ACPI: bus type usb registered
[    0.303813] usbcore: registered new interface driver usbfs
[    0.303894] usbcore: registered new interface driver hub
[    0.303979] usbcore: registered new device driver usb
[    0.304124] PCI: Using ACPI for IRQ routing
[    0.305510] PCI: pci_cache_line_size set to 64 bytes
[    0.305592] e820: reserve RAM buffer [mem 0x0009b400-0x0009ffff]
[    0.305593] e820: reserve RAM buffer [mem 0xb677e000-0xb7ffffff]
[    0.305595] e820: reserve RAM buffer [mem 0xb6dcf000-0xb7ffffff]
[    0.305596] e820: reserve RAM buffer [mem 0xb7000000-0xb7ffffff]
[    0.305597] e820: reserve RAM buffer [mem 0x23fe00000-0x23fffffff]
[    0.305681] NetLabel: Initializing
[    0.305747] NetLabel:  domain hash size = 128
[    0.305814] NetLabel:  protocols = UNLABELED CIPSOv4
[    0.305887] NetLabel:  unlabeled traffic allowed by default
[    0.305970] hpet0: at MMIO 0xfed00000, IRQs 2, 8, 0, 0, 0, 0, 0, 0
[    0.306372] hpet0: 8 comparators, 64-bit 14.318180 MHz counter
[    0.309454] Switching to clocksource hpet
[    0.310828] pnp: PnP ACPI init
[    0.310897] ACPI: bus type pnp registered
[    0.311036] pnp 00:00: [bus 00-ff]
[    0.311037] pnp 00:00: [io  0x0cf8-0x0cff]
[    0.311038] pnp 00:00: [io  0x0000-0x0cf7 window]
[    0.311040] pnp 00:00: [io  0x0d00-0xffff window]
[    0.311041] pnp 00:00: [mem 0x000a0000-0x000bffff window]
[    0.311042] pnp 00:00: [mem 0x000c8000-0x000dffff window]
[    0.311043] pnp 00:00: [mem 0xbfa00000-0xffffffff window]
[    0.311044] pnp 00:00: [mem 0x00000000 window]
[    0.311088] pnp 00:00: Plug and Play ACPI device, IDs PNP0a08 PNP0a03 (active)
[    0.311120] pnp 00:01: [mem 0xfed10000-0xfed19fff]
[    0.311121] pnp 00:01: [mem 0xe0000000-0xe3ffffff]
[    0.311122] pnp 00:01: [mem 0xfed90000-0xfed93fff]
[    0.311123] pnp 00:01: [mem 0xfed20000-0xfed3ffff]
[    0.311124] pnp 00:01: [mem 0xfee00000-0xfee0ffff]
[    0.311162] system 00:01: [mem 0xfed10000-0xfed19fff] has been reserved
[    0.311233] system 00:01: [mem 0xe0000000-0xe3ffffff] has been reserved
[    0.311305] system 00:01: [mem 0xfed90000-0xfed93fff] has been reserved
[    0.311377] system 00:01: [mem 0xfed20000-0xfed3ffff] has been reserved
[    0.311447] system 00:01: [mem 0xfee00000-0xfee0ffff] has been reserved
[    0.311518] system 00:01: Plug and Play ACPI device, IDs PNP0c01 (active)
[    0.311561] pnp 00:02: [io  0x0000-0xffffffffffffffff disabled]
[    0.311562] pnp 00:02: [io  0x0000-0xffffffffffffffff disabled]
[    0.311563] pnp 00:02: [io  0x0290-0x029f]
[    0.311564] pnp 00:02: [io  0x0000-0xffffffffffffffff disabled]
[    0.311599] system 00:02: [io  0x0290-0x029f] has been reserved
[    0.311669] system 00:02: Plug and Play ACPI device, IDs PNP0c02 (active)
[    0.311676] pnp 00:03: [dma 4]
[    0.311677] pnp 00:03: [io  0x0000-0x000f]
[    0.311678] pnp 00:03: [io  0x0081-0x0083]
[    0.311680] pnp 00:03: [io  0x0087]
[    0.311681] pnp 00:03: [io  0x0089-0x008b]
[    0.311682] pnp 00:03: [io  0x008f]
[    0.311683] pnp 00:03: [io  0x00c0-0x00df]
[    0.311709] pnp 00:03: Plug and Play ACPI device, IDs PNP0200 (active)
[    0.311714] pnp 00:04: [io  0x0070-0x0071]
[    0.311721] pnp 00:04: [irq 8]
[    0.311748] pnp 00:04: Plug and Play ACPI device, IDs PNP0b00 (active)
[    0.311752] pnp 00:05: [io  0x0061]
[    0.311777] pnp 00:05: Plug and Play ACPI device, IDs PNP0800 (active)
[    0.311786] pnp 00:06: [io  0x0010-0x001f]
[    0.311787] pnp 00:06: [io  0x0022-0x003f]
[    0.311788] pnp 00:06: [io  0x0044-0x005f]
[    0.311789] pnp 00:06: [io  0x0063]
[    0.311790] pnp 00:06: [io  0x0065]
[    0.311790] pnp 00:06: [io  0x0067-0x006f]
[    0.311791] pnp 00:06: [io  0x0072-0x007f]
[    0.311792] pnp 00:06: [io  0x0080]
[    0.311793] pnp 00:06: [io  0x0084-0x0086]
[    0.311794] pnp 00:06: [io  0x0088]
[    0.311795] pnp 00:06: [io  0x008c-0x008e]
[    0.311796] pnp 00:06: [io  0x0090-0x009f]
[    0.311797] pnp 00:06: [io  0x00a2-0x00bf]
[    0.311798] pnp 00:06: [io  0x00e0-0x00ef]
[    0.311799] pnp 00:06: [io  0x04d0-0x04d1]
[    0.311839] system 00:06: [io  0x04d0-0x04d1] has been reserved
[    0.311909] system 00:06: Plug and Play ACPI device, IDs PNP0c02 (active)
[    0.311913] pnp 00:07: [io  0x00f0-0x00ff]
[    0.311918] pnp 00:07: [irq 13]
[    0.311944] pnp 00:07: Plug and Play ACPI device, IDs PNP0c04 (active)
[    0.312100] pnp 00:08: [io  0x0400-0x0453]
[    0.312101] pnp 00:08: [io  0x0458-0x047f]
[    0.312102] pnp 00:08: [io  0x0000-0xffffffffffffffff disabled]
[    0.312103] pnp 00:08: [io  0x0500-0x057f]
[    0.312104] pnp 00:08: [mem 0xfed1c000-0xfed1ffff]
[    0.312105] pnp 00:08: [mem 0xfec00000-0xfecfffff]
[    0.312106] pnp 00:08: [mem 0xfed08000-0xfed08fff]
[    0.312107] pnp 00:08: [mem 0xff000000-0xffffffff]
[    0.312146] system 00:08: [io  0x0400-0x0453] has been reserved
[    0.312216] system 00:08: [io  0x0458-0x047f] has been reserved
[    0.312285] system 00:08: [io  0x0500-0x057f] has been reserved
[    0.312355] system 00:08: [mem 0xfed1c000-0xfed1ffff] has been reserved
[    0.312426] system 00:08: [mem 0xfec00000-0xfecfffff] could not be reserved
[    0.312498] system 00:08: [mem 0xfed08000-0xfed08fff] has been reserved
[    0.312579] system 00:08: [mem 0xff000000-0xffffffff] has been reserved
[    0.312650] system 00:08: Plug and Play ACPI device, IDs PNP0c01 (active)
[    0.312671] pnp 00:09: [io  0x0454-0x0457]
[    0.312707] system 00:09: [io  0x0454-0x0457] has been reserved
[    0.312778] system 00:09: Plug and Play ACPI device, IDs INT3f0d PNP0c02 (active)
[    0.312846] pnp 00:0a: [mem 0xfed00000-0xfed003ff]
[    0.312881] pnp 00:0a: Plug and Play ACPI device, IDs PNP0103 (active)
[    0.312968] pnp: PnP ACPI: found 11 devices
[    0.313035] ACPI: ACPI bus type pnp unregistered
[    0.320197] pci 0000:00:1c.3: BAR 15: assigned [mem 0xbfa00000-0xbfafffff pref]
[    0.320293] pci 0000:00:01.0: PCI bridge to [bus 01-01]
[    0.320363] pci 0000:00:01.0:   bridge window [io  0xe000-0xefff]
[    0.320433] pci 0000:00:01.0:   bridge window [mem 0xf8000000-0xfa0fffff]
[    0.320505] pci 0000:00:01.0:   bridge window [mem 0xd0000000-0xdbffffff 64bit pref]
[    0.320608] pci 0000:00:1c.0: PCI bridge to [bus 02-02]
[    0.320685] pci 0000:00:1c.1: PCI bridge to [bus 03-03]
[    0.320757] pci 0000:00:1c.1:   bridge window [mem 0xfac00000-0xfacfffff]
[    0.320833] pci 0000:00:1c.2: PCI bridge to [bus 04-04]
[    0.320911] pci 0000:05:00.0: BAR 6: assigned [mem 0xbfa00000-0xbfa0ffff pref]
[    0.321006] pci 0000:00:1c.3: PCI bridge to [bus 05-05]
[    0.321075] pci 0000:00:1c.3:   bridge window [io  0xd000-0xdfff]
[    0.321148] pci 0000:00:1c.3:   bridge window [mem 0xfab00000-0xfabfffff]
[    0.321221] pci 0000:00:1c.3:   bridge window [mem 0xbfa00000-0xbfafffff pref]
[    0.321319] pci 0000:00:1c.4: PCI bridge to [bus 06-06]
[    0.321391] pci 0000:00:1c.4:   bridge window [mem 0xfaa00000-0xfaafffff]
[    0.321467] pci 0000:07:00.0: PCI bridge to [bus 08-08]
[    0.321544] pci 0000:07:00.0:   bridge window [io  0xc000-0xcfff]
[    0.321620] pci 0000:07:00.0:   bridge window [mem 0xfa900000-0xfa9fffff]
[    0.321702] pci 0000:00:1c.6: PCI bridge to [bus 07-08]
[    0.321772] pci 0000:00:1c.6:   bridge window [io  0xc000-0xcfff]
[    0.321844] pci 0000:00:1c.6:   bridge window [mem 0xfa900000-0xfa9fffff]
[    0.321921] pci 0000:00:1c.7: PCI bridge to [bus 09-09]
[    0.321991] pci 0000:00:1c.7:   bridge window [io  0xb000-0xbfff]
[    0.322063] pci 0000:00:1c.7:   bridge window [mem 0xfa800000-0xfa8fffff]
[    0.322181] pci 0000:07:00.0: setting latency timer to 64
[    0.322188] pci_bus 0000:00: resource 4 [io  0x0000-0x0cf7]
[    0.322189] pci_bus 0000:00: resource 5 [io  0x0d00-0xffff]
[    0.322190] pci_bus 0000:00: resource 6 [mem 0x000a0000-0x000bffff]
[    0.322191] pci_bus 0000:00: resource 7 [mem 0xbfa00000-0xffffffff]
[    0.322193] pci_bus 0000:01: resource 0 [io  0xe000-0xefff]
[    0.322194] pci_bus 0000:01: resource 1 [mem 0xf8000000-0xfa0fffff]
[    0.322195] pci_bus 0000:01: resource 2 [mem 0xd0000000-0xdbffffff 64bit pref]
[    0.322196] pci_bus 0000:03: resource 1 [mem 0xfac00000-0xfacfffff]
[    0.322197] pci_bus 0000:05: resource 0 [io  0xd000-0xdfff]
[    0.322198] pci_bus 0000:05: resource 1 [mem 0xfab00000-0xfabfffff]
[    0.322199] pci_bus 0000:05: resource 2 [mem 0xbfa00000-0xbfafffff pref]
[    0.322201] pci_bus 0000:06: resource 1 [mem 0xfaa00000-0xfaafffff]
[    0.322202] pci_bus 0000:07: resource 0 [io  0xc000-0xcfff]
[    0.322203] pci_bus 0000:07: resource 1 [mem 0xfa900000-0xfa9fffff]
[    0.322204] pci_bus 0000:07: resource 4 [io  0x0000-0x0cf7]
[    0.322205] pci_bus 0000:07: resource 5 [io  0x0d00-0xffff]
[    0.322206] pci_bus 0000:07: resource 6 [mem 0x000a0000-0x000bffff]
[    0.322207] pci_bus 0000:07: resource 7 [mem 0xbfa00000-0xffffffff]
[    0.322208] pci_bus 0000:08: resource 0 [io  0xc000-0xcfff]
[    0.322209] pci_bus 0000:08: resource 1 [mem 0xfa900000-0xfa9fffff]
[    0.322210] pci_bus 0000:08: resource 4 [io  0xc000-0xcfff]
[    0.322212] pci_bus 0000:08: resource 5 [mem 0xfa900000-0xfa9fffff]
[    0.322213] pci_bus 0000:08: resource 8 [io  0x0000-0x0cf7]
[    0.322214] pci_bus 0000:08: resource 9 [io  0x0d00-0xffff]
[    0.322215] pci_bus 0000:08: resource 10 [mem 0x000a0000-0x000bffff]
[    0.322216] pci_bus 0000:08: resource 11 [mem 0xbfa00000-0xffffffff]
[    0.322217] pci_bus 0000:09: resource 0 [io  0xb000-0xbfff]
[    0.322218] pci_bus 0000:09: resource 1 [mem 0xfa800000-0xfa8fffff]
[    0.322234] NET: Registered protocol family 2
[    0.322405] IP route cache hash table entries: 262144 (order: 9, 2097152 bytes)
[    0.322957] TCP established hash table entries: 524288 (order: 11, 8388608 bytes)
[    0.324078] TCP bind hash table entries: 65536 (order: 8, 1048576 bytes)
[    0.324271] TCP: Hash tables configured (established 524288 bind 65536)
[    0.324342] TCP: reno registered
[    0.324418] UDP hash table entries: 4096 (order: 5, 131072 bytes)
[    0.324510] UDP-Lite hash table entries: 4096 (order: 5, 131072 bytes)
[    0.324644] NET: Registered protocol family 1
[    0.324764] RPC: Registered named UNIX socket transport module.
[    0.324832] RPC: Registered udp transport module.
[    0.324899] RPC: Registered tcp transport module.
[    0.324966] RPC: Registered tcp NFSv4.1 backchannel transport module.
[    0.325049] pci 0000:00:02.0: Boot video device
[    0.571409] PCI: CLS 64 bytes, default 64
[    0.571438] PCI-DMA: Using software bounce buffering for IO (SWIOTLB)
[    0.571511] software IO TLB [mem 0xb277e000-0xb677dfff] (64MB) mapped at [ffff8800b277e000-ffff8800b677dfff]
[    0.572276] microcode: CPU0 sig=0x206a7, pf=0x2, revision=0x14
[    0.572354] microcode: CPU1 sig=0x206a7, pf=0x2, revision=0x14
[    0.572428] microcode: CPU2 sig=0x206a7, pf=0x2, revision=0x14
[    0.572502] microcode: CPU3 sig=0x206a7, pf=0x2, revision=0x14
[    0.572597] microcode: Microcode Update Driver: v2.00 <tigran@aivazian.fsnet.co.uk>, Peter Oruba
[    0.573243] sha1_ssse3: Using AVX optimized SHA-1 implementation
[    0.586814] HugeTLB registered 2 MB page size, pre-allocated 0 pages
[    0.588692] VFS: Disk quotas dquot_6.5.2
[    0.588799] Dquot-cache hash table entries: 512 (order 0, 4096 bytes)
[    0.589302] NFS: Registering the id_resolver key type
[    0.589375] Key type id_resolver registered
[    0.589442] Key type id_legacy registered
[    0.589661] msgmni has been set to 15658
[    0.590643] NET: Registered protocol family 38
[    0.590766] Block layer SCSI generic (bsg) driver version 0.4 loaded (major 253)
[    0.590861] io scheduler noop registered
[    0.590928] io scheduler deadline registered
[    0.591026] io scheduler cfq registered (default)
[    0.591164] pcieport 0000:00:01.0: irq 40 for MSI/MSI-X
[    0.591274] pcieport 0000:00:1c.0: irq 41 for MSI/MSI-X
[    0.591375] pcieport 0000:00:1c.1: irq 42 for MSI/MSI-X
[    0.591474] pcieport 0000:00:1c.2: irq 43 for MSI/MSI-X
[    0.591574] pcieport 0000:00:1c.3: irq 44 for MSI/MSI-X
[    0.591673] pcieport 0000:00:1c.4: irq 45 for MSI/MSI-X
[    0.591772] pcieport 0000:00:1c.7: irq 46 for MSI/MSI-X
[    0.591900] pci_hotplug: PCI Hot Plug PCI Core version: 0.5
[    0.592094] input: Power Button as /devices/LNXSYSTM:00/device:00/PNP0C0C:00/input/input0
[    0.592192] ACPI: Power Button [PWRB]
[    0.592333] input: Power Button as /devices/LNXSYSTM:00/LNXPWRBN:00/input/input1
[    0.592429] ACPI: Power Button [PWRF]
[    0.592578] ACPI: Requesting acpi_cpufreq
[    0.592768] Monitor-Mwait will be used to enter C-1 state
[    0.592775] Monitor-Mwait will be used to enter C-3 state
[    0.592786] ACPI: acpi_idle registered with cpuidle
[    0.595000] Serial: 8250/16550 driver, 4 ports, IRQ sharing enabled
[    0.595482] Non-volatile memory driver v1.3
[    0.595549] Linux agpgart interface v0.103
[    0.595693] agpgart-intel 0000:00:00.0: Intel Sandybridge Chipset
[    0.595818] agpgart-intel 0000:00:00.0: detected gtt size: 2097152K total, 262144K mappable
[    0.596596] agpgart-intel 0000:00:00.0: detected 131072K stolen memory
[    0.596770] agpgart-intel 0000:00:00.0: AGP aperture is 256M @ 0xc0000000
[    0.596897] [drm] Initialized drm 1.1.0 20060810
[    0.597718] loop: module loaded
[    0.597916] ahci 0000:00:1f.2: version 3.0
[    0.597955] ahci 0000:00:1f.2: irq 47 for MSI/MSI-X
[    0.608282] ahci 0000:00:1f.2: AHCI 0001.0300 32 slots 6 ports 6 Gbps 0x3f impl SATA mode
[    0.608379] ahci 0000:00:1f.2: flags: 64bit ncq sntf pm led clo pio slum part ems apst 
[    0.608477] ahci 0000:00:1f.2: setting latency timer to 64
[    0.618696] scsi0 : ahci
[    0.618835] scsi1 : ahci
[    0.618961] scsi2 : ahci
[    0.619087] scsi3 : ahci
[    0.619213] scsi4 : ahci
[    0.619348] scsi5 : ahci
[    0.619515] ata1: SATA max UDMA/133 abar m2048@0xfad25000 port 0xfad25100 irq 47
[    0.619611] ata2: SATA max UDMA/133 abar m2048@0xfad25000 port 0xfad25180 irq 47
[    0.619706] ata3: SATA max UDMA/133 abar m2048@0xfad25000 port 0xfad25200 irq 47
[    0.619802] ata4: SATA max UDMA/133 abar m2048@0xfad25000 port 0xfad25280 irq 47
[    0.619897] ata5: SATA max UDMA/133 abar m2048@0xfad25000 port 0xfad25300 irq 47
[    0.619993] ata6: SATA max UDMA/133 abar m2048@0xfad25000 port 0xfad25380 irq 47
[    0.620219] ahci 0000:05:00.0: AHCI 0001.0100 32 slots 2 ports 3 Gbps 0x3 impl SATA mode
[    0.620325] ahci 0000:05:00.0: flags: 64bit ncq pm led clo pmp pio slum part 
[    0.620624] scsi6 : ahci
[    0.620746] scsi7 : ahci
[    0.620857] ata7: SATA max UDMA/133 abar m512@0xfab10000 port 0xfab10100 irq 19
[    0.620953] ata8: SATA max UDMA/133 abar m512@0xfab10000 port 0xfab10180 irq 19
[    0.621118] ahci 0000:09:00.0: irq 48 for MSI/MSI-X
[    0.621172] ahci 0000:09:00.0: AHCI 0001.0000 32 slots 2 ports 6 Gbps 0x3 impl SATA mode
[    0.621295] ahci 0000:09:00.0: flags: 64bit ncq sntf led only pmp fbs pio slum part sxs 
[    0.621618] scsi8 : ahci
[    0.621741] scsi9 : ahci
[    0.621851] ata9: SATA max UDMA/133 abar m512@0xfa810000 port 0xfa810100 irq 48
[    0.621949] ata10: SATA max UDMA/133 abar m512@0xfa810000 port 0xfa810180 irq 48
[    0.622209] ehci_hcd: USB 2.0 'Enhanced' Host Controller (EHCI) Driver
[    0.622769] ehci_hcd 0000:00:1a.0: setting latency timer to 64
[    0.622772] ehci_hcd 0000:00:1a.0: EHCI Host Controller
[    0.622876] ehci_hcd 0000:00:1a.0: new USB bus registered, assigned bus number 1
[    0.622989] ehci_hcd 0000:00:1a.0: debug port 2
[    0.626928] ehci_hcd 0000:00:1a.0: cache line size of 64 is not supported
[    0.626939] ehci_hcd 0000:00:1a.0: irq 23, io mem 0xfad27000
[    0.632235] ehci_hcd 0000:00:1a.0: USB 2.0 started, EHCI 1.00
[    0.632316] usb usb1: New USB device found, idVendor=1d6b, idProduct=0002
[    0.632387] usb usb1: New USB device strings: Mfr=3, Product=2, SerialNumber=1
[    0.632482] usb usb1: Product: EHCI Host Controller
[    0.632550] usb usb1: Manufacturer: Linux 3.5.7 ehci_hcd
[    0.632619] usb usb1: SerialNumber: 0000:00:1a.0
[    0.632772] hub 1-0:1.0: USB hub found
[    0.632843] hub 1-0:1.0: 2 ports detected
[    0.632941] ehci_hcd 0000:00:1d.0: setting latency timer to 64
[    0.632943] ehci_hcd 0000:00:1d.0: EHCI Host Controller
[    0.633044] ehci_hcd 0000:00:1d.0: new USB bus registered, assigned bus number 2
[    0.633155] ehci_hcd 0000:00:1d.0: debug port 2
[    0.637112] ehci_hcd 0000:00:1d.0: cache line size of 64 is not supported
[    0.637115] ehci_hcd 0000:00:1d.0: irq 23, io mem 0xfad26000
[    0.642225] ehci_hcd 0000:00:1d.0: USB 2.0 started, EHCI 1.00
[    0.642301] usb usb2: New USB device found, idVendor=1d6b, idProduct=0002
[    0.642374] usb usb2: New USB device strings: Mfr=3, Product=2, SerialNumber=1
[    0.642469] usb usb2: Product: EHCI Host Controller
[    0.642537] usb usb2: Manufacturer: Linux 3.5.7 ehci_hcd
[    0.642606] usb usb2: SerialNumber: 0000:00:1d.0
[    0.642749] hub 2-0:1.0: USB hub found
[    0.642817] hub 2-0:1.0: 2 ports detected
[    0.642918] ohci_hcd: USB 1.1 'Open' Host Controller (OHCI) Driver
[    0.643010] uhci_hcd: USB Universal Host Controller Interface driver
[    0.643126] usbcore: registered new interface driver usblp
[    0.643195] Initializing USB Mass Storage driver...
[    0.643301] usbcore: registered new interface driver usb-storage
[    0.643371] USB Mass Storage support registered.
[    0.643523] i8042: PNP: No PS/2 controller found. Probing ports directly.
[    0.646284] serio: i8042 KBD port at 0x60,0x64 irq 1
[    0.646355] serio: i8042 AUX port at 0x60,0x64 irq 12
[    0.646495] mousedev: PS/2 mouse device common for all mice
[    0.646683] rtc_cmos 00:04: RTC can wake from S4
[    0.646857] rtc_cmos 00:04: rtc core: registered rtc_cmos as rtc0
[    0.646951] rtc0: alarms up to one month, y3k, 114 bytes nvram, hpet irqs
[    0.647172] device-mapper: ioctl: 4.22.0-ioctl (2011-10-19) initialised: dm-devel@redhat.com
[    0.647344] cpuidle: using governor ladder
[    0.647447] cpuidle: using governor menu
[    0.647513] EFI Variables Facility v0.08 2004-May-17
[    0.648299] usbcore: registered new interface driver usbhid
[    0.648368] usbhid: USB HID core driver
[    0.648476] Netfilter messages via NETLINK v0.30.
[    0.648551] nf_conntrack version 0.5.0 (16384 buckets, 65536 max)
[    0.648719] ctnetlink v0.93: registering with nfnetlink.
[    0.648853] ip_tables: (C) 2000-2006 Netfilter Core Team
[    0.648936] TCP: cubic registered
[    0.649002] Initializing XFRM netlink socket
[    0.649201] NET: Registered protocol family 10
[    0.649401] ip6_tables: (C) 2000-2006 Netfilter Core Team
[    0.649484] sit: IPv6 over IPv4 tunneling driver
[    0.649669] NET: Registered protocol family 17
[    0.649750] Key type dns_resolver registered
[    0.650016] registered taskstats version 1
[    0.650501] console [netcon0] enabled
[    0.650568] netconsole: network logging started
[    0.924011] ata4: SATA link up 3.0 Gbps (SStatus 123 SControl 300)
[    0.924119] ata5: SATA link up 3.0 Gbps (SStatus 123 SControl 300)
[    0.924202] ata1: SATA link up 6.0 Gbps (SStatus 133 SControl 300)
[    0.924290] ata2: SATA link up 6.0 Gbps (SStatus 133 SControl 300)
[    0.924386] ata3: SATA link up 3.0 Gbps (SStatus 123 SControl 300)
[    0.924477] ata6: SATA link up 3.0 Gbps (SStatus 123 SControl 300)
[    0.924554] ata5.00: ATA-9: INTEL SSDSC2BA100G3, 5DV10270, max UDMA/133
[    0.924635] ata5.00: 195371568 sectors, multi 1: LBA48 NCQ (depth 31/32)
[    0.924717] ata4.00: ATA-9: INTEL SSDSC2BA100G3, 5DV10270, max UDMA/133
[    0.924794] ata4.00: 195371568 sectors, multi 1: LBA48 NCQ (depth 31/32)
[    0.924872] ata2.00: ATA-9: INTEL SSDSC2BA100G3, 5DV10270, max UDMA/133
[    0.924955] ata2.00: 195371568 sectors, multi 1: LBA48 NCQ (depth 31/32)
[    0.925037] ata1.00: ATA-9: INTEL SSDSC2BA100G3, 5DV10270, max UDMA/133
[    0.925117] ata1.00: 195371568 sectors, multi 1: LBA48 NCQ (depth 31/32)
[    0.925195] ata6.00: ATA-9: INTEL SSDSC2BA100G3, 5DV10270, max UDMA/133
[    0.925268] ata6.00: 195371568 sectors, multi 1: LBA48 NCQ (depth 31/32)
[    0.925344] ata3.00: ATA-9: INTEL SSDSC2BA100G3, 5DV10270, max UDMA/133
[    0.925417] ata3.00: 195371568 sectors, multi 1: LBA48 NCQ (depth 31/32)
[    0.925557] ata2.00: configured for UDMA/133
[    0.925637] ata5.00: configured for UDMA/133
[    0.925709] ata4.00: configured for UDMA/133
[    0.925848] ata1.00: configured for UDMA/133
[    0.925920] ata6.00: configured for UDMA/133
[    0.925975] ata8: SATA link down (SStatus 0 SControl 300)
[    0.925977] scsi 0:0:0:0: Direct-Access     ATA      INTEL SSDSC2BA10 5DV1 PQ: 0 ANSI: 5
[    0.926050] ata7: SATA link down (SStatus 0 SControl 300)
[    0.926334] ata3.00: configured for UDMA/133
[    0.926590] sd 0:0:0:0: [sda] 195371568 512-byte logical blocks: (100 GB/93.1 GiB)
[    0.926729] sd 0:0:0:0: Attached scsi generic sg0 type 0
[    0.926831] sd 0:0:0:0: [sda] 4096-byte physical blocks
[    0.926978] sd 0:0:0:0: [sda] Write Protect is off
[    0.927047] sd 0:0:0:0: [sda] Mode Sense: 00 3a 00 00
[    0.927087] sd 0:0:0:0: [sda] Write cache: enabled, read cache: enabled, doesn't support DPO or FUA
[    0.927482]  sda: sda1
[    0.927698] sd 0:0:0:0: [sda] Attached SCSI disk
[    0.927807] scsi 1:0:0:0: Direct-Access     ATA      INTEL SSDSC2BA10 5DV1 PQ: 0 ANSI: 5
[    0.928050] sd 1:0:0:0: [sdb] 195371568 512-byte logical blocks: (100 GB/93.1 GiB)
[    0.928097] sd 1:0:0:0: Attached scsi generic sg1 type 0
[    0.928258] sd 1:0:0:0: [sdb] 4096-byte physical blocks
[    0.928376] sd 1:0:0:0: [sdb] Write Protect is off
[    0.928444] sd 1:0:0:0: [sdb] Mode Sense: 00 3a 00 00
[    0.928459] sd 1:0:0:0: [sdb] Write cache: enabled, read cache: enabled, doesn't support DPO or FUA
[    0.928806]  sdb: sdb1
[    0.929027] sd 1:0:0:0: [sdb] Attached SCSI disk
[    0.929132] scsi 2:0:0:0: Direct-Access     ATA      INTEL SSDSC2BA10 5DV1 PQ: 0 ANSI: 5
[    0.929330] sd 2:0:0:0: [sdc] 195371568 512-byte logical blocks: (100 GB/93.1 GiB)
[    0.929371] sd 2:0:0:0: Attached scsi generic sg2 type 0
[    0.929534] sd 2:0:0:0: [sdc] 4096-byte physical blocks
[    0.929648] sd 2:0:0:0: [sdc] Write Protect is off
[    0.929716] sd 2:0:0:0: [sdc] Mode Sense: 00 3a 00 00
[    0.929730] sd 2:0:0:0: [sdc] Write cache: enabled, read cache: enabled, doesn't support DPO or FUA
[    0.930086]  sdc: sdc1
[    0.930291] sd 2:0:0:0: [sdc] Attached SCSI disk
[    0.930395] scsi 3:0:0:0: Direct-Access     ATA      INTEL SSDSC2BA10 5DV1 PQ: 0 ANSI: 5
[    0.930587] sd 3:0:0:0: [sdd] 195371568 512-byte logical blocks: (100 GB/93.1 GiB)
[    0.930636] sd 3:0:0:0: Attached scsi generic sg3 type 0
[    0.930794] sd 3:0:0:0: [sdd] 4096-byte physical blocks
[    0.930882] sd 3:0:0:0: [sdd] Write Protect is off
[    0.930965] sd 3:0:0:0: [sdd] Mode Sense: 00 3a 00 00
[    0.930972] sd 3:0:0:0: [sdd] Write cache: enabled, read cache: enabled, doesn't support DPO or FUA
[    0.931264]  sdd: sdd1
[    0.931435] sd 3:0:0:0: [sdd] Attached SCSI disk
[    0.931536] scsi 4:0:0:0: Direct-Access     ATA      INTEL SSDSC2BA10 5DV1 PQ: 0 ANSI: 5
[    0.931716] sd 4:0:0:0: [sde] 195371568 512-byte logical blocks: (100 GB/93.1 GiB)
[    0.931777] sd 4:0:0:0: Attached scsi generic sg4 type 0
[    0.931947] sd 4:0:0:0: [sde] 4096-byte physical blocks
[    0.932036] sd 4:0:0:0: [sde] Write Protect is off
[    0.932103] sd 4:0:0:0: [sde] Mode Sense: 00 3a 00 00
[    0.932110] sd 4:0:0:0: [sde] Write cache: enabled, read cache: enabled, doesn't support DPO or FUA
[    0.932440]  sde: sde1
[    0.932610] sd 4:0:0:0: [sde] Attached SCSI disk
[    0.932716] scsi 5:0:0:0: Direct-Access     ATA      INTEL SSDSC2BA10 5DV1 PQ: 0 ANSI: 5
[    0.932892] sd 5:0:0:0: [sdf] 195371568 512-byte logical blocks: (100 GB/93.1 GiB)
[    0.932969] sd 5:0:0:0: Attached scsi generic sg5 type 0
[    0.933124] sd 5:0:0:0: [sdf] 4096-byte physical blocks
[    0.933211] sd 5:0:0:0: [sdf] Write Protect is off
[    0.933279] sd 5:0:0:0: [sdf] Mode Sense: 00 3a 00 00
[    0.933286] sd 5:0:0:0: [sdf] Write cache: enabled, read cache: enabled, doesn't support DPO or FUA
[    0.933592]  sdf: sdf1
[    0.933758] sd 5:0:0:0: [sdf] Attached SCSI disk
[    0.933960] usb 1-1: new high-speed USB device number 2 using ehci_hcd
[    1.048304] usb 1-1: New USB device found, idVendor=8087, idProduct=0024
[    1.048395] usb 1-1: New USB device strings: Mfr=0, Product=0, SerialNumber=0
[    1.048871] hub 1-1:1.0: USB hub found
[    1.049043] hub 1-1:1.0: 6 ports detected
[    1.080857] ata9: SATA link up 6.0 Gbps (SStatus 133 SControl 300)
[    1.080967] ata10: SATA link up 3.0 Gbps (SStatus 123 SControl 300)
[    1.081482] ata9.00: ATA-9: INTEL SSDSC2BB080G6, G2010140, max UDMA/133
[    1.081560] ata9.00: 156301488 sectors, multi 1: LBA48 NCQ (depth 31/32)
[    1.081638] ata10.00: ATA-8: INTEL SSDSA2CW120G3, 4PC10362, max UDMA/133
[    1.081711] ata10.00: 234441648 sectors, multi 1: LBA48 NCQ (depth 31/32)
[    1.082297] ata9.00: configured for UDMA/133
[    1.082372] ata10.00: configured for UDMA/133
[    1.082473] scsi 8:0:0:0: Direct-Access     ATA      INTEL SSDSC2BB08 G201 PQ: 0 ANSI: 5
[    1.082971] sd 8:0:0:0: [sdg] 156301488 512-byte logical blocks: (80.0 GB/74.5 GiB)
[    1.083088] sd 8:0:0:0: [sdg] 4096-byte physical blocks
[    1.083185] sd 8:0:0:0: [sdg] Write Protect is off
[    1.083261] sd 8:0:0:0: [sdg] Mode Sense: 00 3a 00 00
[    1.083268] sd 8:0:0:0: [sdg] Write cache: enabled, read cache: enabled, doesn't support DPO or FUA
[    1.083278] sd 8:0:0:0: Attached scsi generic sg6 type 0
[    1.083887]  sdg: sdg1 sdg2 sdg3 sdg4
[    1.084431] sd 8:0:0:0: [sdg] Attached SCSI disk
[    1.084541] scsi 9:0:0:0: Direct-Access     ATA      INTEL SSDSA2CW12 4PC1 PQ: 0 ANSI: 5
[    1.085244] sd 9:0:0:0: [sdh] 234441648 512-byte logical blocks: (120 GB/111 GiB)
[    1.085334] sd 9:0:0:0: Attached scsi generic sg7 type 0
[    1.085476] sd 9:0:0:0: [sdh] Write Protect is off
[    1.085544] sd 9:0:0:0: [sdh] Mode Sense: 00 3a 00 00
[    1.085551] sd 9:0:0:0: [sdh] Write cache: enabled, read cache: enabled, doesn't support DPO or FUA
[    1.085953]  sdh: sdh1
[    1.086245] sd 9:0:0:0: [sdh] Attached SCSI disk
[    1.086321] md: Waiting for all devices to be available before autodetect
[    1.086391] md: If you don't use raid, use raid=noautodetect
[    1.086546] md: Autodetecting RAID arrays.
[    1.086721] md: invalid raid superblock magic on sda1
[    1.086805] md: sda1 does not have a valid v0.90 superblock, not importing!
[    1.086985] md: invalid raid superblock magic on sdb1
[    1.087053] md: sdb1 does not have a valid v0.90 superblock, not importing!
[    1.087172] md: invalid raid superblock magic on sdc1
[    1.087239] md: sdc1 does not have a valid v0.90 superblock, not importing!
[    1.087358] md: invalid raid superblock magic on sdd1
[    1.087426] md: sdd1 does not have a valid v0.90 superblock, not importing!
[    1.087545] md: invalid raid superblock magic on sde1
[    1.087613] md: sde1 does not have a valid v0.90 superblock, not importing!
[    1.087733] md: invalid raid superblock magic on sdf1
[    1.087822] md: sdf1 does not have a valid v0.90 superblock, not importing!
[    1.087894] md: Scanned 6 and added 0 devices.
[    1.087961] md: autorun ...
[    1.088025] md: ... autorun DONE.
[    1.088240] EXT4-fs (sdg3): couldn't mount as ext2 due to feature incompatibilities
[    1.095414] EXT4-fs (sdg3): mounted filesystem with ordered data mode. Opts: (null)
[    1.095515] VFS: Mounted root (ext4 filesystem) readonly on device 8:99.
[    1.096053] Freeing unused kernel memory: 560k freed
[    1.096164] Write protecting the kernel read-only data: 12288k
[    1.098940] Freeing unused kernel memory: 1904k freed
[    1.101998] Freeing unused kernel memory: 2044k freed
[    1.151741] usb 2-1: new high-speed USB device number 2 using ehci_hcd
[    1.155758] kbd_mode (1065) used greatest stack depth: 5664 bytes left
[    1.159026] loadkeys (1066) used greatest stack depth: 5240 bytes left
[    1.159205] init-early.sh (1064) used greatest stack depth: 4672 bytes left
[    1.266074] usb 2-1: New USB device found, idVendor=8087, idProduct=0024
[    1.266076] usb 2-1: New USB device strings: Mfr=0, Product=0, SerialNumber=0
[    1.266323] hub 2-1:1.0: USB hub found
[    1.266418] hub 2-1:1.0: 8 ports detected
[    1.391174] e1000e: Intel(R) PRO/1000 Network Driver - 2.0.0-k
[    1.391176] e1000e: Copyright(c) 1999 - 2012 Intel Corporation.
[    1.391206] e1000e 0000:00:19.0: setting latency timer to 64
[    1.391302] e1000e 0000:00:19.0: (unregistered net_device): Interrupt Throttling Rate (ints/sec) set to dynamic conservative mode
[    1.391335] e1000e 0000:00:19.0: irq 49 for MSI/MSI-X
[    1.417980] md: bind<sdd1>
[    1.418694] md: bind<sda1>
[    1.419450] md: bind<sdc1>
[    1.420438] md: bind<sdb1>
[    1.421654] md: bind<sdf1>
[    1.423022] md: bind<sde1>
[    1.425237] md: raid10 personality registered for level 10
[    1.425319] bio: create slab <bio-1> at 1
[    1.425355] md/raid10:md127: active with 6 out of 6 devices
[    1.425364] md127: detected capacity change from 0 to 299885395968
[    1.427151]  md127: unknown partition table
[    1.442627] mdadm (1303) used greatest stack depth: 4392 bytes left
[    1.545579] usb 2-1.7: new full-speed USB device number 3 using ehci_hcd
[    1.572341] Refined TSC clocksource calibration: 3300.023 MHz.
[    1.572344] Switching to clocksource tsc
[    1.631015] usb 2-1.7: New USB device found, idVendor=0cf3, idProduct=3000
[    1.631020] usb 2-1.7: New USB device strings: Mfr=0, Product=0, SerialNumber=0
[    1.648429] e1000e 0000:00:19.0: eth0: (PCI Express:2.5GT/s:Width x1) 14:da:e9:0f:78:84
[    1.648431] e1000e 0000:00:19.0: eth0: Intel(R) PRO/1000 Network Connection
[    1.648463] e1000e 0000:00:19.0: eth0: MAC: 10, PHY: 11, PBA No: FFFFFF-0FF
[    2.326356] EXT4-fs (sdg3): re-mounted. Opts: (null)
[    2.362258] Adding 1020k swap on /dev/sdg2.  Priority:-1 extents:1 across:1020k SS
[    2.546923] ip (1678) used greatest stack depth: 4376 bytes left
[    2.888437] e1000e 0000:00:19.0: irq 49 for MSI/MSI-X
[    2.989066] e1000e 0000:00:19.0: irq 49 for MSI/MSI-X
[    2.989482] IPv6: ADDRCONF(NETDEV_UP): eno1: link is not ready
[    5.821813] e1000e: eno1 NIC Link is Up 1000 Mbps Full Duplex, Flow Control: Rx/Tx
[    5.822187] IPv6: ADDRCONF(NETDEV_CHANGE): eno1: link becomes ready
[ 1267.527352] EXT4-fs (md127): barriers disabled
[ 1267.531091] EXT4-fs (md127): mounted filesystem with ordered data mode. Opts: nobarrier
