[    0.000000] Linux version 4.6.0-rc3 (root@bench) (gcc version 4.7.3 (Gentoo 4.7.3-r1 p1.4, pie-0.5.5) ) #1 SMP Sat Apr 23 01:27:32 CEST 2016
[    0.000000] Command line: BOOT_IMAGE=/kernel-4.6-rc3 root=/dev/sdg3 ro
[    0.000000] x86/fpu: xstate_offset[2]:  576, xstate_sizes[2]:  256
[    0.000000] x86/fpu: Supporting XSAVE feature 0x001: 'x87 floating point registers'
[    0.000000] x86/fpu: Supporting XSAVE feature 0x002: 'SSE registers'
[    0.000000] x86/fpu: Supporting XSAVE feature 0x004: 'AVX registers'
[    0.000000] x86/fpu: Enabled xstate features 0x7, context size is 832 bytes, using 'standard' format.
[    0.000000] x86/fpu: Using 'eager' FPU context switches.
[    0.000000] e820: BIOS-provided physical RAM map:
[    0.000000] BIOS-e820: [mem 0x0000000000000000-0x000000000009b3ff] usable
[    0.000000] BIOS-e820: [mem 0x000000000009b400-0x000000000009ffff] reserved
[    0.000000] BIOS-e820: [mem 0x00000000000e0000-0x00000000000fffff] reserved
[    0.000000] BIOS-e820: [mem 0x0000000000100000-0x000000001fffffff] usable
[    0.000000] BIOS-e820: [mem 0x0000000020000000-0x00000000201fffff] reserved
[    0.000000] BIOS-e820: [mem 0x0000000020200000-0x000000003fffffff] usable
[    0.000000] BIOS-e820: [mem 0x0000000040000000-0x00000000401fffff] reserved
[    0.000000] BIOS-e820: [mem 0x0000000040200000-0x00000000b677dfff] usable
[    0.000000] BIOS-e820: [mem 0x00000000b677e000-0x00000000b67d4fff] ACPI NVS
[    0.000000] BIOS-e820: [mem 0x00000000b67d5000-0x00000000b6b5bfff] reserved
[    0.000000] BIOS-e820: [mem 0x00000000b6b5c000-0x00000000b6b5efff] ACPI NVS
[    0.000000] BIOS-e820: [mem 0x00000000b6b5f000-0x00000000b6da4fff] reserved
[    0.000000] BIOS-e820: [mem 0x00000000b6da5000-0x00000000b6db5fff] ACPI NVS
[    0.000000] BIOS-e820: [mem 0x00000000b6db6000-0x00000000b6dccfff] reserved
[    0.000000] BIOS-e820: [mem 0x00000000b6dcd000-0x00000000b6dcefff] usable
[    0.000000] BIOS-e820: [mem 0x00000000b6dcf000-0x00000000b6dd6fff] reserved
[    0.000000] BIOS-e820: [mem 0x00000000b6dd7000-0x00000000b6de1fff] ACPI NVS
[    0.000000] BIOS-e820: [mem 0x00000000b6de2000-0x00000000b6e3dfff] reserved
[    0.000000] BIOS-e820: [mem 0x00000000b6e3e000-0x00000000b6e80fff] ACPI NVS
[    0.000000] BIOS-e820: [mem 0x00000000b6e81000-0x00000000b6ffffff] usable
[    0.000000] BIOS-e820: [mem 0x00000000b7800000-0x00000000bf9fffff] reserved
[    0.000000] BIOS-e820: [mem 0x00000000fed1c000-0x00000000fed1ffff] reserved
[    0.000000] BIOS-e820: [mem 0x00000000ff000000-0x00000000ffffffff] reserved
[    0.000000] BIOS-e820: [mem 0x0000000100000000-0x000000023fdfffff] usable
[    0.000000] NX (Execute Disable) protection: active
[    0.000000] SMBIOS 2.6 present.
[    0.000000] DMI: System manufacturer System Product Name/P8Z68-V PRO, BIOS 0501 05/09/2011
[    0.000000] e820: update [mem 0x00000000-0x00000fff] usable ==> reserved
[    0.000000] e820: remove [mem 0x000a0000-0x000fffff] usable
[    0.000000] e820: last_pfn = 0x23fe00 max_arch_pfn = 0x400000000
[    0.000000] MTRR default type: uncachable
[    0.000000] MTRR fixed ranges enabled:
[    0.000000]   00000-9FFFF write-back
[    0.000000]   A0000-BFFFF uncachable
[    0.000000]   C0000-D3FFF write-protect
[    0.000000]   D4000-E7FFF uncachable
[    0.000000]   E8000-FFFFF write-protect
[    0.000000] MTRR variable ranges enabled:
[    0.000000]   0 base 000000000 mask E00000000 write-back
[    0.000000]   1 base 200000000 mask FC0000000 write-back
[    0.000000]   2 base 0B7800000 mask FFF800000 uncachable
[    0.000000]   3 base 0B8000000 mask FF8000000 uncachable
[    0.000000]   4 base 0C0000000 mask FC0000000 uncachable
[    0.000000]   5 base 23FE00000 mask FFFE00000 uncachable
[    0.000000]   6 disabled
[    0.000000]   7 disabled
[    0.000000]   8 disabled
[    0.000000]   9 disabled
[    0.000000] x86/PAT: Configuration [0-7]: WB  WC  UC- UC  WB  WC  UC- WT  
[    0.000000] e820: update [mem 0xb7800000-0xffffffff] usable ==> reserved
[    0.000000] e820: last_pfn = 0xb7000 max_arch_pfn = 0x400000000
[    0.000000] found SMP MP-table at [mem 0x000fcee0-0x000fceef] mapped at [ffff8800000fcee0]
[    0.000000] Scanning 1 areas for low memory corruption
[    0.000000] Base memory trampoline at [ffff880000095000] 95000 size 24576
[    0.000000] reserving inaccessible SNB gfx pages
[    0.000000] BRK [0x01ee8000, 0x01ee8fff] PGTABLE
[    0.000000] BRK [0x01ee9000, 0x01ee9fff] PGTABLE
[    0.000000] BRK [0x01eea000, 0x01eeafff] PGTABLE
[    0.000000] BRK [0x01eeb000, 0x01eebfff] PGTABLE
[    0.000000] BRK [0x01eec000, 0x01eecfff] PGTABLE
[    0.000000] BRK [0x01eed000, 0x01eedfff] PGTABLE
[    0.000000] ACPI: Early table checksum verification disabled
[    0.000000] ACPI: RSDP 0x00000000000F0420 000024 (v02 ALASKA)
[    0.000000] ACPI: XSDT 0x00000000B67CA068 00004C (v01 ALASKA A M I    01072009 AMI  00010013)
[    0.000000] ACPI: FACP 0x00000000B67D42D8 0000F4 (v04 ALASKA A M I    01072009 AMI  00010013)
[    0.000000] ACPI: DSDT 0x00000000B67CA140 00A198 (v02 ALASKA A M I    00000000 INTL 20051117)
[    0.000000] ACPI: FACS 0x00000000B6DD9F80 000040
[    0.000000] ACPI: APIC 0x00000000B67D43D0 000072 (v03 ALASKA A M I    01072009 AMI  00010013)
[    0.000000] ACPI: SSDT 0x00000000B67D4448 000102 (v01 AMICPU PROC     00000001 MSFT 03000001)
[    0.000000] ACPI: MCFG 0x00000000B67D4550 00003C (v01 ALASKA A M I    01072009 MSFT 00000097)
[    0.000000] ACPI: HPET 0x00000000B67D4590 000038 (v01 ALASKA A M I    01072009 AMI. 00000004)
[    0.000000] ACPI: Local APIC address 0xfee00000
[    0.000000] No NUMA configuration found
[    0.000000] Faking a node at [mem 0x0000000000000000-0x000000023fdfffff]
[    0.000000] NODE_DATA(0) allocated [mem 0x23fdf5000-0x23fdf8fff]
[    0.000000] Zone ranges:
[    0.000000]   DMA      [mem 0x0000000000001000-0x0000000000ffffff]
[    0.000000]   DMA32    [mem 0x0000000001000000-0x00000000ffffffff]
[    0.000000]   Normal   [mem 0x0000000100000000-0x000000023fdfffff]
[    0.000000] Movable zone start for each node
[    0.000000] Early memory node ranges
[    0.000000]   node   0: [mem 0x0000000000001000-0x000000000009afff]
[    0.000000]   node   0: [mem 0x0000000000100000-0x000000001fffffff]
[    0.000000]   node   0: [mem 0x0000000020200000-0x000000003fffffff]
[    0.000000]   node   0: [mem 0x0000000040200000-0x00000000b677dfff]
[    0.000000]   node   0: [mem 0x00000000b6dcd000-0x00000000b6dcefff]
[    0.000000]   node   0: [mem 0x00000000b6e81000-0x00000000b6ffffff]
[    0.000000]   node   0: [mem 0x0000000100000000-0x000000023fdfffff]
[    0.000000] Initmem setup node 0 [mem 0x0000000000001000-0x000000023fdfffff]
[    0.000000] On node 0 totalpages: 2056857
[    0.000000]   DMA zone: 64 pages used for memmap
[    0.000000]   DMA zone: 154 pages reserved
[    0.000000]   DMA zone: 3994 pages, LIFO batch:0
[    0.000000]   DMA32 zone: 11604 pages used for memmap
[    0.000000]   DMA32 zone: 742655 pages, LIFO batch:31
[    0.000000]   Normal zone: 20472 pages used for memmap
[    0.000000]   Normal zone: 1310208 pages, LIFO batch:31
[    0.000000] Reserving Intel graphics stolen memory at 0xb7a00000-0xbf9fffff
[    0.000000] ACPI: PM-Timer IO Port: 0x408
[    0.000000] ACPI: Local APIC address 0xfee00000
[    0.000000] ACPI: LAPIC_NMI (acpi_id[0xff] high edge lint[0x1])
[    0.000000] IOAPIC[0]: apic_id 0, version 32, address 0xfec00000, GSI 0-23
[    0.000000] ACPI: INT_SRC_OVR (bus 0 bus_irq 0 global_irq 2 dfl dfl)
[    0.000000] ACPI: INT_SRC_OVR (bus 0 bus_irq 9 global_irq 9 high level)
[    0.000000] ACPI: IRQ0 used by override.
[    0.000000] ACPI: IRQ9 used by override.
[    0.000000] Using ACPI (MADT) for SMP configuration information
[    0.000000] ACPI: HPET id: 0x8086a701 base: 0xfed00000
[    0.000000] smpboot: Allowing 4 CPUs, 0 hotplug CPUs
[    0.000000] e820: [mem 0xbfa00000-0xfed1bfff] available for PCI devices
[    0.000000] clocksource: refined-jiffies: mask: 0xffffffff max_cycles: 0xffffffff, max_idle_ns: 1910969940391419 ns
[    0.000000] setup_percpu: NR_CPUS:64 nr_cpumask_bits:64 nr_cpu_ids:4 nr_node_ids:1
[    0.000000] percpu: Embedded 32 pages/cpu @ffff88023fa00000 s90840 r8192 d32040 u524288
[    0.000000] pcpu-alloc: s90840 r8192 d32040 u524288 alloc=1*2097152
[    0.000000] pcpu-alloc: [0] 0 1 2 3 
[    0.000000] Built 1 zonelists in Node order, mobility grouping on.  Total pages: 2024563
[    0.000000] Policy zone: Normal
[    0.000000] Kernel command line: BOOT_IMAGE=/kernel-4.6-rc3 root=/dev/sdg3 ro
[    0.000000] PID hash table entries: 4096 (order: 3, 32768 bytes)
[    0.000000] Memory: 8015736K/8227428K available (8045K kernel code, 1014K rwdata, 2596K rodata, 1056K init, 868K bss, 211692K reserved, 0K cma-reserved)
[    0.000000] SLUB: HWalign=64, Order=0-3, MinObjects=0, CPUs=4, Nodes=1
[    0.000000] Hierarchical RCU implementation.
[    0.000000] 	Build-time adjustment of leaf fanout to 64.
[    0.000000] 	RCU restricting CPUs from NR_CPUS=64 to nr_cpu_ids=4.
[    0.000000] RCU: Adjusting geometry for rcu_fanout_leaf=64, nr_cpu_ids=4
[    0.000000] NR_IRQS:4352 nr_irqs:456 16
[    0.000000] Console: colour VGA+ 80x25
[    0.000000] console [tty0] enabled
[    0.000000] clocksource: hpet: mask: 0xffffffff max_cycles: 0xffffffff, max_idle_ns: 133484882848 ns
[    0.000000] hpet clockevent registered
[    0.000000] tsc: Fast TSC calibration using PIT
[    0.000000] tsc: Detected 3299.931 MHz processor
[    0.000001] Calibrating delay loop (skipped), value calculated using timer frequency.. 6599.86 BogoMIPS (lpj=3299931)
[    0.000147] pid_max: default: 32768 minimum: 301
[    0.000222] ACPI: Core revision 20160108
[    0.003480] ACPI: 2 ACPI AML tables successfully acquired and loaded

[    0.003677] Security Framework initialized
[    0.004096] Dentry cache hash table entries: 1048576 (order: 11, 8388608 bytes)
[    0.005390] Inode-cache hash table entries: 524288 (order: 10, 4194304 bytes)
[    0.005991] Mount-cache hash table entries: 16384 (order: 5, 131072 bytes)
[    0.006071] Mountpoint-cache hash table entries: 16384 (order: 5, 131072 bytes)
[    0.006312] CPU: Physical Processor ID: 0
[    0.006383] CPU: Processor Core ID: 0
[    0.006455] ENERGY_PERF_BIAS: Set to 'normal', was 'performance'
[    0.006529] ENERGY_PERF_BIAS: View and update with x86_energy_perf_policy(8)
[    0.006605] mce: CPU supports 9 MCE banks
[    0.006693] CPU0: Thermal monitoring enabled (TM1)
[    0.006768] process: using mwait in idle threads
[    0.006841] Last level iTLB entries: 4KB 512, 2MB 8, 4MB 8
[    0.006914] Last level dTLB entries: 4KB 512, 2MB 32, 4MB 32, 1GB 0
[    0.007353] Freeing SMP alternatives memory: 28K (ffffffff81e07000 - ffffffff81e0e000)
[    0.109910] smpboot: Max logical packages: 1
[    0.109981] smpboot: APIC(0) Converting physical 0 to logical package 0
[    0.110460] ..TIMER: vector=0x30 apic1=0 pin1=2 apic2=-1 pin2=-1
[    0.120538] TSC deadline timer enabled
[    0.120540] smpboot: CPU0: Intel(R) Core(TM) i5-2500K CPU @ 3.30GHz (family: 0x6, model: 0x2a, stepping: 0x7)
[    0.120769] Performance Events: PEBS fmt1+, 16-deep LBR, SandyBridge events, full-width counters, Intel PMU driver.
[    0.121075] core: PEBS disabled due to CPU errata, please upgrade microcode
[    0.121150] ... version:                3
[    0.121220] ... bit width:              48
[    0.121291] ... generic registers:      8
[    0.121361] ... value mask:             0000ffffffffffff
[    0.121434] ... max period:             0000ffffffffffff
[    0.121506] ... fixed-purpose events:   3
[    0.121578] ... event mask:             00000007000000ff
[    0.121834] x86: Booting SMP configuration:
[    0.121905] .... node  #0, CPUs:      #1 #2 #3
[    0.307758] x86: Booted up 1 node, 4 CPUs
[    0.307896] smpboot: Total of 4 processors activated (26409.85 BogoMIPS)
[    0.310208] devtmpfs: initialized
[    0.310410] clocksource: jiffies: mask: 0xffffffff max_cycles: 0xffffffff, max_idle_ns: 1911260446275000 ns
[    0.310443] kworker/u8:0 (28) used greatest stack depth: 14104 bytes left
[    0.310677] NET: Registered protocol family 16
[    0.314984] cpuidle: using governor ladder
[    0.320987] cpuidle: using governor menu
[    0.321086] ACPI: bus type PCI registered
[    0.321189] PCI: MMCONFIG for domain 0000 [bus 00-3f] at [mem 0xe0000000-0xe3ffffff] (base 0xe0000000)
[    0.321295] PCI: not using MMCONFIG
[    0.321364] PCI: Using configuration type 1 for base access
[    0.321458] core: PMU erratum BJ122, BV98, HSD29 workaround disabled, HT off
[    0.327084] HugeTLB registered 2 MB page size, pre-allocated 0 pages
[    0.327260] ACPI: Added _OSI(Module Device)
[    0.327331] ACPI: Added _OSI(Processor Device)
[    0.327402] ACPI: Added _OSI(3.0 _SCP Extensions)
[    0.327474] ACPI: Added _OSI(Processor Aggregator Device)
[    0.327703] ACPI: Executed 1 blocks of module-level executable AML code
[    0.330030] ACPI: Dynamic OEM Table Load:
[    0.330177] ACPI: SSDT 0xFFFF880235E36800 0003E0 (v01 AMI    IST      00000001 MSFT 03000001)
[    0.330606] ACPI: Dynamic OEM Table Load:
[    0.330751] ACPI: SSDT 0xFFFF880236233A00 0000E4 (v01 AMI    CST      00000001 MSFT 03000001)
[    0.331400] ACPI : EC: EC started
[    0.331474] ACPI: Interpreter enabled
[    0.331547] ACPI: (supports S0 S5)
[    0.331618] ACPI: Using IOAPIC for interrupt routing
[    0.331711] PCI: MMCONFIG for domain 0000 [bus 00-3f] at [mem 0xe0000000-0xe3ffffff] (base 0xe0000000)
[    0.331852] PCI: MMCONFIG at [mem 0xe0000000-0xe3ffffff] reserved in ACPI motherboard resources
[    0.331959] pmd_set_huge: Cannot satisfy [mem 0xe0000000-0xe0200000] with a huge-page mapping due to MTRR override.
[    0.332108] PCI: Using host bridge windows from ACPI; if necessary, use "pci=nocrs" and report a bug
[    0.333007] [Firmware Bug]: ACPI: BIOS _OSI(Linux) query ignored
[    0.336694] ACPI: PCI Root Bridge [PCI0] (domain 0000 [bus 00-ff])
[    0.336771] acpi PNP0A08:00: _OSC: OS supports [ExtendedConfig ASPM ClockPM Segments MSI]
[    0.336963] acpi PNP0A08:00: _OSC: platform does not support [PCIeHotplug]
[    0.337121] acpi PNP0A08:00: _OSC: OS now controls [PME AER PCIeCapability]
[    0.337201] acpi PNP0A08:00: [Firmware Info]: MMCONFIG for domain 0000 [bus 00-3f] only partially covers this bridge
[    0.337368] acpi PNP0A08:00: ignoring host bridge window [mem 0x000c8000-0x000dffff window] (conflicts with Video ROM [mem 0x000c0000-0x000cdbff])
[    0.337495] PCI host bridge to bus 0000:00
[    0.337567] pci_bus 0000:00: root bus resource [io  0x0000-0x0cf7 window]
[    0.337642] pci_bus 0000:00: root bus resource [io  0x0d00-0xffff window]
[    0.337717] pci_bus 0000:00: root bus resource [mem 0x000a0000-0x000bffff window]
[    0.337820] pci_bus 0000:00: root bus resource [mem 0xbfa00000-0xffffffff window]
[    0.337922] pci_bus 0000:00: root bus resource [bus 00-ff]
[    0.338000] pci 0000:00:00.0: [8086:0100] type 00 class 0x060000
[    0.338059] pci 0000:00:01.0: [8086:0101] type 01 class 0x060400
[    0.338082] pci 0000:00:01.0: PME# supported from D0 D3hot D3cold
[    0.338215] pci 0000:00:02.0: [8086:0112] type 00 class 0x030000
[    0.338222] pci 0000:00:02.0: reg 0x10: [mem 0xfa400000-0xfa7fffff 64bit]
[    0.338226] pci 0000:00:02.0: reg 0x18: [mem 0xc0000000-0xcfffffff 64bit pref]
[    0.338229] pci 0000:00:02.0: reg 0x20: [io  0xf000-0xf03f]
[    0.338303] pci 0000:00:16.0: [8086:1c3a] type 00 class 0x078000
[    0.338322] pci 0000:00:16.0: reg 0x10: [mem 0xfad29000-0xfad2900f 64bit]
[    0.338390] pci 0000:00:16.0: PME# supported from D0 D3hot D3cold
[    0.338442] pci 0000:00:19.0: [8086:1503] type 00 class 0x020000
[    0.338457] pci 0000:00:19.0: reg 0x10: [mem 0xfad00000-0xfad1ffff]
[    0.338465] pci 0000:00:19.0: reg 0x14: [mem 0xfad28000-0xfad28fff]
[    0.338472] pci 0000:00:19.0: reg 0x18: [io  0xf080-0xf09f]
[    0.338528] pci 0000:00:19.0: PME# supported from D0 D3hot D3cold
[    0.338576] pci 0000:00:1a.0: [8086:1c2d] type 00 class 0x0c0320
[    0.338592] pci 0000:00:1a.0: reg 0x10: [mem 0xfad27000-0xfad273ff]
[    0.338671] pci 0000:00:1a.0: PME# supported from D0 D3hot D3cold
[    0.338721] pci 0000:00:1b.0: [8086:1c20] type 00 class 0x040300
[    0.338736] pci 0000:00:1b.0: reg 0x10: [mem 0xfad20000-0xfad23fff 64bit]
[    0.338803] pci 0000:00:1b.0: PME# supported from D0 D3hot D3cold
[    0.338853] pci 0000:00:1c.0: [8086:1c10] type 01 class 0x060400
[    0.338924] pci 0000:00:1c.0: PME# supported from D0 D3hot D3cold
[    0.338974] pci 0000:00:1c.1: [8086:1c12] type 01 class 0x060400
[    0.339044] pci 0000:00:1c.1: PME# supported from D0 D3hot D3cold
[    0.339099] pci 0000:00:1c.2: [8086:1c14] type 01 class 0x060400
[    0.339170] pci 0000:00:1c.2: PME# supported from D0 D3hot D3cold
[    0.339221] pci 0000:00:1c.3: [8086:1c16] type 01 class 0x060400
[    0.339292] pci 0000:00:1c.3: PME# supported from D0 D3hot D3cold
[    0.339343] pci 0000:00:1c.4: [8086:1c18] type 01 class 0x060400
[    0.339414] pci 0000:00:1c.4: PME# supported from D0 D3hot D3cold
[    0.339466] pci 0000:00:1c.6: [8086:244e] type 01 class 0x060401
[    0.339536] pci 0000:00:1c.6: PME# supported from D0 D3hot D3cold
[    0.339587] pci 0000:00:1c.7: [8086:1c1e] type 01 class 0x060400
[    0.339658] pci 0000:00:1c.7: PME# supported from D0 D3hot D3cold
[    0.339710] pci 0000:00:1d.0: [8086:1c26] type 00 class 0x0c0320
[    0.339726] pci 0000:00:1d.0: reg 0x10: [mem 0xfad26000-0xfad263ff]
[    0.339805] pci 0000:00:1d.0: PME# supported from D0 D3hot D3cold
[    0.339855] pci 0000:00:1f.0: [8086:1c44] type 00 class 0x060100
[    0.339994] pci 0000:00:1f.2: [8086:1c02] type 00 class 0x010601
[    0.340007] pci 0000:00:1f.2: reg 0x10: [io  0xf0d0-0xf0d7]
[    0.340014] pci 0000:00:1f.2: reg 0x14: [io  0xf0c0-0xf0c3]
[    0.340021] pci 0000:00:1f.2: reg 0x18: [io  0xf0b0-0xf0b7]
[    0.340028] pci 0000:00:1f.2: reg 0x1c: [io  0xf0a0-0xf0a3]
[    0.340036] pci 0000:00:1f.2: reg 0x20: [io  0xf060-0xf07f]
[    0.340043] pci 0000:00:1f.2: reg 0x24: [mem 0xfad25000-0xfad257ff]
[    0.340079] pci 0000:00:1f.2: PME# supported from D3hot
[    0.340124] pci 0000:00:1f.3: [8086:1c22] type 00 class 0x0c0500
[    0.340138] pci 0000:00:1f.3: reg 0x10: [mem 0xfad24000-0xfad240ff 64bit]
[    0.340157] pci 0000:00:1f.3: reg 0x20: [io  0xf040-0xf05f]
[    0.340235] pci 0000:01:00.0: [10de:1245] type 00 class 0x030000
[    0.340243] pci 0000:01:00.0: reg 0x10: [mem 0xf8000000-0xf9ffffff]
[    0.340251] pci 0000:01:00.0: reg 0x14: [mem 0xd0000000-0xd7ffffff 64bit pref]
[    0.340258] pci 0000:01:00.0: reg 0x1c: [mem 0xd8000000-0xdbffffff 64bit pref]
[    0.340262] pci 0000:01:00.0: reg 0x24: [io  0xe000-0xe07f]
[    0.340267] pci 0000:01:00.0: reg 0x30: [mem 0xfa000000-0xfa07ffff pref]
[    0.340331] pci 0000:01:00.1: [10de:0bee] type 00 class 0x040300
[    0.340340] pci 0000:01:00.1: reg 0x10: [mem 0xfa080000-0xfa083fff]
[    0.342105] pci 0000:00:01.0: PCI bridge to [bus 01]
[    0.342178] pci 0000:00:01.0:   bridge window [io  0xe000-0xefff]
[    0.342180] pci 0000:00:01.0:   bridge window [mem 0xf8000000-0xfa0fffff]
[    0.342182] pci 0000:00:01.0:   bridge window [mem 0xd0000000-0xdbffffff 64bit pref]
[    0.342218] pci 0000:00:1c.0: PCI bridge to [bus 02]
[    0.342352] pci 0000:03:00.0: [1b21:1042] type 00 class 0x0c0330
[    0.342383] pci 0000:03:00.0: reg 0x10: [mem 0xfac00000-0xfac07fff 64bit]
[    0.342535] pci 0000:03:00.0: PME# supported from D3hot D3cold
[    0.344107] pci 0000:00:1c.1: PCI bridge to [bus 03]
[    0.344183] pci 0000:00:1c.1:   bridge window [mem 0xfac00000-0xfacfffff]
[    0.344222] pci 0000:00:1c.2: PCI bridge to [bus 04]
[    0.344353] pci 0000:05:00.0: [197b:2362] type 00 class 0x010185
[    0.344391] pci 0000:05:00.0: reg 0x10: [io  0xd040-0xd047]
[    0.344406] pci 0000:05:00.0: reg 0x14: [io  0xd030-0xd033]
[    0.344422] pci 0000:05:00.0: reg 0x18: [io  0xd020-0xd027]
[    0.344437] pci 0000:05:00.0: reg 0x1c: [io  0xd010-0xd013]
[    0.344453] pci 0000:05:00.0: reg 0x20: [io  0xd000-0xd00f]
[    0.344468] pci 0000:05:00.0: reg 0x24: [mem 0xfab10000-0xfab101ff]
[    0.344484] pci 0000:05:00.0: reg 0x30: [mem 0x00000000-0x0000ffff pref]
[    0.344549] pci 0000:05:00.0: PME# supported from D3hot
[    0.346109] pci 0000:00:1c.3: PCI bridge to [bus 05]
[    0.346183] pci 0000:00:1c.3:   bridge window [io  0xd000-0xdfff]
[    0.346187] pci 0000:00:1c.3:   bridge window [mem 0xfab00000-0xfabfffff]
[    0.346245] pci 0000:06:00.0: [1b21:1042] type 00 class 0x0c0330
[    0.346277] pci 0000:06:00.0: reg 0x10: [mem 0xfaa00000-0xfaa07fff 64bit]
[    0.346428] pci 0000:06:00.0: PME# supported from D3hot D3cold
[    0.348109] pci 0000:00:1c.4: PCI bridge to [bus 06]
[    0.348185] pci 0000:00:1c.4:   bridge window [mem 0xfaa00000-0xfaafffff]
[    0.348236] pci 0000:07:00.0: [1b21:1080] type 01 class 0x060401
[    0.348362] pci 0000:00:1c.6: PCI bridge to [bus 07-08] (subtractive decode)
[    0.348440] pci 0000:00:1c.6:   bridge window [io  0xc000-0xcfff]
[    0.348443] pci 0000:00:1c.6:   bridge window [mem 0xfa900000-0xfa9fffff]
[    0.348449] pci 0000:00:1c.6:   bridge window [io  0x0000-0x0cf7 window] (subtractive decode)
[    0.348450] pci 0000:00:1c.6:   bridge window [io  0x0d00-0xffff window] (subtractive decode)
[    0.348451] pci 0000:00:1c.6:   bridge window [mem 0x000a0000-0x000bffff window] (subtractive decode)
[    0.348452] pci 0000:00:1c.6:   bridge window [mem 0xbfa00000-0xffffffff window] (subtractive decode)
[    0.348504] pci 0000:08:02.0: [1106:3044] type 00 class 0x0c0010
[    0.348533] pci 0000:08:02.0: reg 0x10: [mem 0xfa900000-0xfa9007ff]
[    0.348550] pci 0000:08:02.0: reg 0x14: [io  0xc000-0xc07f]
[    0.348679] pci 0000:08:02.0: supports D2
[    0.348680] pci 0000:08:02.0: PME# supported from D2 D3hot D3cold
[    0.348771] pci 0000:07:00.0: PCI bridge to [bus 08] (subtractive decode)
[    0.348854] pci 0000:07:00.0:   bridge window [io  0xc000-0xcfff]
[    0.348860] pci 0000:07:00.0:   bridge window [mem 0xfa900000-0xfa9fffff]
[    0.348869] pci 0000:07:00.0:   bridge window [io  0xc000-0xcfff] (subtractive decode)
[    0.348870] pci 0000:07:00.0:   bridge window [mem 0xfa900000-0xfa9fffff] (subtractive decode)
[    0.348871] pci 0000:07:00.0:   bridge window [io  0x0000-0x0cf7 window] (subtractive decode)
[    0.348872] pci 0000:07:00.0:   bridge window [io  0x0d00-0xffff window] (subtractive decode)
[    0.348874] pci 0000:07:00.0:   bridge window [mem 0x000a0000-0x000bffff window] (subtractive decode)
[    0.348875] pci 0000:07:00.0:   bridge window [mem 0xbfa00000-0xffffffff window] (subtractive decode)
[    0.348935] pci 0000:09:00.0: [1b4b:9172] type 00 class 0x010601
[    0.348954] pci 0000:09:00.0: reg 0x10: [io  0xb040-0xb047]
[    0.348966] pci 0000:09:00.0: reg 0x14: [io  0xb030-0xb033]
[    0.348979] pci 0000:09:00.0: reg 0x18: [io  0xb020-0xb027]
[    0.348990] pci 0000:09:00.0: reg 0x1c: [io  0xb010-0xb013]
[    0.349003] pci 0000:09:00.0: reg 0x20: [io  0xb000-0xb00f]
[    0.349015] pci 0000:09:00.0: reg 0x24: [mem 0xfa810000-0xfa8101ff]
[    0.349027] pci 0000:09:00.0: reg 0x30: [mem 0xfa800000-0xfa80ffff pref]
[    0.349087] pci 0000:09:00.0: PME# supported from D3hot
[    0.351111] pci 0000:00:1c.7: PCI bridge to [bus 09]
[    0.351185] pci 0000:00:1c.7:   bridge window [io  0xb000-0xbfff]
[    0.351188] pci 0000:00:1c.7:   bridge window [mem 0xfa800000-0xfa8fffff]
[    0.351534] ACPI: PCI Interrupt Link [LNKA] (IRQs 3 4 5 6 7 10 *11 12 14 15)
[    0.352087] ACPI: PCI Interrupt Link [LNKB] (IRQs 3 4 5 6 7 *10 11 12 14 15)
[    0.352641] ACPI: PCI Interrupt Link [LNKC] (IRQs *3 4 5 6 10 11 12 14 15)
[    0.353158] ACPI: PCI Interrupt Link [LNKD] (IRQs 3 4 5 6 10 *11 12 14 15)
[    0.353673] ACPI: PCI Interrupt Link [LNKE] (IRQs 3 4 6 7 *10 11 12 14 15)
[    0.354189] ACPI: PCI Interrupt Link [LNKF] (IRQs 3 4 *5 6 7 10 11 12 14 15)
[    0.354741] ACPI: PCI Interrupt Link [LNKG] (IRQs 3 *4 5 6 7 10 11 12 14 15)
[    0.355293] ACPI: PCI Interrupt Link [LNKH] (IRQs 3 4 5 6 *7 10 11 12 14 15)
[    0.355849] ACPI: Enabled 1 GPEs in block 00 to 3F
[    0.356006] ACPI : EC: GPE = 0x18, I/O: command/status = 0x66, data = 0x62
[    0.356140] vgaarb: setting as boot device: PCI:0000:00:02.0
[    0.356214] vgaarb: device added: PCI:0000:00:02.0,decodes=io+mem,owns=io+mem,locks=none
[    0.356322] vgaarb: device added: PCI:0000:01:00.0,decodes=io+mem,owns=none,locks=none
[    0.356426] vgaarb: loaded
[    0.356494] vgaarb: bridge control possible 0000:01:00.0
[    0.356567] vgaarb: no bridge control possible 0000:00:02.0
[    0.356690] SCSI subsystem initialized
[    0.356793] libata version 3.00 loaded.
[    0.356807] ACPI: bus type USB registered
[    0.356895] usbcore: registered new interface driver usbfs
[    0.356975] usbcore: registered new interface driver hub
[    0.357059] usbcore: registered new device driver usb
[    0.357154] pps_core: LinuxPPS API ver. 1 registered
[    0.357226] pps_core: Software ver. 5.3.6 - Copyright 2005-2007 Rodolfo Giometti <giometti@linux.it>
[    0.357335] PTP clock support registered
[    0.357445] PCI: Using ACPI for IRQ routing
[    0.358821] PCI: pci_cache_line_size set to 64 bytes
[    0.358888] e820: reserve RAM buffer [mem 0x0009b400-0x0009ffff]
[    0.358889] e820: reserve RAM buffer [mem 0xb677e000-0xb7ffffff]
[    0.358890] e820: reserve RAM buffer [mem 0xb6dcf000-0xb7ffffff]
[    0.358892] e820: reserve RAM buffer [mem 0xb7000000-0xb7ffffff]
[    0.358893] e820: reserve RAM buffer [mem 0x23fe00000-0x23fffffff]
[    0.358981] NetLabel: Initializing
[    0.359057] NetLabel:  domain hash size = 128
[    0.359128] NetLabel:  protocols = UNLABELED CIPSOv4
[    0.359209] NetLabel:  unlabeled traffic allowed by default
[    0.359306] hpet0: at MMIO 0xfed00000, IRQs 2, 8, 0, 0, 0, 0, 0, 0
[    0.359714] hpet0: 8 comparators, 64-bit 14.318180 MHz counter
[    0.361807] clocksource: Switched to clocksource hpet
[    0.364573] VFS: Disk quotas dquot_6.6.0
[    0.364658] VFS: Dquot-cache hash table entries: 512 (order 0, 4096 bytes)
[    0.364816] pnp: PnP ACPI init
[    0.364981] system 00:00: [mem 0xfed10000-0xfed19fff] has been reserved
[    0.365058] system 00:00: [mem 0xe0000000-0xe3ffffff] has been reserved
[    0.365132] system 00:00: [mem 0xfed90000-0xfed93fff] has been reserved
[    0.365207] system 00:00: [mem 0xfed20000-0xfed3ffff] has been reserved
[    0.365282] system 00:00: [mem 0xfee00000-0xfee0ffff] has been reserved
[    0.365357] system 00:00: Plug and Play ACPI device, IDs PNP0c01 (active)
[    0.365416] system 00:01: [io  0x0290-0x029f] has been reserved
[    0.365493] system 00:01: Plug and Play ACPI device, IDs PNP0c02 (active)
[    0.365511] pnp 00:02: Plug and Play ACPI device, IDs PNP0b00 (active)
[    0.365546] system 00:03: [io  0x04d0-0x04d1] has been reserved
[    0.365623] system 00:03: Plug and Play ACPI device, IDs PNP0c02 (active)
[    0.365804] system 00:04: [io  0x0400-0x0453] could not be reserved
[    0.365892] system 00:04: [io  0x0458-0x047f] has been reserved
[    0.365966] system 00:04: [io  0x0500-0x057f] has been reserved
[    0.366040] system 00:04: [mem 0xfed1c000-0xfed1ffff] has been reserved
[    0.366114] system 00:04: [mem 0xfec00000-0xfecfffff] could not be reserved
[    0.366190] system 00:04: [mem 0xfed08000-0xfed08fff] has been reserved
[    0.366265] system 00:04: [mem 0xff000000-0xffffffff] has been reserved
[    0.366340] system 00:04: Plug and Play ACPI device, IDs PNP0c01 (active)
[    0.366379] system 00:05: [io  0x0454-0x0457] has been reserved
[    0.366455] system 00:05: Plug and Play ACPI device, IDs INT3f0d PNP0c02 (active)
[    0.366598] pnp: PnP ACPI: found 6 devices
[    0.372313] clocksource: acpi_pm: mask: 0xffffff max_cycles: 0xffffff, max_idle_ns: 2085701024 ns
[    0.372488] pci 0000:00:01.0: PCI bridge to [bus 01]
[    0.372561] pci 0000:00:01.0:   bridge window [io  0xe000-0xefff]
[    0.372636] pci 0000:00:01.0:   bridge window [mem 0xf8000000-0xfa0fffff]
[    0.372712] pci 0000:00:01.0:   bridge window [mem 0xd0000000-0xdbffffff 64bit pref]
[    0.372829] pci 0000:00:1c.0: PCI bridge to [bus 02]
[    0.372909] pci 0000:00:1c.1: PCI bridge to [bus 03]
[    0.372984] pci 0000:00:1c.1:   bridge window [mem 0xfac00000-0xfacfffff]
[    0.373064] pci 0000:00:1c.2: PCI bridge to [bus 04]
[    0.373146] pci 0000:05:00.0: BAR 6: assigned [mem 0xfab00000-0xfab0ffff pref]
[    0.373249] pci 0000:00:1c.3: PCI bridge to [bus 05]
[    0.373322] pci 0000:00:1c.3:   bridge window [io  0xd000-0xdfff]
[    0.373399] pci 0000:00:1c.3:   bridge window [mem 0xfab00000-0xfabfffff]
[    0.373479] pci 0000:00:1c.4: PCI bridge to [bus 06]
[    0.373554] pci 0000:00:1c.4:   bridge window [mem 0xfaa00000-0xfaafffff]
[    0.373635] pci 0000:07:00.0: PCI bridge to [bus 08]
[    0.373709] pci 0000:07:00.0:   bridge window [io  0xc000-0xcfff]
[    0.373788] pci 0000:07:00.0:   bridge window [mem 0xfa900000-0xfa9fffff]
[    0.373889] pci 0000:00:1c.6: PCI bridge to [bus 07-08]
[    0.373962] pci 0000:00:1c.6:   bridge window [io  0xc000-0xcfff]
[    0.374039] pci 0000:00:1c.6:   bridge window [mem 0xfa900000-0xfa9fffff]
[    0.374120] pci 0000:00:1c.7: PCI bridge to [bus 09]
[    0.374193] pci 0000:00:1c.7:   bridge window [io  0xb000-0xbfff]
[    0.374270] pci 0000:00:1c.7:   bridge window [mem 0xfa800000-0xfa8fffff]
[    0.374351] pci_bus 0000:00: resource 4 [io  0x0000-0x0cf7 window]
[    0.374353] pci_bus 0000:00: resource 5 [io  0x0d00-0xffff window]
[    0.374354] pci_bus 0000:00: resource 6 [mem 0x000a0000-0x000bffff window]
[    0.374355] pci_bus 0000:00: resource 7 [mem 0xbfa00000-0xffffffff window]
[    0.374356] pci_bus 0000:01: resource 0 [io  0xe000-0xefff]
[    0.374357] pci_bus 0000:01: resource 1 [mem 0xf8000000-0xfa0fffff]
[    0.374358] pci_bus 0000:01: resource 2 [mem 0xd0000000-0xdbffffff 64bit pref]
[    0.374360] pci_bus 0000:03: resource 1 [mem 0xfac00000-0xfacfffff]
[    0.374361] pci_bus 0000:05: resource 0 [io  0xd000-0xdfff]
[    0.374362] pci_bus 0000:05: resource 1 [mem 0xfab00000-0xfabfffff]
[    0.374363] pci_bus 0000:06: resource 1 [mem 0xfaa00000-0xfaafffff]
[    0.374365] pci_bus 0000:07: resource 0 [io  0xc000-0xcfff]
[    0.374366] pci_bus 0000:07: resource 1 [mem 0xfa900000-0xfa9fffff]
[    0.374367] pci_bus 0000:07: resource 4 [io  0x0000-0x0cf7 window]
[    0.374368] pci_bus 0000:07: resource 5 [io  0x0d00-0xffff window]
[    0.374369] pci_bus 0000:07: resource 6 [mem 0x000a0000-0x000bffff window]
[    0.374370] pci_bus 0000:07: resource 7 [mem 0xbfa00000-0xffffffff window]
[    0.374371] pci_bus 0000:08: resource 0 [io  0xc000-0xcfff]
[    0.374372] pci_bus 0000:08: resource 1 [mem 0xfa900000-0xfa9fffff]
[    0.374373] pci_bus 0000:08: resource 4 [io  0xc000-0xcfff]
[    0.374375] pci_bus 0000:08: resource 5 [mem 0xfa900000-0xfa9fffff]
[    0.374376] pci_bus 0000:08: resource 6 [io  0x0000-0x0cf7 window]
[    0.374377] pci_bus 0000:08: resource 7 [io  0x0d00-0xffff window]
[    0.374378] pci_bus 0000:08: resource 8 [mem 0x000a0000-0x000bffff window]
[    0.374379] pci_bus 0000:08: resource 9 [mem 0xbfa00000-0xffffffff window]
[    0.374380] pci_bus 0000:09: resource 0 [io  0xb000-0xbfff]
[    0.374381] pci_bus 0000:09: resource 1 [mem 0xfa800000-0xfa8fffff]
[    0.374401] NET: Registered protocol family 2
[    0.374596] TCP established hash table entries: 65536 (order: 7, 524288 bytes)
[    0.374802] TCP bind hash table entries: 65536 (order: 8, 1048576 bytes)
[    0.375005] TCP: Hash tables configured (established 65536 bind 65536)
[    0.375100] UDP hash table entries: 4096 (order: 5, 131072 bytes)
[    0.375196] UDP-Lite hash table entries: 4096 (order: 5, 131072 bytes)
[    0.375308] NET: Registered protocol family 1
[    0.375418] RPC: Registered named UNIX socket transport module.
[    0.375492] RPC: Registered udp transport module.
[    0.375563] RPC: Registered tcp transport module.
[    0.375634] RPC: Registered tcp NFSv4.1 backchannel transport module.
[    0.375717] pci 0000:00:02.0: Video device with shadowed ROM at [mem 0x000c0000-0x000dffff]
[    0.622063] PCI: CLS 64 bytes, default 64
[    0.622099] PCI-DMA: Using software bounce buffering for IO (SWIOTLB)
[    0.622174] software IO TLB [mem 0xb277e000-0xb677e000] (64MB) mapped at [ffff8800b277e000-ffff8800b677dfff]
[    0.622315] RAPL PMU: API unit is 2^-32 Joules, 3 fixed counters, 163840 ms ovfl timer
[    0.622418] RAPL PMU: hw unit of domain pp0-core 2^-16 Joules
[    0.622491] RAPL PMU: hw unit of domain package 2^-16 Joules
[    0.622564] RAPL PMU: hw unit of domain pp1-gpu 2^-16 Joules
[    0.622946] Scanning for low memory corruption every 60 seconds
[    0.623263] futex hash table entries: 1024 (order: 4, 65536 bytes)
[    0.623749] workingset: timestamp_bits=54 max_order=21 bucket_order=0
[    0.625348] NFS: Registering the id_resolver key type
[    0.625430] Key type id_resolver registered
[    0.625501] Key type id_legacy registered
[    0.626765] NET: Registered protocol family 38
[    0.626885] Block layer SCSI generic (bsg) driver version 0.4 loaded (major 251)
[    0.626991] io scheduler noop registered
[    0.627062] io scheduler deadline registered
[    0.627153] io scheduler cfq registered (default)
[    0.627840] pci_hotplug: PCI Hot Plug PCI Core version: 0.5
[    0.627977] input: Power Button as /devices/LNXSYSTM:00/LNXSYBUS:00/PNP0C0C:00/input/input0
[    0.628084] ACPI: Power Button [PWRB]
[    0.628176] input: Power Button as /devices/LNXSYSTM:00/LNXPWRBN:00/input/input1
[    0.628281] ACPI: Power Button [PWRF]
[    0.628404] Monitor-Mwait will be used to enter C-1 state
[    0.628411] Monitor-Mwait will be used to enter C-3 state
[    0.628964] Serial: 8250/16550 driver, 4 ports, IRQ sharing enabled
[    0.629363] Non-volatile memory driver v1.3
[    0.629463] Linux agpgart interface v0.103
[    0.629579] [drm] Initialized drm 1.1.0 20060810
[    0.630323] [drm] Memory usable by graphics device = 2048M
[    0.630397] [drm] Replacing VGA console driver
[    0.630945] Console: switching to colour dummy device 80x25
[    0.636961] [drm] Supports vblank timestamp caching Rev 2 (21.10.2013).
[    0.636965] [drm] Driver supports precise vblank timestamp query.
[    0.637111] vgaarb: device changed decodes: PCI:0000:00:02.0,olddecodes=io+mem,decodes=none:owns=io+mem
[    0.641197] ACPI: Video Device [GFX0] (multi-head: yes  rom: no  post: no)
[    0.641389] acpi device:41: registered as cooling_device4
[    0.641434] input: Video Bus as /devices/LNXSYSTM:00/LNXSYBUS:00/PNP0A08:00/LNXVIDEO:00/input/input2
[    0.641449] [drm] Initialized i915 1.6.0 20160229 for 0000:00:02.0 on minor 0
[    0.642359] loop: module loaded
[    0.642423] ahci 0000:00:1f.2: version 3.0
[    0.652618] ahci 0000:00:1f.2: AHCI 0001.0300 32 slots 6 ports 6 Gbps 0x3f impl SATA mode
[    0.652625] ahci 0000:00:1f.2: flags: 64bit ncq sntf pm led clo pio slum part ems apst 
[    0.662224] scsi host0: ahci
[    0.662381] scsi host1: ahci
[    0.662454] scsi host2: ahci
[    0.662514] scsi host3: ahci
[    0.662584] scsi host4: ahci
[    0.662649] scsi host5: ahci
[    0.662674] ata1: SATA max UDMA/133 abar m2048@0xfad25000 port 0xfad25100 irq 32
[    0.662680] ata2: SATA max UDMA/133 abar m2048@0xfad25000 port 0xfad25180 irq 32
[    0.662686] ata3: SATA max UDMA/133 abar m2048@0xfad25000 port 0xfad25200 irq 32
[    0.662691] ata4: SATA max UDMA/133 abar m2048@0xfad25000 port 0xfad25280 irq 32
[    0.662696] ata5: SATA max UDMA/133 abar m2048@0xfad25000 port 0xfad25300 irq 32
[    0.662702] ata6: SATA max UDMA/133 abar m2048@0xfad25000 port 0xfad25380 irq 32
[    0.662866] ahci 0000:05:00.0: AHCI 0001.0100 32 slots 2 ports 3 Gbps 0x3 impl SATA mode
[    0.662871] ahci 0000:05:00.0: flags: 64bit ncq pm led clo pmp pio slum part 
[    0.663019] scsi host6: ahci
[    0.663078] scsi host7: ahci
[    0.663112] ata7: SATA max UDMA/133 abar m512@0xfab10000 port 0xfab10100 irq 19
[    0.663119] ata8: SATA max UDMA/133 abar m512@0xfab10000 port 0xfab10180 irq 19
[    0.663236] ahci 0000:09:00.0: AHCI 0001.0000 32 slots 2 ports 6 Gbps 0x3 impl SATA mode
[    0.663242] ahci 0000:09:00.0: flags: 64bit ncq sntf led only pmp fbs pio slum part sxs 
[    0.663405] scsi host8: ahci
[    0.663465] scsi host9: ahci
[    0.663493] ata9: SATA max UDMA/133 abar m512@0xfa810000 port 0xfa810100 irq 33
[    0.663499] ata10: SATA max UDMA/133 abar m512@0xfa810000 port 0xfa810180 irq 33
[    0.663539] e1000e: Intel(R) PRO/1000 Network Driver - 3.2.6-k
[    0.663542] e1000e: Copyright(c) 1999 - 2015 Intel Corporation.
[    0.663620] e1000e 0000:00:19.0: Interrupt Throttling Rate (ints/sec) set to dynamic conservative mode
[    0.926442] e1000e 0000:00:19.0 eth0: registered PHC clock
[    0.926447] e1000e 0000:00:19.0 eth0: (PCI Express:2.5GT/s:Width x1) 14:da:e9:0f:78:84
[    0.926453] e1000e 0000:00:19.0 eth0: Intel(R) PRO/1000 Network Connection
[    0.926485] e1000e 0000:00:19.0 eth0: MAC: 10, PHY: 11, PBA No: FFFFFF-0FF
[    0.926523] ehci_hcd: USB 2.0 'Enhanced' Host Controller (EHCI) Driver
[    0.926528] ehci-pci: EHCI PCI platform driver
[    0.926593] ehci-pci 0000:00:1a.0: EHCI Host Controller
[    0.926599] ehci-pci 0000:00:1a.0: new USB bus registered, assigned bus number 1
[    0.926613] ehci-pci 0000:00:1a.0: debug port 2
[    0.927473] fbcon: inteldrmfb (fb0) is primary device
[    0.930507] ehci-pci 0000:00:1a.0: cache line size of 64 is not supported
[    0.930514] ehci-pci 0000:00:1a.0: irq 23, io mem 0xfad27000
[    0.935885] ehci-pci 0000:00:1a.0: USB 2.0 started, EHCI 1.00
[    0.935928] usb usb1: New USB device found, idVendor=1d6b, idProduct=0002
[    0.935930] usb usb1: New USB device strings: Mfr=3, Product=2, SerialNumber=1
[    0.935931] usb usb1: Product: EHCI Host Controller
[    0.935933] usb usb1: Manufacturer: Linux 4.6.0-rc3 ehci_hcd
[    0.935934] usb usb1: SerialNumber: 0000:00:1a.0
[    0.936020] hub 1-0:1.0: USB hub found
[    0.936023] hub 1-0:1.0: 2 ports detected
[    0.936127] ehci-pci 0000:00:1d.0: EHCI Host Controller
[    0.936130] ehci-pci 0000:00:1d.0: new USB bus registered, assigned bus number 2
[    0.936139] ehci-pci 0000:00:1d.0: debug port 2
[    0.940031] ehci-pci 0000:00:1d.0: cache line size of 64 is not supported
[    0.940033] ehci-pci 0000:00:1d.0: irq 23, io mem 0xfad26000
[    0.945888] ehci-pci 0000:00:1d.0: USB 2.0 started, EHCI 1.00
[    0.945927] usb usb2: New USB device found, idVendor=1d6b, idProduct=0002
[    0.945929] usb usb2: New USB device strings: Mfr=3, Product=2, SerialNumber=1
[    0.945930] usb usb2: Product: EHCI Host Controller
[    0.945932] usb usb2: Manufacturer: Linux 4.6.0-rc3 ehci_hcd
[    0.945933] usb usb2: SerialNumber: 0000:00:1d.0
[    0.946033] hub 2-0:1.0: USB hub found
[    0.946036] hub 2-0:1.0: 2 ports detected
[    0.946088] ohci_hcd: USB 1.1 'Open' Host Controller (OHCI) Driver
[    0.946092] ohci-pci: OHCI PCI platform driver
[    0.946102] uhci_hcd: USB Universal Host Controller Interface driver
[    0.946124] usbcore: registered new interface driver usblp
[    0.946139] usbcore: registered new interface driver usb-storage
[    0.946162] i8042: PNP: No PS/2 controller found. Probing ports directly.
[    0.946211] kworker/u8:13 (1063) used greatest stack depth: 13968 bytes left
[    0.949073] serio: i8042 KBD port at 0x60,0x64 irq 1
[    0.949076] serio: i8042 AUX port at 0x60,0x64 irq 12
[    0.949193] mousedev: PS/2 mouse device common for all mice
[    0.949503] rtc_cmos 00:02: RTC can wake from S4
[    0.949612] rtc_cmos 00:02: rtc core: registered rtc_cmos as rtc0
[    0.949638] rtc_cmos 00:02: alarms up to one month, y3k, 114 bytes nvram, hpet irqs
[    0.949713] i801_smbus 0000:00:1f.3: SMBus using PCI interrupt
[    0.949794] device-mapper: ioctl: 4.34.0-ioctl (2015-10-28) initialised: dm-devel@redhat.com
[    0.949816] hidraw: raw HID events driver (C) Jiri Kosina
[    0.949996] usbcore: registered new interface driver usbhid
[    0.949996] usbhid: USB HID core driver
[    0.950013] Netfilter messages via NETLINK v0.30.
[    0.950021] nf_conntrack version 0.5.0 (65536 buckets, 262144 max)
[    0.950134] ctnetlink v0.93: registering with nfnetlink.
[    0.950212] ip_tables: (C) 2000-2006 Netfilter Core Team
[    0.950227] Initializing XFRM netlink socket
[    0.950333] NET: Registered protocol family 10
[    0.950476] ip6_tables: (C) 2000-2006 Netfilter Core Team
[    0.950506] sit: IPv6 over IPv4 tunneling driver
[    0.950586] NET: Registered protocol family 17
[    0.950603] Key type dns_resolver registered
[    0.950722] microcode: CPU0 sig=0x206a7, pf=0x2, revision=0x14
[    0.950728] microcode: CPU1 sig=0x206a7, pf=0x2, revision=0x14
[    0.950734] microcode: CPU2 sig=0x206a7, pf=0x2, revision=0x14
[    0.950737] microcode: CPU3 sig=0x206a7, pf=0x2, revision=0x14
[    0.950757] microcode: Microcode Update Driver: v2.01 <tigran@aivazian.fsnet.co.uk>, Peter Oruba
[    0.950772] AVX version of gcm_enc/dec engaged.
[    0.950773] AES CTR mode by8 optimization enabled
[    0.951215] registered taskstats version 1
[    0.965477] ata1: SATA link up 6.0 Gbps (SStatus 133 SControl 300)
[    0.965498] ata2: SATA link up 6.0 Gbps (SStatus 133 SControl 300)
[    0.965515] ata4: SATA link up 3.0 Gbps (SStatus 123 SControl 300)
[    0.965742] ata2.00: ATA-9: INTEL SSDSC2BA100G3, 5DV10270, max UDMA/133
[    0.965743] ata2.00: 195371568 sectors, multi 1: LBA48 NCQ (depth 31/32)
[    0.965830] ata4.00: ATA-9: INTEL SSDSC2BA100G3, 5DV10270, max UDMA/133
[    0.965831] ata4.00: 195371568 sectors, multi 1: LBA48 NCQ (depth 31/32)
[    0.965838] ata1.00: ATA-9: INTEL SSDSC2BA100G3, 5DV10270, max UDMA/133
[    0.965839] ata1.00: 195371568 sectors, multi 1: LBA48 NCQ (depth 31/32)
[    0.966042] ata2.00: configured for UDMA/133
[    0.966155] ata4.00: configured for UDMA/133
[    0.966186] ata1.00: configured for UDMA/133
[    0.966553] ata7: SATA link down (SStatus 0 SControl 300)
[    0.966563] ata5: SATA link up 3.0 Gbps (SStatus 123 SControl 300)
[    0.966614] ata8: SATA link down (SStatus 0 SControl 300)
[    0.966615] ata6: SATA link up 3.0 Gbps (SStatus 123 SControl 300)
[    0.966641] ata3: SATA link up 3.0 Gbps (SStatus 123 SControl 300)
[    0.966756] ata5.00: ATA-9: INTEL SSDSC2BA100G3, 5DV10270, max UDMA/133
[    0.966756] ata5.00: 195371568 sectors, multi 1: LBA48 NCQ (depth 31/32)
[    0.966798] ata6.00: ATA-9: INTEL SSDSC2BA100G3, 5DV10270, max UDMA/133
[    0.966798] ata6.00: 195371568 sectors, multi 1: LBA48 NCQ (depth 31/32)
[    0.966819] ata3.00: ATA-9: INTEL SSDSC2BA100G3, 5DV10270, max UDMA/133
[    0.966819] ata3.00: 195371568 sectors, multi 1: LBA48 NCQ (depth 31/32)
[    0.966991] ata5.00: configured for UDMA/133
[    0.967079] ata6.00: configured for UDMA/133
[    0.967098] ata3.00: configured for UDMA/133
[    1.118887] ata10: SATA link up 3.0 Gbps (SStatus 123 SControl 300)
[    1.118913] ata9: SATA link up 6.0 Gbps (SStatus 133 SControl 300)
[    1.119390] ata10.00: ATA-8: INTEL SSDSA2CW120G3, 4PC10362, max UDMA/133
[    1.119391] ata10.00: 234441648 sectors, multi 1: LBA48 NCQ (depth 31/32)
[    1.119428] ata9.00: ATA-9: INTEL SSDSC2BB080G6, G2010140, max UDMA/133
[    1.119429] ata9.00: 156301488 sectors, multi 1: LBA48 NCQ (depth 31/32)
[    1.119887] ata10.00: configured for UDMA/133
[    1.120007] ata9.00: configured for UDMA/133
[    1.237886] usb 1-1: new high-speed USB device number 2 using ehci-pci
[    1.247888] usb 2-1: new high-speed USB device number 2 using ehci-pci
[    1.268137] Console: switching to colour frame buffer device 180x56
[    1.315392] i915 0000:00:02.0: fb0: inteldrmfb frame buffer device
[    1.316096] console [netcon0] enabled
[    1.316755] netconsole: network logging started
[    1.320085] scsi 0:0:0:0: Direct-Access     ATA      INTEL SSDSC2BA10 0270 PQ: 0 ANSI: 5
[    1.334923] sd 0:0:0:0: Attached scsi generic sg0 type 0
[    1.334925] ata1.00: Enabling discard_zeroes_data
[    1.334933] sd 0:0:0:0: [sda] 195371568 512-byte logical blocks: (100 GB/93.2 GiB)
[    1.334934] sd 0:0:0:0: [sda] 4096-byte physical blocks
[    1.334963] sd 0:0:0:0: [sda] Write Protect is off
[    1.334964] sd 0:0:0:0: [sda] Mode Sense: 00 3a 00 00
[    1.334972] sd 0:0:0:0: [sda] Write cache: enabled, read cache: enabled, doesn't support DPO or FUA
[    1.335085] ata1.00: Enabling discard_zeroes_data
[    1.335257]  sda: sda1
[    1.335370] ata1.00: Enabling discard_zeroes_data
[    1.335402] sd 0:0:0:0: [sda] Attached SCSI disk
[    1.342085] scsi 1:0:0:0: Direct-Access     ATA      INTEL SSDSC2BA10 0270 PQ: 0 ANSI: 5
[    1.352573] usb 1-1: New USB device found, idVendor=8087, idProduct=0024
[    1.353309] usb 1-1: New USB device strings: Mfr=0, Product=0, SerialNumber=0
[    1.354224] hub 1-1:1.0: USB hub found
[    1.355192] hub 1-1:1.0: 6 ports detected
[    1.356918] ata2.00: Enabling discard_zeroes_data
[    1.356919] sd 1:0:0:0: Attached scsi generic sg1 type 0
[    1.358388] sd 1:0:0:0: [sdb] 195371568 512-byte logical blocks: (100 GB/93.2 GiB)
[    1.358411] scsi 2:0:0:0: Direct-Access     ATA      INTEL SSDSC2BA10 0270 PQ: 0 ANSI: 5
[    1.359882] sd 1:0:0:0: [sdb] 4096-byte physical blocks
[    1.360647] sd 1:0:0:0: [sdb] Write Protect is off
[    1.361386] sd 1:0:0:0: [sdb] Mode Sense: 00 3a 00 00
[    1.361395] sd 1:0:0:0: [sdb] Write cache: enabled, read cache: enabled, doesn't support DPO or FUA
[    1.362237] usb 2-1: New USB device found, idVendor=8087, idProduct=0024
[    1.362255] ata2.00: Enabling discard_zeroes_data
[    1.362454]  sdb: sdb1
[    1.362541] ata2.00: Enabling discard_zeroes_data
[    1.362576] sd 1:0:0:0: [sdb] Attached SCSI disk
[    1.366037] usb 2-1: New USB device strings: Mfr=0, Product=0, SerialNumber=0
[    1.366987] hub 2-1:1.0: USB hub found
[    1.367860] hub 2-1:1.0: 8 ports detected
[    1.370978] ata3.00: Enabling discard_zeroes_data
[    1.371761] sd 2:0:0:0: Attached scsi generic sg2 type 0
[    1.371797] sd 2:0:0:0: [sdc] 195371568 512-byte logical blocks: (100 GB/93.2 GiB)
[    1.371798] sd 2:0:0:0: [sdc] 4096-byte physical blocks
[    1.371998] sd 2:0:0:0: [sdc] Write Protect is off
[    1.371999] sd 2:0:0:0: [sdc] Mode Sense: 00 3a 00 00
[    1.372043] sd 2:0:0:0: [sdc] Write cache: enabled, read cache: enabled, doesn't support DPO or FUA
[    1.372132] ata3.00: Enabling discard_zeroes_data
[    1.372554]  sdc: sdc1
[    1.372636] ata3.00: Enabling discard_zeroes_data
[    1.372727] sd 2:0:0:0: [sdc] Attached SCSI disk
[    1.379049] scsi 3:0:0:0: Direct-Access     ATA      INTEL SSDSC2BA10 0270 PQ: 0 ANSI: 5
[    1.394986] ata4.00: Enabling discard_zeroes_data
[    1.395005] sd 3:0:0:0: Attached scsi generic sg3 type 0
[    1.396593] sd 3:0:0:0: [sdd] 195371568 512-byte logical blocks: (100 GB/93.2 GiB)
[    1.396620] scsi 4:0:0:0: Direct-Access     ATA      INTEL SSDSC2BA10 0270 PQ: 0 ANSI: 5
[    1.398219] sd 3:0:0:0: [sdd] 4096-byte physical blocks
[    1.399057] sd 3:0:0:0: [sdd] Write Protect is off
[    1.399861] sd 3:0:0:0: [sdd] Mode Sense: 00 3a 00 00
[    1.399870] sd 3:0:0:0: [sdd] Write cache: enabled, read cache: enabled, doesn't support DPO or FUA
[    1.400795] ata4.00: Enabling discard_zeroes_data
[    1.401782]  sdd: sdd1
[    1.402705] ata4.00: Enabling discard_zeroes_data
[    1.403565] sd 3:0:0:0: [sdd] Attached SCSI disk
[    1.404994] sd 4:0:0:0: Attached scsi generic sg4 type 0
[    1.405000] ata5.00: Enabling discard_zeroes_data
[    1.405007] sd 4:0:0:0: [sde] 195371568 512-byte logical blocks: (100 GB/93.2 GiB)
[    1.405008] sd 4:0:0:0: [sde] 4096-byte physical blocks
[    1.405039] sd 4:0:0:0: [sde] Write Protect is off
[    1.405041] sd 4:0:0:0: [sde] Mode Sense: 00 3a 00 00
[    1.405048] sd 4:0:0:0: [sde] Write cache: enabled, read cache: enabled, doesn't support DPO or FUA
[    1.405157] ata5.00: Enabling discard_zeroes_data
[    1.405343]  sde: sde1
[    1.405445] ata5.00: Enabling discard_zeroes_data
[    1.405476] sd 4:0:0:0: [sde] Attached SCSI disk
[    1.413327] scsi 5:0:0:0: Direct-Access     ATA      INTEL SSDSC2BA10 0270 PQ: 0 ANSI: 5
[    1.424009] ata6.00: Enabling discard_zeroes_data
[    1.424024] sd 5:0:0:0: Attached scsi generic sg5 type 0
[    1.425661] sd 5:0:0:0: [sdf] 195371568 512-byte logical blocks: (100 GB/93.2 GiB)
[    1.425686] scsi 8:0:0:0: Direct-Access     ATA      INTEL SSDSC2BB08 0140 PQ: 0 ANSI: 5
[    1.427319] sd 5:0:0:0: [sdf] 4096-byte physical blocks
[    1.428170] sd 5:0:0:0: [sdf] Write Protect is off
[    1.428988] sd 5:0:0:0: [sdf] Mode Sense: 00 3a 00 00
[    1.428997] sd 5:0:0:0: [sdf] Write cache: enabled, read cache: enabled, doesn't support DPO or FUA
[    1.429892] ata6.00: Enabling discard_zeroes_data
[    1.431001]  sdf: sdf1
[    1.431932] ata6.00: Enabling discard_zeroes_data
[    1.432791] sd 5:0:0:0: [sdf] Attached SCSI disk
[    1.435000] ata9.00: Enabling discard_zeroes_data
[    1.435011] sd 8:0:0:0: Attached scsi generic sg6 type 0
[    1.436642] sd 8:0:0:0: [sdg] 156301488 512-byte logical blocks: (80.0 GB/74.5 GiB)
[    1.436683] scsi 9:0:0:0: Direct-Access     ATA      INTEL SSDSA2CW12 0362 PQ: 0 ANSI: 5
[    1.438293] sd 8:0:0:0: [sdg] 4096-byte physical blocks
[    1.439133] sd 8:0:0:0: [sdg] Write Protect is off
[    1.439947] sd 8:0:0:0: [sdg] Mode Sense: 00 3a 00 00
[    1.439956] sd 8:0:0:0: [sdg] Write cache: enabled, read cache: enabled, doesn't support DPO or FUA
[    1.441005] ata9.00: Enabling discard_zeroes_data
[    1.442435]  sdg: sdg1 sdg2 sdg3 sdg4
[    1.443555] ata9.00: Enabling discard_zeroes_data
[    1.444421] sd 8:0:0:0: [sdg] Attached SCSI removable disk
[    1.447996] sd 9:0:0:0: Attached scsi generic sg7 type 0
[    1.448005] ata10.00: Enabling discard_zeroes_data
[    1.448012] sd 9:0:0:0: [sdh] 234441648 512-byte logical blocks: (120 GB/112 GiB)
[    1.448042] sd 9:0:0:0: [sdh] Write Protect is off
[    1.448044] sd 9:0:0:0: [sdh] Mode Sense: 00 3a 00 00
[    1.448051] sd 9:0:0:0: [sdh] Write cache: enabled, read cache: enabled, doesn't support DPO or FUA
[    1.448145] ata10.00: Enabling discard_zeroes_data
[    1.448850]  sdh: sdh1
[    1.448989] ata10.00: Enabling discard_zeroes_data
[    1.449023] sd 9:0:0:0: [sdh] Attached SCSI removable disk
[    1.455601] md: Waiting for all devices to be available before autodetect
[    1.456457] md: If you don't use raid, use raid=noautodetect
[    1.457509] md: Autodetecting RAID arrays.
[    1.458481] md: invalid raid superblock magic on sda1
[    1.459312] md: sda1 does not have a valid v0.90 superblock, not importing!
[    1.460279] md: invalid raid superblock magic on sdb1
[    1.461103] md: sdb1 does not have a valid v0.90 superblock, not importing!
[    1.462018] md: invalid raid superblock magic on sdc1
[    1.462846] md: sdc1 does not have a valid v0.90 superblock, not importing!
[    1.463750] md: invalid raid superblock magic on sdd1
[    1.464570] md: sdd1 does not have a valid v0.90 superblock, not importing!
[    1.465490] md: invalid raid superblock magic on sde1
[    1.466315] md: sde1 does not have a valid v0.90 superblock, not importing!
[    1.467233] md: invalid raid superblock magic on sdf1
[    1.468067] md: sdf1 does not have a valid v0.90 superblock, not importing!
[    1.468912] md: Scanned 6 and added 0 devices.
[    1.469738] md: autorun ...
[    1.470559] md: ... autorun DONE.
[    1.471556] EXT4-fs (sdg3): couldn't mount as ext3 due to feature incompatibilities
[    1.472570] EXT4-fs (sdg3): couldn't mount as ext2 due to feature incompatibilities
[    1.480381] EXT4-fs (sdg3): mounted filesystem with ordered data mode. Opts: (null)
[    1.481214] VFS: Mounted root (ext4 filesystem) readonly on device 8:99.
[    1.482531] Freeing unused kernel memory: 1056K (ffffffff81cff000 - ffffffff81e07000)
[    1.483367] Write protecting the kernel read-only data: 12288k
[    1.484414] Freeing unused kernel memory: 124K (ffff8800017e1000 - ffff880001800000)
[    1.487757] Freeing unused kernel memory: 1500K (ffff880001a89000 - ffff880001c00000)
[    1.550021] loadkeys (1253) used greatest stack depth: 13416 bytes left
[    1.550862] init-early.sh (1250) used greatest stack depth: 12328 bytes left
[    1.623859] tsc: Refined TSC clocksource calibration: 3300.024 MHz
[    1.624663] clocksource: tsc: mask: 0xffffffffffffffff max_cycles: 0x2f9162f7d0a, max_idle_ns: 440795286380 ns
[    1.646861] usb 2-1.7: new full-speed USB device number 3 using ehci-pci
[    1.733597] usb 2-1.7: New USB device found, idVendor=0cf3, idProduct=3000
[    1.733600] usb 2-1.7: New USB device strings: Mfr=0, Product=0, SerialNumber=0
[    1.764493] random: systemd-udevd urandom read with 48 bits of entropy available
[    1.814667] e1000e 0000:00:19.0 eno1: renamed from eth0
[    1.840144] md: bind<sde1>
[    1.840963] md: bind<sdd1>
[    1.841969] md: bind<sdb1>
[    1.843009] md: bind<sdc1>
[    1.845203] md: bind<sdf1>
[    1.847539] md: bind<sda1>
[    1.850322] md: raid10 personality registered for level 10
[    1.850473] md/raid10:md127: active with 6 out of 6 devices
[    1.850490] md127: detected capacity change from 0 to 299885395968
[    2.330168] EXT4-fs (sdg3): re-mounted. Opts: (null)
[    2.372655] Adding 1020k swap on /dev/sdg2.  Priority:-1 extents:1 across:1020k SS
[    2.624912] clocksource: Switched to clocksource tsc
[    5.942074] e1000e: eno1 NIC Link is Up 1000 Mbps Full Duplex, Flow Control: Rx/Tx
[   45.625814] random: nonblocking pool is initialized
[   87.032467] EXT4-fs (md127): mounted filesystem with ordered data mode. Opts: (null)
[ 7843.110677] kworker/dying (2817) used greatest stack depth: 11952 bytes left
[25787.167888] kworker/dying (3558) used greatest stack depth: 11768 bytes left
[70126.368232] ata10.00: Enabling discard_zeroes_data
[70126.368539]  sdh: sdh1
[70131.876928] SGI XFS with ACLs, security attributes, realtime, no debug enabled
[70131.878877] XFS (sdh1): Mounting V4 Filesystem
[70131.927358] XFS (sdh1): Ending clean mount
[71303.201435] kworker/dying (14371) used greatest stack depth: 11408 bytes left
[430417.607452] EXT4-fs (md127): barriers disabled
[430417.611231] EXT4-fs (md127): mounted filesystem with ordered data mode. Opts: nobarrier
