/dev/md/bench:data:
        Version : 1.2
  Creation Time : Sun Apr 17 21:12:45 2016
     Raid Level : raid10
     Array Size : 292856832 (279.29 GiB 299.89 GB)
  Used Dev Size : 97618944 (93.10 GiB 99.96 GB)
   Raid Devices : 6
  Total Devices : 6
    Persistence : Superblock is persistent

    Update Time : Sat Apr 23 01:33:25 2016
          State : active 
 Active Devices : 6
Working Devices : 6
 Failed Devices : 0
  Spare Devices : 0

         Layout : near=2
     Chunk Size : 512K

           Name : bench:data  (local to host bench)
           UUID : 3e4996c9:ff0270fa:cc180e10:e1b485c1
         Events : 29

    Number   Major   Minor   RaidDevice State
       0       8        1        0      active sync set-A   /dev/sda1
       1       8       17        1      active sync set-B   /dev/sdb1
       2       8       33        2      active sync set-A   /dev/sdc1
       3       8       49        3      active sync set-B   /dev/sdd1
       4       8       65        4      active sync set-A   /dev/sde1
       5       8       81        5      active sync set-B   /dev/sdf1
