[    0.000000] Linux version 3.9.11 (root@bench) (gcc version 4.7.3 (Gentoo 4.7.3-r1 p1.4, pie-0.5.5) ) #1 SMP Sun May 8 23:46:41 CEST 2016
[    0.000000] Command line: BOOT_IMAGE=/kernel-3.9.11 root=/dev/sdg3 ro
[    0.000000] e820: BIOS-provided physical RAM map:
[    0.000000] BIOS-e820: [mem 0x0000000000000000-0x000000000009b3ff] usable
[    0.000000] BIOS-e820: [mem 0x000000000009b400-0x000000000009ffff] reserved
[    0.000000] BIOS-e820: [mem 0x00000000000e0000-0x00000000000fffff] reserved
[    0.000000] BIOS-e820: [mem 0x0000000000100000-0x000000001fffffff] usable
[    0.000000] BIOS-e820: [mem 0x0000000020000000-0x00000000201fffff] reserved
[    0.000000] BIOS-e820: [mem 0x0000000020200000-0x000000003fffffff] usable
[    0.000000] BIOS-e820: [mem 0x0000000040000000-0x00000000401fffff] reserved
[    0.000000] BIOS-e820: [mem 0x0000000040200000-0x00000000b677dfff] usable
[    0.000000] BIOS-e820: [mem 0x00000000b677e000-0x00000000b67d4fff] ACPI NVS
[    0.000000] BIOS-e820: [mem 0x00000000b67d5000-0x00000000b6b5bfff] reserved
[    0.000000] BIOS-e820: [mem 0x00000000b6b5c000-0x00000000b6b5efff] ACPI NVS
[    0.000000] BIOS-e820: [mem 0x00000000b6b5f000-0x00000000b6da4fff] reserved
[    0.000000] BIOS-e820: [mem 0x00000000b6da5000-0x00000000b6db5fff] ACPI NVS
[    0.000000] BIOS-e820: [mem 0x00000000b6db6000-0x00000000b6dccfff] reserved
[    0.000000] BIOS-e820: [mem 0x00000000b6dcd000-0x00000000b6dcefff] usable
[    0.000000] BIOS-e820: [mem 0x00000000b6dcf000-0x00000000b6dd6fff] reserved
[    0.000000] BIOS-e820: [mem 0x00000000b6dd7000-0x00000000b6de1fff] ACPI NVS
[    0.000000] BIOS-e820: [mem 0x00000000b6de2000-0x00000000b6e3dfff] reserved
[    0.000000] BIOS-e820: [mem 0x00000000b6e3e000-0x00000000b6e80fff] ACPI NVS
[    0.000000] BIOS-e820: [mem 0x00000000b6e81000-0x00000000b6ffffff] usable
[    0.000000] BIOS-e820: [mem 0x00000000b7800000-0x00000000bf9fffff] reserved
[    0.000000] BIOS-e820: [mem 0x00000000fed1c000-0x00000000fed1ffff] reserved
[    0.000000] BIOS-e820: [mem 0x00000000ff000000-0x00000000ffffffff] reserved
[    0.000000] BIOS-e820: [mem 0x0000000100000000-0x000000023fdfffff] usable
[    0.000000] NX (Execute Disable) protection: active
[    0.000000] SMBIOS 2.6 present.
[    0.000000] DMI: System manufacturer System Product Name/P8Z68-V PRO, BIOS 0501 05/09/2011
[    0.000000] e820: update [mem 0x00000000-0x00000fff] usable ==> reserved
[    0.000000] e820: remove [mem 0x000a0000-0x000fffff] usable
[    0.000000] No AGP bridge found
[    0.000000] e820: last_pfn = 0x23fe00 max_arch_pfn = 0x400000000
[    0.000000] MTRR default type: uncachable
[    0.000000] MTRR fixed ranges enabled:
[    0.000000]   00000-9FFFF write-back
[    0.000000]   A0000-BFFFF uncachable
[    0.000000]   C0000-D3FFF write-protect
[    0.000000]   D4000-E7FFF uncachable
[    0.000000]   E8000-FFFFF write-protect
[    0.000000] MTRR variable ranges enabled:
[    0.000000]   0 base 000000000 mask E00000000 write-back
[    0.000000]   1 base 200000000 mask FC0000000 write-back
[    0.000000]   2 base 0B7800000 mask FFF800000 uncachable
[    0.000000]   3 base 0B8000000 mask FF8000000 uncachable
[    0.000000]   4 base 0C0000000 mask FC0000000 uncachable
[    0.000000]   5 base 23FE00000 mask FFFE00000 uncachable
[    0.000000]   6 disabled
[    0.000000]   7 disabled
[    0.000000]   8 disabled
[    0.000000]   9 disabled
[    0.000000] x86 PAT enabled: cpu 0, old 0x7040600070406, new 0x7010600070106
[    0.000000] e820: update [mem 0xb7800000-0xffffffff] usable ==> reserved
[    0.000000] e820: last_pfn = 0xb7000 max_arch_pfn = 0x400000000
[    0.000000] found SMP MP-table at [mem 0x000fcee0-0x000fceef] mapped at [ffff8800000fcee0]
[    0.000000] Scanning 1 areas for low memory corruption
[    0.000000] Base memory trampoline at [ffff880000095000] 95000 size 24576
[    0.000000] reserving inaccessible SNB gfx pages
[    0.000000] init_memory_mapping: [mem 0x00000000-0x000fffff]
[    0.000000]  [mem 0x00000000-0x000fffff] page 4k
[    0.000000] BRK [0x01e73000, 0x01e73fff] PGTABLE
[    0.000000] BRK [0x01e74000, 0x01e74fff] PGTABLE
[    0.000000] BRK [0x01e75000, 0x01e75fff] PGTABLE
[    0.000000] init_memory_mapping: [mem 0x23fc00000-0x23fdfffff]
[    0.000000]  [mem 0x23fc00000-0x23fdfffff] page 2M
[    0.000000] BRK [0x01e76000, 0x01e76fff] PGTABLE
[    0.000000] init_memory_mapping: [mem 0x23c000000-0x23fbfffff]
[    0.000000]  [mem 0x23c000000-0x23fbfffff] page 2M
[    0.000000] init_memory_mapping: [mem 0x200000000-0x23bffffff]
[    0.000000]  [mem 0x200000000-0x23bffffff] page 2M
[    0.000000] init_memory_mapping: [mem 0x00100000-0x1fffffff]
[    0.000000]  [mem 0x00100000-0x001fffff] page 4k
[    0.000000]  [mem 0x00200000-0x1fffffff] page 2M
[    0.000000] init_memory_mapping: [mem 0x20200000-0x3fffffff]
[    0.000000]  [mem 0x20200000-0x3fffffff] page 2M
[    0.000000] init_memory_mapping: [mem 0x40200000-0xb677dfff]
[    0.000000]  [mem 0x40200000-0xb65fffff] page 2M
[    0.000000]  [mem 0xb6600000-0xb677dfff] page 4k
[    0.000000] BRK [0x01e77000, 0x01e77fff] PGTABLE
[    0.000000] init_memory_mapping: [mem 0xb6dcd000-0xb6dcefff]
[    0.000000]  [mem 0xb6dcd000-0xb6dcefff] page 4k
[    0.000000] init_memory_mapping: [mem 0xb6e81000-0xb6ffffff]
[    0.000000]  [mem 0xb6e81000-0xb6ffffff] page 4k
[    0.000000] init_memory_mapping: [mem 0x100000000-0x1ffffffff]
[    0.000000]  [mem 0x100000000-0x1ffffffff] page 2M
[    0.000000] ACPI: RSDP 00000000000f0420 00024 (v02 ALASKA)
[    0.000000] ACPI: XSDT 00000000b67ca068 0004C (v01 ALASKA    A M I 01072009 AMI  00010013)
[    0.000000] ACPI: FACP 00000000b67d42d8 000F4 (v04 ALASKA    A M I 01072009 AMI  00010013)
[    0.000000] ACPI: DSDT 00000000b67ca140 0A198 (v02 ALASKA    A M I 00000000 INTL 20051117)
[    0.000000] ACPI: FACS 00000000b6dd9f80 00040
[    0.000000] ACPI: APIC 00000000b67d43d0 00072 (v03 ALASKA    A M I 01072009 AMI  00010013)
[    0.000000] ACPI: SSDT 00000000b67d4448 00102 (v01 AMICPU     PROC 00000001 MSFT 03000001)
[    0.000000] ACPI: MCFG 00000000b67d4550 0003C (v01 ALASKA    A M I 01072009 MSFT 00000097)
[    0.000000] ACPI: HPET 00000000b67d4590 00038 (v01 ALASKA    A M I 01072009 AMI. 00000004)
[    0.000000] ACPI: Local APIC address 0xfee00000
[    0.000000] No NUMA configuration found
[    0.000000] Faking a node at [mem 0x0000000000000000-0x000000023fdfffff]
[    0.000000] Initmem setup node 0 [mem 0x00000000-0x23fdfffff]
[    0.000000]   NODE_DATA [mem 0x23fdf4000-0x23fdf7fff]
[    0.000000]  [ffffea0000000000-ffffea0008ffffff] PMD -> [ffff880237600000-ffff88023f3fffff] on node 0
[    0.000000] Zone ranges:
[    0.000000]   DMA      [mem 0x00001000-0x00ffffff]
[    0.000000]   DMA32    [mem 0x01000000-0xffffffff]
[    0.000000]   Normal   [mem 0x100000000-0x23fdfffff]
[    0.000000] Movable zone start for each node
[    0.000000] Early memory node ranges
[    0.000000]   node   0: [mem 0x00001000-0x0009afff]
[    0.000000]   node   0: [mem 0x00100000-0x1fffffff]
[    0.000000]   node   0: [mem 0x20200000-0x3fffffff]
[    0.000000]   node   0: [mem 0x40200000-0xb677dfff]
[    0.000000]   node   0: [mem 0xb6dcd000-0xb6dcefff]
[    0.000000]   node   0: [mem 0xb6e81000-0xb6ffffff]
[    0.000000]   node   0: [mem 0x100000000-0x23fdfffff]
[    0.000000] On node 0 totalpages: 2056857
[    0.000000]   DMA zone: 64 pages used for memmap
[    0.000000]   DMA zone: 154 pages reserved
[    0.000000]   DMA zone: 3994 pages, LIFO batch:0
[    0.000000]   DMA32 zone: 11604 pages used for memmap
[    0.000000]   DMA32 zone: 742655 pages, LIFO batch:31
[    0.000000]   Normal zone: 20472 pages used for memmap
[    0.000000]   Normal zone: 1310208 pages, LIFO batch:31
[    0.000000] ACPI: PM-Timer IO Port: 0x408
[    0.000000] ACPI: Local APIC address 0xfee00000
[    0.000000] ACPI: LAPIC (acpi_id[0x01] lapic_id[0x00] enabled)
[    0.000000] ACPI: LAPIC (acpi_id[0x02] lapic_id[0x02] enabled)
[    0.000000] ACPI: LAPIC (acpi_id[0x03] lapic_id[0x04] enabled)
[    0.000000] ACPI: LAPIC (acpi_id[0x04] lapic_id[0x06] enabled)
[    0.000000] ACPI: LAPIC_NMI (acpi_id[0xff] high edge lint[0x1])
[    0.000000] ACPI: IOAPIC (id[0x00] address[0xfec00000] gsi_base[0])
[    0.000000] IOAPIC[0]: apic_id 0, version 32, address 0xfec00000, GSI 0-23
[    0.000000] ACPI: INT_SRC_OVR (bus 0 bus_irq 0 global_irq 2 dfl dfl)
[    0.000000] ACPI: INT_SRC_OVR (bus 0 bus_irq 9 global_irq 9 high level)
[    0.000000] ACPI: IRQ0 used by override.
[    0.000000] ACPI: IRQ2 used by override.
[    0.000000] ACPI: IRQ9 used by override.
[    0.000000] Using ACPI (MADT) for SMP configuration information
[    0.000000] ACPI: HPET id: 0x8086a701 base: 0xfed00000
[    0.000000] smpboot: Allowing 4 CPUs, 0 hotplug CPUs
[    0.000000] nr_irqs_gsi: 40
[    0.000000] e820: [mem 0xbfa00000-0xfed1bfff] available for PCI devices
[    0.000000] setup_percpu: NR_CPUS:64 nr_cpumask_bits:64 nr_cpu_ids:4 nr_node_ids:1
[    0.000000] PERCPU: Embedded 27 pages/cpu @ffff88023fa00000 s79104 r8192 d23296 u524288
[    0.000000] pcpu-alloc: s79104 r8192 d23296 u524288 alloc=1*2097152
[    0.000000] pcpu-alloc: [0] 0 1 2 3 
[    0.000000] Built 1 zonelists in Zone order, mobility grouping on.  Total pages: 2024563
[    0.000000] Policy zone: Normal
[    0.000000] Kernel command line: BOOT_IMAGE=/kernel-3.9.11 root=/dev/sdg3 ro
[    0.000000] PID hash table entries: 4096 (order: 3, 32768 bytes)
[    0.000000] __ex_table already sorted, skipping sort
[    0.000000] xsave: enabled xstate_bv 0x7, cntxt size 0x340
[    0.000000] Checking aperture...
[    0.000000] No AGP bridge found
[    0.000000] Memory: 8016284k/9435136k available (6839k kernel code, 1207708k absent, 211144k reserved, 6129k data, 880k init)
[    0.000000] SLUB: Genslabs=15, HWalign=64, Order=0-3, MinObjects=0, CPUs=4, Nodes=1
[    0.000000] Hierarchical RCU implementation.
[    0.000000] 	RCU restricting CPUs from NR_CPUS=64 to nr_cpu_ids=4.
[    0.000000] NR_IRQS:4352 nr_irqs:712 16
[    0.000000] Console: colour VGA+ 80x25
[    0.000000] console [tty0] enabled
[    0.000000] hpet clockevent registered
[    0.000000] tsc: Fast TSC calibration using PIT
[    0.001000] tsc: Detected 3299.809 MHz processor
[    0.000001] Calibrating delay loop (skipped), value calculated using timer frequency.. 6599.61 BogoMIPS (lpj=3299809)
[    0.000138] pid_max: default: 32768 minimum: 301
[    0.000218] Security Framework initialized
[    0.000584] Dentry cache hash table entries: 1048576 (order: 11, 8388608 bytes)
[    0.001862] Inode-cache hash table entries: 524288 (order: 10, 4194304 bytes)
[    0.002448] Mount-cache hash table entries: 256
[    0.002628] CPU: Physical Processor ID: 0
[    0.002695] CPU: Processor Core ID: 0
[    0.002764] ENERGY_PERF_BIAS: Set to 'normal', was 'performance'
               ENERGY_PERF_BIAS: View and update with x86_energy_perf_policy(8)
[    0.002869] mce: CPU supports 9 MCE banks
[    0.002955] CPU0: Thermal monitoring enabled (TM1)
[    0.003029] Last level iTLB entries: 4KB 512, 2MB 0, 4MB 0
               Last level dTLB entries: 4KB 512, 2MB 32, 4MB 32
               tlb_flushall_shift: 5
[    0.003245] Freeing SMP alternatives: 24k freed
[    0.003316] ACPI: Core revision 20130117
[    0.005236] ACPI: All ACPI Tables successfully acquired
[    0.108504] ..TIMER: vector=0x30 apic1=0 pin1=2 apic2=-1 pin2=-1
[    0.118565] smpboot: CPU0: Intel(R) Core(TM) i5-2500K CPU @ 3.30GHz (fam: 06, model: 2a, stepping: 07)
[    0.118779] TSC deadline timer enabled
[    0.118785] Performance Events: PEBS fmt1+, 16-deep LBR, SandyBridge events, Intel PMU driver.
[    0.119033] perf_event_intel: PEBS disabled due to CPU errata, please upgrade microcode
[    0.119130] ... version:                3
[    0.119196] ... bit width:              48
[    0.119263] ... generic registers:      8
[    0.119329] ... value mask:             0000ffffffffffff
[    0.119398] ... max period:             000000007fffffff
[    0.119467] ... fixed-purpose events:   3
[    0.119533] ... event mask:             00000007000000ff
[    0.119728] smpboot: Booting Node   0, Processors  #1 #2 #3 OK
[    0.159559] Brought up 4 CPUs
[    0.159627] smpboot: Total of 4 processors activated (26398.47 BogoMIPS)
[    0.161794] devtmpfs: initialized
[    0.162005] NET: Registered protocol family 16
[    0.162128] kworker/u:0 (26) used greatest stack depth: 6744 bytes left
[    0.162201] kworker/u:0 (27) used greatest stack depth: 5880 bytes left
[    0.162397] ACPI: bus type PCI registered
[    0.162509] PCI: MMCONFIG for domain 0000 [bus 00-3f] at [mem 0xe0000000-0xe3ffffff] (base 0xe0000000)
[    0.162608] PCI: not using MMCONFIG
[    0.162676] PCI: Using configuration type 1 for base access
[    0.166181] bio: create slab <bio-0> at 0
[    0.166302] ACPI: Added _OSI(Module Device)
[    0.166370] ACPI: Added _OSI(Processor Device)
[    0.166437] ACPI: Added _OSI(3.0 _SCP Extensions)
[    0.166505] ACPI: Added _OSI(Processor Aggregator Device)
[    0.167310] ACPI: EC: Look up EC in DSDT
[    0.168008] ACPI: Executed 1 blocks of module-level executable AML code
[    0.169641] ACPI: SSDT 00000000b6dd8918 003E0 (v01    AMI      IST 00000001 MSFT 03000001)
[    0.170026] ACPI: Dynamic OEM Table Load:
[    0.170167] ACPI: SSDT           (null) 003E0 (v01    AMI      IST 00000001 MSFT 03000001)
[    0.170351] ACPI: SSDT 00000000b6dd7d98 000E4 (v01    AMI      CST 00000001 MSFT 03000001)
[    0.170701] ACPI: Dynamic OEM Table Load:
[    0.170842] ACPI: SSDT           (null) 000E4 (v01    AMI      CST 00000001 MSFT 03000001)
[    0.171287] ACPI: Interpreter enabled
[    0.171356] ACPI: (supports S0 S5)
[    0.171422] ACPI: Using IOAPIC for interrupt routing
[    0.171503] PCI: MMCONFIG for domain 0000 [bus 00-3f] at [mem 0xe0000000-0xe3ffffff] (base 0xe0000000)
[    0.171634] PCI: MMCONFIG at [mem 0xe0000000-0xe3ffffff] reserved in ACPI motherboard resources
[    0.176995] PCI: Using host bridge windows from ACPI; if necessary, use "pci=nocrs" and report a bug
[    0.177125] [Firmware Bug]: ACPI: BIOS _OSI(Linux) query ignored
[    0.182172] ACPI: PCI Root Bridge [PCI0] (domain 0000 [bus 00-ff])
[    0.182393] acpi PNP0A08:00: ignoring host bridge window [mem 0x000c8000-0x000dffff] (conflicts with Video ROM [mem 0x000c0000-0x000cdbff])
[    0.182498] acpi PNP0A08:00: [Firmware Info]: MMCONFIG for domain 0000 [bus 00-3f] only partially covers this bridge
[    0.182618] PCI host bridge to bus 0000:00
[    0.182688] pci_bus 0000:00: root bus resource [bus 00-ff]
[    0.183214] pci_bus 0000:00: root bus resource [io  0x0000-0x0cf7]
[    0.183284] pci_bus 0000:00: root bus resource [io  0x0d00-0xffff]
[    0.183354] pci_bus 0000:00: root bus resource [mem 0x000a0000-0x000bffff]
[    0.183425] pci_bus 0000:00: root bus resource [mem 0xbfa00000-0xffffffff]
[    0.183503] pci 0000:00:00.0: [8086:0100] type 00 class 0x060000
[    0.183569] pci 0000:00:01.0: [8086:0101] type 01 class 0x060400
[    0.183591] pci 0000:00:01.0: PME# supported from D0 D3hot D3cold
[    0.183632] pci 0000:00:02.0: [8086:0112] type 00 class 0x030000
[    0.183640] pci 0000:00:02.0: reg 10: [mem 0xfa400000-0xfa7fffff 64bit]
[    0.183644] pci 0000:00:02.0: reg 18: [mem 0xc0000000-0xcfffffff 64bit pref]
[    0.183648] pci 0000:00:02.0: reg 20: [io  0xf000-0xf03f]
[    0.183730] pci 0000:00:16.0: [8086:1c3a] type 00 class 0x078000
[    0.183751] pci 0000:00:16.0: reg 10: [mem 0xfad29000-0xfad2900f 64bit]
[    0.183822] pci 0000:00:16.0: PME# supported from D0 D3hot D3cold
[    0.183886] pci 0000:00:19.0: [8086:1503] type 00 class 0x020000
[    0.183902] pci 0000:00:19.0: reg 10: [mem 0xfad00000-0xfad1ffff]
[    0.183910] pci 0000:00:19.0: reg 14: [mem 0xfad28000-0xfad28fff]
[    0.183918] pci 0000:00:19.0: reg 18: [io  0xf080-0xf09f]
[    0.183977] pci 0000:00:19.0: PME# supported from D0 D3hot D3cold
[    0.184033] pci 0000:00:1a.0: [8086:1c2d] type 00 class 0x0c0320
[    0.184053] pci 0000:00:1a.0: reg 10: [mem 0xfad27000-0xfad273ff]
[    0.184138] pci 0000:00:1a.0: PME# supported from D0 D3hot D3cold
[    0.184184] pci 0000:00:1b.0: [8086:1c20] type 00 class 0x040300
[    0.184198] pci 0000:00:1b.0: reg 10: [mem 0xfad20000-0xfad23fff 64bit]
[    0.184261] pci 0000:00:1b.0: PME# supported from D0 D3hot D3cold
[    0.184317] pci 0000:00:1c.0: [8086:1c10] type 01 class 0x060400
[    0.184391] pci 0000:00:1c.0: PME# supported from D0 D3hot D3cold
[    0.184440] pci 0000:00:1c.1: [8086:1c12] type 01 class 0x060400
[    0.184513] pci 0000:00:1c.1: PME# supported from D0 D3hot D3cold
[    0.184565] pci 0000:00:1c.2: [8086:1c14] type 01 class 0x060400
[    0.184638] pci 0000:00:1c.2: PME# supported from D0 D3hot D3cold
[    0.184692] pci 0000:00:1c.3: [8086:1c16] type 01 class 0x060400
[    0.184765] pci 0000:00:1c.3: PME# supported from D0 D3hot D3cold
[    0.184817] pci 0000:00:1c.4: [8086:1c18] type 01 class 0x060400
[    0.184890] pci 0000:00:1c.4: PME# supported from D0 D3hot D3cold
[    0.184943] pci 0000:00:1c.6: [8086:244e] type 01 class 0x060401
[    0.185016] pci 0000:00:1c.6: PME# supported from D0 D3hot D3cold
[    0.185071] pci 0000:00:1c.7: [8086:1c1e] type 01 class 0x060400
[    0.185145] pci 0000:00:1c.7: PME# supported from D0 D3hot D3cold
[    0.185202] pci 0000:00:1d.0: [8086:1c26] type 00 class 0x0c0320
[    0.185222] pci 0000:00:1d.0: reg 10: [mem 0xfad26000-0xfad263ff]
[    0.185306] pci 0000:00:1d.0: PME# supported from D0 D3hot D3cold
[    0.185365] pci 0000:00:1f.0: [8086:1c44] type 00 class 0x060100
[    0.185505] pci 0000:00:1f.2: [8086:1c02] type 00 class 0x010601
[    0.185522] pci 0000:00:1f.2: reg 10: [io  0xf0d0-0xf0d7]
[    0.185529] pci 0000:00:1f.2: reg 14: [io  0xf0c0-0xf0c3]
[    0.185536] pci 0000:00:1f.2: reg 18: [io  0xf0b0-0xf0b7]
[    0.185543] pci 0000:00:1f.2: reg 1c: [io  0xf0a0-0xf0a3]
[    0.185550] pci 0000:00:1f.2: reg 20: [io  0xf060-0xf07f]
[    0.185557] pci 0000:00:1f.2: reg 24: [mem 0xfad25000-0xfad257ff]
[    0.185599] pci 0000:00:1f.2: PME# supported from D3hot
[    0.185647] pci 0000:00:1f.3: [8086:1c22] type 00 class 0x0c0500
[    0.185660] pci 0000:00:1f.3: reg 10: [mem 0xfad24000-0xfad240ff 64bit]
[    0.185680] pci 0000:00:1f.3: reg 20: [io  0xf040-0xf05f]
[    0.185786] pci 0000:01:00.0: [10de:1245] type 00 class 0x030000
[    0.185795] pci 0000:01:00.0: reg 10: [mem 0xf8000000-0xf9ffffff]
[    0.185804] pci 0000:01:00.0: reg 14: [mem 0xd0000000-0xd7ffffff 64bit pref]
[    0.185813] pci 0000:01:00.0: reg 1c: [mem 0xd8000000-0xdbffffff 64bit pref]
[    0.185819] pci 0000:01:00.0: reg 24: [io  0xe000-0xe07f]
[    0.185825] pci 0000:01:00.0: reg 30: [mem 0xfa000000-0xfa07ffff pref]
[    0.185893] pci 0000:01:00.1: [10de:0bee] type 00 class 0x040300
[    0.185902] pci 0000:01:00.1: reg 10: [mem 0xfa080000-0xfa083fff]
[    0.187739] pci 0000:00:01.0: PCI bridge to [bus 01]
[    0.187809] pci 0000:00:01.0:   bridge window [io  0xe000-0xefff]
[    0.187810] pci 0000:00:01.0:   bridge window [mem 0xf8000000-0xfa0fffff]
[    0.187813] pci 0000:00:01.0:   bridge window [mem 0xd0000000-0xdbffffff 64bit pref]
[    0.187871] pci 0000:00:1c.0: PCI bridge to [bus 02]
[    0.188028] pci 0000:03:00.0: [1b21:1042] type 00 class 0x0c0330
[    0.188056] pci 0000:03:00.0: reg 10: [mem 0xfac00000-0xfac07fff 64bit]
[    0.188199] pci 0000:03:00.0: PME# supported from D3hot D3cold
[    0.189742] pci 0000:00:1c.1: PCI bridge to [bus 03]
[    0.189814] pci 0000:00:1c.1:   bridge window [mem 0xfac00000-0xfacfffff]
[    0.189875] pci 0000:00:1c.2: PCI bridge to [bus 04]
[    0.190027] pci 0000:05:00.0: [197b:2362] type 00 class 0x010185
[    0.190061] pci 0000:05:00.0: reg 10: [io  0xd040-0xd047]
[    0.190077] pci 0000:05:00.0: reg 14: [io  0xd030-0xd033]
[    0.190092] pci 0000:05:00.0: reg 18: [io  0xd020-0xd027]
[    0.190108] pci 0000:05:00.0: reg 1c: [io  0xd010-0xd013]
[    0.190124] pci 0000:05:00.0: reg 20: [io  0xd000-0xd00f]
[    0.190139] pci 0000:05:00.0: reg 24: [mem 0xfab10000-0xfab101ff]
[    0.190155] pci 0000:05:00.0: reg 30: [mem 0x00000000-0x0000ffff pref]
[    0.190216] pci 0000:05:00.0: PME# supported from D3hot
[    0.191742] pci 0000:00:1c.3: PCI bridge to [bus 05]
[    0.191813] pci 0000:00:1c.3:   bridge window [io  0xd000-0xdfff]
[    0.191817] pci 0000:00:1c.3:   bridge window [mem 0xfab00000-0xfabfffff]
[    0.191904] pci 0000:06:00.0: [1b21:1042] type 00 class 0x0c0330
[    0.191932] pci 0000:06:00.0: reg 10: [mem 0xfaa00000-0xfaa07fff 64bit]
[    0.192076] pci 0000:06:00.0: PME# supported from D3hot D3cold
[    0.193741] pci 0000:00:1c.4: PCI bridge to [bus 06]
[    0.193814] pci 0000:00:1c.4:   bridge window [mem 0xfaa00000-0xfaafffff]
[    0.193888] pci 0000:07:00.0: [1b21:1080] type 01 class 0x060401
[    0.194022] pci 0000:00:1c.6: PCI bridge to [bus 07-08] (subtractive decode)
[    0.194096] pci 0000:00:1c.6:   bridge window [io  0xc000-0xcfff]
[    0.194099] pci 0000:00:1c.6:   bridge window [mem 0xfa900000-0xfa9fffff]
[    0.194105] pci 0000:00:1c.6:   bridge window [io  0x0000-0x0cf7] (subtractive decode)
[    0.194106] pci 0000:00:1c.6:   bridge window [io  0x0d00-0xffff] (subtractive decode)
[    0.194108] pci 0000:00:1c.6:   bridge window [mem 0x000a0000-0x000bffff] (subtractive decode)
[    0.194109] pci 0000:00:1c.6:   bridge window [mem 0xbfa00000-0xffffffff] (subtractive decode)
[    0.194187] pci 0000:08:02.0: [1106:3044] type 00 class 0x0c0010
[    0.194218] pci 0000:08:02.0: reg 10: [mem 0xfa900000-0xfa9007ff]
[    0.194235] pci 0000:08:02.0: reg 14: [io  0xc000-0xc07f]
[    0.194364] pci 0000:08:02.0: supports D2
[    0.194365] pci 0000:08:02.0: PME# supported from D2 D3hot D3cold
[    0.194463] pci 0000:07:00.0: PCI bridge to [bus 08] (subtractive decode)
[    0.194542] pci 0000:07:00.0:   bridge window [io  0xc000-0xcfff]
[    0.194548] pci 0000:07:00.0:   bridge window [mem 0xfa900000-0xfa9fffff]
[    0.194557] pci 0000:07:00.0:   bridge window [io  0xc000-0xcfff] (subtractive decode)
[    0.194558] pci 0000:07:00.0:   bridge window [mem 0xfa900000-0xfa9fffff] (subtractive decode)
[    0.194560] pci 0000:07:00.0:   bridge window [??? 0x00000000 flags 0x0] (subtractive decode)
[    0.194561] pci 0000:07:00.0:   bridge window [??? 0x00000000 flags 0x0] (subtractive decode)
[    0.194562] pci 0000:07:00.0:   bridge window [io  0x0000-0x0cf7] (subtractive decode)
[    0.194563] pci 0000:07:00.0:   bridge window [io  0x0d00-0xffff] (subtractive decode)
[    0.194564] pci 0000:07:00.0:   bridge window [mem 0x000a0000-0x000bffff] (subtractive decode)
[    0.194565] pci 0000:07:00.0:   bridge window [mem 0xbfa00000-0xffffffff] (subtractive decode)
[    0.194650] pci 0000:09:00.0: [1b4b:9172] type 00 class 0x010601
[    0.194667] pci 0000:09:00.0: reg 10: [io  0xb040-0xb047]
[    0.194679] pci 0000:09:00.0: reg 14: [io  0xb030-0xb033]
[    0.194691] pci 0000:09:00.0: reg 18: [io  0xb020-0xb027]
[    0.194704] pci 0000:09:00.0: reg 1c: [io  0xb010-0xb013]
[    0.194716] pci 0000:09:00.0: reg 20: [io  0xb000-0xb00f]
[    0.194730] pci 0000:09:00.0: reg 24: [mem 0xfa810000-0xfa8101ff]
[    0.194742] pci 0000:09:00.0: reg 30: [mem 0xfa800000-0xfa80ffff pref]
[    0.194799] pci 0000:09:00.0: PME# supported from D3hot
[    0.196740] pci 0000:00:1c.7: PCI bridge to [bus 09]
[    0.196811] pci 0000:00:1c.7:   bridge window [io  0xb000-0xbfff]
[    0.196815] pci 0000:00:1c.7:   bridge window [mem 0xfa800000-0xfa8fffff]
[    0.196896] acpi PNP0A08:00: Requesting ACPI _OSC control (0x1d)
[    0.197082] acpi PNP0A08:00: ACPI _OSC control (0x1c) granted
[    0.197468] ACPI: PCI Interrupt Link [LNKA] (IRQs 3 4 5 6 7 10 *11 12 14 15)
[    0.198018] ACPI: PCI Interrupt Link [LNKB] (IRQs 3 4 5 6 7 *10 11 12 14 15)
[    0.198563] ACPI: PCI Interrupt Link [LNKC] (IRQs *3 4 5 6 10 11 12 14 15)
[    0.199075] ACPI: PCI Interrupt Link [LNKD] (IRQs 3 4 5 6 10 *11 12 14 15)
[    0.199586] ACPI: PCI Interrupt Link [LNKE] (IRQs 3 4 6 7 *10 11 12 14 15)
[    0.200098] ACPI: PCI Interrupt Link [LNKF] (IRQs 3 4 *5 6 7 10 11 12 14 15)
[    0.200642] ACPI: PCI Interrupt Link [LNKG] (IRQs 3 *4 5 6 7 10 11 12 14 15)
[    0.201191] ACPI: PCI Interrupt Link [LNKH] (IRQs 3 4 5 6 *7 10 11 12 14 15)
[    0.201783] ACPI: Enabled 1 GPEs in block 00 to 3F
[    0.201930] acpi root: \_SB_.PCI0 notify handler is installed
[    0.201963] Found 1 acpi root devices
[    0.201975] ACPI: EC: GPE = 0x18, I/O: command/status = 0x66, data = 0x62
[    0.202136] ACPI: No dock devices found.
[    0.202258] vgaarb: device added: PCI:0000:00:02.0,decodes=io+mem,owns=io+mem,locks=none
[    0.202357] vgaarb: device added: PCI:0000:01:00.0,decodes=io+mem,owns=none,locks=none
[    0.202453] vgaarb: loaded
[    0.202518] vgaarb: bridge control possible 0000:01:00.0
[    0.202587] vgaarb: no bridge control possible 0000:00:02.0
[    0.202719] SCSI subsystem initialized
[    0.202786] ACPI: bus type ATA registered
[    0.202899] libata version 3.00 loaded.
[    0.202914] ACPI: bus type USB registered
[    0.203013] usbcore: registered new interface driver usbfs
[    0.203097] usbcore: registered new interface driver hub
[    0.203185] usbcore: registered new device driver usb
[    0.203341] PCI: Using ACPI for IRQ routing
[    0.204728] PCI: pci_cache_line_size set to 64 bytes
[    0.204797] e820: reserve RAM buffer [mem 0x0009b400-0x0009ffff]
[    0.204798] e820: reserve RAM buffer [mem 0xb677e000-0xb7ffffff]
[    0.204799] e820: reserve RAM buffer [mem 0xb6dcf000-0xb7ffffff]
[    0.204801] e820: reserve RAM buffer [mem 0xb7000000-0xb7ffffff]
[    0.204802] e820: reserve RAM buffer [mem 0x23fe00000-0x23fffffff]
[    0.204890] NetLabel: Initializing
[    0.204956] NetLabel:  domain hash size = 128
[    0.205025] NetLabel:  protocols = UNLABELED CIPSOv4
[    0.205100] NetLabel:  unlabeled traffic allowed by default
[    0.205184] hpet0: at MMIO 0xfed00000, IRQs 2, 8, 0, 0, 0, 0, 0, 0
[    0.205588] hpet0: 8 comparators, 64-bit 14.318180 MHz counter
[    0.207665] Switching to clocksource hpet
[    0.209164] pnp: PnP ACPI init
[    0.209234] ACPI: bus type PNP registered
[    0.209383] system 00:00: [mem 0xfed10000-0xfed19fff] has been reserved
[    0.209454] system 00:00: [mem 0xe0000000-0xe3ffffff] has been reserved
[    0.209526] system 00:00: [mem 0xfed90000-0xfed93fff] has been reserved
[    0.209597] system 00:00: [mem 0xfed20000-0xfed3ffff] has been reserved
[    0.209668] system 00:00: [mem 0xfee00000-0xfee0ffff] has been reserved
[    0.209747] system 00:00: Plug and Play ACPI device, IDs PNP0c01 (active)
[    0.209818] system 00:01: [io  0x0290-0x029f] has been reserved
[    0.209889] system 00:01: Plug and Play ACPI device, IDs PNP0c02 (active)
[    0.209898] pnp 00:02: [dma 4]
[    0.209925] pnp 00:02: Plug and Play ACPI device, IDs PNP0200 (active)
[    0.209963] pnp 00:03: Plug and Play ACPI device, IDs PNP0b00 (active)
[    0.209993] pnp 00:04: Plug and Play ACPI device, IDs PNP0800 (active)
[    0.210039] system 00:05: [io  0x04d0-0x04d1] has been reserved
[    0.210110] system 00:05: Plug and Play ACPI device, IDs PNP0c02 (active)
[    0.210144] pnp 00:06: Plug and Play ACPI device, IDs PNP0c04 (active)
[    0.210325] system 00:07: [io  0x0400-0x0453] has been reserved
[    0.210395] system 00:07: [io  0x0458-0x047f] has been reserved
[    0.210465] system 00:07: [io  0x0500-0x057f] has been reserved
[    0.210536] system 00:07: [mem 0xfed1c000-0xfed1ffff] has been reserved
[    0.210607] system 00:07: [mem 0xfec00000-0xfecfffff] could not be reserved
[    0.210679] system 00:07: [mem 0xfed08000-0xfed08fff] has been reserved
[    0.210757] system 00:07: [mem 0xff000000-0xffffffff] has been reserved
[    0.210829] system 00:07: Plug and Play ACPI device, IDs PNP0c01 (active)
[    0.210882] system 00:08: [io  0x0454-0x0457] has been reserved
[    0.210953] system 00:08: Plug and Play ACPI device, IDs INT3f0d PNP0c02 (active)
[    0.211050] pnp 00:09: Plug and Play ACPI device, IDs PNP0103 (active)
[    0.211138] pnp: PnP ACPI: found 10 devices
[    0.211205] ACPI: bus type PNP unregistered
[    0.218555] pci 0000:00:1c.3: BAR 15: assigned [mem 0xbfa00000-0xbfafffff pref]
[    0.218651] pci 0000:00:01.0: PCI bridge to [bus 01]
[    0.218720] pci 0000:00:01.0:   bridge window [io  0xe000-0xefff]
[    0.218800] pci 0000:00:01.0:   bridge window [mem 0xf8000000-0xfa0fffff]
[    0.218873] pci 0000:00:01.0:   bridge window [mem 0xd0000000-0xdbffffff 64bit pref]
[    0.218970] pci 0000:00:1c.0: PCI bridge to [bus 02]
[    0.219047] pci 0000:00:1c.1: PCI bridge to [bus 03]
[    0.219119] pci 0000:00:1c.1:   bridge window [mem 0xfac00000-0xfacfffff]
[    0.219195] pci 0000:00:1c.2: PCI bridge to [bus 04]
[    0.219273] pci 0000:05:00.0: BAR 6: assigned [mem 0xbfa00000-0xbfa0ffff pref]
[    0.219368] pci 0000:00:1c.3: PCI bridge to [bus 05]
[    0.219437] pci 0000:00:1c.3:   bridge window [io  0xd000-0xdfff]
[    0.219511] pci 0000:00:1c.3:   bridge window [mem 0xfab00000-0xfabfffff]
[    0.219584] pci 0000:00:1c.3:   bridge window [mem 0xbfa00000-0xbfafffff pref]
[    0.219683] pci 0000:00:1c.4: PCI bridge to [bus 06]
[    0.219765] pci 0000:00:1c.4:   bridge window [mem 0xfaa00000-0xfaafffff]
[    0.219843] pci 0000:07:00.0: PCI bridge to [bus 08]
[    0.219913] pci 0000:07:00.0:   bridge window [io  0xc000-0xcfff]
[    0.219989] pci 0000:07:00.0:   bridge window [mem 0xfa900000-0xfa9fffff]
[    0.220072] pci 0000:00:1c.6: PCI bridge to [bus 07-08]
[    0.220142] pci 0000:00:1c.6:   bridge window [io  0xc000-0xcfff]
[    0.220215] pci 0000:00:1c.6:   bridge window [mem 0xfa900000-0xfa9fffff]
[    0.220291] pci 0000:00:1c.7: PCI bridge to [bus 09]
[    0.220361] pci 0000:00:1c.7:   bridge window [io  0xb000-0xbfff]
[    0.220434] pci 0000:00:1c.7:   bridge window [mem 0xfa800000-0xfa8fffff]
[    0.220667] pci 0000:07:00.0: setting latency timer to 64
[    0.220690] pci_bus 0000:00: resource 4 [io  0x0000-0x0cf7]
[    0.220691] pci_bus 0000:00: resource 5 [io  0x0d00-0xffff]
[    0.220692] pci_bus 0000:00: resource 6 [mem 0x000a0000-0x000bffff]
[    0.220694] pci_bus 0000:00: resource 7 [mem 0xbfa00000-0xffffffff]
[    0.220695] pci_bus 0000:01: resource 0 [io  0xe000-0xefff]
[    0.220696] pci_bus 0000:01: resource 1 [mem 0xf8000000-0xfa0fffff]
[    0.220697] pci_bus 0000:01: resource 2 [mem 0xd0000000-0xdbffffff 64bit pref]
[    0.220699] pci_bus 0000:03: resource 1 [mem 0xfac00000-0xfacfffff]
[    0.220700] pci_bus 0000:05: resource 0 [io  0xd000-0xdfff]
[    0.220701] pci_bus 0000:05: resource 1 [mem 0xfab00000-0xfabfffff]
[    0.220702] pci_bus 0000:05: resource 2 [mem 0xbfa00000-0xbfafffff pref]
[    0.220704] pci_bus 0000:06: resource 1 [mem 0xfaa00000-0xfaafffff]
[    0.220705] pci_bus 0000:07: resource 0 [io  0xc000-0xcfff]
[    0.220706] pci_bus 0000:07: resource 1 [mem 0xfa900000-0xfa9fffff]
[    0.220707] pci_bus 0000:07: resource 4 [io  0x0000-0x0cf7]
[    0.220708] pci_bus 0000:07: resource 5 [io  0x0d00-0xffff]
[    0.220709] pci_bus 0000:07: resource 6 [mem 0x000a0000-0x000bffff]
[    0.220711] pci_bus 0000:07: resource 7 [mem 0xbfa00000-0xffffffff]
[    0.220712] pci_bus 0000:08: resource 0 [io  0xc000-0xcfff]
[    0.220713] pci_bus 0000:08: resource 1 [mem 0xfa900000-0xfa9fffff]
[    0.220714] pci_bus 0000:08: resource 4 [io  0xc000-0xcfff]
[    0.220715] pci_bus 0000:08: resource 5 [mem 0xfa900000-0xfa9fffff]
[    0.220717] pci_bus 0000:08: resource 8 [io  0x0000-0x0cf7]
[    0.220718] pci_bus 0000:08: resource 9 [io  0x0d00-0xffff]
[    0.220719] pci_bus 0000:08: resource 10 [mem 0x000a0000-0x000bffff]
[    0.220720] pci_bus 0000:08: resource 11 [mem 0xbfa00000-0xffffffff]
[    0.220721] pci_bus 0000:09: resource 0 [io  0xb000-0xbfff]
[    0.220722] pci_bus 0000:09: resource 1 [mem 0xfa800000-0xfa8fffff]
[    0.220748] NET: Registered protocol family 2
[    0.220934] TCP established hash table entries: 65536 (order: 8, 1048576 bytes)
[    0.221175] TCP bind hash table entries: 65536 (order: 8, 1048576 bytes)
[    0.221357] TCP: Hash tables configured (established 65536 bind 65536)
[    0.221442] TCP: reno registered
[    0.221514] UDP hash table entries: 4096 (order: 5, 131072 bytes)
[    0.221606] UDP-Lite hash table entries: 4096 (order: 5, 131072 bytes)
[    0.221738] NET: Registered protocol family 1
[    0.221845] RPC: Registered named UNIX socket transport module.
[    0.221914] RPC: Registered udp transport module.
[    0.221981] RPC: Registered tcp transport module.
[    0.222049] RPC: Registered tcp NFSv4.1 backchannel transport module.
[    0.222124] pci 0000:00:02.0: Boot video device
[    0.468648] PCI: CLS 64 bytes, default 64
[    0.468681] PCI-DMA: Using software bounce buffering for IO (SWIOTLB)
[    0.468754] software IO TLB [mem 0xb277e000-0xb677e000] (64MB) mapped at [ffff8800b277e000-ffff8800b677dfff]
[    0.469415] microcode: CPU0 sig=0x206a7, pf=0x2, revision=0x14
[    0.469497] microcode: CPU1 sig=0x206a7, pf=0x2, revision=0x14
[    0.469571] microcode: CPU2 sig=0x206a7, pf=0x2, revision=0x14
[    0.469644] microcode: CPU3 sig=0x206a7, pf=0x2, revision=0x14
[    0.469745] microcode: Microcode Update Driver: v2.00 <tigran@aivazian.fsnet.co.uk>, Peter Oruba
[    0.469842] Scanning for low memory corruption every 60 seconds
[    0.471617] sha1_ssse3: Using AVX optimized SHA-1 implementation
[    0.485452] HugeTLB registered 2 MB page size, pre-allocated 0 pages
[    0.487503] VFS: Disk quotas dquot_6.5.2
[    0.487614] Dquot-cache hash table entries: 512 (order 0, 4096 bytes)
[    0.488254] NFS: Registering the id_resolver key type
[    0.488328] Key type id_resolver registered
[    0.488395] Key type id_legacy registered
[    0.488521] msgmni has been set to 15656
[    0.489666] NET: Registered protocol family 38
[    0.489734] Key type asymmetric registered
[    0.489801] Asymmetric key parser 'x509' registered
[    0.489924] Block layer SCSI generic (bsg) driver version 0.4 loaded (major 253)
[    0.490020] io scheduler noop registered
[    0.490086] io scheduler deadline registered
[    0.490155] io scheduler cfq registered (default)
[    0.490293] pcieport 0000:00:01.0: irq 40 for MSI/MSI-X
[    0.490392] pcieport 0000:00:1c.0: irq 41 for MSI/MSI-X
[    0.490503] pcieport 0000:00:1c.1: irq 42 for MSI/MSI-X
[    0.490602] pcieport 0000:00:1c.2: irq 43 for MSI/MSI-X
[    0.490702] pcieport 0000:00:1c.3: irq 44 for MSI/MSI-X
[    0.490800] pcieport 0000:00:1c.4: irq 45 for MSI/MSI-X
[    0.490899] pcieport 0000:00:1c.7: irq 46 for MSI/MSI-X
[    0.491028] pci_hotplug: PCI Hot Plug PCI Core version: 0.5
[    0.491220] input: Power Button as /devices/LNXSYSTM:00/LNXSYBUS:00/PNP0C0C:00/input/input0
[    0.491320] ACPI: Power Button [PWRB]
[    0.491421] input: Power Button as /devices/LNXSYSTM:00/LNXPWRBN:00/input/input1
[    0.491533] ACPI: Power Button [PWRF]
[    0.491679] ACPI: Requesting acpi_cpufreq
[    0.491839] Monitor-Mwait will be used to enter C-1 state
[    0.491841] Monitor-Mwait will be used to enter C-3 state
[    0.491848] ACPI: acpi_idle registered with cpuidle
[    0.493409] Serial: 8250/16550 driver, 4 ports, IRQ sharing enabled
[    0.493928] Non-volatile memory driver v1.3
[    0.493996] Linux agpgart interface v0.103
[    0.494158] [drm] Initialized drm 1.1.0 20060810
[    0.494277] [drm:drm_pci_agp_init] *ERROR* Cannot initialize the agpgart module.
[    0.494373] DRM: Fill_in_dev failed.
[    0.495126] loop: module loaded
[    0.495329] ahci 0000:00:1f.2: version 3.0
[    0.495384] ahci 0000:00:1f.2: irq 47 for MSI/MSI-X
[    0.505486] ahci 0000:00:1f.2: AHCI 0001.0300 32 slots 6 ports 6 Gbps 0x3f impl SATA mode
[    0.505583] ahci 0000:00:1f.2: flags: 64bit ncq sntf pm led clo pio slum part ems apst 
[    0.505680] ahci 0000:00:1f.2: setting latency timer to 64
[    0.515941] scsi0 : ahci
[    0.516086] scsi1 : ahci
[    0.516219] scsi2 : ahci
[    0.516352] scsi3 : ahci
[    0.516491] scsi4 : ahci
[    0.516624] scsi5 : ahci
[    0.516759] ata1: SATA max UDMA/133 abar m2048@0xfad25000 port 0xfad25100 irq 47
[    0.516856] ata2: SATA max UDMA/133 abar m2048@0xfad25000 port 0xfad25180 irq 47
[    0.516951] ata3: SATA max UDMA/133 abar m2048@0xfad25000 port 0xfad25200 irq 47
[    0.517047] ata4: SATA max UDMA/133 abar m2048@0xfad25000 port 0xfad25280 irq 47
[    0.517143] ata5: SATA max UDMA/133 abar m2048@0xfad25000 port 0xfad25300 irq 47
[    0.517238] ata6: SATA max UDMA/133 abar m2048@0xfad25000 port 0xfad25380 irq 47
[    0.517486] ahci 0000:05:00.0: AHCI 0001.0100 32 slots 2 ports 3 Gbps 0x3 impl SATA mode
[    0.517584] ahci 0000:05:00.0: flags: 64bit ncq pm led clo pmp pio slum part 
[    0.517907] scsi6 : ahci
[    0.518039] scsi7 : ahci
[    0.518159] ata7: SATA max UDMA/133 abar m512@0xfab10000 port 0xfab10100 irq 19
[    0.518256] ata8: SATA max UDMA/133 abar m512@0xfab10000 port 0xfab10180 irq 19
[    0.518920] ahci 0000:09:00.0: irq 48 for MSI/MSI-X
[    0.518973] ahci 0000:09:00.0: AHCI 0001.0000 32 slots 2 ports 6 Gbps 0x3 impl SATA mode
[    0.519070] ahci 0000:09:00.0: flags: 64bit ncq sntf led only pmp fbs pio slum part sxs 
[    0.519416] scsi8 : ahci
[    0.519572] scsi9 : ahci
[    0.519693] ata9: SATA max UDMA/133 abar m512@0xfa810000 port 0xfa810100 irq 48
[    0.519790] ata10: SATA max UDMA/133 abar m512@0xfa810000 port 0xfa810180 irq 48
[    0.520067] ehci_hcd: USB 2.0 'Enhanced' Host Controller (EHCI) Driver
[    0.520139] ehci-pci: EHCI PCI platform driver
[    0.520243] ehci-pci 0000:00:1a.0: setting latency timer to 64
[    0.520246] ehci-pci 0000:00:1a.0: EHCI Host Controller
[    0.520350] ehci-pci 0000:00:1a.0: new USB bus registered, assigned bus number 1
[    0.520473] ehci-pci 0000:00:1a.0: debug port 2
[    0.524447] ehci-pci 0000:00:1a.0: cache line size of 64 is not supported
[    0.524457] ehci-pci 0000:00:1a.0: irq 23, io mem 0xfad27000
[    0.530443] ehci-pci 0000:00:1a.0: USB 2.0 started, EHCI 1.00
[    0.530531] usb usb1: New USB device found, idVendor=1d6b, idProduct=0002
[    0.530603] usb usb1: New USB device strings: Mfr=3, Product=2, SerialNumber=1
[    0.530698] usb usb1: Product: EHCI Host Controller
[    0.530768] usb usb1: Manufacturer: Linux 3.9.11 ehci_hcd
[    0.530836] usb usb1: SerialNumber: 0000:00:1a.0
[    0.530984] hub 1-0:1.0: USB hub found
[    0.531053] hub 1-0:1.0: 2 ports detected
[    0.531182] ehci-pci 0000:00:1d.0: setting latency timer to 64
[    0.531185] ehci-pci 0000:00:1d.0: EHCI Host Controller
[    0.531289] ehci-pci 0000:00:1d.0: new USB bus registered, assigned bus number 2
[    0.531393] ehci-pci 0000:00:1d.0: debug port 2
[    0.535385] ehci-pci 0000:00:1d.0: cache line size of 64 is not supported
[    0.535387] ehci-pci 0000:00:1d.0: irq 23, io mem 0xfad26000
[    0.541429] ehci-pci 0000:00:1d.0: USB 2.0 started, EHCI 1.00
[    0.541512] usb usb2: New USB device found, idVendor=1d6b, idProduct=0002
[    0.541584] usb usb2: New USB device strings: Mfr=3, Product=2, SerialNumber=1
[    0.541679] usb usb2: Product: EHCI Host Controller
[    0.541747] usb usb2: Manufacturer: Linux 3.9.11 ehci_hcd
[    0.541816] usb usb2: SerialNumber: 0000:00:1d.0
[    0.541964] hub 2-0:1.0: USB hub found
[    0.542032] hub 2-0:1.0: 2 ports detected
[    0.542148] ohci_hcd: USB 1.1 'Open' Host Controller (OHCI) Driver
[    0.542242] uhci_hcd: USB Universal Host Controller Interface driver
[    0.542366] usbcore: registered new interface driver usblp
[    0.542446] Initializing USB Mass Storage driver...
[    0.542543] usbcore: registered new interface driver usb-storage
[    0.542613] USB Mass Storage support registered.
[    0.542776] i8042: PNP: No PS/2 controller found. Probing ports directly.
[    0.545544] serio: i8042 KBD port at 0x60,0x64 irq 1
[    0.545614] serio: i8042 AUX port at 0x60,0x64 irq 12
[    0.545764] mousedev: PS/2 mouse device common for all mice
[    0.545973] rtc_cmos 00:03: RTC can wake from S4
[    0.546152] rtc_cmos 00:03: rtc core: registered rtc_cmos as rtc0
[    0.546247] rtc_cmos 00:03: alarms up to one month, y3k, 114 bytes nvram, hpet irqs
[    0.546419] i801_smbus 0000:00:1f.3: SMBus using PCI Interrupt
[    0.546612] device-mapper: ioctl: 4.24.0-ioctl (2013-01-15) initialised: dm-devel@redhat.com
[    0.546735] cpuidle: using governor ladder
[    0.546838] cpuidle: using governor menu
[    0.546904] EFI Variables Facility v0.08 2004-May-17
[    0.547023] hidraw: raw HID events driver (C) Jiri Kosina
[    0.547855] usbcore: registered new interface driver usbhid
[    0.547927] usbhid: USB HID core driver
[    0.548047] Netfilter messages via NETLINK v0.30.
[    0.548119] nf_conntrack version 0.5.0 (16384 buckets, 65536 max)
[    0.548267] ctnetlink v0.93: registering with nfnetlink.
[    0.548396] ip_tables: (C) 2000-2006 Netfilter Core Team
[    0.548496] TCP: cubic registered
[    0.548565] Initializing XFRM netlink socket
[    0.548944] NET: Registered protocol family 10
[    0.549097] ip6_tables: (C) 2000-2006 Netfilter Core Team
[    0.549188] sit: IPv6 over IPv4 tunneling driver
[    0.549388] NET: Registered protocol family 17
[    0.549482] Key type dns_resolver registered
[    0.550048] registered taskstats version 1
[    0.550524] console [netcon0] enabled
[    0.550591] netconsole: network logging started
[    0.821210] ata2: SATA link up 6.0 Gbps (SStatus 133 SControl 300)
[    0.821317] ata1: SATA link up 6.0 Gbps (SStatus 133 SControl 300)
[    0.821405] ata3: SATA link up 3.0 Gbps (SStatus 123 SControl 300)
[    0.821498] ata4: SATA link up 3.0 Gbps (SStatus 123 SControl 300)
[    0.821696] ata1.00: ATA-9: INTEL SSDSC2BA100G3, 5DV10270, max UDMA/133
[    0.821790] ata1.00: 195371568 sectors, multi 1: LBA48 NCQ (depth 31/32)
[    0.821875] ata3.00: ATA-9: INTEL SSDSC2BA100G3, 5DV10270, max UDMA/133
[    0.821950] ata3.00: 195371568 sectors, multi 1: LBA48 NCQ (depth 31/32)
[    0.822031] ata4.00: ATA-9: INTEL SSDSC2BA100G3, 5DV10270, max UDMA/133
[    0.822106] ata4.00: 195371568 sectors, multi 1: LBA48 NCQ (depth 31/32)
[    0.822212] ata6: SATA link up 3.0 Gbps (SStatus 123 SControl 300)
[    0.822307] ata5: SATA link up 3.0 Gbps (SStatus 123 SControl 300)
[    0.822387] ata2.00: ATA-9: INTEL SSDSC2BA100G3, 5DV10270, max UDMA/133
[    0.822462] ata2.00: 195371568 sectors, multi 1: LBA48 NCQ (depth 31/32)
[    0.822627] ata3.00: configured for UDMA/133
[    0.822707] ata1.00: configured for UDMA/133
[    0.822784] ata5.00: ATA-9: INTEL SSDSC2BA100G3, 5DV10270, max UDMA/133
[    0.822836] scsi 0:0:0:0: Direct-Access     ATA      INTEL SSDSC2BA10 5DV1 PQ: 0 ANSI: 5
[    0.822960] ata5.00: 195371568 sectors, multi 1: LBA48 NCQ (depth 31/32)
[    0.823034] ata4.00: configured for UDMA/133
[    0.823128] sd 0:0:0:0: [sda] 195371568 512-byte logical blocks: (100 GB/93.1 GiB)
[    0.823129] sd 0:0:0:0: [sda] 4096-byte physical blocks
[    0.823188] sd 0:0:0:0: [sda] Write Protect is off
[    0.823189] sd 0:0:0:0: [sda] Mode Sense: 00 3a 00 00
[    0.823202] sd 0:0:0:0: [sda] Write cache: enabled, read cache: enabled, doesn't support DPO or FUA
[    0.823489] ata6.00: ATA-9: INTEL SSDSC2BA100G3, 5DV10270, max UDMA/133
[    0.823524] ata8: SATA link down (SStatus 0 SControl 300)
[    0.823665] ata6.00: 195371568 sectors, multi 1: LBA48 NCQ (depth 31/32)
[    0.823782] ata7: SATA link down (SStatus 0 SControl 300)
[    0.823816] ata2.00: configured for UDMA/133
[    0.823820] ata5.00: configured for UDMA/133
[    0.823854] sd 0:0:0:0: Attached scsi generic sg0 type 0
[    0.823969] scsi 1:0:0:0: Direct-Access     ATA      INTEL SSDSC2BA10 5DV1 PQ: 0 ANSI: 5
[    0.824097] sd 1:0:0:0: [sdb] 195371568 512-byte logical blocks: (100 GB/93.1 GiB)
[    0.824097] sd 1:0:0:0: [sdb] 4096-byte physical blocks
[    0.824169]  sda: sda1
[    0.824191] sd 1:0:0:0: [sdb] Write Protect is off
[    0.824192] sd 1:0:0:0: [sdb] Mode Sense: 00 3a 00 00
[    0.824228] sd 1:0:0:0: [sdb] Write cache: enabled, read cache: enabled, doesn't support DPO or FUA
[    0.824245] sd 1:0:0:0: Attached scsi generic sg1 type 0
[    0.824561] sd 0:0:0:0: [sda] Attached SCSI disk
[    0.824657]  sdb: sdb1
[    0.824890] sd 1:0:0:0: [sdb] Attached SCSI disk
[    0.825212] scsi 2:0:0:0: Direct-Access     ATA      INTEL SSDSC2BA10 5DV1 PQ: 0 ANSI: 5
[    0.825378] sd 2:0:0:0: [sdc] 195371568 512-byte logical blocks: (100 GB/93.1 GiB)
[    0.825379] ata6.00: configured for UDMA/133
[    0.825380] sd 2:0:0:0: [sdc] 4096-byte physical blocks
[    0.825457] sd 2:0:0:0: Attached scsi generic sg2 type 0
[    0.825490] sd 2:0:0:0: [sdc] Write Protect is off
[    0.825491] sd 2:0:0:0: [sdc] Mode Sense: 00 3a 00 00
[    0.825518] sd 2:0:0:0: [sdc] Write cache: enabled, read cache: enabled, doesn't support DPO or FUA
[    0.825578] scsi 3:0:0:0: Direct-Access     ATA      INTEL SSDSC2BA10 5DV1 PQ: 0 ANSI: 5
[    0.825750] sd 3:0:0:0: [sdd] 195371568 512-byte logical blocks: (100 GB/93.1 GiB)
[    0.825750] sd 3:0:0:0: [sdd] 4096-byte physical blocks
[    0.825831] sd 3:0:0:0: Attached scsi generic sg3 type 0
[    0.825831] sd 3:0:0:0: [sdd] Write Protect is off
[    0.825833] sd 3:0:0:0: [sdd] Mode Sense: 00 3a 00 00
[    0.825860] sd 3:0:0:0: [sdd] Write cache: enabled, read cache: enabled, doesn't support DPO or FUA
[    0.825917]  sdc: sdc1
[    0.825966] scsi 4:0:0:0: Direct-Access     ATA      INTEL SSDSC2BA10 5DV1 PQ: 0 ANSI: 5
[    0.826158] sd 4:0:0:0: [sde] 195371568 512-byte logical blocks: (100 GB/93.1 GiB)
[    0.826159] sd 4:0:0:0: [sde] 4096-byte physical blocks
[    0.826194] sd 2:0:0:0: [sdc] Attached SCSI disk
[    0.826210]  sdd: sdd1
[    0.826221] sd 4:0:0:0: Attached scsi generic sg4 type 0
[    0.826240] sd 4:0:0:0: [sde] Write Protect is off
[    0.826240] sd 4:0:0:0: [sde] Mode Sense: 00 3a 00 00
[    0.826272] sd 4:0:0:0: [sde] Write cache: enabled, read cache: enabled, doesn't support DPO or FUA
[    0.826564] sd 3:0:0:0: [sdd] Attached SCSI disk
[    0.826675]  sde: sde1
[    0.826905] sd 4:0:0:0: [sde] Attached SCSI disk
[    0.828104] scsi 5:0:0:0: Direct-Access     ATA      INTEL SSDSC2BA10 5DV1 PQ: 0 ANSI: 5
[    0.828463] sd 5:0:0:0: [sdf] 195371568 512-byte logical blocks: (100 GB/93.1 GiB)
[    0.828553] sd 5:0:0:0: Attached scsi generic sg5 type 0
[    0.828673] sd 5:0:0:0: [sdf] 4096-byte physical blocks
[    0.828818] sd 5:0:0:0: [sdf] Write Protect is off
[    0.828888] sd 5:0:0:0: [sdf] Mode Sense: 00 3a 00 00
[    0.828909] sd 5:0:0:0: [sdf] Write cache: enabled, read cache: enabled, doesn't support DPO or FUA
[    0.829295]  sdf: sdf1
[    0.829588] sd 5:0:0:0: [sdf] Attached SCSI disk
[    0.833142] usb 1-1: new high-speed USB device number 2 using ehci-pci
[    0.947444] usb 1-1: New USB device found, idVendor=8087, idProduct=0024
[    0.947534] usb 1-1: New USB device strings: Mfr=0, Product=0, SerialNumber=0
[    0.947964] hub 1-1:1.0: USB hub found
[    0.948148] hub 1-1:1.0: 6 ports detected
[    0.979055] ata10: SATA link up 3.0 Gbps (SStatus 123 SControl 300)
[    0.979161] ata9: SATA link up 6.0 Gbps (SStatus 133 SControl 300)
[    0.979546] ata10.00: ATA-8: INTEL SSDSA2CW120G3, 4PC10362, max UDMA/133
[    0.979625] ata10.00: 234441648 sectors, multi 1: LBA48 NCQ (depth 31/32)
[    0.979781] ata9.00: ATA-9: INTEL SSDSC2BB080G6, G2010140, max UDMA/133
[    0.980325] ata9.00: 156301488 sectors, multi 1: LBA48 NCQ (depth 31/32)
[    0.980486] ata10.00: configured for UDMA/133
[    0.981084] ata9.00: configured for UDMA/133
[    0.981340] scsi 8:0:0:0: Direct-Access     ATA      INTEL SSDSC2BB08 G201 PQ: 0 ANSI: 5
[    0.981889] sd 8:0:0:0: [sdg] 156301488 512-byte logical blocks: (80.0 GB/74.5 GiB)
[    0.982030] sd 8:0:0:0: [sdg] 4096-byte physical blocks
[    0.982031] sd 8:0:0:0: Attached scsi generic sg6 type 0
[    0.982225] scsi 9:0:0:0: Direct-Access     ATA      INTEL SSDSA2CW12 4PC1 PQ: 0 ANSI: 5
[    0.982373] sd 8:0:0:0: [sdg] Write Protect is off
[    0.982458] sd 8:0:0:0: [sdg] Mode Sense: 00 3a 00 00
[    0.982479] sd 8:0:0:0: [sdg] Write cache: enabled, read cache: enabled, doesn't support DPO or FUA
[    0.982548] sd 9:0:0:0: [sdh] 234441648 512-byte logical blocks: (120 GB/111 GiB)
[    0.982608] sd 9:0:0:0: Attached scsi generic sg7 type 0
[    0.982638] sd 9:0:0:0: [sdh] Write Protect is off
[    0.982639] sd 9:0:0:0: [sdh] Mode Sense: 00 3a 00 00
[    0.982672] sd 9:0:0:0: [sdh] Write cache: enabled, read cache: enabled, doesn't support DPO or FUA
[    0.983065]  sdh: sdh1
[    0.983342] sd 9:0:0:0: [sdh] Attached SCSI disk
[    0.983654]  sdg: sdg1 sdg2 sdg3 sdg4
[    0.983964] sd 8:0:0:0: [sdg] Attached SCSI disk
[    0.984066] md: Waiting for all devices to be available before autodetect
[    0.984144] md: If you don't use raid, use raid=noautodetect
[    0.984337] md: Autodetecting RAID arrays.
[    0.984534] md: invalid raid superblock magic on sda1
[    0.984608] md: sda1 does not have a valid v0.90 superblock, not importing!
[    0.984791] md: invalid raid superblock magic on sdb1
[    0.984860] md: sdb1 does not have a valid v0.90 superblock, not importing!
[    0.984982] md: invalid raid superblock magic on sdc1
[    0.985066] md: sdc1 does not have a valid v0.90 superblock, not importing!
[    0.985189] md: invalid raid superblock magic on sdd1
[    0.985258] md: sdd1 does not have a valid v0.90 superblock, not importing!
[    0.985379] md: invalid raid superblock magic on sde1
[    0.985447] md: sde1 does not have a valid v0.90 superblock, not importing!
[    0.985569] md: invalid raid superblock magic on sdf1
[    0.985637] md: sdf1 does not have a valid v0.90 superblock, not importing!
[    0.985710] md: Scanned 6 and added 0 devices.
[    0.985777] md: autorun ...
[    0.985842] md: ... autorun DONE.
[    0.986048] EXT4-fs (sdg3): couldn't mount as ext2 due to feature incompatibilities
[    0.989263] EXT4-fs (sdg3): mounted filesystem with ordered data mode. Opts: (null)
[    0.989365] VFS: Mounted root (ext4 filesystem) readonly on device 8:99.
[    0.989774] Freeing unused kernel memory: 880k freed
[    0.989917] Write protecting the kernel read-only data: 12288k
[    0.991824] Freeing unused kernel memory: 1340k freed
[    0.994475] Freeing unused kernel memory: 1920k freed
[    1.048725] kbd_mode (1147) used greatest stack depth: 5568 bytes left
[    1.050938] usb 2-1: new high-speed USB device number 2 using ehci-pci
[    1.052324] loadkeys (1148) used greatest stack depth: 4904 bytes left
[    1.052512] init-early.sh (1146) used greatest stack depth: 4632 bytes left
[    1.165216] usb 2-1: New USB device found, idVendor=8087, idProduct=0024
[    1.165219] usb 2-1: New USB device strings: Mfr=0, Product=0, SerialNumber=0
[    1.165495] hub 2-1:1.0: USB hub found
[    1.165562] hub 2-1:1.0: 8 ports detected
[    1.297197] pps_core: LinuxPPS API ver. 1 registered
[    1.297199] pps_core: Software ver. 5.3.6 - Copyright 2005-2007 Rodolfo Giometti <giometti@linux.it>
[    1.298669] PTP clock support registered
[    1.302098] e1000e: Intel(R) PRO/1000 Network Driver - 2.2.14-k
[    1.302100] e1000e: Copyright(c) 1999 - 2013 Intel Corporation.
[    1.302198] e1000e 0000:00:19.0: setting latency timer to 64
[    1.302653] e1000e 0000:00:19.0: Interrupt Throttling Rate (ints/sec) set to dynamic conservative mode
[    1.302855] e1000e 0000:00:19.0: irq 49 for MSI/MSI-X
[    1.324687] md: bind<sdc1>
[    1.325713] md: bind<sdf1>
[    1.326978] md: bind<sda1>
[    1.329453] md: bind<sdb1>
[    1.330698] md: bind<sdd1>
[    1.332239] md: bind<sde1>
[    1.334662] md: raid10 personality registered for level 10
[    1.334842] md/raid10:md127: active with 6 out of 6 devices
[    1.334852] md127: detected capacity change from 0 to 299885395968
[    1.335139]  md127: unknown partition table
[    1.350550] mdadm (1378) used greatest stack depth: 4408 bytes left
[    1.440706] usb 2-1.7: new full-speed USB device number 3 using ehci-pci
[    1.469567] tsc: Refined TSC clocksource calibration: 3300.024 MHz
[    1.469573] Switching to clocksource tsc
[    1.526239] usb 2-1.7: New USB device found, idVendor=0cf3, idProduct=3000
[    1.526242] usb 2-1.7: New USB device strings: Mfr=0, Product=0, SerialNumber=0
[    1.561786] e1000e 0000:00:19.0 eth0: registered PHC clock
[    1.561789] e1000e 0000:00:19.0 eth0: (PCI Express:2.5GT/s:Width x1) 14:da:e9:0f:78:84
[    1.561790] e1000e 0000:00:19.0 eth0: Intel(R) PRO/1000 Network Connection
[    1.561822] e1000e 0000:00:19.0 eth0: MAC: 10, PHY: 11, PBA No: FFFFFF-0FF
[    2.353848] EXT4-fs (sdg3): re-mounted. Opts: (null)
[    2.393145] Adding 1020k swap on /dev/sdg2.  Priority:-1 extents:1 across:1020k SS
[    2.938121] e1000e 0000:00:19.0: irq 49 for MSI/MSI-X
[    3.039108] e1000e 0000:00:19.0: irq 49 for MSI/MSI-X
[    3.039179] IPv6: ADDRCONF(NETDEV_UP): eno1: link is not ready
[    5.845857] e1000e: eno1 NIC Link is Up 1000 Mbps Full Duplex, Flow Control: Rx/Tx
[    5.845890] IPv6: ADDRCONF(NETDEV_CHANGE): eno1: link becomes ready
[   48.280004] EXT4-fs (md127): barriers disabled
[   48.285502] EXT4-fs (md127): mounted filesystem with ordered data mode. Opts: nobarrier
[  131.578629] nr_pdflush_threads exported in /proc is scheduled for removal
[  131.578703] sysctl: The scan_unevictable_pages sysctl/node-interface has been disabled for lack of a legitimate use case.  If you have one, please send an email to linux-mm@kvack.org.
