[    0.000000] Linux version 3.2.79 (root@bench) (gcc version 4.7.3 (Gentoo 4.7.3-r1 p1.4, pie-0.5.5) ) #1 SMP Mon May 2 04:28:53 CEST 2016
[    0.000000] Command line: BOOT_IMAGE=/kernel-3.2.79 root=/dev/sdg3 ro
[    0.000000] BIOS-provided physical RAM map:
[    0.000000]  BIOS-e820: 0000000000000000 - 000000000009b400 (usable)
[    0.000000]  BIOS-e820: 000000000009b400 - 00000000000a0000 (reserved)
[    0.000000]  BIOS-e820: 00000000000e0000 - 0000000000100000 (reserved)
[    0.000000]  BIOS-e820: 0000000000100000 - 0000000020000000 (usable)
[    0.000000]  BIOS-e820: 0000000020000000 - 0000000020200000 (reserved)
[    0.000000]  BIOS-e820: 0000000020200000 - 0000000040000000 (usable)
[    0.000000]  BIOS-e820: 0000000040000000 - 0000000040200000 (reserved)
[    0.000000]  BIOS-e820: 0000000040200000 - 00000000b677e000 (usable)
[    0.000000]  BIOS-e820: 00000000b677e000 - 00000000b67d5000 (ACPI NVS)
[    0.000000]  BIOS-e820: 00000000b67d5000 - 00000000b6b5c000 (reserved)
[    0.000000]  BIOS-e820: 00000000b6b5c000 - 00000000b6b5f000 (ACPI NVS)
[    0.000000]  BIOS-e820: 00000000b6b5f000 - 00000000b6da5000 (reserved)
[    0.000000]  BIOS-e820: 00000000b6da5000 - 00000000b6db6000 (ACPI NVS)
[    0.000000]  BIOS-e820: 00000000b6db6000 - 00000000b6dcd000 (reserved)
[    0.000000]  BIOS-e820: 00000000b6dcd000 - 00000000b6dcf000 (usable)
[    0.000000]  BIOS-e820: 00000000b6dcf000 - 00000000b6dd7000 (reserved)
[    0.000000]  BIOS-e820: 00000000b6dd7000 - 00000000b6de2000 (ACPI NVS)
[    0.000000]  BIOS-e820: 00000000b6de2000 - 00000000b6e3e000 (reserved)
[    0.000000]  BIOS-e820: 00000000b6e3e000 - 00000000b6e81000 (ACPI NVS)
[    0.000000]  BIOS-e820: 00000000b6e81000 - 00000000b7000000 (usable)
[    0.000000]  BIOS-e820: 00000000b7800000 - 00000000bfa00000 (reserved)
[    0.000000]  BIOS-e820: 00000000fed1c000 - 00000000fed20000 (reserved)
[    0.000000]  BIOS-e820: 00000000ff000000 - 0000000100000000 (reserved)
[    0.000000]  BIOS-e820: 0000000100000000 - 000000023fe00000 (usable)
[    0.000000] NX (Execute Disable) protection: active
[    0.000000] SMBIOS 2.6 present.
[    0.000000] DMI: System manufacturer System Product Name/P8Z68-V PRO, BIOS 0501 05/09/2011
[    0.000000] e820 update range: 0000000000000000 - 0000000000010000 (usable) ==> (reserved)
[    0.000000] e820 remove range: 00000000000a0000 - 0000000000100000 (usable)
[    0.000000] No AGP bridge found
[    0.000000] last_pfn = 0x23fe00 max_arch_pfn = 0x400000000
[    0.000000] MTRR default type: uncachable
[    0.000000] MTRR fixed ranges enabled:
[    0.000000]   00000-9FFFF write-back
[    0.000000]   A0000-BFFFF uncachable
[    0.000000]   C0000-D3FFF write-protect
[    0.000000]   D4000-E7FFF uncachable
[    0.000000]   E8000-FFFFF write-protect
[    0.000000] MTRR variable ranges enabled:
[    0.000000]   0 base 000000000 mask E00000000 write-back
[    0.000000]   1 base 200000000 mask FC0000000 write-back
[    0.000000]   2 base 0B7800000 mask FFF800000 uncachable
[    0.000000]   3 base 0B8000000 mask FF8000000 uncachable
[    0.000000]   4 base 0C0000000 mask FC0000000 uncachable
[    0.000000]   5 base 23FE00000 mask FFFE00000 uncachable
[    0.000000]   6 disabled
[    0.000000]   7 disabled
[    0.000000]   8 disabled
[    0.000000]   9 disabled
[    0.000000] x86 PAT enabled: cpu 0, old 0x7040600070406, new 0x7010600070106
[    0.000000] e820 update range: 00000000b7800000 - 0000000100000000 (usable) ==> (reserved)
[    0.000000] last_pfn = 0xb7000 max_arch_pfn = 0x400000000
[    0.000000] found SMP MP-table at [ffff8800000fcee0] fcee0
[    0.000000] initial memory mapped : 0 - 20000000
[    0.000000] Base memory trampoline at [ffff880000099000] 99000 size 8192
[    0.000000] reserving inaccessible SNB gfx pages
[    0.000000] init_memory_mapping: 0000000000000000-00000000b7000000
[    0.000000]  0000000000 - 00b7000000 page 2M
[    0.000000] kernel direct mapping tables up to b7000000 @ 1fffc000-20000000
[    0.000000] init_memory_mapping: 0000000100000000-000000023fe00000
[    0.000000]  0100000000 - 023fe00000 page 2M
[    0.000000] kernel direct mapping tables up to 23fe00000 @ b6ffa000-b7000000
[    0.000000] ACPI: RSDP 0x00000000000F0420 00024 (v02 ALASKA)
[    0.000000] ACPI: XSDT 0x00000000B67CA068 0004C (v01 ALASKA A M I    01072009 AMI  00010013)
[    0.000000] ACPI: FACP 0x00000000B67D42D8 000F4 (v04 ALASKA A M I    01072009 AMI  00010013)
[    0.000000] ACPI: DSDT 0x00000000B67CA140 0A198 (v02 ALASKA A M I    00000000 INTL 20051117)
[    0.000000] ACPI: FACS 0x00000000B6DD9F80 00040
[    0.000000] ACPI: APIC 0x00000000B67D43D0 00072 (v03 ALASKA A M I    01072009 AMI  00010013)
[    0.000000] ACPI: SSDT 0x00000000B67D4448 00102 (v01 AMICPU PROC     00000001 MSFT 03000001)
[    0.000000] ACPI: MCFG 0x00000000B67D4550 0003C (v01 ALASKA A M I    01072009 MSFT 00000097)
[    0.000000] ACPI: HPET 0x00000000B67D4590 00038 (v01 ALASKA A M I    01072009 AMI. 00000004)
[    0.000000] ACPI: Local APIC address 0xfee00000
[    0.000000] No NUMA configuration found
[    0.000000] Faking a node at 0000000000000000-000000023fe00000
[    0.000000] Initmem setup node 0 0000000000000000-000000023fe00000
[    0.000000]   NODE_DATA [000000023fdfb000 - 000000023fdfffff]
[    0.000000]  [ffffea0000000000-ffffea0008ffffff] PMD -> [ffff880237600000-ffff88023f3fffff] on node 0
[    0.000000] Zone PFN ranges:
[    0.000000]   DMA      0x00000010 -> 0x00001000
[    0.000000]   DMA32    0x00001000 -> 0x00100000
[    0.000000]   Normal   0x00100000 -> 0x0023fe00
[    0.000000] Movable zone start PFN for each node
[    0.000000] early_node_map[7] active PFN ranges
[    0.000000]     0: 0x00000010 -> 0x0000009b
[    0.000000]     0: 0x00000100 -> 0x00020000
[    0.000000]     0: 0x00020200 -> 0x00040000
[    0.000000]     0: 0x00040200 -> 0x000b677e
[    0.000000]     0: 0x000b6dcd -> 0x000b6dcf
[    0.000000]     0: 0x000b6e81 -> 0x000b7000
[    0.000000]     0: 0x00100000 -> 0x0023fe00
[    0.000000] On node 0 totalpages: 2056842
[    0.000000]   DMA zone: 64 pages used for memmap
[    0.000000]   DMA zone: 139 pages reserved
[    0.000000]   DMA zone: 3776 pages, LIFO batch:0
[    0.000000]   DMA32 zone: 16320 pages used for memmap
[    0.000000]   DMA32 zone: 726335 pages, LIFO batch:31
[    0.000000]   Normal zone: 20472 pages used for memmap
[    0.000000]   Normal zone: 1289736 pages, LIFO batch:31
[    0.000000] ACPI: PM-Timer IO Port: 0x408
[    0.000000] ACPI: Local APIC address 0xfee00000
[    0.000000] ACPI: LAPIC (acpi_id[0x01] lapic_id[0x00] enabled)
[    0.000000] ACPI: LAPIC (acpi_id[0x02] lapic_id[0x02] enabled)
[    0.000000] ACPI: LAPIC (acpi_id[0x03] lapic_id[0x04] enabled)
[    0.000000] ACPI: LAPIC (acpi_id[0x04] lapic_id[0x06] enabled)
[    0.000000] ACPI: LAPIC_NMI (acpi_id[0xff] high edge lint[0x1])
[    0.000000] ACPI: IOAPIC (id[0x00] address[0xfec00000] gsi_base[0])
[    0.000000] IOAPIC[0]: apic_id 0, version 32, address 0xfec00000, GSI 0-23
[    0.000000] ACPI: INT_SRC_OVR (bus 0 bus_irq 0 global_irq 2 dfl dfl)
[    0.000000] ACPI: INT_SRC_OVR (bus 0 bus_irq 9 global_irq 9 high level)
[    0.000000] ACPI: IRQ0 used by override.
[    0.000000] ACPI: IRQ2 used by override.
[    0.000000] ACPI: IRQ9 used by override.
[    0.000000] Using ACPI (MADT) for SMP configuration information
[    0.000000] ACPI: HPET id: 0x8086a701 base: 0xfed00000
[    0.000000] SMP: Allowing 4 CPUs, 0 hotplug CPUs
[    0.000000] nr_irqs_gsi: 40
[    0.000000] Allocating PCI resources starting at bfa00000 (gap: bfa00000:3f31c000)
[    0.000000] setup_percpu: NR_CPUS:64 nr_cpumask_bits:64 nr_cpu_ids:4 nr_node_ids:1
[    0.000000] PERCPU: Embedded 25 pages/cpu @ffff88023fa00000 s72256 r8192 d21952 u524288
[    0.000000] pcpu-alloc: s72256 r8192 d21952 u524288 alloc=1*2097152
[    0.000000] pcpu-alloc: [0] 0 1 2 3 
[    0.000000] Built 1 zonelists in Zone order, mobility grouping on.  Total pages: 2019847
[    0.000000] Policy zone: Normal
[    0.000000] Kernel command line: BOOT_IMAGE=/kernel-3.2.79 root=/dev/sdg3 ro
[    0.000000] PID hash table entries: 4096 (order: 3, 32768 bytes)
[    0.000000] xsave/xrstor: enabled xstate_bv 0x7, cntxt size 0x340
[    0.000000] Checking aperture...
[    0.000000] No AGP bridge found
[    0.000000] Memory: 8018684k/9435136k available (6199k kernel code, 1207768k absent, 208684k reserved, 4662k data, 628k init)
[    0.000000] SLUB: Genslabs=15, HWalign=64, Order=0-3, MinObjects=0, CPUs=4, Nodes=1
[    0.000000] Hierarchical RCU implementation.
[    0.000000] NR_IRQS:4352 nr_irqs:712 16
[    0.000000] Extended CMOS year: 2000
[    0.000000] Console: colour VGA+ 80x25
[    0.000000] console [tty0] enabled
[    0.000000] hpet clockevent registered
[    0.000000] Fast TSC calibration using PIT
[    0.001000] Detected 3300.217 MHz processor.
[    0.000001] Calibrating delay loop (skipped), value calculated using timer frequency.. 6600.43 BogoMIPS (lpj=3300217)
[    0.000140] pid_max: default: 32768 minimum: 301
[    0.000222] Security Framework initialized
[    0.000596] Dentry cache hash table entries: 1048576 (order: 11, 8388608 bytes)
[    0.001874] Inode-cache hash table entries: 524288 (order: 10, 4194304 bytes)
[    0.002466] Mount-cache hash table entries: 256
[    0.002611] CPU: Physical Processor ID: 0
[    0.002678] CPU: Processor Core ID: 0
[    0.002746] ENERGY_PERF_BIAS: Set to 'normal', was 'performance'
[    0.002747] ENERGY_PERF_BIAS: View and update with x86_energy_perf_policy(8)
[    0.002888] mce: CPU supports 9 MCE banks
[    0.002963] CPU0: Thermal monitoring enabled (TM1)
[    0.003035] using mwait in idle threads.
[    0.003165] ACPI: Core revision 20110623
[    0.108171] ..TIMER: vector=0x30 apic1=0 pin1=2 apic2=-1 pin2=-1
[    0.118234] CPU0: Intel(R) Core(TM) i5-2500K CPU @ 3.30GHz stepping 07
[    0.220038] Performance Events: PEBS fmt1+, SandyBridge events, Intel PMU driver.
[    0.220247] PEBS disabled due to CPU errata.
[    0.220315] ... version:                3
[    0.220382] ... bit width:              48
[    0.220449] ... generic registers:      8
[    0.220515] ... value mask:             0000ffffffffffff
[    0.220584] ... max period:             000000007fffffff
[    0.220652] ... fixed-purpose events:   3
[    0.220719] ... event mask:             00000007000000ff
[    0.220875] Booting Node   0, Processors  #1
[    0.220956] smpboot cpu 1: start_ip = 99000
[    0.312074]  #2
[    0.312115] smpboot cpu 2: start_ip = 99000
[    0.402930]  #3 Ok.
[    0.402996] smpboot cpu 3: start_ip = 99000
[    0.493810] Brought up 4 CPUs
[    0.493878] Total of 4 processors activated (26397.37 BogoMIPS).
[    0.496041] devtmpfs: initialized
[    0.496203] NET: Registered protocol family 16
[    0.496316] kworker/u:0 used greatest stack depth: 6576 bytes left
[    0.496388] kworker/u:0 used greatest stack depth: 5664 bytes left
[    0.496577] ACPI: bus type pci registered
[    0.496693] PCI: MMCONFIG for domain 0000 [bus 00-3f] at [mem 0xe0000000-0xe3ffffff] (base 0xe0000000)
[    0.496794] PCI: not using MMCONFIG
[    0.496859] PCI: Using configuration type 1 for base access
[    0.499912] bio: create slab <bio-0> at 0
[    0.500033] ACPI: Added _OSI(Module Device)
[    0.500101] ACPI: Added _OSI(Processor Device)
[    0.500169] ACPI: Added _OSI(3.0 _SCP Extensions)
[    0.500236] ACPI: Added _OSI(Processor Aggregator Device)
[    0.501059] ACPI: EC: Look up EC in DSDT
[    0.501759] ACPI: Executed 1 blocks of module-level executable AML code
[    0.503517] ACPI: SSDT 0x00000000B6DD8918 003E0 (v01 AMI    IST      00000001 MSFT 03000001)
[    0.503903] ACPI: Dynamic OEM Table Load:
[    0.504043] ACPI: SSDT 0x0000000000000000 003E0 (v01 AMI    IST      00000001 MSFT 03000001)
[    0.504230] ACPI: SSDT 0x00000000B6DD7D98 000E4 (v01 AMI    CST      00000001 MSFT 03000001)
[    0.504581] ACPI: Dynamic OEM Table Load:
[    0.504725] ACPI: SSDT 0x0000000000000000 000E4 (v01 AMI    CST      00000001 MSFT 03000001)
[    0.505164] ACPI: Interpreter enabled
[    0.505231] ACPI: (supports S0 S5)
[    0.505375] ACPI: Using IOAPIC for interrupt routing
[    0.505456] PCI: MMCONFIG for domain 0000 [bus 00-3f] at [mem 0xe0000000-0xe3ffffff] (base 0xe0000000)
[    0.505585] PCI: MMCONFIG at [mem 0xe0000000-0xe3ffffff] reserved in ACPI motherboard resources
[    0.511417] [Firmware Bug]: ACPI: BIOS _OSI(Linux) query ignored
[    0.515394] ACPI: EC: GPE = 0x18, I/O: command/status = 0x66, data = 0x62
[    0.515575] ACPI: No dock devices found.
[    0.515643] PCI: Using host bridge windows from ACPI; if necessary, use "pci=nocrs" and report a bug
[    0.515846] ACPI: PCI Root Bridge [PCI0] (domain 0000 [bus 00-ff])
[    0.516042] pci_root PNP0A08:00: host bridge window [io  0x0000-0x0cf7]
[    0.516113] pci_root PNP0A08:00: host bridge window [io  0x0d00-0xffff]
[    0.516184] pci_root PNP0A08:00: host bridge window [mem 0x000a0000-0x000bffff]
[    0.516279] pci_root PNP0A08:00: host bridge window [mem 0x000c8000-0x000dffff]
[    0.516374] pci_root PNP0A08:00: host bridge window [mem 0xbfa00000-0xffffffff]
[    0.516472] pci_root PNP0A08:00: ignoring host bridge window [mem 0x000c8000-0x000dffff] (conflicts with Video ROM [mem 0x000c0000-0x000cdbff])
[    0.516581] pci 0000:00:00.0: [8086:0100] type 0 class 0x000600
[    0.516608] pci 0000:00:01.0: [8086:0101] type 1 class 0x000604
[    0.516630] pci 0000:00:01.0: PME# supported from D0 D3hot D3cold
[    0.516632] pci 0000:00:01.0: PME# disabled
[    0.516646] pci 0000:00:02.0: [8086:0112] type 0 class 0x000300
[    0.516653] pci 0000:00:02.0: reg 10: [mem 0xfa400000-0xfa7fffff 64bit]
[    0.516658] pci 0000:00:02.0: reg 18: [mem 0xc0000000-0xcfffffff 64bit pref]
[    0.516661] pci 0000:00:02.0: reg 20: [io  0xf000-0xf03f]
[    0.516707] pci 0000:00:16.0: [8086:1c3a] type 0 class 0x000780
[    0.516728] pci 0000:00:16.0: reg 10: [mem 0xfad29000-0xfad2900f 64bit]
[    0.516797] pci 0000:00:16.0: PME# supported from D0 D3hot D3cold
[    0.516801] pci 0000:00:16.0: PME# disabled
[    0.516827] pci 0000:00:19.0: [8086:1503] type 0 class 0x000200
[    0.516843] pci 0000:00:19.0: reg 10: [mem 0xfad00000-0xfad1ffff]
[    0.516851] pci 0000:00:19.0: reg 14: [mem 0xfad28000-0xfad28fff]
[    0.516859] pci 0000:00:19.0: reg 18: [io  0xf080-0xf09f]
[    0.516917] pci 0000:00:19.0: PME# supported from D0 D3hot D3cold
[    0.516920] pci 0000:00:19.0: PME# disabled
[    0.516941] pci 0000:00:1a.0: [8086:1c2d] type 0 class 0x000c03
[    0.516960] pci 0000:00:1a.0: reg 10: [mem 0xfad27000-0xfad273ff]
[    0.517044] pci 0000:00:1a.0: PME# supported from D0 D3hot D3cold
[    0.517048] pci 0000:00:1a.0: PME# disabled
[    0.517070] pci 0000:00:1b.0: [8086:1c20] type 0 class 0x000403
[    0.517083] pci 0000:00:1b.0: reg 10: [mem 0xfad20000-0xfad23fff 64bit]
[    0.517145] pci 0000:00:1b.0: PME# supported from D0 D3hot D3cold
[    0.517148] pci 0000:00:1b.0: PME# disabled
[    0.517168] pci 0000:00:1c.0: [8086:1c10] type 1 class 0x000604
[    0.517241] pci 0000:00:1c.0: PME# supported from D0 D3hot D3cold
[    0.517244] pci 0000:00:1c.0: PME# disabled
[    0.517265] pci 0000:00:1c.1: [8086:1c12] type 1 class 0x000604
[    0.517338] pci 0000:00:1c.1: PME# supported from D0 D3hot D3cold
[    0.517341] pci 0000:00:1c.1: PME# disabled
[    0.517363] pci 0000:00:1c.2: [8086:1c14] type 1 class 0x000604
[    0.517436] pci 0000:00:1c.2: PME# supported from D0 D3hot D3cold
[    0.517439] pci 0000:00:1c.2: PME# disabled
[    0.517460] pci 0000:00:1c.3: [8086:1c16] type 1 class 0x000604
[    0.517533] pci 0000:00:1c.3: PME# supported from D0 D3hot D3cold
[    0.517537] pci 0000:00:1c.3: PME# disabled
[    0.517557] pci 0000:00:1c.4: [8086:1c18] type 1 class 0x000604
[    0.517630] pci 0000:00:1c.4: PME# supported from D0 D3hot D3cold
[    0.517634] pci 0000:00:1c.4: PME# disabled
[    0.517655] pci 0000:00:1c.6: [8086:244e] type 1 class 0x000604
[    0.517730] pci 0000:00:1c.6: PME# supported from D0 D3hot D3cold
[    0.517734] pci 0000:00:1c.6: PME# disabled
[    0.517754] pci 0000:00:1c.7: [8086:1c1e] type 1 class 0x000604
[    0.517828] pci 0000:00:1c.7: PME# supported from D0 D3hot D3cold
[    0.517831] pci 0000:00:1c.7: PME# disabled
[    0.517855] pci 0000:00:1d.0: [8086:1c26] type 0 class 0x000c03
[    0.517875] pci 0000:00:1d.0: reg 10: [mem 0xfad26000-0xfad263ff]
[    0.517959] pci 0000:00:1d.0: PME# supported from D0 D3hot D3cold
[    0.517963] pci 0000:00:1d.0: PME# disabled
[    0.517983] pci 0000:00:1f.0: [8086:1c44] type 0 class 0x000601
[    0.518100] pci 0000:00:1f.2: [8086:1c02] type 0 class 0x000106
[    0.518116] pci 0000:00:1f.2: reg 10: [io  0xf0d0-0xf0d7]
[    0.518123] pci 0000:00:1f.2: reg 14: [io  0xf0c0-0xf0c3]
[    0.518130] pci 0000:00:1f.2: reg 18: [io  0xf0b0-0xf0b7]
[    0.518137] pci 0000:00:1f.2: reg 1c: [io  0xf0a0-0xf0a3]
[    0.518144] pci 0000:00:1f.2: reg 20: [io  0xf060-0xf07f]
[    0.518151] pci 0000:00:1f.2: reg 24: [mem 0xfad25000-0xfad257ff]
[    0.518192] pci 0000:00:1f.2: PME# supported from D3hot
[    0.518195] pci 0000:00:1f.2: PME# disabled
[    0.518210] pci 0000:00:1f.3: [8086:1c22] type 0 class 0x000c05
[    0.518223] pci 0000:00:1f.3: reg 10: [mem 0xfad24000-0xfad240ff 64bit]
[    0.518242] pci 0000:00:1f.3: reg 20: [io  0xf040-0xf05f]
[    0.518290] pci 0000:01:00.0: [10de:1245] type 0 class 0x000300
[    0.518298] pci 0000:01:00.0: reg 10: [mem 0xf8000000-0xf9ffffff]
[    0.518306] pci 0000:01:00.0: reg 14: [mem 0xd0000000-0xd7ffffff 64bit pref]
[    0.518315] pci 0000:01:00.0: reg 1c: [mem 0xd8000000-0xdbffffff 64bit pref]
[    0.518321] pci 0000:01:00.0: reg 24: [io  0xe000-0xe07f]
[    0.518327] pci 0000:01:00.0: reg 30: [mem 0xfa000000-0xfa07ffff pref]
[    0.518373] pci 0000:01:00.1: [10de:0bee] type 0 class 0x000403
[    0.518381] pci 0000:01:00.1: reg 10: [mem 0xfa080000-0xfa083fff]
[    0.519707] pci 0000:00:01.0: PCI bridge to [bus 01-01]
[    0.519776] pci 0000:00:01.0:   bridge window [io  0xe000-0xefff]
[    0.519778] pci 0000:00:01.0:   bridge window [mem 0xf8000000-0xfa0fffff]
[    0.519781] pci 0000:00:01.0:   bridge window [mem 0xd0000000-0xdbffffff 64bit pref]
[    0.519822] pci 0000:00:1c.0: PCI bridge to [bus 02-02]
[    0.519963] pci 0000:03:00.0: [1b21:1042] type 0 class 0x000c03
[    0.519991] pci 0000:03:00.0: reg 10: [mem 0xfac00000-0xfac07fff 64bit]
[    0.520135] pci 0000:03:00.0: PME# supported from D3hot D3cold
[    0.520140] pci 0000:03:00.0: PME# disabled
[    0.521707] pci 0000:00:1c.1: PCI bridge to [bus 03-03]
[    0.521780] pci 0000:00:1c.1:   bridge window [mem 0xfac00000-0xfacfffff]
[    0.521826] pci 0000:00:1c.2: PCI bridge to [bus 04-04]
[    0.521961] pci 0000:05:00.0: [197b:2362] type 0 class 0x000101
[    0.521995] pci 0000:05:00.0: reg 10: [io  0xd040-0xd047]
[    0.522010] pci 0000:05:00.0: reg 14: [io  0xd030-0xd033]
[    0.522026] pci 0000:05:00.0: reg 18: [io  0xd020-0xd027]
[    0.522042] pci 0000:05:00.0: reg 1c: [io  0xd010-0xd013]
[    0.522057] pci 0000:05:00.0: reg 20: [io  0xd000-0xd00f]
[    0.522073] pci 0000:05:00.0: reg 24: [mem 0xfab10000-0xfab101ff]
[    0.522089] pci 0000:05:00.0: reg 30: [mem 0x00000000-0x0000ffff pref]
[    0.522149] pci 0000:05:00.0: PME# supported from D3hot
[    0.522155] pci 0000:05:00.0: PME# disabled
[    0.523705] pci 0000:00:1c.3: PCI bridge to [bus 05-05]
[    0.523775] pci 0000:00:1c.3:   bridge window [io  0xd000-0xdfff]
[    0.523778] pci 0000:00:1c.3:   bridge window [mem 0xfab00000-0xfabfffff]
[    0.523850] pci 0000:06:00.0: [1b21:1042] type 0 class 0x000c03
[    0.523877] pci 0000:06:00.0: reg 10: [mem 0xfaa00000-0xfaa07fff 64bit]
[    0.524021] pci 0000:06:00.0: PME# supported from D3hot D3cold
[    0.524026] pci 0000:06:00.0: PME# disabled
[    0.525703] pci 0000:00:1c.4: PCI bridge to [bus 06-06]
[    0.525776] pci 0000:00:1c.4:   bridge window [mem 0xfaa00000-0xfaafffff]
[    0.525835] pci 0000:07:00.0: [1b21:1080] type 1 class 0x000604
[    0.525953] pci 0000:00:1c.6: PCI bridge to [bus 07-08] (subtractive decode)
[    0.526026] pci 0000:00:1c.6:   bridge window [io  0xc000-0xcfff]
[    0.526030] pci 0000:00:1c.6:   bridge window [mem 0xfa900000-0xfa9fffff]
[    0.526035] pci 0000:00:1c.6:   bridge window [io  0x0000-0x0cf7] (subtractive decode)
[    0.526037] pci 0000:00:1c.6:   bridge window [io  0x0d00-0xffff] (subtractive decode)
[    0.526038] pci 0000:00:1c.6:   bridge window [mem 0x000a0000-0x000bffff] (subtractive decode)
[    0.526040] pci 0000:00:1c.6:   bridge window [mem 0xbfa00000-0xffffffff] (subtractive decode)
[    0.526101] pci 0000:08:02.0: [1106:3044] type 0 class 0x000c00
[    0.526132] pci 0000:08:02.0: reg 10: [mem 0xfa900000-0xfa9007ff]
[    0.526149] pci 0000:08:02.0: reg 14: [io  0xc000-0xc07f]
[    0.526278] pci 0000:08:02.0: supports D2
[    0.526279] pci 0000:08:02.0: PME# supported from D2 D3hot D3cold
[    0.526285] pci 0000:08:02.0: PME# disabled
[    0.526360] pci 0000:07:00.0: PCI bridge to [bus 08-08] (subtractive decode)
[    0.526440] pci 0000:07:00.0:   bridge window [io  0xc000-0xcfff]
[    0.526445] pci 0000:07:00.0:   bridge window [mem 0xfa900000-0xfa9fffff]
[    0.526454] pci 0000:07:00.0:   bridge window [io  0xc000-0xcfff] (subtractive decode)
[    0.526456] pci 0000:07:00.0:   bridge window [mem 0xfa900000-0xfa9fffff] (subtractive decode)
[    0.526457] pci 0000:07:00.0:   bridge window [??? 0x00000000 flags 0x0] (subtractive decode)
[    0.526458] pci 0000:07:00.0:   bridge window [??? 0x00000000 flags 0x0] (subtractive decode)
[    0.526460] pci 0000:07:00.0:   bridge window [io  0x0000-0x0cf7] (subtractive decode)
[    0.526461] pci 0000:07:00.0:   bridge window [io  0x0d00-0xffff] (subtractive decode)
[    0.526463] pci 0000:07:00.0:   bridge window [mem 0x000a0000-0x000bffff] (subtractive decode)
[    0.526464] pci 0000:07:00.0:   bridge window [mem 0xbfa00000-0xffffffff] (subtractive decode)
[    0.526535] pci 0000:09:00.0: [1b4b:9172] type 0 class 0x000106
[    0.526551] pci 0000:09:00.0: reg 10: [io  0xb040-0xb047]
[    0.526564] pci 0000:09:00.0: reg 14: [io  0xb030-0xb033]
[    0.526576] pci 0000:09:00.0: reg 18: [io  0xb020-0xb027]
[    0.526588] pci 0000:09:00.0: reg 1c: [io  0xb010-0xb013]
[    0.526600] pci 0000:09:00.0: reg 20: [io  0xb000-0xb00f]
[    0.526612] pci 0000:09:00.0: reg 24: [mem 0xfa810000-0xfa8101ff]
[    0.526625] pci 0000:09:00.0: reg 30: [mem 0xfa800000-0xfa80ffff pref]
[    0.526682] pci 0000:09:00.0: PME# supported from D3hot
[    0.526686] pci 0000:09:00.0: PME# disabled
[    0.528698] pci 0000:00:1c.7: PCI bridge to [bus 09-09]
[    0.529228] pci 0000:00:1c.7:   bridge window [io  0xb000-0xbfff]
[    0.529232] pci 0000:00:1c.7:   bridge window [mem 0xfa800000-0xfa8fffff]
[    0.529269] ACPI: PCI Interrupt Routing Table [\_SB_.PCI0._PRT]
[    0.529320] ACPI: PCI Interrupt Routing Table [\_SB_.PCI0.P0P1._PRT]
[    0.529336] ACPI: PCI Interrupt Routing Table [\_SB_.PCI0.PEX0._PRT]
[    0.529349] ACPI: PCI Interrupt Routing Table [\_SB_.PCI0.PEX1._PRT]
[    0.529363] ACPI: PCI Interrupt Routing Table [\_SB_.PCI0.PEX2._PRT]
[    0.529377] ACPI: PCI Interrupt Routing Table [\_SB_.PCI0.PEX3._PRT]
[    0.529400] ACPI: PCI Interrupt Routing Table [\_SB_.PCI0.PEX4._PRT]
[    0.529414] ACPI: PCI Interrupt Routing Table [\_SB_.PCI0.PEX6._PRT]
[    0.529429] ACPI: PCI Interrupt Routing Table [\_SB_.PCI0.PEX6.BR24._PRT]
[    0.529454] ACPI: PCI Interrupt Routing Table [\_SB_.PCI0.PEX7._PRT]
[    0.529520]  pci0000:00: Requesting ACPI _OSC control (0x1d)
[    0.529706]  pci0000:00: ACPI _OSC control (0x1c) granted
[    0.532617] ACPI: PCI Interrupt Link [LNKA] (IRQs 3 4 5 6 7 10 *11 12 14 15)
[    0.533160] ACPI: PCI Interrupt Link [LNKB] (IRQs 3 4 5 6 7 *10 11 12 14 15)
[    0.533701] ACPI: PCI Interrupt Link [LNKC] (IRQs *3 4 5 6 10 11 12 14 15)
[    0.534202] ACPI: PCI Interrupt Link [LNKD] (IRQs 3 4 5 6 10 *11 12 14 15)
[    0.534703] ACPI: PCI Interrupt Link [LNKE] (IRQs 3 4 6 7 *10 11 12 14 15)
[    0.535203] ACPI: PCI Interrupt Link [LNKF] (IRQs 3 4 *5 6 7 10 11 12 14 15)
[    0.535742] ACPI: PCI Interrupt Link [LNKG] (IRQs 3 *4 5 6 7 10 11 12 14 15)
[    0.536281] ACPI: PCI Interrupt Link [LNKH] (IRQs 3 4 5 6 *7 10 11 12 14 15)
[    0.536874] vgaarb: device added: PCI:0000:00:02.0,decodes=io+mem,owns=io+mem,locks=none
[    0.536976] vgaarb: device added: PCI:0000:01:00.0,decodes=io+mem,owns=none,locks=none
[    0.537073] vgaarb: loaded
[    0.537138] vgaarb: bridge control possible 0000:01:00.0
[    0.537206] vgaarb: no bridge control possible 0000:00:02.0
[    0.537337] SCSI subsystem initialized
[    0.537448] libata version 3.00 loaded.
[    0.537493] usbcore: registered new interface driver usbfs
[    0.537589] usbcore: registered new interface driver hub
[    0.537679] usbcore: registered new device driver usb
[    0.537835] PCI: Using ACPI for IRQ routing
[    0.539215] PCI: pci_cache_line_size set to 64 bytes
[    0.539299] reserve RAM buffer: 000000000009b400 - 000000000009ffff 
[    0.539301] reserve RAM buffer: 00000000b677e000 - 00000000b7ffffff 
[    0.539302] reserve RAM buffer: 00000000b6dcf000 - 00000000b7ffffff 
[    0.539304] reserve RAM buffer: 00000000b7000000 - 00000000b7ffffff 
[    0.539305] reserve RAM buffer: 000000023fe00000 - 000000023fffffff 
[    0.539392] NetLabel: Initializing
[    0.539459] NetLabel:  domain hash size = 128
[    0.539526] NetLabel:  protocols = UNLABELED CIPSOv4
[    0.539599] NetLabel:  unlabeled traffic allowed by default
[    0.539677] hpet0: at MMIO 0xfed00000, IRQs 2, 8, 0, 0, 0, 0, 0, 0
[    0.540080] hpet0: 8 comparators, 64-bit 14.318180 MHz counter
[    0.543163] Switching to clocksource hpet
[    0.544494] pnp: PnP ACPI init
[    0.544564] ACPI: bus type pnp registered
[    0.544701] pnp 00:00: [bus 00-ff]
[    0.544703] pnp 00:00: [io  0x0cf8-0x0cff]
[    0.544704] pnp 00:00: [io  0x0000-0x0cf7 window]
[    0.544705] pnp 00:00: [io  0x0d00-0xffff window]
[    0.544707] pnp 00:00: [mem 0x000a0000-0x000bffff window]
[    0.544708] pnp 00:00: [mem 0x000c8000-0x000dffff window]
[    0.544709] pnp 00:00: [mem 0xbfa00000-0xffffffff window]
[    0.544710] pnp 00:00: [mem 0x00000000 window]
[    0.544756] pnp 00:00: Plug and Play ACPI device, IDs PNP0a08 PNP0a03 (active)
[    0.544787] pnp 00:01: [mem 0xfed10000-0xfed19fff]
[    0.544788] pnp 00:01: [mem 0xe0000000-0xe3ffffff]
[    0.544789] pnp 00:01: [mem 0xfed90000-0xfed93fff]
[    0.544790] pnp 00:01: [mem 0xfed20000-0xfed3ffff]
[    0.544791] pnp 00:01: [mem 0xfee00000-0xfee0ffff]
[    0.544832] system 00:01: [mem 0xfed10000-0xfed19fff] has been reserved
[    0.544903] system 00:01: [mem 0xe0000000-0xe3ffffff] has been reserved
[    0.544974] system 00:01: [mem 0xfed90000-0xfed93fff] has been reserved
[    0.545046] system 00:01: [mem 0xfed20000-0xfed3ffff] has been reserved
[    0.545117] system 00:01: [mem 0xfee00000-0xfee0ffff] has been reserved
[    0.545189] system 00:01: Plug and Play ACPI device, IDs PNP0c01 (active)
[    0.545225] pnp 00:02: [io  0x0000-0xffffffffffffffff disabled]
[    0.545227] pnp 00:02: [io  0x0000-0xffffffffffffffff disabled]
[    0.545228] pnp 00:02: [io  0x0290-0x029f]
[    0.545229] pnp 00:02: [io  0x0000-0xffffffffffffffff disabled]
[    0.545266] system 00:02: [io  0x0290-0x029f] has been reserved
[    0.545343] system 00:02: Plug and Play ACPI device, IDs PNP0c02 (active)
[    0.545351] pnp 00:03: [dma 4]
[    0.545352] pnp 00:03: [io  0x0000-0x000f]
[    0.545353] pnp 00:03: [io  0x0081-0x0083]
[    0.545354] pnp 00:03: [io  0x0087]
[    0.545355] pnp 00:03: [io  0x0089-0x008b]
[    0.545356] pnp 00:03: [io  0x008f]
[    0.545357] pnp 00:03: [io  0x00c0-0x00df]
[    0.545385] pnp 00:03: Plug and Play ACPI device, IDs PNP0200 (active)
[    0.545391] pnp 00:04: [io  0x0070-0x0071]
[    0.545396] pnp 00:04: [irq 8]
[    0.545423] pnp 00:04: Plug and Play ACPI device, IDs PNP0b00 (active)
[    0.545428] pnp 00:05: [io  0x0061]
[    0.545454] pnp 00:05: Plug and Play ACPI device, IDs PNP0800 (active)
[    0.545463] pnp 00:06: [io  0x0010-0x001f]
[    0.545464] pnp 00:06: [io  0x0022-0x003f]
[    0.545465] pnp 00:06: [io  0x0044-0x005f]
[    0.545466] pnp 00:06: [io  0x0063]
[    0.545468] pnp 00:06: [io  0x0065]
[    0.545469] pnp 00:06: [io  0x0067-0x006f]
[    0.545470] pnp 00:06: [io  0x0072-0x007f]
[    0.545471] pnp 00:06: [io  0x0080]
[    0.545472] pnp 00:06: [io  0x0084-0x0086]
[    0.545473] pnp 00:06: [io  0x0088]
[    0.545474] pnp 00:06: [io  0x008c-0x008e]
[    0.545475] pnp 00:06: [io  0x0090-0x009f]
[    0.545476] pnp 00:06: [io  0x00a2-0x00bf]
[    0.545477] pnp 00:06: [io  0x00e0-0x00ef]
[    0.545478] pnp 00:06: [io  0x04d0-0x04d1]
[    0.545522] system 00:06: [io  0x04d0-0x04d1] has been reserved
[    0.545593] system 00:06: Plug and Play ACPI device, IDs PNP0c02 (active)
[    0.545598] pnp 00:07: [io  0x00f0-0x00ff]
[    0.545602] pnp 00:07: [irq 13]
[    0.545630] pnp 00:07: Plug and Play ACPI device, IDs PNP0c04 (active)
[    0.545785] pnp 00:08: [io  0x0400-0x0453]
[    0.545786] pnp 00:08: [io  0x0458-0x047f]
[    0.545787] pnp 00:08: [io  0x0000-0xffffffffffffffff disabled]
[    0.545788] pnp 00:08: [io  0x0500-0x057f]
[    0.545789] pnp 00:08: [mem 0xfed1c000-0xfed1ffff]
[    0.545790] pnp 00:08: [mem 0xfec00000-0xfecfffff]
[    0.545792] pnp 00:08: [mem 0xfed08000-0xfed08fff]
[    0.545793] pnp 00:08: [mem 0xff000000-0xffffffff]
[    0.545834] system 00:08: [io  0x0400-0x0453] could not be reserved
[    0.545905] system 00:08: [io  0x0458-0x047f] has been reserved
[    0.545975] system 00:08: [io  0x0500-0x057f] has been reserved
[    0.546046] system 00:08: [mem 0xfed1c000-0xfed1ffff] has been reserved
[    0.546117] system 00:08: [mem 0xfec00000-0xfecfffff] could not be reserved
[    0.546189] system 00:08: [mem 0xfed08000-0xfed08fff] has been reserved
[    0.546260] system 00:08: [mem 0xff000000-0xffffffff] has been reserved
[    0.546338] system 00:08: Plug and Play ACPI device, IDs PNP0c01 (active)
[    0.546359] pnp 00:09: [io  0x0454-0x0457]
[    0.546396] system 00:09: [io  0x0454-0x0457] has been reserved
[    0.546467] system 00:09: Plug and Play ACPI device, IDs INT3f0d PNP0c02 (active)
[    0.546535] pnp 00:0a: [mem 0xfed00000-0xfed003ff]
[    0.546571] pnp 00:0a: Plug and Play ACPI device, IDs PNP0103 (active)
[    0.546658] pnp: PnP ACPI: found 11 devices
[    0.546725] ACPI: ACPI bus type pnp unregistered
[    0.553878] PCI: max bus depth: 2 pci_try_num: 3
[    0.553944] pci 0000:00:1c.3: BAR 15: assigned [mem 0xbfa00000-0xbfafffff pref]
[    0.554040] pci 0000:00:01.0: PCI bridge to [bus 01-01]
[    0.554110] pci 0000:00:01.0:   bridge window [io  0xe000-0xefff]
[    0.554181] pci 0000:00:01.0:   bridge window [mem 0xf8000000-0xfa0fffff]
[    0.554253] pci 0000:00:01.0:   bridge window [mem 0xd0000000-0xdbffffff 64bit pref]
[    0.554356] pci 0000:00:1c.0: PCI bridge to [bus 02-02]
[    0.554434] pci 0000:00:1c.1: PCI bridge to [bus 03-03]
[    0.554505] pci 0000:00:1c.1:   bridge window [mem 0xfac00000-0xfacfffff]
[    0.554582] pci 0000:00:1c.2: PCI bridge to [bus 04-04]
[    0.554659] pci 0000:05:00.0: BAR 6: assigned [mem 0xbfa00000-0xbfa0ffff pref]
[    0.554754] pci 0000:00:1c.3: PCI bridge to [bus 05-05]
[    0.554824] pci 0000:00:1c.3:   bridge window [io  0xd000-0xdfff]
[    0.554897] pci 0000:00:1c.3:   bridge window [mem 0xfab00000-0xfabfffff]
[    0.554970] pci 0000:00:1c.3:   bridge window [mem 0xbfa00000-0xbfafffff pref]
[    0.555069] pci 0000:00:1c.4: PCI bridge to [bus 06-06]
[    0.555141] pci 0000:00:1c.4:   bridge window [mem 0xfaa00000-0xfaafffff]
[    0.555218] pci 0000:07:00.0: PCI bridge to [bus 08-08]
[    0.555295] pci 0000:07:00.0:   bridge window [io  0xc000-0xcfff]
[    0.555371] pci 0000:07:00.0:   bridge window [mem 0xfa900000-0xfa9fffff]
[    0.555454] pci 0000:00:1c.6: PCI bridge to [bus 07-08]
[    0.555524] pci 0000:00:1c.6:   bridge window [io  0xc000-0xcfff]
[    0.555596] pci 0000:00:1c.6:   bridge window [mem 0xfa900000-0xfa9fffff]
[    0.555674] pci 0000:00:1c.7: PCI bridge to [bus 09-09]
[    0.555744] pci 0000:00:1c.7:   bridge window [io  0xb000-0xbfff]
[    0.555817] pci 0000:00:1c.7:   bridge window [mem 0xfa800000-0xfa8fffff]
[    0.555901] pci 0000:00:01.0: PCI INT A -> GSI 16 (level, low) -> IRQ 16
[    0.555973] pci 0000:00:01.0: setting latency timer to 64
[    0.555980] pci 0000:00:1c.0: PCI INT A -> GSI 17 (level, low) -> IRQ 17
[    0.556055] pci 0000:00:1c.0: setting latency timer to 64
[    0.556061] pci 0000:00:1c.1: PCI INT B -> GSI 16 (level, low) -> IRQ 16
[    0.556135] pci 0000:00:1c.1: setting latency timer to 64
[    0.556142] pci 0000:00:1c.2: PCI INT C -> GSI 18 (level, low) -> IRQ 18
[    0.556217] pci 0000:00:1c.2: setting latency timer to 64
[    0.556224] pci 0000:00:1c.3: PCI INT D -> GSI 19 (level, low) -> IRQ 19
[    0.556308] pci 0000:00:1c.3: setting latency timer to 64
[    0.556314] pci 0000:00:1c.4: PCI INT A -> GSI 17 (level, low) -> IRQ 17
[    0.556389] pci 0000:00:1c.4: setting latency timer to 64
[    0.556395] pci 0000:00:1c.6: PCI INT C -> GSI 18 (level, low) -> IRQ 18
[    0.556469] pci 0000:00:1c.6: setting latency timer to 64
[    0.556476] pci 0000:07:00.0: PCI INT A -> GSI 18 (level, low) -> IRQ 18
[    0.556555] pci 0000:07:00.0: setting latency timer to 64
[    0.556561] pci 0000:00:1c.7: PCI INT D -> GSI 19 (level, low) -> IRQ 19
[    0.556635] pci 0000:00:1c.7: setting latency timer to 64
[    0.556639] pci_bus 0000:00: resource 4 [io  0x0000-0x0cf7]
[    0.556640] pci_bus 0000:00: resource 5 [io  0x0d00-0xffff]
[    0.556641] pci_bus 0000:00: resource 6 [mem 0x000a0000-0x000bffff]
[    0.556642] pci_bus 0000:00: resource 7 [mem 0xbfa00000-0xffffffff]
[    0.556644] pci_bus 0000:01: resource 0 [io  0xe000-0xefff]
[    0.556645] pci_bus 0000:01: resource 1 [mem 0xf8000000-0xfa0fffff]
[    0.556646] pci_bus 0000:01: resource 2 [mem 0xd0000000-0xdbffffff 64bit pref]
[    0.556648] pci_bus 0000:03: resource 1 [mem 0xfac00000-0xfacfffff]
[    0.556649] pci_bus 0000:05: resource 0 [io  0xd000-0xdfff]
[    0.556650] pci_bus 0000:05: resource 1 [mem 0xfab00000-0xfabfffff]
[    0.556652] pci_bus 0000:05: resource 2 [mem 0xbfa00000-0xbfafffff pref]
[    0.556653] pci_bus 0000:06: resource 1 [mem 0xfaa00000-0xfaafffff]
[    0.556654] pci_bus 0000:07: resource 0 [io  0xc000-0xcfff]
[    0.556655] pci_bus 0000:07: resource 1 [mem 0xfa900000-0xfa9fffff]
[    0.556657] pci_bus 0000:07: resource 4 [io  0x0000-0x0cf7]
[    0.556658] pci_bus 0000:07: resource 5 [io  0x0d00-0xffff]
[    0.556659] pci_bus 0000:07: resource 6 [mem 0x000a0000-0x000bffff]
[    0.556660] pci_bus 0000:07: resource 7 [mem 0xbfa00000-0xffffffff]
[    0.556662] pci_bus 0000:08: resource 0 [io  0xc000-0xcfff]
[    0.556663] pci_bus 0000:08: resource 1 [mem 0xfa900000-0xfa9fffff]
[    0.556664] pci_bus 0000:08: resource 4 [io  0xc000-0xcfff]
[    0.556665] pci_bus 0000:08: resource 5 [mem 0xfa900000-0xfa9fffff]
[    0.556666] pci_bus 0000:08: resource 8 [io  0x0000-0x0cf7]
[    0.556668] pci_bus 0000:08: resource 9 [io  0x0d00-0xffff]
[    0.556669] pci_bus 0000:08: resource 10 [mem 0x000a0000-0x000bffff]
[    0.556670] pci_bus 0000:08: resource 11 [mem 0xbfa00000-0xffffffff]
[    0.556671] pci_bus 0000:09: resource 0 [io  0xb000-0xbfff]
[    0.556673] pci_bus 0000:09: resource 1 [mem 0xfa800000-0xfa8fffff]
[    0.556689] NET: Registered protocol family 2
[    0.557934] IP route cache hash table entries: 262144 (order: 9, 2097152 bytes)
[    0.558478] TCP established hash table entries: 524288 (order: 11, 8388608 bytes)
[    0.559562] TCP bind hash table entries: 65536 (order: 8, 1048576 bytes)
[    0.559754] TCP: Hash tables configured (established 524288 bind 65536)
[    0.559825] TCP reno registered
[    0.559897] UDP hash table entries: 4096 (order: 5, 131072 bytes)
[    0.559990] UDP-Lite hash table entries: 4096 (order: 5, 131072 bytes)
[    0.560118] NET: Registered protocol family 1
[    0.560240] RPC: Registered named UNIX socket transport module.
[    0.560318] RPC: Registered udp transport module.
[    0.560386] RPC: Registered tcp transport module.
[    0.560455] RPC: Registered tcp NFSv4.1 backchannel transport module.
[    0.560532] pci 0000:00:02.0: Boot video device
[    0.560551] pci 0000:00:1a.0: PCI INT A -> GSI 23 (level, low) -> IRQ 23
[    0.673236] pci 0000:00:1a.0: PCI INT A disabled
[    0.673333] pci 0000:00:1d.0: PCI INT A -> GSI 23 (level, low) -> IRQ 23
[    0.796038] pci 0000:00:1d.0: PCI INT A disabled
[    0.796137] pci 0000:03:00.0: PCI INT A -> GSI 17 (level, low) -> IRQ 17
[    0.796243] pci 0000:03:00.0: PCI INT A disabled
[    0.796322] pci 0000:06:00.0: PCI INT A -> GSI 16 (level, low) -> IRQ 16
[    0.796427] pci 0000:06:00.0: PCI INT A disabled
[    0.796505] PCI: CLS 64 bytes, default 64
[    0.796545] PCI-DMA: Using software bounce buffering for IO (SWIOTLB)
[    0.796616] Placing 64MB software IO TLB between ffff8800b277e000 - ffff8800b677e000
[    0.796712] software IO TLB at phys 0xb277e000 - 0xb677e000
[    0.797824] microcode: CPU0 sig=0x206a7, pf=0x2, revision=0x14
[    0.797896] microcode: CPU1 sig=0x206a7, pf=0x2, revision=0x14
[    0.797970] microcode: CPU2 sig=0x206a7, pf=0x2, revision=0x14
[    0.798049] microcode: CPU3 sig=0x206a7, pf=0x2, revision=0x14
[    0.798149] microcode: Microcode Update Driver: v2.00 <tigran@aivazian.fsnet.co.uk>, Peter Oruba
[    0.798675] sha1_ssse3: Using AVX optimized SHA-1 implementation
[    0.811886] HugeTLB registered 2 MB page size, pre-allocated 0 pages
[    0.813960] VFS: Disk quotas dquot_6.5.2
[    0.814077] Dquot-cache hash table entries: 512 (order 0, 4096 bytes)
[    0.814682] msgmni has been set to 15661
[    0.815591] NET: Registered protocol family 38
[    0.815715] Block layer SCSI generic (bsg) driver version 0.4 loaded (major 253)
[    0.815811] io scheduler noop registered
[    0.815877] io scheduler deadline registered
[    0.815977] io scheduler cfq registered (default)
[    0.816119] pcieport 0000:00:01.0: setting latency timer to 64
[    0.816135] pcieport 0000:00:01.0: irq 40 for MSI/MSI-X
[    0.816203] pcieport 0000:00:1c.0: setting latency timer to 64
[    0.816239] pcieport 0000:00:1c.0: irq 41 for MSI/MSI-X
[    0.816307] pcieport 0000:00:1c.1: setting latency timer to 64
[    0.816343] pcieport 0000:00:1c.1: irq 42 for MSI/MSI-X
[    0.816411] pcieport 0000:00:1c.2: setting latency timer to 64
[    0.816448] pcieport 0000:00:1c.2: irq 43 for MSI/MSI-X
[    0.816516] pcieport 0000:00:1c.3: setting latency timer to 64
[    0.816552] pcieport 0000:00:1c.3: irq 44 for MSI/MSI-X
[    0.816622] pcieport 0000:00:1c.4: setting latency timer to 64
[    0.816658] pcieport 0000:00:1c.4: irq 45 for MSI/MSI-X
[    0.816724] pcieport 0000:00:1c.7: setting latency timer to 64
[    0.816761] pcieport 0000:00:1c.7: irq 46 for MSI/MSI-X
[    0.816891] pci_hotplug: PCI Hot Plug PCI Core version: 0.5
[    0.817097] input: Power Button as /devices/LNXSYSTM:00/LNXSYBUS:00/PNP0C0C:00/input/input0
[    0.817196] ACPI: Power Button [PWRB]
[    0.817301] input: Power Button as /devices/LNXSYSTM:00/LNXPWRBN:00/input/input1
[    0.817396] ACPI: Power Button [PWRF]
[    0.817625] Monitor-Mwait will be used to enter C-1 state
[    0.817628] Monitor-Mwait will be used to enter C-3 state
[    0.817634] ACPI: acpi_idle registered with cpuidle
[    0.819034] Serial: 8250/16550 driver, 4 ports, IRQ sharing enabled
[    0.819545] Non-volatile memory driver v1.3
[    0.819613] Linux agpgart interface v0.103
[    0.819762] agpgart-intel 0000:00:00.0: Intel Sandybridge Chipset
[    0.819886] agpgart-intel 0000:00:00.0: detected gtt size: 2097152K total, 262144K mappable
[    0.820670] agpgart-intel 0000:00:00.0: detected 131072K stolen memory
[    0.820840] agpgart-intel 0000:00:00.0: AGP aperture is 256M @ 0xc0000000
[    0.820975] [drm] Initialized drm 1.1.0 20060810
[    0.821098] pci 0000:00:02.0: PCI INT A -> GSI 16 (level, low) -> IRQ 16
[    0.821171] pci 0000:00:02.0: setting latency timer to 64
[    0.846040] mtrr: type mismatch for c0000000,10000000 old: write-back new: write-combining
[    0.846137] [drm] MTRR allocation failed.  Graphics performance may suffer.
[    0.846553] pci 0000:00:02.0: irq 47 for MSI/MSI-X
[    0.846556] [drm] Supports vblank timestamp caching Rev 1 (10.10.2010).
[    0.846627] [drm] No driver support for vblank timestamp query.
[    0.847050] acpi device:41: registered as cooling_device4
[    0.847236] input: Video Bus as /devices/LNXSYSTM:00/LNXSYBUS:00/PNP0A08:00/LNXVIDEO:00/input/input2
[    0.847337] ACPI: Video Device [GFX0] (multi-head: yes  rom: no  post: no)
[    0.847434] [drm] Initialized i915 1.6.0 20080730 for 0000:00:02.0 on minor 0
[    0.848157] loop: module loaded
[    0.848370] ahci 0000:00:1f.2: version 3.0
[    0.848380] ahci 0000:00:1f.2: PCI INT B -> GSI 20 (level, low) -> IRQ 20
[    0.848477] ahci 0000:00:1f.2: irq 48 for MSI/MSI-X
[    0.859004] ahci 0000:00:1f.2: AHCI 0001.0300 32 slots 6 ports 6 Gbps 0x3f impl SATA mode
[    0.859102] ahci 0000:00:1f.2: flags: 64bit ncq sntf pm led clo pio slum part ems apst 
[    0.859200] ahci 0000:00:1f.2: setting latency timer to 64
[    0.869458] scsi0 : ahci
[    0.869597] scsi1 : ahci
[    0.869729] scsi2 : ahci
[    0.869861] scsi3 : ahci
[    0.870003] scsi4 : ahci
[    0.870135] scsi5 : ahci
[    0.870304] ata1: SATA max UDMA/133 abar m2048@0xfad25000 port 0xfad25100 irq 48
[    0.870401] ata2: SATA max UDMA/133 abar m2048@0xfad25000 port 0xfad25180 irq 48
[    0.870497] ata3: SATA max UDMA/133 abar m2048@0xfad25000 port 0xfad25200 irq 48
[    0.870592] ata4: SATA max UDMA/133 abar m2048@0xfad25000 port 0xfad25280 irq 48
[    0.870688] ata5: SATA max UDMA/133 abar m2048@0xfad25000 port 0xfad25300 irq 48
[    0.870784] ata6: SATA max UDMA/133 abar m2048@0xfad25000 port 0xfad25380 irq 48
[    0.871363] ahci 0000:05:00.0: PCI INT A -> GSI 19 (level, low) -> IRQ 19
[    0.871583] ahci 0000:05:00.0: AHCI 0001.0100 32 slots 2 ports 3 Gbps 0x3 impl SATA mode
[    0.871679] ahci 0000:05:00.0: flags: 64bit ncq pm led clo pmp pio slum part 
[    0.871755] ahci 0000:05:00.0: setting latency timer to 64
[    0.872010] scsi6 : ahci
[    0.872144] scsi7 : ahci
[    0.872265] ata7: SATA max UDMA/133 abar m512@0xfab10000 port 0xfab10100 irq 19
[    0.872363] ata8: SATA max UDMA/133 abar m512@0xfab10000 port 0xfab10180 irq 19
[    0.872475] ahci 0000:09:00.0: PCI INT A -> GSI 19 (level, low) -> IRQ 19
[    0.872615] ahci 0000:09:00.0: irq 49 for MSI/MSI-X
[    0.872666] ahci 0000:09:00.0: AHCI 0001.0000 32 slots 2 ports 6 Gbps 0x3 impl SATA mode
[    0.872763] ahci 0000:09:00.0: flags: 64bit ncq sntf led only pmp fbs pio slum part sxs 
[    0.872862] ahci 0000:09:00.0: setting latency timer to 64
[    0.873109] scsi8 : ahci
[    0.873246] scsi9 : ahci
[    0.873364] ata9: SATA max UDMA/133 abar m512@0xfa810000 port 0xfa810100 irq 49
[    0.873461] ata10: SATA max UDMA/133 abar m512@0xfa810000 port 0xfa810180 irq 49
[    0.873722] ehci_hcd: USB 2.0 'Enhanced' Host Controller (EHCI) Driver
[    0.873801] ehci_hcd 0000:00:1a.0: PCI INT A -> GSI 23 (level, low) -> IRQ 23
[    0.873885] ehci_hcd 0000:00:1a.0: setting latency timer to 64
[    0.873888] ehci_hcd 0000:00:1a.0: EHCI Host Controller
[    0.874006] ehci_hcd 0000:00:1a.0: new USB bus registered, assigned bus number 1
[    0.874121] ehci_hcd 0000:00:1a.0: debug port 2
[    0.878063] ehci_hcd 0000:00:1a.0: cache line size of 64 is not supported
[    0.878074] ehci_hcd 0000:00:1a.0: irq 23, io mem 0xfad27000
[    0.887952] ehci_hcd 0000:00:1a.0: USB 2.0 started, EHCI 1.00
[    0.888040] usb usb1: New USB device found, idVendor=1d6b, idProduct=0002
[    0.888112] usb usb1: New USB device strings: Mfr=3, Product=2, SerialNumber=1
[    0.888207] usb usb1: Product: EHCI Host Controller
[    0.888275] usb usb1: Manufacturer: Linux 3.2.79 ehci_hcd
[    0.888344] usb usb1: SerialNumber: 0000:00:1a.0
[    0.888495] hub 1-0:1.0: USB hub found
[    0.888563] hub 1-0:1.0: 2 ports detected
[    0.888683] ehci_hcd 0000:00:1d.0: PCI INT A -> GSI 23 (level, low) -> IRQ 23
[    0.888765] ehci_hcd 0000:00:1d.0: setting latency timer to 64
[    0.888768] ehci_hcd 0000:00:1d.0: EHCI Host Controller
[    0.888872] ehci_hcd 0000:00:1d.0: new USB bus registered, assigned bus number 2
[    0.889002] ehci_hcd 0000:00:1d.0: debug port 2
[    0.892947] ehci_hcd 0000:00:1d.0: cache line size of 64 is not supported
[    0.892950] ehci_hcd 0000:00:1d.0: irq 23, io mem 0xfad26000
[    0.901938] ehci_hcd 0000:00:1d.0: USB 2.0 started, EHCI 1.00
[    0.902020] usb usb2: New USB device found, idVendor=1d6b, idProduct=0002
[    0.902091] usb usb2: New USB device strings: Mfr=3, Product=2, SerialNumber=1
[    0.902186] usb usb2: Product: EHCI Host Controller
[    0.902254] usb usb2: Manufacturer: Linux 3.2.79 ehci_hcd
[    0.902323] usb usb2: SerialNumber: 0000:00:1d.0
[    0.902463] hub 2-0:1.0: USB hub found
[    0.902530] hub 2-0:1.0: 2 ports detected
[    0.902663] ohci_hcd: USB 1.1 'Open' Host Controller (OHCI) Driver
[    0.902756] uhci_hcd: USB Universal Host Controller Interface driver
[    0.902876] usbcore: registered new interface driver usblp
[    0.902959] Initializing USB Mass Storage driver...
[    0.903053] usbcore: registered new interface driver usb-storage
[    0.903123] USB Mass Storage support registered.
[    0.903279] i8042: PNP: No PS/2 controller found. Probing ports directly.
[    0.905933] serio: i8042 KBD port at 0x60,0x64 irq 1
[    0.906003] serio: i8042 AUX port at 0x60,0x64 irq 12
[    0.906147] mousedev: PS/2 mouse device common for all mice
[    0.906377] rtc_cmos 00:04: RTC can wake from S4
[    0.906533] rtc_cmos 00:04: rtc core: registered rtc_cmos as rtc0
[    0.906627] rtc0: alarms up to one month, y3k, 114 bytes nvram, hpet irqs
[    0.906727] i801_smbus 0000:00:1f.3: PCI INT C -> GSI 18 (level, low) -> IRQ 18
[    0.906975] device-mapper: ioctl: 4.22.0-ioctl (2011-10-19) initialised: dm-devel@redhat.com
[    0.907344] cpuidle: using governor ladder
[    0.907869] cpuidle: using governor menu
[    0.907949] EFI Variables Facility v0.08 2004-May-17
[    0.909383] usbcore: registered new interface driver usbhid
[    0.909453] usbhid: USB HID core driver
[    0.909568] Netfilter messages via NETLINK v0.30.
[    0.909647] nf_conntrack version 0.5.0 (16384 buckets, 65536 max)
[    0.909823] ctnetlink v0.93: registering with nfnetlink.
[    0.909942] ip_tables: (C) 2000-2006 Netfilter Core Team
[    0.910025] TCP cubic registered
[    0.910090] Initializing XFRM netlink socket
[    0.910332] NET: Registered protocol family 10
[    0.910468] ip6_tables: (C) 2000-2006 Netfilter Core Team
[    0.910551] IPv6 over IPv4 tunneling driver
[    0.910736] NET: Registered protocol family 17
[    0.910810] Registering the dns_resolver key type
[    0.910894] registered taskstats version 1
[    0.911322] console [netcon0] enabled
[    0.911388] netconsole: network logging started
[    1.175726] ata1: SATA link up 6.0 Gbps (SStatus 133 SControl 300)
[    1.175833] ata2: SATA link up 6.0 Gbps (SStatus 133 SControl 300)
[    1.175917] ata5: SATA link up 3.0 Gbps (SStatus 123 SControl 300)
[    1.176002] ata4: SATA link up 3.0 Gbps (SStatus 123 SControl 300)
[    1.176092] ata6: SATA link up 3.0 Gbps (SStatus 123 SControl 300)
[    1.176187] ata3: SATA link up 3.0 Gbps (SStatus 123 SControl 300)
[    1.176273] ata1.00: ATA-9: INTEL SSDSC2BA100G3, 5DV10270, max UDMA/133
[    1.176356] ata1.00: 195371568 sectors, multi 1: LBA48 NCQ (depth 31/32)
[    1.176434] ata5.00: ATA-9: INTEL SSDSC2BA100G3, 5DV10270, max UDMA/133
[    1.176506] ata5.00: 195371568 sectors, multi 1: LBA48 NCQ (depth 31/32)
[    1.176582] ata2.00: ATA-9: INTEL SSDSC2BA100G3, 5DV10270, max UDMA/133
[    1.176665] ata2.00: 195371568 sectors, multi 1: LBA48 NCQ (depth 31/32)
[    1.176743] ata4.00: ATA-9: INTEL SSDSC2BA100G3, 5DV10270, max UDMA/133
[    1.176773] ata7: SATA link down (SStatus 0 SControl 300)
[    1.176822] ata8: SATA link down (SStatus 0 SControl 300)
[    1.177020] ata4.00: 195371568 sectors, multi 1: LBA48 NCQ (depth 31/32)
[    1.177096] ata6.00: ATA-9: INTEL SSDSC2BA100G3, 5DV10270, max UDMA/133
[    1.177170] ata6.00: 195371568 sectors, multi 1: LBA48 NCQ (depth 31/32)
[    1.177250] ata3.00: ATA-9: INTEL SSDSC2BA100G3, 5DV10270, max UDMA/133
[    1.177325] ata3.00: 195371568 sectors, multi 1: LBA48 NCQ (depth 31/32)
[    1.177403] ata1.00: configured for UDMA/133
[    1.177487] ata2.00: configured for UDMA/133
[    1.177547] scsi 0:0:0:0: Direct-Access     ATA      INTEL SSDSC2BA10 5DV1 PQ: 0 ANSI: 5
[    1.177669] ata5.00: configured for UDMA/133
[    1.177841] ata4.00: configured for UDMA/133
[    1.177908] sd 0:0:0:0: [sda] 195371568 512-byte logical blocks: (100 GB/93.1 GiB)
[    1.177909] sd 0:0:0:0: [sda] 4096-byte physical blocks
[    1.177941] sd 0:0:0:0: [sda] Write Protect is off
[    1.177942] sd 0:0:0:0: [sda] Mode Sense: 00 3a 00 00
[    1.177950] sd 0:0:0:0: [sda] Write cache: enabled, read cache: enabled, doesn't support DPO or FUA
[    1.177984] sd 0:0:0:0: Attached scsi generic sg0 type 0
[    1.178069] scsi 1:0:0:0: Direct-Access     ATA      INTEL SSDSC2BA10 5DV1 PQ: 0 ANSI: 5
[    1.178192] sd 1:0:0:0: [sdb] 195371568 512-byte logical blocks: (100 GB/93.1 GiB)
[    1.178193] sd 1:0:0:0: [sdb] 4096-byte physical blocks
[    1.178217] sd 1:0:0:0: [sdb] Write Protect is off
[    1.178218] sd 1:0:0:0: [sdb] Mode Sense: 00 3a 00 00
[    1.178222] sd 1:0:0:0: Attached scsi generic sg1 type 0
[    1.178226] sd 1:0:0:0: [sdb] Write cache: enabled, read cache: enabled, doesn't support DPO or FUA
[    1.178959]  sda: sda1
[    1.178962] ata6.00: configured for UDMA/133
[    1.178967] ata3.00: configured for UDMA/133
[    1.178968]  sdb: sdb1
[    1.179031] scsi 2:0:0:0: Direct-Access     ATA      INTEL SSDSC2BA10 5DV1 PQ: 0 ANSI: 5
[    1.179169] sd 2:0:0:0: [sdc] 195371568 512-byte logical blocks: (100 GB/93.1 GiB)
[    1.179170] sd 2:0:0:0: [sdc] 4096-byte physical blocks
[    1.179202] sd 2:0:0:0: [sdc] Write Protect is off
[    1.179203] sd 2:0:0:0: [sdc] Mode Sense: 00 3a 00 00
[    1.179205] sd 2:0:0:0: Attached scsi generic sg2 type 0
[    1.179210] sd 2:0:0:0: [sdc] Write cache: enabled, read cache: enabled, doesn't support DPO or FUA
[    1.179495]  sdc: sdc1
[    1.179942] scsi 3:0:0:0: Direct-Access     ATA      INTEL SSDSC2BA10 5DV1 PQ: 0 ANSI: 5
[    1.180094] sd 1:0:0:0: [sdb] Attached SCSI disk
[    1.180111] sd 0:0:0:0: [sda] Attached SCSI disk
[    1.180374] sd 3:0:0:0: [sdd] 195371568 512-byte logical blocks: (100 GB/93.1 GiB)
[    1.180411] sd 2:0:0:0: [sdc] Attached SCSI disk
[    1.180433] sd 3:0:0:0: Attached scsi generic sg3 type 0
[    1.180523] scsi 4:0:0:0: Direct-Access     ATA      INTEL SSDSC2BA10 5DV1 PQ: 0 ANSI: 5
[    1.180669] sd 4:0:0:0: [sde] 195371568 512-byte logical blocks: (100 GB/93.1 GiB)
[    1.180670] sd 4:0:0:0: [sde] 4096-byte physical blocks
[    1.180726] sd 4:0:0:0: Attached scsi generic sg4 type 0
[    1.180745] sd 4:0:0:0: [sde] Write Protect is off
[    1.180748] sd 4:0:0:0: [sde] Mode Sense: 00 3a 00 00
[    1.180772] sd 4:0:0:0: [sde] Write cache: enabled, read cache: enabled, doesn't support DPO or FUA
[    1.180834] scsi 5:0:0:0: Direct-Access     ATA      INTEL SSDSC2BA10 5DV1 PQ: 0 ANSI: 5
[    1.180989] sd 5:0:0:0: [sdf] 195371568 512-byte logical blocks: (100 GB/93.1 GiB)
[    1.180990] sd 5:0:0:0: [sdf] 4096-byte physical blocks
[    1.181058] sd 5:0:0:0: [sdf] Write Protect is off
[    1.181060] sd 5:0:0:0: Attached scsi generic sg5 type 0
[    1.181061] sd 5:0:0:0: [sdf] Mode Sense: 00 3a 00 00
[    1.181075] sd 5:0:0:0: [sdf] Write cache: enabled, read cache: enabled, doesn't support DPO or FUA
[    1.181091]  sde: sde1
[    1.181378]  sdf: sdf1
[    1.182089] sd 3:0:0:0: [sdd] 4096-byte physical blocks
[    1.182250] sd 5:0:0:0: [sdf] Attached SCSI disk
[    1.182263] sd 3:0:0:0: [sdd] Write Protect is off
[    1.182264] sd 3:0:0:0: [sdd] Mode Sense: 00 3a 00 00
[    1.182265] sd 4:0:0:0: [sde] Attached SCSI disk
[    1.182285] sd 3:0:0:0: [sdd] Write cache: enabled, read cache: enabled, doesn't support DPO or FUA
[    1.182561]  sdd: sdd1
[    1.183291] sd 3:0:0:0: [sdd] Attached SCSI disk
[    1.189698] usb 1-1: new high-speed USB device number 2 using ehci_hcd
[    1.303940] usb 1-1: New USB device found, idVendor=8087, idProduct=0024
[    1.304033] usb 1-1: New USB device strings: Mfr=0, Product=0, SerialNumber=0
[    1.304583] hub 1-1:1.0: USB hub found
[    1.304831] hub 1-1:1.0: 6 ports detected
[    1.332577] ata9: SATA link up 6.0 Gbps (SStatus 133 SControl 300)
[    1.332688] ata10: SATA link up 3.0 Gbps (SStatus 123 SControl 300)
[    1.333202] ata9.00: ATA-9: INTEL SSDSC2BB080G6, G2010140, max UDMA/133
[    1.333279] ata9.00: 156301488 sectors, multi 1: LBA48 NCQ (depth 31/32)
[    1.333357] ata10.00: ATA-8: INTEL SSDSA2CW120G3, 4PC10362, max UDMA/133
[    1.333430] ata10.00: 234441648 sectors, multi 1: LBA48 NCQ (depth 31/32)
[    1.334021] ata9.00: configured for UDMA/133
[    1.334095] ata10.00: configured for UDMA/133
[    1.334216] scsi 8:0:0:0: Direct-Access     ATA      INTEL SSDSC2BB08 G201 PQ: 0 ANSI: 5
[    1.334796] sd 8:0:0:0: [sdg] 156301488 512-byte logical blocks: (80.0 GB/74.5 GiB)
[    1.334913] sd 8:0:0:0: [sdg] 4096-byte physical blocks
[    1.335023] sd 8:0:0:0: Attached scsi generic sg6 type 0
[    1.335153] sd 8:0:0:0: [sdg] Write Protect is off
[    1.335244] scsi 9:0:0:0: Direct-Access     ATA      INTEL SSDSA2CW12 4PC1 PQ: 0 ANSI: 5
[    1.335371] sd 8:0:0:0: [sdg] Mode Sense: 00 3a 00 00
[    1.335386] sd 8:0:0:0: [sdg] Write cache: enabled, read cache: enabled, doesn't support DPO or FUA
[    1.335479] sd 9:0:0:0: [sdh] 234441648 512-byte logical blocks: (120 GB/111 GiB)
[    1.335562] sd 9:0:0:0: [sdh] Write Protect is off
[    1.335563] sd 9:0:0:0: [sdh] Mode Sense: 00 3a 00 00
[    1.335586] sd 9:0:0:0: [sdh] Write cache: enabled, read cache: enabled, doesn't support DPO or FUA
[    1.335601] sd 9:0:0:0: Attached scsi generic sg7 type 0
[    1.335948]  sdh: sdh1
[    1.336203] sd 9:0:0:0: [sdh] Attached SCSI disk
[    1.336401]  sdg: sdg1 sdg2 sdg3 sdg4
[    1.336764] sd 8:0:0:0: [sdg] Attached SCSI disk
[    1.336839] md: Waiting for all devices to be available before autodetect
[    1.336909] md: If you don't use raid, use raid=noautodetect
[    1.337071] md: Autodetecting RAID arrays.
[    1.337262] md: invalid raid superblock magic on sdb1
[    1.337331] md: sdb1 does not have a valid v0.90 superblock, not importing!
[    1.337457] md: invalid raid superblock magic on sdc1
[    1.337548] md: sdc1 does not have a valid v0.90 superblock, not importing!
[    1.337740] md: invalid raid superblock magic on sda1
[    1.337808] md: sda1 does not have a valid v0.90 superblock, not importing!
[    1.337929] md: invalid raid superblock magic on sde1
[    1.337996] md: sde1 does not have a valid v0.90 superblock, not importing!
[    1.338116] md: invalid raid superblock magic on sdf1
[    1.338184] md: sdf1 does not have a valid v0.90 superblock, not importing!
[    1.338304] md: invalid raid superblock magic on sdd1
[    1.338372] md: sdd1 does not have a valid v0.90 superblock, not importing!
[    1.338444] md: Scanned 6 and added 0 devices.
[    1.338528] md: autorun ...
[    1.338592] md: ... autorun DONE.
[    1.338805] EXT4-fs (sdg3): couldn't mount as ext2 due to feature incompatibilities
[    1.347201] EXT4-fs (sdg3): mounted filesystem with ordered data mode. Opts: (null)
[    1.347300] VFS: Mounted root (ext4 filesystem) readonly on device 8:99.
[    1.347980] Freeing unused kernel memory: 628k freed
[    1.348093] Write protecting the kernel read-only data: 10240k
[    1.351019] Freeing unused kernel memory: 1968k freed
[    1.351398] Freeing unused kernel memory: 40k freed
[    1.404017] kbd_mode used greatest stack depth: 5536 bytes left
[    1.407224] loadkeys used greatest stack depth: 5200 bytes left
[    1.407402] init-early.sh used greatest stack depth: 4504 bytes left
[    1.407438] usb 2-1: new high-speed USB device number 2 using ehci_hcd
[    1.522684] usb 2-1: New USB device found, idVendor=8087, idProduct=0024
[    1.522686] usb 2-1: New USB device strings: Mfr=0, Product=0, SerialNumber=0
[    1.522970] hub 2-1:1.0: USB hub found
[    1.523057] hub 2-1:1.0: 8 ports detected
[    1.642436] e1000e: Intel(R) PRO/1000 Network Driver - 1.5.1-k
[    1.642438] e1000e: Copyright(c) 1999 - 2011 Intel Corporation.
[    1.642455] e1000e 0000:00:19.0: PCI INT A -> GSI 18 (level, low) -> IRQ 18
[    1.642464] e1000e 0000:00:19.0: setting latency timer to 64
[    1.642557] e1000e 0000:00:19.0: irq 50 for MSI/MSI-X
[    1.664098] md: bind<sdf1>
[    1.664786] md: bind<sde1>
[    1.665777] md: bind<sdd1>
[    1.666787] md: bind<sdc1>
[    1.667959] md: bind<sda1>
[    1.669486] md: bind<sdb1>
[    1.671918] md: raid10 personality registered for level 10
[    1.671977] bio: create slab <bio-1> at 1
[    1.672011] md/raid10:md127: active with 6 out of 6 devices
[    1.672024] md127: detected capacity change from 0 to 299885395968
[    1.672312]  md127: unknown partition table
[    1.797072] usb 2-1.7: new full-speed USB device number 3 using ehci_hcd
[    1.798076] Refined TSC clocksource calibration: 3300.022 MHz.
[    1.798079] Switching to clocksource tsc
[    1.882779] usb 2-1.7: New USB device found, idVendor=0cf3, idProduct=3000
[    1.882784] usb 2-1.7: New USB device strings: Mfr=0, Product=0, SerialNumber=0
[    1.947205] e1000e 0000:00:19.0: eth0: (PCI Express:2.5GT/s:Width x1) 14:da:e9:0f:78:84
[    1.947207] e1000e 0000:00:19.0: eth0: Intel(R) PRO/1000 Network Connection
[    1.947240] e1000e 0000:00:19.0: eth0: MAC: 10, PHY: 11, PBA No: FFFFFF-0FF
[    2.371448] EXT4-fs (sdg3): re-mounted. Opts: (null)
[    2.407680] Adding 1020k swap on /dev/sdg2.  Priority:-1 extents:1 across:1020k SS
[    2.585888] ip used greatest stack depth: 4376 bytes left
[    2.922872] e1000e 0000:00:19.0: irq 50 for MSI/MSI-X
[    2.973101] e1000e 0000:00:19.0: irq 50 for MSI/MSI-X
[    2.973493] ADDRCONF(NETDEV_UP): eno1: link is not ready
[    5.801961] e1000e: eno1 NIC Link is Up 1000 Mbps Full Duplex, Flow Control: Rx/Tx
[    5.802337] ADDRCONF(NETDEV_CHANGE): eno1: link becomes ready
[   82.678513] EXT4-fs (md127): barriers disabled
[   82.684233] EXT4-fs (md127): mounted filesystem with ordered data mode. Opts: nobarrier
[  986.806766] flush-8:96 used greatest stack depth: 4304 bytes left
[33497.878717] postgres used greatest stack depth: 4056 bytes left
[61751.133911] postgres used greatest stack depth: 3976 bytes left
