[    0.000000] Linux version 3.17.8 (root@bench) (gcc version 4.7.3 (Gentoo 4.7.3-r1 p1.4, pie-0.5.5) ) #1 SMP Tue May 17 23:47:02 CEST 2016
[    0.000000] Command line: BOOT_IMAGE=/kernel-3.17.8 root=/dev/sdg3 ro
[    0.000000] e820: BIOS-provided physical RAM map:
[    0.000000] BIOS-e820: [mem 0x0000000000000000-0x000000000009b3ff] usable
[    0.000000] BIOS-e820: [mem 0x000000000009b400-0x000000000009ffff] reserved
[    0.000000] BIOS-e820: [mem 0x00000000000e0000-0x00000000000fffff] reserved
[    0.000000] BIOS-e820: [mem 0x0000000000100000-0x000000001fffffff] usable
[    0.000000] BIOS-e820: [mem 0x0000000020000000-0x00000000201fffff] reserved
[    0.000000] BIOS-e820: [mem 0x0000000020200000-0x000000003fffffff] usable
[    0.000000] BIOS-e820: [mem 0x0000000040000000-0x00000000401fffff] reserved
[    0.000000] BIOS-e820: [mem 0x0000000040200000-0x00000000b677dfff] usable
[    0.000000] BIOS-e820: [mem 0x00000000b677e000-0x00000000b67d4fff] ACPI NVS
[    0.000000] BIOS-e820: [mem 0x00000000b67d5000-0x00000000b6b5bfff] reserved
[    0.000000] BIOS-e820: [mem 0x00000000b6b5c000-0x00000000b6b5efff] ACPI NVS
[    0.000000] BIOS-e820: [mem 0x00000000b6b5f000-0x00000000b6da4fff] reserved
[    0.000000] BIOS-e820: [mem 0x00000000b6da5000-0x00000000b6db5fff] ACPI NVS
[    0.000000] BIOS-e820: [mem 0x00000000b6db6000-0x00000000b6dccfff] reserved
[    0.000000] BIOS-e820: [mem 0x00000000b6dcd000-0x00000000b6dcefff] usable
[    0.000000] BIOS-e820: [mem 0x00000000b6dcf000-0x00000000b6dd6fff] reserved
[    0.000000] BIOS-e820: [mem 0x00000000b6dd7000-0x00000000b6de1fff] ACPI NVS
[    0.000000] BIOS-e820: [mem 0x00000000b6de2000-0x00000000b6e3dfff] reserved
[    0.000000] BIOS-e820: [mem 0x00000000b6e3e000-0x00000000b6e80fff] ACPI NVS
[    0.000000] BIOS-e820: [mem 0x00000000b6e81000-0x00000000b6ffffff] usable
[    0.000000] BIOS-e820: [mem 0x00000000b7800000-0x00000000bf9fffff] reserved
[    0.000000] BIOS-e820: [mem 0x00000000fed1c000-0x00000000fed1ffff] reserved
[    0.000000] BIOS-e820: [mem 0x00000000ff000000-0x00000000ffffffff] reserved
[    0.000000] BIOS-e820: [mem 0x0000000100000000-0x000000023fdfffff] usable
[    0.000000] NX (Execute Disable) protection: active
[    0.000000] SMBIOS 2.6 present.
[    0.000000] DMI: System manufacturer System Product Name/P8Z68-V PRO, BIOS 0501 05/09/2011
[    0.000000] e820: update [mem 0x00000000-0x00000fff] usable ==> reserved
[    0.000000] e820: remove [mem 0x000a0000-0x000fffff] usable
[    0.000000] AGP: No AGP bridge found
[    0.000000] e820: last_pfn = 0x23fe00 max_arch_pfn = 0x400000000
[    0.000000] MTRR default type: uncachable
[    0.000000] MTRR fixed ranges enabled:
[    0.000000]   00000-9FFFF write-back
[    0.000000]   A0000-BFFFF uncachable
[    0.000000]   C0000-D3FFF write-protect
[    0.000000]   D4000-E7FFF uncachable
[    0.000000]   E8000-FFFFF write-protect
[    0.000000] MTRR variable ranges enabled:
[    0.000000]   0 base 000000000 mask E00000000 write-back
[    0.000000]   1 base 200000000 mask FC0000000 write-back
[    0.000000]   2 base 0B7800000 mask FFF800000 uncachable
[    0.000000]   3 base 0B8000000 mask FF8000000 uncachable
[    0.000000]   4 base 0C0000000 mask FC0000000 uncachable
[    0.000000]   5 base 23FE00000 mask FFFE00000 uncachable
[    0.000000]   6 disabled
[    0.000000]   7 disabled
[    0.000000]   8 disabled
[    0.000000]   9 disabled
[    0.000000] x86 PAT enabled: cpu 0, old 0x7040600070406, new 0x7010600070106
[    0.000000] e820: update [mem 0xb7800000-0xffffffff] usable ==> reserved
[    0.000000] e820: last_pfn = 0xb7000 max_arch_pfn = 0x400000000
[    0.000000] found SMP MP-table at [mem 0x000fcee0-0x000fceef] mapped at [ffff8800000fcee0]
[    0.000000] Scanning 1 areas for low memory corruption
[    0.000000] Base memory trampoline at [ffff880000095000] 95000 size 24576
[    0.000000] reserving inaccessible SNB gfx pages
[    0.000000] init_memory_mapping: [mem 0x00000000-0x000fffff]
[    0.000000]  [mem 0x00000000-0x000fffff] page 4k
[    0.000000] BRK [0x01ea4000, 0x01ea4fff] PGTABLE
[    0.000000] BRK [0x01ea5000, 0x01ea5fff] PGTABLE
[    0.000000] BRK [0x01ea6000, 0x01ea6fff] PGTABLE
[    0.000000] init_memory_mapping: [mem 0x23fc00000-0x23fdfffff]
[    0.000000]  [mem 0x23fc00000-0x23fdfffff] page 2M
[    0.000000] BRK [0x01ea7000, 0x01ea7fff] PGTABLE
[    0.000000] init_memory_mapping: [mem 0x23c000000-0x23fbfffff]
[    0.000000]  [mem 0x23c000000-0x23fbfffff] page 2M
[    0.000000] init_memory_mapping: [mem 0x200000000-0x23bffffff]
[    0.000000]  [mem 0x200000000-0x23bffffff] page 2M
[    0.000000] init_memory_mapping: [mem 0x00100000-0x1fffffff]
[    0.000000]  [mem 0x00100000-0x001fffff] page 4k
[    0.000000]  [mem 0x00200000-0x1fffffff] page 2M
[    0.000000] init_memory_mapping: [mem 0x20200000-0x3fffffff]
[    0.000000]  [mem 0x20200000-0x3fffffff] page 2M
[    0.000000] init_memory_mapping: [mem 0x40200000-0xb677dfff]
[    0.000000]  [mem 0x40200000-0xb65fffff] page 2M
[    0.000000]  [mem 0xb6600000-0xb677dfff] page 4k
[    0.000000] BRK [0x01ea8000, 0x01ea8fff] PGTABLE
[    0.000000] BRK [0x01ea9000, 0x01ea9fff] PGTABLE
[    0.000000] init_memory_mapping: [mem 0xb6dcd000-0xb6dcefff]
[    0.000000]  [mem 0xb6dcd000-0xb6dcefff] page 4k
[    0.000000] init_memory_mapping: [mem 0xb6e81000-0xb6ffffff]
[    0.000000]  [mem 0xb6e81000-0xb6ffffff] page 4k
[    0.000000] init_memory_mapping: [mem 0x100000000-0x1ffffffff]
[    0.000000]  [mem 0x100000000-0x1ffffffff] page 2M
[    0.000000] ACPI: Early table checksum verification disabled
[    0.000000] ACPI: RSDP 0x00000000000F0420 000024 (v02 ALASKA)
[    0.000000] ACPI: XSDT 0x00000000B67CA068 00004C (v01 ALASKA A M I    01072009 AMI  00010013)
[    0.000000] ACPI: FACP 0x00000000B67D42D8 0000F4 (v04 ALASKA A M I    01072009 AMI  00010013)
[    0.000000] ACPI: DSDT 0x00000000B67CA140 00A198 (v02 ALASKA A M I    00000000 INTL 20051117)
[    0.000000] ACPI: FACS 0x00000000B6DD9F80 000040
[    0.000000] ACPI: APIC 0x00000000B67D43D0 000072 (v03 ALASKA A M I    01072009 AMI  00010013)
[    0.000000] ACPI: SSDT 0x00000000B67D4448 000102 (v01 AMICPU PROC     00000001 MSFT 03000001)
[    0.000000] ACPI: MCFG 0x00000000B67D4550 00003C (v01 ALASKA A M I    01072009 MSFT 00000097)
[    0.000000] ACPI: HPET 0x00000000B67D4590 000038 (v01 ALASKA A M I    01072009 AMI. 00000004)
[    0.000000] ACPI: Local APIC address 0xfee00000
[    0.000000] No NUMA configuration found
[    0.000000] Faking a node at [mem 0x0000000000000000-0x000000023fdfffff]
[    0.000000] Initmem setup node 0 [mem 0x00000000-0x23fdfffff]
[    0.000000]   NODE_DATA [mem 0x23fdf5000-0x23fdf8fff]
[    0.000000]  [ffffea0000000000-ffffea0008ffffff] PMD -> [ffff880237600000-ffff88023f3fffff] on node 0
[    0.000000] Zone ranges:
[    0.000000]   DMA      [mem 0x00001000-0x00ffffff]
[    0.000000]   DMA32    [mem 0x01000000-0xffffffff]
[    0.000000]   Normal   [mem 0x100000000-0x23fdfffff]
[    0.000000] Movable zone start for each node
[    0.000000] Early memory node ranges
[    0.000000]   node   0: [mem 0x00001000-0x0009afff]
[    0.000000]   node   0: [mem 0x00100000-0x1fffffff]
[    0.000000]   node   0: [mem 0x20200000-0x3fffffff]
[    0.000000]   node   0: [mem 0x40200000-0xb677dfff]
[    0.000000]   node   0: [mem 0xb6dcd000-0xb6dcefff]
[    0.000000]   node   0: [mem 0xb6e81000-0xb6ffffff]
[    0.000000]   node   0: [mem 0x100000000-0x23fdfffff]
[    0.000000] On node 0 totalpages: 2056857
[    0.000000]   DMA zone: 64 pages used for memmap
[    0.000000]   DMA zone: 154 pages reserved
[    0.000000]   DMA zone: 3994 pages, LIFO batch:0
[    0.000000]   DMA32 zone: 11604 pages used for memmap
[    0.000000]   DMA32 zone: 742655 pages, LIFO batch:31
[    0.000000]   Normal zone: 20472 pages used for memmap
[    0.000000]   Normal zone: 1310208 pages, LIFO batch:31
[    0.000000] Reserving Intel graphics stolen memory at 0xb7a00000-0xbf9fffff
[    0.000000] ACPI: PM-Timer IO Port: 0x408
[    0.000000] ACPI: Local APIC address 0xfee00000
[    0.000000] ACPI: LAPIC (acpi_id[0x01] lapic_id[0x00] enabled)
[    0.000000] ACPI: LAPIC (acpi_id[0x02] lapic_id[0x02] enabled)
[    0.000000] ACPI: LAPIC (acpi_id[0x03] lapic_id[0x04] enabled)
[    0.000000] ACPI: LAPIC (acpi_id[0x04] lapic_id[0x06] enabled)
[    0.000000] ACPI: LAPIC_NMI (acpi_id[0xff] high edge lint[0x1])
[    0.000000] ACPI: IOAPIC (id[0x00] address[0xfec00000] gsi_base[0])
[    0.000000] IOAPIC[0]: apic_id 0, version 32, address 0xfec00000, GSI 0-23
[    0.000000] ACPI: INT_SRC_OVR (bus 0 bus_irq 0 global_irq 2 dfl dfl)
[    0.000000] ACPI: INT_SRC_OVR (bus 0 bus_irq 9 global_irq 9 high level)
[    0.000000] ACPI: IRQ0 used by override.
[    0.000000] ACPI: IRQ9 used by override.
[    0.000000] Using ACPI (MADT) for SMP configuration information
[    0.000000] ACPI: HPET id: 0x8086a701 base: 0xfed00000
[    0.000000] smpboot: Allowing 4 CPUs, 0 hotplug CPUs
[    0.000000] e820: [mem 0xbfa00000-0xfed1bfff] available for PCI devices
[    0.000000] setup_percpu: NR_CPUS:64 nr_cpumask_bits:64 nr_cpu_ids:4 nr_node_ids:1
[    0.000000] PERCPU: Embedded 26 pages/cpu @ffff88023fa00000 s75008 r8192 d23296 u524288
[    0.000000] pcpu-alloc: s75008 r8192 d23296 u524288 alloc=1*2097152
[    0.000000] pcpu-alloc: [0] 0 1 2 3 
[    0.000000] Built 1 zonelists in Zone order, mobility grouping on.  Total pages: 2024563
[    0.000000] Policy zone: Normal
[    0.000000] Kernel command line: BOOT_IMAGE=/kernel-3.17.8 root=/dev/sdg3 ro
[    0.000000] PID hash table entries: 4096 (order: 3, 32768 bytes)
[    0.000000] xsave: enabled xstate_bv 0x7, cntxt size 0x340 using standard form
[    0.000000] AGP: Checking aperture...
[    0.000000] AGP: No AGP bridge found
[    0.000000] Memory: 8016104K/8227428K available (7761K kernel code, 822K rwdata, 2596K rodata, 996K init, 852K bss, 211324K reserved)
[    0.000000] SLUB: HWalign=64, Order=0-3, MinObjects=0, CPUs=4, Nodes=1
[    0.000000] Hierarchical RCU implementation.
[    0.000000] 	RCU restricting CPUs from NR_CPUS=64 to nr_cpu_ids=4.
[    0.000000] RCU: Adjusting geometry for rcu_fanout_leaf=16, nr_cpu_ids=4
[    0.000000] NR_IRQS:4352 nr_irqs:456 0
[    0.000000] Console: colour VGA+ 80x25
[    0.000000] console [tty0] enabled
[    0.000000] hpet clockevent registered
[    0.000000] tsc: Fast TSC calibration using PIT
[    0.000000] tsc: Detected 3300.115 MHz processor
[    0.000001] Calibrating delay loop (skipped), value calculated using timer frequency.. 6600.23 BogoMIPS (lpj=3300115)
[    0.000139] pid_max: default: 32768 minimum: 301
[    0.000209] ACPI: Core revision 20140724
[    0.003510] ACPI: All ACPI Tables successfully acquired
[    0.106609] Security Framework initialized
[    0.107027] Dentry cache hash table entries: 1048576 (order: 11, 8388608 bytes)
[    0.108319] Inode-cache hash table entries: 524288 (order: 10, 4194304 bytes)
[    0.108910] Mount-cache hash table entries: 16384 (order: 5, 131072 bytes)
[    0.108987] Mountpoint-cache hash table entries: 16384 (order: 5, 131072 bytes)
[    0.109220] CPU: Physical Processor ID: 0
[    0.109287] CPU: Processor Core ID: 0
[    0.109356] ENERGY_PERF_BIAS: Set to 'normal', was 'performance'
               ENERGY_PERF_BIAS: View and update with x86_energy_perf_policy(8)
[    0.109460] mce: CPU supports 9 MCE banks
[    0.109535] CPU0: Thermal monitoring enabled (TM1)
[    0.109610] Last level iTLB entries: 4KB 512, 2MB 8, 4MB 8
               Last level dTLB entries: 4KB 512, 2MB 32, 4MB 32, 1GB 0
[    0.109819] Freeing SMP alternatives memory: 24K (ffffffff81dc8000 - ffffffff81dce000)
[    0.110359] ..TIMER: vector=0x30 apic1=0 pin1=2 apic2=-1 pin2=-1
[    0.120420] smpboot: CPU0: Intel(R) Core(TM) i5-2500K CPU @ 3.30GHz (fam: 06, model: 2a, stepping: 07)
[    0.120634] TSC deadline timer enabled
[    0.120651] Performance Events: PEBS fmt1+, 16-deep LBR, SandyBridge events, full-width counters, Intel PMU driver.
[    0.120947] perf_event_intel: PEBS disabled due to CPU errata, please upgrade microcode
[    0.121045] ... version:                3
[    0.121111] ... bit width:              48
[    0.121178] ... generic registers:      8
[    0.121244] ... value mask:             0000ffffffffffff
[    0.121313] ... max period:             0000ffffffffffff
[    0.121382] ... fixed-purpose events:   3
[    0.121448] ... event mask:             00000007000000ff
[    0.121704] x86: Booting SMP configuration:
[    0.121772] .... node  #0, CPUs:      #1 #2 #3
[    0.161719] x86: Booted up 1 node, 4 CPUs
[    0.161849] smpboot: Total of 4 processors activated (26400.92 BogoMIPS)
[    0.164003] devtmpfs: initialized
[    0.164241] kworker/u8:0 (25) used greatest stack depth: 14104 bytes left
[    0.164331] NET: Registered protocol family 16
[    0.164484] cpuidle: using governor ladder
[    0.164553] cpuidle: using governor menu
[    0.164640] ACPI: bus type PCI registered
[    0.164740] PCI: MMCONFIG for domain 0000 [bus 00-3f] at [mem 0xe0000000-0xe3ffffff] (base 0xe0000000)
[    0.164839] PCI: not using MMCONFIG
[    0.164907] PCI: Using configuration type 1 for base access
[    0.171100] ACPI: Added _OSI(Module Device)
[    0.171172] ACPI: Added _OSI(Processor Device)
[    0.171240] ACPI: Added _OSI(3.0 _SCP Extensions)
[    0.171308] ACPI: Added _OSI(Processor Aggregator Device)
[    0.172816] ACPI: Executed 1 blocks of module-level executable AML code
[    0.174493] ACPI: Dynamic OEM Table Load:
[    0.174637] ACPI: SSDT 0xFFFF880235901000 0003E0 (v01 AMI    IST      00000001 MSFT 03000001)
[    0.175066] ACPI: Dynamic OEM Table Load:
[    0.175208] ACPI: SSDT 0xFFFF8802362E1200 0000E4 (v01 AMI    CST      00000001 MSFT 03000001)
[    0.175849] ACPI: Interpreter enabled
[    0.175921] ACPI: (supports S0 S5)
[    0.175986] ACPI: Using IOAPIC for interrupt routing
[    0.176069] PCI: MMCONFIG for domain 0000 [bus 00-3f] at [mem 0xe0000000-0xe3ffffff] (base 0xe0000000)
[    0.176200] PCI: MMCONFIG at [mem 0xe0000000-0xe3ffffff] reserved in ACPI motherboard resources
[    0.176347] PCI: Using host bridge windows from ACPI; if necessary, use "pci=nocrs" and report a bug
[    0.176588] [Firmware Bug]: ACPI: BIOS _OSI(Linux) query ignored
[    0.180150] ACPI: PCI Root Bridge [PCI0] (domain 0000 [bus 00-ff])
[    0.180223] acpi PNP0A08:00: _OSC: OS supports [ExtendedConfig ASPM ClockPM Segments MSI]
[    0.180407] acpi PNP0A08:00: _OSC: platform does not support [PCIeHotplug]
[    0.180557] acpi PNP0A08:00: _OSC: OS now controls [PME AER PCIeCapability]
[    0.180740] acpi PNP0A08:00: ignoring host bridge window [mem 0x000c8000-0x000dffff] (conflicts with Video ROM [mem 0x000c0000-0x000cdbff])
[    0.181304] acpi PNP0A08:00: [Firmware Info]: MMCONFIG for domain 0000 [bus 00-3f] only partially covers this bridge
[    0.181419] PCI host bridge to bus 0000:00
[    0.181487] pci_bus 0000:00: root bus resource [bus 00-ff]
[    0.181556] pci_bus 0000:00: root bus resource [io  0x0000-0x0cf7]
[    0.181626] pci_bus 0000:00: root bus resource [io  0x0d00-0xffff]
[    0.181697] pci_bus 0000:00: root bus resource [mem 0x000a0000-0x000bffff]
[    0.181768] pci_bus 0000:00: root bus resource [mem 0xbfa00000-0xffffffff]
[    0.181845] pci 0000:00:00.0: [8086:0100] type 00 class 0x060000
[    0.181903] pci 0000:00:01.0: [8086:0101] type 01 class 0x060400
[    0.181927] pci 0000:00:01.0: PME# supported from D0 D3hot D3cold
[    0.181972] pci 0000:00:02.0: [8086:0112] type 00 class 0x030000
[    0.181979] pci 0000:00:02.0: reg 0x10: [mem 0xfa400000-0xfa7fffff 64bit]
[    0.181984] pci 0000:00:02.0: reg 0x18: [mem 0xc0000000-0xcfffffff 64bit pref]
[    0.181987] pci 0000:00:02.0: reg 0x20: [io  0xf000-0xf03f]
[    0.182059] pci 0000:00:16.0: [8086:1c3a] type 00 class 0x078000
[    0.182081] pci 0000:00:16.0: reg 0x10: [mem 0xfad29000-0xfad2900f 64bit]
[    0.182151] pci 0000:00:16.0: PME# supported from D0 D3hot D3cold
[    0.182207] pci 0000:00:19.0: [8086:1503] type 00 class 0x020000
[    0.182223] pci 0000:00:19.0: reg 0x10: [mem 0xfad00000-0xfad1ffff]
[    0.182231] pci 0000:00:19.0: reg 0x14: [mem 0xfad28000-0xfad28fff]
[    0.182239] pci 0000:00:19.0: reg 0x18: [io  0xf080-0xf09f]
[    0.182298] pci 0000:00:19.0: PME# supported from D0 D3hot D3cold
[    0.182352] pci 0000:00:1a.0: [8086:1c2d] type 00 class 0x0c0320
[    0.182372] pci 0000:00:1a.0: reg 0x10: [mem 0xfad27000-0xfad273ff]
[    0.182456] pci 0000:00:1a.0: PME# supported from D0 D3hot D3cold
[    0.182507] pci 0000:00:1b.0: [8086:1c20] type 00 class 0x040300
[    0.182522] pci 0000:00:1b.0: reg 0x10: [mem 0xfad20000-0xfad23fff 64bit]
[    0.182590] pci 0000:00:1b.0: PME# supported from D0 D3hot D3cold
[    0.182639] pci 0000:00:1c.0: [8086:1c10] type 01 class 0x060400
[    0.182716] pci 0000:00:1c.0: PME# supported from D0 D3hot D3cold
[    0.182768] pci 0000:00:1c.1: [8086:1c12] type 01 class 0x060400
[    0.182845] pci 0000:00:1c.1: PME# supported from D0 D3hot D3cold
[    0.182896] pci 0000:00:1c.2: [8086:1c14] type 01 class 0x060400
[    0.182973] pci 0000:00:1c.2: PME# supported from D0 D3hot D3cold
[    0.183025] pci 0000:00:1c.3: [8086:1c16] type 01 class 0x060400
[    0.183102] pci 0000:00:1c.3: PME# supported from D0 D3hot D3cold
[    0.183153] pci 0000:00:1c.4: [8086:1c18] type 01 class 0x060400
[    0.183229] pci 0000:00:1c.4: PME# supported from D0 D3hot D3cold
[    0.183281] pci 0000:00:1c.6: [8086:244e] type 01 class 0x060401
[    0.183360] pci 0000:00:1c.6: PME# supported from D0 D3hot D3cold
[    0.183411] pci 0000:00:1c.7: [8086:1c1e] type 01 class 0x060400
[    0.183488] pci 0000:00:1c.7: PME# supported from D0 D3hot D3cold
[    0.183543] pci 0000:00:1d.0: [8086:1c26] type 00 class 0x0c0320
[    0.183563] pci 0000:00:1d.0: reg 0x10: [mem 0xfad26000-0xfad263ff]
[    0.183647] pci 0000:00:1d.0: PME# supported from D0 D3hot D3cold
[    0.183699] pci 0000:00:1f.0: [8086:1c44] type 00 class 0x060100
[    0.183845] pci 0000:00:1f.2: [8086:1c02] type 00 class 0x010601
[    0.183861] pci 0000:00:1f.2: reg 0x10: [io  0xf0d0-0xf0d7]
[    0.183868] pci 0000:00:1f.2: reg 0x14: [io  0xf0c0-0xf0c3]
[    0.183875] pci 0000:00:1f.2: reg 0x18: [io  0xf0b0-0xf0b7]
[    0.183882] pci 0000:00:1f.2: reg 0x1c: [io  0xf0a0-0xf0a3]
[    0.183889] pci 0000:00:1f.2: reg 0x20: [io  0xf060-0xf07f]
[    0.183897] pci 0000:00:1f.2: reg 0x24: [mem 0xfad25000-0xfad257ff]
[    0.183938] pci 0000:00:1f.2: PME# supported from D3hot
[    0.183980] pci 0000:00:1f.3: [8086:1c22] type 00 class 0x0c0500
[    0.183994] pci 0000:00:1f.3: reg 0x10: [mem 0xfad24000-0xfad240ff 64bit]
[    0.184014] pci 0000:00:1f.3: reg 0x20: [io  0xf040-0xf05f]
[    0.184093] pci 0000:01:00.0: [10de:1245] type 00 class 0x030000
[    0.184101] pci 0000:01:00.0: reg 0x10: [mem 0xf8000000-0xf9ffffff]
[    0.184108] pci 0000:01:00.0: reg 0x14: [mem 0xd0000000-0xd7ffffff 64bit pref]
[    0.184115] pci 0000:01:00.0: reg 0x1c: [mem 0xd8000000-0xdbffffff 64bit pref]
[    0.184120] pci 0000:01:00.0: reg 0x24: [io  0xe000-0xe07f]
[    0.184125] pci 0000:01:00.0: reg 0x30: [mem 0xfa000000-0xfa07ffff pref]
[    0.184190] pci 0000:01:00.1: [10de:0bee] type 00 class 0x040300
[    0.184199] pci 0000:01:00.1: reg 0x10: [mem 0xfa080000-0xfa083fff]
[    0.186312] pci 0000:00:01.0: PCI bridge to [bus 01]
[    0.186382] pci 0000:00:01.0:   bridge window [io  0xe000-0xefff]
[    0.186384] pci 0000:00:01.0:   bridge window [mem 0xf8000000-0xfa0fffff]
[    0.186386] pci 0000:00:01.0:   bridge window [mem 0xd0000000-0xdbffffff 64bit pref]
[    0.186432] pci 0000:00:1c.0: PCI bridge to [bus 02]
[    0.186578] pci 0000:03:00.0: [1b21:1042] type 00 class 0x0c0330
[    0.186610] pci 0000:03:00.0: reg 0x10: [mem 0xfac00000-0xfac07fff 64bit]
[    0.186765] pci 0000:03:00.0: PME# supported from D3hot D3cold
[    0.188314] pci 0000:00:1c.1: PCI bridge to [bus 03]
[    0.188386] pci 0000:00:1c.1:   bridge window [mem 0xfac00000-0xfacfffff]
[    0.188436] pci 0000:00:1c.2: PCI bridge to [bus 04]
[    0.188575] pci 0000:05:00.0: [197b:2362] type 00 class 0x010185
[    0.188613] pci 0000:05:00.0: reg 0x10: [io  0xd040-0xd047]
[    0.188629] pci 0000:05:00.0: reg 0x14: [io  0xd030-0xd033]
[    0.188644] pci 0000:05:00.0: reg 0x18: [io  0xd020-0xd027]
[    0.188660] pci 0000:05:00.0: reg 0x1c: [io  0xd010-0xd013]
[    0.188676] pci 0000:05:00.0: reg 0x20: [io  0xd000-0xd00f]
[    0.188691] pci 0000:05:00.0: reg 0x24: [mem 0xfab10000-0xfab101ff]
[    0.188707] pci 0000:05:00.0: reg 0x30: [mem 0x00000000-0x0000ffff pref]
[    0.188773] pci 0000:05:00.0: PME# supported from D3hot
[    0.190314] pci 0000:00:1c.3: PCI bridge to [bus 05]
[    0.190385] pci 0000:00:1c.3:   bridge window [io  0xd000-0xdfff]
[    0.190389] pci 0000:00:1c.3:   bridge window [mem 0xfab00000-0xfabfffff]
[    0.190463] pci 0000:06:00.0: [1b21:1042] type 00 class 0x0c0330
[    0.190495] pci 0000:06:00.0: reg 0x10: [mem 0xfaa00000-0xfaa07fff 64bit]
[    0.190649] pci 0000:06:00.0: PME# supported from D3hot D3cold
[    0.192314] pci 0000:00:1c.4: PCI bridge to [bus 06]
[    0.192386] pci 0000:00:1c.4:   bridge window [mem 0xfaa00000-0xfaafffff]
[    0.192448] pci 0000:07:00.0: [1b21:1080] type 01 class 0x060401
[    0.192578] pci 0000:00:1c.6: PCI bridge to [bus 07-08] (subtractive decode)
[    0.192652] pci 0000:00:1c.6:   bridge window [io  0xc000-0xcfff]
[    0.192655] pci 0000:00:1c.6:   bridge window [mem 0xfa900000-0xfa9fffff]
[    0.192661] pci 0000:00:1c.6:   bridge window [io  0x0000-0x0cf7] (subtractive decode)
[    0.192662] pci 0000:00:1c.6:   bridge window [io  0x0d00-0xffff] (subtractive decode)
[    0.192663] pci 0000:00:1c.6:   bridge window [mem 0x000a0000-0x000bffff] (subtractive decode)
[    0.192665] pci 0000:00:1c.6:   bridge window [mem 0xbfa00000-0xffffffff] (subtractive decode)
[    0.192724] pci 0000:08:02.0: [1106:3044] type 00 class 0x0c0010
[    0.192755] pci 0000:08:02.0: reg 0x10: [mem 0xfa900000-0xfa9007ff]
[    0.192773] pci 0000:08:02.0: reg 0x14: [io  0xc000-0xc07f]
[    0.192902] pci 0000:08:02.0: supports D2
[    0.192903] pci 0000:08:02.0: PME# supported from D2 D3hot D3cold
[    0.192995] pci 0000:07:00.0: PCI bridge to [bus 08] (subtractive decode)
[    0.193074] pci 0000:07:00.0:   bridge window [io  0xc000-0xcfff]
[    0.193079] pci 0000:07:00.0:   bridge window [mem 0xfa900000-0xfa9fffff]
[    0.193089] pci 0000:07:00.0:   bridge window [io  0xc000-0xcfff] (subtractive decode)
[    0.193090] pci 0000:07:00.0:   bridge window [mem 0xfa900000-0xfa9fffff] (subtractive decode)
[    0.193091] pci 0000:07:00.0:   bridge window [io  0x0000-0x0cf7] (subtractive decode)
[    0.193092] pci 0000:07:00.0:   bridge window [io  0x0d00-0xffff] (subtractive decode)
[    0.193094] pci 0000:07:00.0:   bridge window [mem 0x000a0000-0x000bffff] (subtractive decode)
[    0.193095] pci 0000:07:00.0:   bridge window [mem 0xbfa00000-0xffffffff] (subtractive decode)
[    0.193167] pci 0000:09:00.0: [1b4b:9172] type 00 class 0x010601
[    0.193187] pci 0000:09:00.0: reg 0x10: [io  0xb040-0xb047]
[    0.193199] pci 0000:09:00.0: reg 0x14: [io  0xb030-0xb033]
[    0.193212] pci 0000:09:00.0: reg 0x18: [io  0xb020-0xb027]
[    0.193224] pci 0000:09:00.0: reg 0x1c: [io  0xb010-0xb013]
[    0.193236] pci 0000:09:00.0: reg 0x20: [io  0xb000-0xb00f]
[    0.193249] pci 0000:09:00.0: reg 0x24: [mem 0xfa810000-0xfa8101ff]
[    0.193261] pci 0000:09:00.0: reg 0x30: [mem 0xfa800000-0xfa80ffff pref]
[    0.193324] pci 0000:09:00.0: PME# supported from D3hot
[    0.195312] pci 0000:00:1c.7: PCI bridge to [bus 09]
[    0.195383] pci 0000:00:1c.7:   bridge window [io  0xb000-0xbfff]
[    0.195386] pci 0000:00:1c.7:   bridge window [mem 0xfa800000-0xfa8fffff]
[    0.195727] ACPI: PCI Interrupt Link [LNKA] (IRQs 3 4 5 6 7 10 *11 12 14 15)
[    0.196274] ACPI: PCI Interrupt Link [LNKB] (IRQs 3 4 5 6 7 *10 11 12 14 15)
[    0.196822] ACPI: PCI Interrupt Link [LNKC] (IRQs *3 4 5 6 10 11 12 14 15)
[    0.197332] ACPI: PCI Interrupt Link [LNKD] (IRQs 3 4 5 6 10 *11 12 14 15)
[    0.197840] ACPI: PCI Interrupt Link [LNKE] (IRQs 3 4 6 7 *10 11 12 14 15)
[    0.198350] ACPI: PCI Interrupt Link [LNKF] (IRQs 3 4 *5 6 7 10 11 12 14 15)
[    0.198896] ACPI: PCI Interrupt Link [LNKG] (IRQs 3 *4 5 6 7 10 11 12 14 15)
[    0.199442] ACPI: PCI Interrupt Link [LNKH] (IRQs 3 4 5 6 *7 10 11 12 14 15)
[    0.199994] ACPI: Enabled 1 GPEs in block 00 to 3F
[    0.200147] ACPI : EC: GPE = 0x18, I/O: command/status = 0x66, data = 0x62
[    0.200279] vgaarb: setting as boot device: PCI:0000:00:02.0
[    0.200350] vgaarb: device added: PCI:0000:00:02.0,decodes=io+mem,owns=io+mem,locks=none
[    0.200450] vgaarb: device added: PCI:0000:01:00.0,decodes=io+mem,owns=none,locks=none
[    0.200546] vgaarb: loaded
[    0.200611] vgaarb: bridge control possible 0000:01:00.0
[    0.200679] vgaarb: no bridge control possible 0000:00:02.0
[    0.200800] SCSI subsystem initialized
[    0.200903] libata version 3.00 loaded.
[    0.200917] ACPI: bus type USB registered
[    0.201003] usbcore: registered new interface driver usbfs
[    0.201079] usbcore: registered new interface driver hub
[    0.201161] usbcore: registered new device driver usb
[    0.201292] PCI: Using ACPI for IRQ routing
[    0.202681] PCI: pci_cache_line_size set to 64 bytes
[    0.202748] e820: reserve RAM buffer [mem 0x0009b400-0x0009ffff]
[    0.202749] e820: reserve RAM buffer [mem 0xb677e000-0xb7ffffff]
[    0.202751] e820: reserve RAM buffer [mem 0xb6dcf000-0xb7ffffff]
[    0.202752] e820: reserve RAM buffer [mem 0xb7000000-0xb7ffffff]
[    0.202753] e820: reserve RAM buffer [mem 0x23fe00000-0x23fffffff]
[    0.202832] NetLabel: Initializing
[    0.202898] NetLabel:  domain hash size = 128
[    0.202964] NetLabel:  protocols = UNLABELED CIPSOv4
[    0.203041] NetLabel:  unlabeled traffic allowed by default
[    0.203136] hpet0: at MMIO 0xfed00000, IRQs 2, 8, 0, 0, 0, 0, 0, 0
[    0.203541] hpet0: 8 comparators, 64-bit 14.318180 MHz counter
[    0.205629] Switched to clocksource hpet
[    0.207930] pnp: PnP ACPI init
[    0.208080] system 00:00: [mem 0xfed10000-0xfed19fff] has been reserved
[    0.208158] system 00:00: [mem 0xe0000000-0xe3ffffff] has been reserved
[    0.208229] system 00:00: [mem 0xfed90000-0xfed93fff] has been reserved
[    0.208300] system 00:00: [mem 0xfed20000-0xfed3ffff] has been reserved
[    0.208371] system 00:00: [mem 0xfee00000-0xfee0ffff] has been reserved
[    0.208443] system 00:00: Plug and Play ACPI device, IDs PNP0c01 (active)
[    0.208499] system 00:01: [io  0x0290-0x029f] has been reserved
[    0.208574] system 00:01: Plug and Play ACPI device, IDs PNP0c02 (active)
[    0.208596] pnp 00:02: Plug and Play ACPI device, IDs PNP0b00 (active)
[    0.208636] system 00:03: [io  0x04d0-0x04d1] has been reserved
[    0.208711] system 00:03: Plug and Play ACPI device, IDs PNP0c02 (active)
[    0.208889] system 00:04: [io  0x0400-0x0453] could not be reserved
[    0.208967] system 00:04: [io  0x0458-0x047f] has been reserved
[    0.209037] system 00:04: [io  0x0500-0x057f] has been reserved
[    0.209107] system 00:04: [mem 0xfed1c000-0xfed1ffff] has been reserved
[    0.209178] system 00:04: [mem 0xfec00000-0xfecfffff] could not be reserved
[    0.209250] system 00:04: [mem 0xfed08000-0xfed08fff] has been reserved
[    0.209322] system 00:04: [mem 0xff000000-0xffffffff] has been reserved
[    0.209393] system 00:04: Plug and Play ACPI device, IDs PNP0c01 (active)
[    0.209429] system 00:05: [io  0x0454-0x0457] has been reserved
[    0.209505] system 00:05: Plug and Play ACPI device, IDs INT3f0d PNP0c02 (active)
[    0.209655] pnp: PnP ACPI: found 6 devices
[    0.215484] pci 0000:00:01.0: PCI bridge to [bus 01]
[    0.215555] pci 0000:00:01.0:   bridge window [io  0xe000-0xefff]
[    0.215639] pci 0000:00:01.0:   bridge window [mem 0xf8000000-0xfa0fffff]
[    0.215710] pci 0000:00:01.0:   bridge window [mem 0xd0000000-0xdbffffff 64bit pref]
[    0.215807] pci 0000:00:1c.0: PCI bridge to [bus 02]
[    0.215885] pci 0000:00:1c.1: PCI bridge to [bus 03]
[    0.215956] pci 0000:00:1c.1:   bridge window [mem 0xfac00000-0xfacfffff]
[    0.216033] pci 0000:00:1c.2: PCI bridge to [bus 04]
[    0.216113] pci 0000:05:00.0: BAR 6: assigned [mem 0xfab00000-0xfab0ffff pref]
[    0.216209] pci 0000:00:1c.3: PCI bridge to [bus 05]
[    0.216278] pci 0000:00:1c.3:   bridge window [io  0xd000-0xdfff]
[    0.216351] pci 0000:00:1c.3:   bridge window [mem 0xfab00000-0xfabfffff]
[    0.216428] pci 0000:00:1c.4: PCI bridge to [bus 06]
[    0.216500] pci 0000:00:1c.4:   bridge window [mem 0xfaa00000-0xfaafffff]
[    0.216576] pci 0000:07:00.0: PCI bridge to [bus 08]
[    0.216663] pci 0000:07:00.0:   bridge window [io  0xc000-0xcfff]
[    0.216739] pci 0000:07:00.0:   bridge window [mem 0xfa900000-0xfa9fffff]
[    0.216821] pci 0000:00:1c.6: PCI bridge to [bus 07-08]
[    0.216891] pci 0000:00:1c.6:   bridge window [io  0xc000-0xcfff]
[    0.216964] pci 0000:00:1c.6:   bridge window [mem 0xfa900000-0xfa9fffff]
[    0.217041] pci 0000:00:1c.7: PCI bridge to [bus 09]
[    0.217110] pci 0000:00:1c.7:   bridge window [io  0xb000-0xbfff]
[    0.217183] pci 0000:00:1c.7:   bridge window [mem 0xfa800000-0xfa8fffff]
[    0.217259] pci_bus 0000:00: resource 4 [io  0x0000-0x0cf7]
[    0.217261] pci_bus 0000:00: resource 5 [io  0x0d00-0xffff]
[    0.217262] pci_bus 0000:00: resource 6 [mem 0x000a0000-0x000bffff]
[    0.217263] pci_bus 0000:00: resource 7 [mem 0xbfa00000-0xffffffff]
[    0.217264] pci_bus 0000:01: resource 0 [io  0xe000-0xefff]
[    0.217266] pci_bus 0000:01: resource 1 [mem 0xf8000000-0xfa0fffff]
[    0.217267] pci_bus 0000:01: resource 2 [mem 0xd0000000-0xdbffffff 64bit pref]
[    0.217268] pci_bus 0000:03: resource 1 [mem 0xfac00000-0xfacfffff]
[    0.217270] pci_bus 0000:05: resource 0 [io  0xd000-0xdfff]
[    0.217271] pci_bus 0000:05: resource 1 [mem 0xfab00000-0xfabfffff]
[    0.217272] pci_bus 0000:06: resource 1 [mem 0xfaa00000-0xfaafffff]
[    0.217273] pci_bus 0000:07: resource 0 [io  0xc000-0xcfff]
[    0.217275] pci_bus 0000:07: resource 1 [mem 0xfa900000-0xfa9fffff]
[    0.217276] pci_bus 0000:07: resource 4 [io  0x0000-0x0cf7]
[    0.217277] pci_bus 0000:07: resource 5 [io  0x0d00-0xffff]
[    0.217278] pci_bus 0000:07: resource 6 [mem 0x000a0000-0x000bffff]
[    0.217279] pci_bus 0000:07: resource 7 [mem 0xbfa00000-0xffffffff]
[    0.217280] pci_bus 0000:08: resource 0 [io  0xc000-0xcfff]
[    0.217282] pci_bus 0000:08: resource 1 [mem 0xfa900000-0xfa9fffff]
[    0.217283] pci_bus 0000:08: resource 4 [io  0xc000-0xcfff]
[    0.217284] pci_bus 0000:08: resource 5 [mem 0xfa900000-0xfa9fffff]
[    0.217285] pci_bus 0000:08: resource 6 [io  0x0000-0x0cf7]
[    0.217286] pci_bus 0000:08: resource 7 [io  0x0d00-0xffff]
[    0.217287] pci_bus 0000:08: resource 8 [mem 0x000a0000-0x000bffff]
[    0.217289] pci_bus 0000:08: resource 9 [mem 0xbfa00000-0xffffffff]
[    0.217290] pci_bus 0000:09: resource 0 [io  0xb000-0xbfff]
[    0.217291] pci_bus 0000:09: resource 1 [mem 0xfa800000-0xfa8fffff]
[    0.217311] NET: Registered protocol family 2
[    0.217512] TCP established hash table entries: 65536 (order: 7, 524288 bytes)
[    0.217723] TCP bind hash table entries: 65536 (order: 8, 1048576 bytes)
[    0.217906] TCP: Hash tables configured (established 65536 bind 65536)
[    0.217990] TCP: reno registered
[    0.218063] UDP hash table entries: 4096 (order: 5, 131072 bytes)
[    0.218154] UDP-Lite hash table entries: 4096 (order: 5, 131072 bytes)
[    0.218264] NET: Registered protocol family 1
[    0.218374] RPC: Registered named UNIX socket transport module.
[    0.218443] RPC: Registered udp transport module.
[    0.218511] RPC: Registered tcp transport module.
[    0.218578] RPC: Registered tcp NFSv4.1 backchannel transport module.
[    0.218674] pci 0000:00:02.0: Video device with shadowed ROM
[    0.464626] PCI: CLS 64 bytes, default 64
[    0.464659] PCI-DMA: Using software bounce buffering for IO (SWIOTLB)
[    0.464730] software IO TLB [mem 0xb277e000-0xb677e000] (64MB) mapped at [ffff8800b277e000-ffff8800b677dfff]
[    0.465084] RAPL PMU detected, hw unit 2^-16 Joules, API unit is 2^-32 Joules, 3 fixed counters 163840 ms ovfl timer
[    0.465208] microcode: CPU0 sig=0x206a7, pf=0x2, revision=0x14
[    0.465287] microcode: CPU1 sig=0x206a7, pf=0x2, revision=0x14
[    0.465361] microcode: CPU2 sig=0x206a7, pf=0x2, revision=0x14
[    0.465437] microcode: CPU3 sig=0x206a7, pf=0x2, revision=0x14
[    0.465527] microcode: Microcode Update Driver: v2.00 <tigran@aivazian.fsnet.co.uk>, Peter Oruba
[    0.465772] Scanning for low memory corruption every 60 seconds
[    0.466542] AVX version of gcm_enc/dec engaged.
[    0.466979] sha1_ssse3: Using AVX optimized SHA-1 implementation
[    0.467092] sha256_ssse3: Using AVX optimized SHA-256 implementation
[    0.467204] sha512_ssse3: Using AVX optimized SHA-512 implementation
[    0.468309] AVX2 or AES-NI instructions are not detected.
[    0.468388] AVX2 instructions are not detected.
[    0.468549] futex hash table entries: 1024 (order: 4, 65536 bytes)
[    0.468956] HugeTLB registered 2 MB page size, pre-allocated 0 pages
[    0.470162] VFS: Disk quotas dquot_6.5.2
[    0.470282] Dquot-cache hash table entries: 512 (order 0, 4096 bytes)
[    0.470728] NFS: Registering the id_resolver key type
[    0.470802] Key type id_resolver registered
[    0.470869] Key type id_legacy registered
[    0.470976] msgmni has been set to 15656
[    0.472225] NET: Registered protocol family 38
[    0.472295] Key type asymmetric registered
[    0.472363] Asymmetric key parser 'x509' registered
[    0.472472] Block layer SCSI generic (bsg) driver version 0.4 loaded (major 253)
[    0.472575] io scheduler noop registered
[    0.472643] io scheduler deadline registered
[    0.472745] io scheduler cfq registered (default)
[    0.472926] pcieport 0000:00:01.0: irq 24 for MSI/MSI-X
[    0.473009] pcieport 0000:00:1c.0: irq 25 for MSI/MSI-X
[    0.473073] pcieport 0000:00:1c.1: irq 26 for MSI/MSI-X
[    0.473167] pcieport 0000:00:1c.2: irq 27 for MSI/MSI-X
[    0.473263] pcieport 0000:00:1c.3: irq 28 for MSI/MSI-X
[    0.473326] pcieport 0000:00:1c.4: irq 29 for MSI/MSI-X
[    0.473432] pcieport 0000:00:1c.7: irq 30 for MSI/MSI-X
[    0.473508] pci_hotplug: PCI Hot Plug PCI Core version: 0.5
[    0.473667] input: Power Button as /devices/LNXSYSTM:00/LNXSYBUS:00/PNP0C0C:00/input/input0
[    0.473768] ACPI: Power Button [PWRB]
[    0.473858] input: Power Button as /devices/LNXSYSTM:00/LNXPWRBN:00/input/input1
[    0.473957] ACPI: Power Button [PWRF]
[    0.474128] Monitor-Mwait will be used to enter C-1 state
[    0.474131] Monitor-Mwait will be used to enter C-3 state
[    0.474138] ACPI: acpi_idle registered with cpuidle
[    0.474666] Serial: 8250/16550 driver, 4 ports, IRQ sharing enabled
[    0.475058] Non-volatile memory driver v1.3
[    0.475134] Linux agpgart interface v0.103
[    0.475240] [drm] Initialized drm 1.1.0 20060810
[    0.475753] loop: module loaded
[    0.475879] ahci 0000:00:1f.2: version 3.0
[    0.475944] ahci 0000:00:1f.2: irq 31 for MSI/MSI-X
[    0.486444] ahci 0000:00:1f.2: AHCI 0001.0300 32 slots 6 ports 6 Gbps 0x3f impl SATA mode
[    0.486554] ahci 0000:00:1f.2: flags: 64bit ncq sntf pm led clo pio slum part ems apst 
[    0.496710] scsi host0: ahci
[    0.496921] scsi host1: ahci
[    0.497103] scsi host2: ahci
[    0.497246] scsi host3: ahci
[    0.497388] scsi host4: ahci
[    0.497526] scsi host5: ahci
[    0.497625] ata1: SATA max UDMA/133 abar m2048@0xfad25000 port 0xfad25100 irq 31
[    0.497726] ata2: SATA max UDMA/133 abar m2048@0xfad25000 port 0xfad25180 irq 31
[    0.497823] ata3: SATA max UDMA/133 abar m2048@0xfad25000 port 0xfad25200 irq 31
[    0.497918] ata4: SATA max UDMA/133 abar m2048@0xfad25000 port 0xfad25280 irq 31
[    0.498014] ata5: SATA max UDMA/133 abar m2048@0xfad25000 port 0xfad25300 irq 31
[    0.498110] ata6: SATA max UDMA/133 abar m2048@0xfad25000 port 0xfad25380 irq 31
[    0.498369] ahci 0000:05:00.0: AHCI 0001.0100 32 slots 2 ports 3 Gbps 0x3 impl SATA mode
[    0.498466] ahci 0000:05:00.0: flags: 64bit ncq pm led clo pmp pio slum part 
[    0.498693] scsi host6: ahci
[    0.498834] scsi host7: ahci
[    0.498932] ata7: SATA max UDMA/133 abar m512@0xfab10000 port 0xfab10100 irq 19
[    0.499033] ata8: SATA max UDMA/133 abar m512@0xfab10000 port 0xfab10180 irq 19
[    0.499693] ahci 0000:09:00.0: irq 32 for MSI/MSI-X
[    0.499739] ahci 0000:09:00.0: AHCI 0001.0000 32 slots 2 ports 6 Gbps 0x3 impl SATA mode
[    0.499836] ahci 0000:09:00.0: flags: 64bit ncq sntf led only pmp fbs pio slum part sxs 
[    0.500087] scsi host8: ahci
[    0.500227] scsi host9: ahci
[    0.500322] ata9: SATA max UDMA/133 abar m512@0xfa810000 port 0xfa810100 irq 32
[    0.500455] ata10: SATA max UDMA/133 abar m512@0xfa810000 port 0xfa810180 irq 32
[    0.500647] ehci_hcd: USB 2.0 'Enhanced' Host Controller (EHCI) Driver
[    0.500734] ehci-pci: EHCI PCI platform driver
[    0.500866] ehci-pci 0000:00:1a.0: EHCI Host Controller
[    0.500957] ehci-pci 0000:00:1a.0: new USB bus registered, assigned bus number 1
[    0.501068] ehci-pci 0000:00:1a.0: debug port 2
[    0.505020] ehci-pci 0000:00:1a.0: cache line size of 64 is not supported
[    0.505030] ehci-pci 0000:00:1a.0: irq 23, io mem 0xfad27000
[    0.510388] ehci-pci 0000:00:1a.0: USB 2.0 started, EHCI 1.00
[    0.510494] usb usb1: New USB device found, idVendor=1d6b, idProduct=0002
[    0.510573] usb usb1: New USB device strings: Mfr=3, Product=2, SerialNumber=1
[    0.510669] usb usb1: Product: EHCI Host Controller
[    0.510737] usb usb1: Manufacturer: Linux 3.17.8 ehci_hcd
[    0.510807] usb usb1: SerialNumber: 0000:00:1a.0
[    0.511001] hub 1-0:1.0: USB hub found
[    0.511079] hub 1-0:1.0: 2 ports detected
[    0.511255] ehci-pci 0000:00:1d.0: EHCI Host Controller
[    0.511361] ehci-pci 0000:00:1d.0: new USB bus registered, assigned bus number 2
[    0.511480] ehci-pci 0000:00:1d.0: debug port 2
[    0.515447] ehci-pci 0000:00:1d.0: cache line size of 64 is not supported
[    0.515450] ehci-pci 0000:00:1d.0: irq 23, io mem 0xfad26000
[    0.521383] ehci-pci 0000:00:1d.0: USB 2.0 started, EHCI 1.00
[    0.521486] usb usb2: New USB device found, idVendor=1d6b, idProduct=0002
[    0.521566] usb usb2: New USB device strings: Mfr=3, Product=2, SerialNumber=1
[    0.521661] usb usb2: Product: EHCI Host Controller
[    0.521729] usb usb2: Manufacturer: Linux 3.17.8 ehci_hcd
[    0.521798] usb usb2: SerialNumber: 0000:00:1d.0
[    0.522010] hub 2-0:1.0: USB hub found
[    0.522090] hub 2-0:1.0: 2 ports detected
[    0.522223] ohci_hcd: USB 1.1 'Open' Host Controller (OHCI) Driver
[    0.522313] ohci-pci: OHCI PCI platform driver
[    0.522404] uhci_hcd: USB Universal Host Controller Interface driver
[    0.522505] usbcore: registered new interface driver usblp
[    0.522598] usbcore: registered new interface driver usb-storage
[    0.522704] i8042: PNP: No PS/2 controller found. Probing ports directly.
[    0.525757] serio: i8042 KBD port at 0x60,0x64 irq 1
[    0.525830] serio: i8042 AUX port at 0x60,0x64 irq 12
[    0.525996] mousedev: PS/2 mouse device common for all mice
[    0.526224] rtc_cmos 00:02: RTC can wake from S4
[    0.526412] rtc_cmos 00:02: rtc core: registered rtc_cmos as rtc0
[    0.526512] rtc_cmos 00:02: alarms up to one month, y3k, 114 bytes nvram, hpet irqs
[    0.526679] i801_smbus 0000:00:1f.3: SMBus using PCI Interrupt
[    0.526833] device-mapper: ioctl: 4.27.0-ioctl (2013-10-30) initialised: dm-devel@redhat.com
[    0.526957] hidraw: raw HID events driver (C) Jiri Kosina
[    0.527207] usbcore: registered new interface driver usbhid
[    0.527333] usbhid: USB HID core driver
[    0.527452] Netfilter messages via NETLINK v0.30.
[    0.527564] nf_conntrack version 0.5.0 (16384 buckets, 65536 max)
[    0.527693] ctnetlink v0.93: registering with nfnetlink.
[    0.527836] ip_tables: (C) 2000-2006 Netfilter Core Team
[    0.527922] TCP: cubic registered
[    0.527989] Initializing XFRM netlink socket
[    0.528146] NET: Registered protocol family 10
[    0.528386] ip6_tables: (C) 2000-2006 Netfilter Core Team
[    0.528488] sit: IPv6 over IPv4 tunneling driver
[    0.528638] NET: Registered protocol family 17
[    0.528726] Key type dns_resolver registered
[    0.528974] registered taskstats version 1
[    0.529460] console [netcon0] enabled
[    0.529526] netconsole: network logging started
[    0.802111] ata3: SATA link up 3.0 Gbps (SStatus 123 SControl 300)
[    0.802217] ata5: SATA link up 3.0 Gbps (SStatus 123 SControl 300)
[    0.802437] ata3.00: ATA-9: INTEL SSDSC2BA100G3, 5DV10270, max UDMA/133
[    0.802528] ata3.00: 195371568 sectors, multi 1: LBA48 NCQ (depth 31/32)
[    0.802764] ata5.00: ATA-9: INTEL SSDSC2BA100G3, 5DV10270, max UDMA/133
[    0.802842] ata5.00: 195371568 sectors, multi 1: LBA48 NCQ (depth 31/32)
[    0.803010] ata3.00: configured for UDMA/133
[    0.803117] ata6: SATA link up 3.0 Gbps (SStatus 123 SControl 300)
[    0.803200] ata4: SATA link up 3.0 Gbps (SStatus 123 SControl 300)
[    0.803286] ata2: SATA link up 6.0 Gbps (SStatus 133 SControl 300)
[    0.803384] ata1: SATA link up 6.0 Gbps (SStatus 133 SControl 300)
[    0.803472] ata5.00: configured for UDMA/133
[    0.803563] ata6.00: ATA-9: INTEL SSDSC2BA100G3, 5DV10270, max UDMA/133
[    0.803646] ata6.00: 195371568 sectors, multi 1: LBA48 NCQ (depth 31/32)
[    0.803722] ata4.00: ATA-9: INTEL SSDSC2BA100G3, 5DV10270, max UDMA/133
[    0.803796] ata4.00: 195371568 sectors, multi 1: LBA48 NCQ (depth 31/32)
[    0.803875] ata2.00: ATA-9: INTEL SSDSC2BA100G3, 5DV10270, max UDMA/133
[    0.803948] ata2.00: 195371568 sectors, multi 1: LBA48 NCQ (depth 31/32)
[    0.804033] ata1.00: ATA-9: INTEL SSDSC2BA100G3, 5DV10270, max UDMA/133
[    0.804088] ata8: SATA link down (SStatus 0 SControl 300)
[    0.804131] ata7: SATA link down (SStatus 0 SControl 300)
[    0.804347] ata1.00: 195371568 sectors, multi 1: LBA48 NCQ (depth 31/32)
[    0.804522] ata6.00: configured for UDMA/133
[    0.804597] ata4.00: configured for UDMA/133
[    0.804732] ata2.00: configured for UDMA/133
[    0.804808] ata1.00: configured for UDMA/133
[    0.804946] scsi 0:0:0:0: Direct-Access     ATA      INTEL SSDSC2BA10 0270 PQ: 0 ANSI: 5
[    0.805218] sd 0:0:0:0: Attached scsi generic sg0 type 0
[    0.805281] sd 0:0:0:0: [sda] 195371568 512-byte logical blocks: (100 GB/93.1 GiB)
[    0.805282] sd 0:0:0:0: [sda] 4096-byte physical blocks
[    0.805514] sd 0:0:0:0: [sda] Write Protect is off
[    0.805625] sd 0:0:0:0: [sda] Mode Sense: 00 3a 00 00
[    0.805655] scsi 1:0:0:0: Direct-Access     ATA      INTEL SSDSC2BA10 0270 PQ: 0 ANSI: 5
[    0.805673] sd 0:0:0:0: [sda] Write cache: enabled, read cache: enabled, doesn't support DPO or FUA
[    0.806037]  sda: sda1
[    0.806042] sd 1:0:0:0: [sdb] 195371568 512-byte logical blocks: (100 GB/93.1 GiB)
[    0.806043] sd 1:0:0:0: [sdb] 4096-byte physical blocks
[    0.806071] sd 1:0:0:0: Attached scsi generic sg1 type 0
[    0.806091] sd 1:0:0:0: [sdb] Write Protect is off
[    0.806092] sd 1:0:0:0: [sdb] Mode Sense: 00 3a 00 00
[    0.806100] sd 1:0:0:0: [sdb] Write cache: enabled, read cache: enabled, doesn't support DPO or FUA
[    0.806151] scsi 2:0:0:0: Direct-Access     ATA      INTEL SSDSC2BA10 0270 PQ: 0 ANSI: 5
[    0.806247] sd 2:0:0:0: Attached scsi generic sg2 type 0
[    0.806248] sd 2:0:0:0: [sdc] 195371568 512-byte logical blocks: (100 GB/93.1 GiB)
[    0.806248] sd 2:0:0:0: [sdc] 4096-byte physical blocks
[    0.806322]  sdb: sdb1
[    0.806329] scsi 3:0:0:0: Direct-Access     ATA      INTEL SSDSC2BA10 0270 PQ: 0 ANSI: 5
[    0.806330] sd 2:0:0:0: [sdc] Write Protect is off
[    0.806331] sd 2:0:0:0: [sdc] Mode Sense: 00 3a 00 00
[    0.806355] sd 2:0:0:0: [sdc] Write cache: enabled, read cache: enabled, doesn't support DPO or FUA
[    0.806444] sd 3:0:0:0: Attached scsi generic sg3 type 0
[    0.806474] sd 1:0:0:0: [sdb] Attached SCSI disk
[    0.806489] sd 3:0:0:0: [sdd] 195371568 512-byte logical blocks: (100 GB/93.1 GiB)
[    0.806489] sd 3:0:0:0: [sdd] 4096-byte physical blocks
[    0.806503] scsi 4:0:0:0: Direct-Access     ATA      INTEL SSDSC2BA10 0270 PQ: 0 ANSI: 5
[    0.806580] sd 3:0:0:0: [sdd] Write Protect is off
[    0.806581] sd 3:0:0:0: [sdd] Mode Sense: 00 3a 00 00
[    0.806604] sd 3:0:0:0: [sdd] Write cache: enabled, read cache: enabled, doesn't support DPO or FUA
[    0.806605] sd 4:0:0:0: [sde] 195371568 512-byte logical blocks: (100 GB/93.1 GiB)
[    0.806606] sd 4:0:0:0: [sde] 4096-byte physical blocks
[    0.806625] sd 4:0:0:0: Attached scsi generic sg4 type 0
[    0.806632] sd 4:0:0:0: [sde] Write Protect is off
[    0.806633] sd 4:0:0:0: [sde] Mode Sense: 00 3a 00 00
[    0.806640]  sdc: sdc1
[    0.806641] sd 4:0:0:0: [sde] Write cache: enabled, read cache: enabled, doesn't support DPO or FUA
[    0.806676] scsi 5:0:0:0: Direct-Access     ATA      INTEL SSDSC2BA10 0270 PQ: 0 ANSI: 5
[    0.806763] sd 5:0:0:0: Attached scsi generic sg5 type 0
[    0.806767] sd 5:0:0:0: [sdf] 195371568 512-byte logical blocks: (100 GB/93.1 GiB)
[    0.806768] sd 5:0:0:0: [sdf] 4096-byte physical blocks
[    0.806819] sd 5:0:0:0: [sdf] Write Protect is off
[    0.806820] sd 5:0:0:0: [sdf] Mode Sense: 00 3a 00 00
[    0.806821] sd 2:0:0:0: [sdc] Attached SCSI disk
[    0.806841] sd 5:0:0:0: [sdf] Write cache: enabled, read cache: enabled, doesn't support DPO or FUA
[    0.806914]  sdd: sdd1
[    0.806985]  sde: sde1
[    0.807098] sd 3:0:0:0: [sdd] Attached SCSI disk
[    0.807102] sd 4:0:0:0: [sde] Attached SCSI disk
[    0.807140]  sdf: sdf1
[    0.807335] sd 5:0:0:0: [sdf] Attached SCSI disk
[    0.810020] sd 0:0:0:0: [sda] Attached SCSI disk
[    0.812076] usb 1-1: new high-speed USB device number 2 using ehci-pci
[    0.926725] usb 1-1: New USB device found, idVendor=8087, idProduct=0024
[    0.926797] usb 1-1: New USB device strings: Mfr=0, Product=0, SerialNumber=0
[    0.927148] hub 1-1:1.0: USB hub found
[    0.927406] hub 1-1:1.0: 6 ports detected
[    0.959965] ata10: SATA link up 3.0 Gbps (SStatus 123 SControl 300)
[    0.960072] ata9: SATA link up 6.0 Gbps (SStatus 133 SControl 300)
[    0.960452] ata10.00: ATA-8: INTEL SSDSA2CW120G3, 4PC10362, max UDMA/133
[    0.960532] ata10.00: 234441648 sectors, multi 1: LBA48 NCQ (depth 31/32)
[    0.960728] ata9.00: ATA-9: INTEL SSDSC2BB080G6, G2010140, max UDMA/133
[    0.960800] ata9.00: 156301488 sectors, multi 1: LBA48 NCQ (depth 31/32)
[    0.961087] ata10.00: configured for UDMA/133
[    0.961460] ata9.00: configured for UDMA/133
[    0.961738] scsi 8:0:0:0: Direct-Access     ATA      INTEL SSDSC2BB08 0140 PQ: 0 ANSI: 5
[    0.962519] sd 8:0:0:0: Attached scsi generic sg6 type 0
[    0.962521] sd 8:0:0:0: [sdg] 156301488 512-byte logical blocks: (80.0 GB/74.5 GiB)
[    0.962522] sd 8:0:0:0: [sdg] 4096-byte physical blocks
[    0.962638] sd 8:0:0:0: [sdg] Write Protect is off
[    0.962639] sd 8:0:0:0: [sdg] Mode Sense: 00 3a 00 00
[    0.962665] sd 8:0:0:0: [sdg] Write cache: enabled, read cache: enabled, doesn't support DPO or FUA
[    0.963164] scsi 9:0:0:0: Direct-Access     ATA      INTEL SSDSA2CW12 0362 PQ: 0 ANSI: 5
[    0.963175]  sdg: sdg1 sdg2 sdg3 sdg4
[    0.963458] sd 8:0:0:0: [sdg] Attached SCSI disk
[    0.963494] sd 9:0:0:0: [sdh] 234441648 512-byte logical blocks: (120 GB/111 GiB)
[    0.963507] sd 9:0:0:0: Attached scsi generic sg7 type 0
[    0.963516] sd 9:0:0:0: [sdh] Write Protect is off
[    0.963518] sd 9:0:0:0: [sdh] Mode Sense: 00 3a 00 00
[    0.963525] sd 9:0:0:0: [sdh] Write cache: enabled, read cache: enabled, doesn't support DPO or FUA
[    0.963837]  sdh: sdh1
[    0.963955] sd 9:0:0:0: [sdh] Attached SCSI disk
[    0.964092] md: Waiting for all devices to be available before autodetect
[    0.964165] md: If you don't use raid, use raid=noautodetect
[    0.964300] md: Autodetecting RAID arrays.
[    0.964506] md: invalid raid superblock magic on sdb1
[    0.964580] md: sdb1 does not have a valid v0.90 superblock, not importing!
[    0.964728] md: invalid raid superblock magic on sdc1
[    0.964797] md: sdc1 does not have a valid v0.90 superblock, not importing!
[    0.964919] md: invalid raid superblock magic on sdd1
[    0.964988] md: sdd1 does not have a valid v0.90 superblock, not importing!
[    0.965110] md: invalid raid superblock magic on sde1
[    0.965179] md: sde1 does not have a valid v0.90 superblock, not importing!
[    0.965301] md: invalid raid superblock magic on sdf1
[    0.965370] md: sdf1 does not have a valid v0.90 superblock, not importing!
[    0.965561] md: invalid raid superblock magic on sda1
[    0.965630] md: sda1 does not have a valid v0.90 superblock, not importing!
[    0.965702] md: Scanned 6 and added 0 devices.
[    0.965769] md: autorun ...
[    0.965834] md: ... autorun DONE.
[    0.966055] EXT4-fs (sdg3): couldn't mount as ext2 due to feature incompatibilities
[    0.969596] EXT4-fs (sdg3): mounted filesystem with ordered data mode. Opts: (null)
[    0.969700] VFS: Mounted root (ext4 filesystem) readonly on device 8:99.
[    0.970192] Freeing unused kernel memory: 996K (ffffffff81ccf000 - ffffffff81dc8000)
[    0.970288] Write protecting the kernel read-only data: 12288k
[    0.971158] Freeing unused kernel memory: 416K (ffff880001798000 - ffff880001800000)
[    0.973476] Freeing unused kernel memory: 1500K (ffff880001a89000 - ffff880001c00000)
[    1.011793] random: nonblocking pool is initialized
[    1.026967] kbd_mode (1215) used greatest stack depth: 13944 bytes left
[    1.029886] usb 2-1: new high-speed USB device number 2 using ehci-pci
[    1.030349] loadkeys (1216) used greatest stack depth: 13240 bytes left
[    1.030481] init-early.sh (1214) used greatest stack depth: 12600 bytes left
[    1.144169] usb 2-1: New USB device found, idVendor=8087, idProduct=0024
[    1.144172] usb 2-1: New USB device strings: Mfr=0, Product=0, SerialNumber=0
[    1.144284] hub 2-1:1.0: USB hub found
[    1.144388] hub 2-1:1.0: 8 ports detected
[    1.307980] pps_core: LinuxPPS API ver. 1 registered
[    1.307982] pps_core: Software ver. 5.3.6 - Copyright 2005-2007 Rodolfo Giometti <giometti@linux.it>
[    1.308686] PTP clock support registered
[    1.310878] e1000e: Intel(R) PRO/1000 Network Driver - 2.3.2-k
[    1.310880] e1000e: Copyright(c) 1999 - 2014 Intel Corporation.
[    1.311006] e1000e 0000:00:19.0: Interrupt Throttling Rate (ints/sec) set to dynamic conservative mode
[    1.311024] e1000e 0000:00:19.0: irq 33 for MSI/MSI-X
[    1.330946] md: bind<sde1>
[    1.332316] md: bind<sdd1>
[    1.333417] md: bind<sda1>
[    1.335183] md: bind<sdf1>
[    1.336396] md: bind<sdb1>
[    1.338738] md: bind<sdc1>
[    1.348282] md: raid10 personality registered for level 10
[    1.348455] md/raid10:md127: active with 6 out of 6 devices
[    1.348472] md127: detected capacity change from 0 to 299885395968
[    1.348798]  md127: unknown partition table
[    1.409766] usb 2-1.7: new full-speed USB device number 3 using ehci-pci
[    1.465470] tsc: Refined TSC clocksource calibration: 3300.023 MHz
[    1.495099] usb 2-1.7: New USB device found, idVendor=0cf3, idProduct=3000
[    1.495101] usb 2-1.7: New USB device strings: Mfr=0, Product=0, SerialNumber=0
[    1.571182] e1000e 0000:00:19.0 eth0: registered PHC clock
[    1.571184] e1000e 0000:00:19.0 eth0: (PCI Express:2.5GT/s:Width x1) 14:da:e9:0f:78:84
[    1.571186] e1000e 0000:00:19.0 eth0: Intel(R) PRO/1000 Network Connection
[    1.571218] e1000e 0000:00:19.0 eth0: MAC: 10, PHY: 11, PBA No: FFFFFF-0FF
[    1.573168] e1000e 0000:00:19.0 eno1: renamed from eth0
[    2.424758] EXT4-fs (sdg3): re-mounted. Opts: (null)
[    2.462833] Adding 1020k swap on /dev/sdg2.  Priority:-1 extents:1 across:1020k SS
[    2.464536] Switched to clocksource tsc
[    2.630031] gzip (1800) used greatest stack depth: 12552 bytes left
[    3.042824] e1000e 0000:00:19.0: irq 33 for MSI/MSI-X
[    3.142874] e1000e 0000:00:19.0: irq 33 for MSI/MSI-X
[    3.142949] IPv6: ADDRCONF(NETDEV_UP): eno1: link is not ready
[    5.921304] e1000e: eno1 NIC Link is Up 1000 Mbps Full Duplex, Flow Control: Rx/Tx
[    5.921337] IPv6: ADDRCONF(NETDEV_CHANGE): eno1: link becomes ready
[ 1400.641027] EXT4-fs (md127): barriers disabled
[ 1400.643757] EXT4-fs (md127): mounted filesystem with ordered data mode. Opts: nobarrier
