[    0.000000] Linux version 3.10.101 (root@bench) (gcc version 4.7.3 (Gentoo 4.7.3-r1 p1.4, pie-0.5.5) ) #1 SMP Tue May 10 01:27:24 CEST 2016
[    0.000000] Command line: BOOT_IMAGE=/kernel-3.10.101 root=/dev/sdg3 ro
[    0.000000] e820: BIOS-provided physical RAM map:
[    0.000000] BIOS-e820: [mem 0x0000000000000000-0x000000000009b3ff] usable
[    0.000000] BIOS-e820: [mem 0x000000000009b400-0x000000000009ffff] reserved
[    0.000000] BIOS-e820: [mem 0x00000000000e0000-0x00000000000fffff] reserved
[    0.000000] BIOS-e820: [mem 0x0000000000100000-0x000000001fffffff] usable
[    0.000000] BIOS-e820: [mem 0x0000000020000000-0x00000000201fffff] reserved
[    0.000000] BIOS-e820: [mem 0x0000000020200000-0x000000003fffffff] usable
[    0.000000] BIOS-e820: [mem 0x0000000040000000-0x00000000401fffff] reserved
[    0.000000] BIOS-e820: [mem 0x0000000040200000-0x00000000b677dfff] usable
[    0.000000] BIOS-e820: [mem 0x00000000b677e000-0x00000000b67d4fff] ACPI NVS
[    0.000000] BIOS-e820: [mem 0x00000000b67d5000-0x00000000b6b5bfff] reserved
[    0.000000] BIOS-e820: [mem 0x00000000b6b5c000-0x00000000b6b5efff] ACPI NVS
[    0.000000] BIOS-e820: [mem 0x00000000b6b5f000-0x00000000b6da4fff] reserved
[    0.000000] BIOS-e820: [mem 0x00000000b6da5000-0x00000000b6db5fff] ACPI NVS
[    0.000000] BIOS-e820: [mem 0x00000000b6db6000-0x00000000b6dccfff] reserved
[    0.000000] BIOS-e820: [mem 0x00000000b6dcd000-0x00000000b6dcefff] usable
[    0.000000] BIOS-e820: [mem 0x00000000b6dcf000-0x00000000b6dd6fff] reserved
[    0.000000] BIOS-e820: [mem 0x00000000b6dd7000-0x00000000b6de1fff] ACPI NVS
[    0.000000] BIOS-e820: [mem 0x00000000b6de2000-0x00000000b6e3dfff] reserved
[    0.000000] BIOS-e820: [mem 0x00000000b6e3e000-0x00000000b6e80fff] ACPI NVS
[    0.000000] BIOS-e820: [mem 0x00000000b6e81000-0x00000000b6ffffff] usable
[    0.000000] BIOS-e820: [mem 0x00000000b7800000-0x00000000bf9fffff] reserved
[    0.000000] BIOS-e820: [mem 0x00000000fed1c000-0x00000000fed1ffff] reserved
[    0.000000] BIOS-e820: [mem 0x00000000ff000000-0x00000000ffffffff] reserved
[    0.000000] BIOS-e820: [mem 0x0000000100000000-0x000000023fdfffff] usable
[    0.000000] NX (Execute Disable) protection: active
[    0.000000] SMBIOS 2.6 present.
[    0.000000] DMI: System manufacturer System Product Name/P8Z68-V PRO, BIOS 0501 05/09/2011
[    0.000000] e820: update [mem 0x00000000-0x00000fff] usable ==> reserved
[    0.000000] e820: remove [mem 0x000a0000-0x000fffff] usable
[    0.000000] No AGP bridge found
[    0.000000] e820: last_pfn = 0x23fe00 max_arch_pfn = 0x400000000
[    0.000000] MTRR default type: uncachable
[    0.000000] MTRR fixed ranges enabled:
[    0.000000]   00000-9FFFF write-back
[    0.000000]   A0000-BFFFF uncachable
[    0.000000]   C0000-D3FFF write-protect
[    0.000000]   D4000-E7FFF uncachable
[    0.000000]   E8000-FFFFF write-protect
[    0.000000] MTRR variable ranges enabled:
[    0.000000]   0 base 000000000 mask E00000000 write-back
[    0.000000]   1 base 200000000 mask FC0000000 write-back
[    0.000000]   2 base 0B7800000 mask FFF800000 uncachable
[    0.000000]   3 base 0B8000000 mask FF8000000 uncachable
[    0.000000]   4 base 0C0000000 mask FC0000000 uncachable
[    0.000000]   5 base 23FE00000 mask FFFE00000 uncachable
[    0.000000]   6 disabled
[    0.000000]   7 disabled
[    0.000000]   8 disabled
[    0.000000]   9 disabled
[    0.000000] x86 PAT enabled: cpu 0, old 0x7040600070406, new 0x7010600070106
[    0.000000] e820: update [mem 0xb7800000-0xffffffff] usable ==> reserved
[    0.000000] e820: last_pfn = 0xb7000 max_arch_pfn = 0x400000000
[    0.000000] found SMP MP-table at [mem 0x000fcee0-0x000fceef] mapped at [ffff8800000fcee0]
[    0.000000] Scanning 1 areas for low memory corruption
[    0.000000] Base memory trampoline at [ffff880000095000] 95000 size 24576
[    0.000000] reserving inaccessible SNB gfx pages
[    0.000000] init_memory_mapping: [mem 0x00000000-0x000fffff]
[    0.000000]  [mem 0x00000000-0x000fffff] page 4k
[    0.000000] BRK [0x01e97000, 0x01e97fff] PGTABLE
[    0.000000] BRK [0x01e98000, 0x01e98fff] PGTABLE
[    0.000000] BRK [0x01e99000, 0x01e99fff] PGTABLE
[    0.000000] init_memory_mapping: [mem 0x23fc00000-0x23fdfffff]
[    0.000000]  [mem 0x23fc00000-0x23fdfffff] page 2M
[    0.000000] BRK [0x01e9a000, 0x01e9afff] PGTABLE
[    0.000000] init_memory_mapping: [mem 0x23c000000-0x23fbfffff]
[    0.000000]  [mem 0x23c000000-0x23fbfffff] page 2M
[    0.000000] init_memory_mapping: [mem 0x200000000-0x23bffffff]
[    0.000000]  [mem 0x200000000-0x23bffffff] page 2M
[    0.000000] init_memory_mapping: [mem 0x00100000-0x1fffffff]
[    0.000000]  [mem 0x00100000-0x001fffff] page 4k
[    0.000000]  [mem 0x00200000-0x1fffffff] page 2M
[    0.000000] init_memory_mapping: [mem 0x20200000-0x3fffffff]
[    0.000000]  [mem 0x20200000-0x3fffffff] page 2M
[    0.000000] init_memory_mapping: [mem 0x40200000-0xb677dfff]
[    0.000000]  [mem 0x40200000-0xb65fffff] page 2M
[    0.000000]  [mem 0xb6600000-0xb677dfff] page 4k
[    0.000000] BRK [0x01e9b000, 0x01e9bfff] PGTABLE
[    0.000000] BRK [0x01e9c000, 0x01e9cfff] PGTABLE
[    0.000000] init_memory_mapping: [mem 0xb6dcd000-0xb6dcefff]
[    0.000000]  [mem 0xb6dcd000-0xb6dcefff] page 4k
[    0.000000] init_memory_mapping: [mem 0xb6e81000-0xb6ffffff]
[    0.000000]  [mem 0xb6e81000-0xb6ffffff] page 4k
[    0.000000] init_memory_mapping: [mem 0x100000000-0x1ffffffff]
[    0.000000]  [mem 0x100000000-0x1ffffffff] page 2M
[    0.000000] ACPI: RSDP 0x00000000000F0420 00024 (v02 ALASKA)
[    0.000000] ACPI: XSDT 0x00000000B67CA068 0004C (v01 ALASKA A M I    01072009 AMI  00010013)
[    0.000000] ACPI: FACP 0x00000000B67D42D8 000F4 (v04 ALASKA A M I    01072009 AMI  00010013)
[    0.000000] ACPI: DSDT 0x00000000B67CA140 0A198 (v02 ALASKA A M I    00000000 INTL 20051117)
[    0.000000] ACPI: FACS 0x00000000B6DD9F80 00040
[    0.000000] ACPI: APIC 0x00000000B67D43D0 00072 (v03 ALASKA A M I    01072009 AMI  00010013)
[    0.000000] ACPI: SSDT 0x00000000B67D4448 00102 (v01 AMICPU PROC     00000001 MSFT 03000001)
[    0.000000] ACPI: MCFG 0x00000000B67D4550 0003C (v01 ALASKA A M I    01072009 MSFT 00000097)
[    0.000000] ACPI: HPET 0x00000000B67D4590 00038 (v01 ALASKA A M I    01072009 AMI. 00000004)
[    0.000000] ACPI: Local APIC address 0xfee00000
[    0.000000] No NUMA configuration found
[    0.000000] Faking a node at [mem 0x0000000000000000-0x000000023fdfffff]
[    0.000000] Initmem setup node 0 [mem 0x00000000-0x23fdfffff]
[    0.000000]   NODE_DATA [mem 0x23fdf5000-0x23fdf8fff]
[    0.000000]  [ffffea0000000000-ffffea0008ffffff] PMD -> [ffff880237600000-ffff88023f3fffff] on node 0
[    0.000000] Zone ranges:
[    0.000000]   DMA      [mem 0x00001000-0x00ffffff]
[    0.000000]   DMA32    [mem 0x01000000-0xffffffff]
[    0.000000]   Normal   [mem 0x100000000-0x23fdfffff]
[    0.000000] Movable zone start for each node
[    0.000000] Early memory node ranges
[    0.000000]   node   0: [mem 0x00001000-0x0009afff]
[    0.000000]   node   0: [mem 0x00100000-0x1fffffff]
[    0.000000]   node   0: [mem 0x20200000-0x3fffffff]
[    0.000000]   node   0: [mem 0x40200000-0xb677dfff]
[    0.000000]   node   0: [mem 0xb6dcd000-0xb6dcefff]
[    0.000000]   node   0: [mem 0xb6e81000-0xb6ffffff]
[    0.000000]   node   0: [mem 0x100000000-0x23fdfffff]
[    0.000000] On node 0 totalpages: 2056857
[    0.000000]   DMA zone: 64 pages used for memmap
[    0.000000]   DMA zone: 154 pages reserved
[    0.000000]   DMA zone: 3994 pages, LIFO batch:0
[    0.000000]   DMA32 zone: 11604 pages used for memmap
[    0.000000]   DMA32 zone: 742655 pages, LIFO batch:31
[    0.000000]   Normal zone: 20472 pages used for memmap
[    0.000000]   Normal zone: 1310208 pages, LIFO batch:31
[    0.000000] ACPI: PM-Timer IO Port: 0x408
[    0.000000] ACPI: Local APIC address 0xfee00000
[    0.000000] ACPI: LAPIC (acpi_id[0x01] lapic_id[0x00] enabled)
[    0.000000] ACPI: LAPIC (acpi_id[0x02] lapic_id[0x02] enabled)
[    0.000000] ACPI: LAPIC (acpi_id[0x03] lapic_id[0x04] enabled)
[    0.000000] ACPI: LAPIC (acpi_id[0x04] lapic_id[0x06] enabled)
[    0.000000] ACPI: LAPIC_NMI (acpi_id[0xff] high edge lint[0x1])
[    0.000000] ACPI: IOAPIC (id[0x00] address[0xfec00000] gsi_base[0])
[    0.000000] IOAPIC[0]: apic_id 0, version 32, address 0xfec00000, GSI 0-23
[    0.000000] ACPI: INT_SRC_OVR (bus 0 bus_irq 0 global_irq 2 dfl dfl)
[    0.000000] ACPI: INT_SRC_OVR (bus 0 bus_irq 9 global_irq 9 high level)
[    0.000000] ACPI: IRQ0 used by override.
[    0.000000] ACPI: IRQ2 used by override.
[    0.000000] ACPI: IRQ9 used by override.
[    0.000000] Using ACPI (MADT) for SMP configuration information
[    0.000000] ACPI: HPET id: 0x8086a701 base: 0xfed00000
[    0.000000] smpboot: Allowing 4 CPUs, 0 hotplug CPUs
[    0.000000] nr_irqs_gsi: 40
[    0.000000] e820: [mem 0xbfa00000-0xfed1bfff] available for PCI devices
[    0.000000] setup_percpu: NR_CPUS:64 nr_cpumask_bits:64 nr_cpu_ids:4 nr_node_ids:1
[    0.000000] PERCPU: Embedded 26 pages/cpu @ffff88023fa00000 s74304 r8192 d24000 u524288
[    0.000000] pcpu-alloc: s74304 r8192 d24000 u524288 alloc=1*2097152
[    0.000000] pcpu-alloc: [0] 0 1 2 3 
[    0.000000] Built 1 zonelists in Zone order, mobility grouping on.  Total pages: 2024563
[    0.000000] Policy zone: Normal
[    0.000000] Kernel command line: BOOT_IMAGE=/kernel-3.10.101 root=/dev/sdg3 ro
[    0.000000] PID hash table entries: 4096 (order: 3, 32768 bytes)
[    0.000000] xsave: enabled xstate_bv 0x7, cntxt size 0x340
[    0.000000] Checking aperture...
[    0.000000] No AGP bridge found
[    0.000000] Memory: 8016156k/9435136k available (6952k kernel code, 1207708k absent, 211272k reserved, 6039k data, 948k init)
[    0.000000] SLUB: HWalign=64, Order=0-3, MinObjects=0, CPUs=4, Nodes=1
[    0.000000] Hierarchical RCU implementation.
[    0.000000] 	RCU restricting CPUs from NR_CPUS=64 to nr_cpu_ids=4.
[    0.000000] NR_IRQS:4352 nr_irqs:712 16
[    0.000000] Console: colour VGA+ 80x25
[    0.000000] console [tty0] enabled
[    0.000000] hpet clockevent registered
[    0.000000] tsc: Fast TSC calibration using PIT
[    0.001000] tsc: Detected 3299.985 MHz processor
[    0.000001] Calibrating delay loop (skipped), value calculated using timer frequency.. 6599.97 BogoMIPS (lpj=3299985)
[    0.000138] pid_max: default: 32768 minimum: 301
[    0.000220] Security Framework initialized
[    0.000588] Dentry cache hash table entries: 1048576 (order: 11, 8388608 bytes)
[    0.001868] Inode-cache hash table entries: 524288 (order: 10, 4194304 bytes)
[    0.002456] Mount-cache hash table entries: 256
[    0.002635] CPU: Physical Processor ID: 0
[    0.002702] CPU: Processor Core ID: 0
[    0.002770] ENERGY_PERF_BIAS: Set to 'normal', was 'performance'
               ENERGY_PERF_BIAS: View and update with x86_energy_perf_policy(8)
[    0.002885] mce: CPU supports 9 MCE banks
[    0.002961] CPU0: Thermal monitoring enabled (TM1)
[    0.003035] Last level iTLB entries: 4KB 512, 2MB 0, 4MB 0
               Last level dTLB entries: 4KB 512, 2MB 32, 4MB 32
               tlb_flushall_shift: 5
[    0.003253] Freeing SMP alternatives: 24k freed
[    0.003324] ACPI: Core revision 20130328
[    0.005323] ACPI: All ACPI Tables successfully acquired
[    0.107963] ..TIMER: vector=0x30 apic1=0 pin1=2 apic2=-1 pin2=-1
[    0.118024] smpboot: CPU0: Intel(R) Core(TM) i5-2500K CPU @ 3.30GHz (fam: 06, model: 2a, stepping: 07)
[    0.118237] TSC deadline timer enabled
[    0.118243] Performance Events: PEBS fmt1+, 16-deep LBR, SandyBridge events, Intel PMU driver.
[    0.118490] perf_event_intel: PEBS disabled due to CPU errata, please upgrade microcode
[    0.118586] ... version:                3
[    0.118652] ... bit width:              48
[    0.118719] ... generic registers:      8
[    0.118785] ... value mask:             0000ffffffffffff
[    0.118853] ... max period:             000000007fffffff
[    0.118921] ... fixed-purpose events:   3
[    0.118989] ... event mask:             00000007000000ff
[    0.119176] smpboot: Booting Node   0, Processors  #1 #2 #3 OK
[    0.158997] Brought up 4 CPUs
[    0.159065] smpboot: Total of 4 processors activated (26399.88 BogoMIPS)
[    0.161230] devtmpfs: initialized
[    0.161436] kworker/u8:0 (25) used greatest stack depth: 5912 bytes left
[    0.161505] NET: Registered protocol family 16
[    0.161714] ACPI: bus type PCI registered
[    0.161826] PCI: MMCONFIG for domain 0000 [bus 00-3f] at [mem 0xe0000000-0xe3ffffff] (base 0xe0000000)
[    0.161925] PCI: not using MMCONFIG
[    0.161990] PCI: Using configuration type 1 for base access
[    0.165598] bio: create slab <bio-0> at 0
[    0.165749] ACPI: Added _OSI(Module Device)
[    0.165817] ACPI: Added _OSI(Processor Device)
[    0.165884] ACPI: Added _OSI(3.0 _SCP Extensions)
[    0.165952] ACPI: Added _OSI(Processor Aggregator Device)
[    0.166770] ACPI: EC: Look up EC in DSDT
[    0.167472] ACPI: Executed 1 blocks of module-level executable AML code
[    0.169173] ACPI: SSDT 0x00000000B6DD8918 003E0 (v01 AMI    IST      00000001 MSFT 03000001)
[    0.169555] ACPI: Dynamic OEM Table Load:
[    0.169696] ACPI: SSDT 0x0000000000000000 003E0 (v01 AMI    IST      00000001 MSFT 03000001)
[    0.169882] ACPI: SSDT 0x00000000B6DD7D98 000E4 (v01 AMI    CST      00000001 MSFT 03000001)
[    0.170232] ACPI: Dynamic OEM Table Load:
[    0.170373] ACPI: SSDT 0x0000000000000000 000E4 (v01 AMI    CST      00000001 MSFT 03000001)
[    0.170832] ACPI: Interpreter enabled
[    0.170901] ACPI: (supports S0 S5)
[    0.170967] ACPI: Using IOAPIC for interrupt routing
[    0.171049] PCI: MMCONFIG for domain 0000 [bus 00-3f] at [mem 0xe0000000-0xe3ffffff] (base 0xe0000000)
[    0.171182] PCI: MMCONFIG at [mem 0xe0000000-0xe3ffffff] reserved in ACPI motherboard resources
[    0.171340] PCI: Using host bridge windows from ACPI; if necessary, use "pci=nocrs" and report a bug
[    0.171508] ACPI: No dock devices found.
[    0.171765] [Firmware Bug]: ACPI: BIOS _OSI(Linux) query ignored
[    0.176877] ACPI: PCI Root Bridge [PCI0] (domain 0000 [bus 00-ff])
[    0.177108] acpi PNP0A08:00: ignoring host bridge window [mem 0x000c8000-0x000dffff] (conflicts with Video ROM [mem 0x000c0000-0x000cdbff])
[    0.177214] acpi PNP0A08:00: [Firmware Info]: MMCONFIG for domain 0000 [bus 00-3f] only partially covers this bridge
[    0.177334] PCI host bridge to bus 0000:00
[    0.177402] pci_bus 0000:00: root bus resource [bus 00-ff]
[    0.177472] pci_bus 0000:00: root bus resource [io  0x0000-0x0cf7]
[    0.178001] pci_bus 0000:00: root bus resource [io  0x0d00-0xffff]
[    0.178072] pci_bus 0000:00: root bus resource [mem 0x000a0000-0x000bffff]
[    0.178143] pci_bus 0000:00: root bus resource [mem 0xbfa00000-0xffffffff]
[    0.178220] pci 0000:00:00.0: [8086:0100] type 00 class 0x060000
[    0.178286] pci 0000:00:01.0: [8086:0101] type 01 class 0x060400
[    0.178309] pci 0000:00:01.0: PME# supported from D0 D3hot D3cold
[    0.178362] pci 0000:00:02.0: [8086:0112] type 00 class 0x030000
[    0.178370] pci 0000:00:02.0: reg 10: [mem 0xfa400000-0xfa7fffff 64bit]
[    0.178374] pci 0000:00:02.0: reg 18: [mem 0xc0000000-0xcfffffff 64bit pref]
[    0.178377] pci 0000:00:02.0: reg 20: [io  0xf000-0xf03f]
[    0.178459] pci 0000:00:16.0: [8086:1c3a] type 00 class 0x078000
[    0.178481] pci 0000:00:16.0: reg 10: [mem 0xfad29000-0xfad2900f 64bit]
[    0.178550] pci 0000:00:16.0: PME# supported from D0 D3hot D3cold
[    0.178615] pci 0000:00:19.0: [8086:1503] type 00 class 0x020000
[    0.178631] pci 0000:00:19.0: reg 10: [mem 0xfad00000-0xfad1ffff]
[    0.178639] pci 0000:00:19.0: reg 14: [mem 0xfad28000-0xfad28fff]
[    0.178647] pci 0000:00:19.0: reg 18: [io  0xf080-0xf09f]
[    0.178705] pci 0000:00:19.0: PME# supported from D0 D3hot D3cold
[    0.178767] pci 0000:00:1a.0: [8086:1c2d] type 00 class 0x0c0320
[    0.178787] pci 0000:00:1a.0: reg 10: [mem 0xfad27000-0xfad273ff]
[    0.178871] pci 0000:00:1a.0: PME# supported from D0 D3hot D3cold
[    0.178936] pci 0000:00:1b.0: [8086:1c20] type 00 class 0x040300
[    0.178950] pci 0000:00:1b.0: reg 10: [mem 0xfad20000-0xfad23fff 64bit]
[    0.179012] pci 0000:00:1b.0: PME# supported from D0 D3hot D3cold
[    0.179069] pci 0000:00:1c.0: [8086:1c10] type 01 class 0x060400
[    0.179142] pci 0000:00:1c.0: PME# supported from D0 D3hot D3cold
[    0.179203] pci 0000:00:1c.1: [8086:1c12] type 01 class 0x060400
[    0.179278] pci 0000:00:1c.1: PME# supported from D0 D3hot D3cold
[    0.179339] pci 0000:00:1c.2: [8086:1c14] type 01 class 0x060400
[    0.179412] pci 0000:00:1c.2: PME# supported from D0 D3hot D3cold
[    0.179471] pci 0000:00:1c.3: [8086:1c16] type 01 class 0x060400
[    0.179544] pci 0000:00:1c.3: PME# supported from D0 D3hot D3cold
[    0.179605] pci 0000:00:1c.4: [8086:1c18] type 01 class 0x060400
[    0.179678] pci 0000:00:1c.4: PME# supported from D0 D3hot D3cold
[    0.179740] pci 0000:00:1c.6: [8086:244e] type 01 class 0x060401
[    0.179813] pci 0000:00:1c.6: PME# supported from D0 D3hot D3cold
[    0.179872] pci 0000:00:1c.7: [8086:1c1e] type 01 class 0x060400
[    0.179945] pci 0000:00:1c.7: PME# supported from D0 D3hot D3cold
[    0.180009] pci 0000:00:1d.0: [8086:1c26] type 00 class 0x0c0320
[    0.180028] pci 0000:00:1d.0: reg 10: [mem 0xfad26000-0xfad263ff]
[    0.180112] pci 0000:00:1d.0: PME# supported from D0 D3hot D3cold
[    0.180174] pci 0000:00:1f.0: [8086:1c44] type 00 class 0x060100
[    0.180329] pci 0000:00:1f.2: [8086:1c02] type 00 class 0x010601
[    0.180346] pci 0000:00:1f.2: reg 10: [io  0xf0d0-0xf0d7]
[    0.180353] pci 0000:00:1f.2: reg 14: [io  0xf0c0-0xf0c3]
[    0.180360] pci 0000:00:1f.2: reg 18: [io  0xf0b0-0xf0b7]
[    0.180367] pci 0000:00:1f.2: reg 1c: [io  0xf0a0-0xf0a3]
[    0.180374] pci 0000:00:1f.2: reg 20: [io  0xf060-0xf07f]
[    0.180381] pci 0000:00:1f.2: reg 24: [mem 0xfad25000-0xfad257ff]
[    0.180422] pci 0000:00:1f.2: PME# supported from D3hot
[    0.180475] pci 0000:00:1f.3: [8086:1c22] type 00 class 0x0c0500
[    0.180489] pci 0000:00:1f.3: reg 10: [mem 0xfad24000-0xfad240ff 64bit]
[    0.180508] pci 0000:00:1f.3: reg 20: [io  0xf040-0xf05f]
[    0.180607] pci 0000:01:00.0: [10de:1245] type 00 class 0x030000
[    0.180616] pci 0000:01:00.0: reg 10: [mem 0xf8000000-0xf9ffffff]
[    0.180624] pci 0000:01:00.0: reg 14: [mem 0xd0000000-0xd7ffffff 64bit pref]
[    0.180633] pci 0000:01:00.0: reg 1c: [mem 0xd8000000-0xdbffffff 64bit pref]
[    0.180638] pci 0000:01:00.0: reg 24: [io  0xe000-0xe07f]
[    0.180644] pci 0000:01:00.0: reg 30: [mem 0xfa000000-0xfa07ffff pref]
[    0.180712] pci 0000:01:00.1: [10de:0bee] type 00 class 0x040300
[    0.180720] pci 0000:01:00.1: reg 10: [mem 0xfa080000-0xfa083fff]
[    0.182225] pci 0000:00:01.0: PCI bridge to [bus 01]
[    0.182294] pci 0000:00:01.0:   bridge window [io  0xe000-0xefff]
[    0.182296] pci 0000:00:01.0:   bridge window [mem 0xf8000000-0xfa0fffff]
[    0.182298] pci 0000:00:01.0:   bridge window [mem 0xd0000000-0xdbffffff 64bit pref]
[    0.182354] pci 0000:00:1c.0: PCI bridge to [bus 02]
[    0.182511] pci 0000:03:00.0: [1b21:1042] type 00 class 0x0c0330
[    0.182539] pci 0000:03:00.0: reg 10: [mem 0xfac00000-0xfac07fff 64bit]
[    0.182683] pci 0000:03:00.0: PME# supported from D3hot D3cold
[    0.184228] pci 0000:00:1c.1: PCI bridge to [bus 03]
[    0.184301] pci 0000:00:1c.1:   bridge window [mem 0xfac00000-0xfacfffff]
[    0.184362] pci 0000:00:1c.2: PCI bridge to [bus 04]
[    0.184513] pci 0000:05:00.0: [197b:2362] type 00 class 0x010185
[    0.184547] pci 0000:05:00.0: reg 10: [io  0xd040-0xd047]
[    0.184562] pci 0000:05:00.0: reg 14: [io  0xd030-0xd033]
[    0.184578] pci 0000:05:00.0: reg 18: [io  0xd020-0xd027]
[    0.184594] pci 0000:05:00.0: reg 1c: [io  0xd010-0xd013]
[    0.184609] pci 0000:05:00.0: reg 20: [io  0xd000-0xd00f]
[    0.184625] pci 0000:05:00.0: reg 24: [mem 0xfab10000-0xfab101ff]
[    0.184641] pci 0000:05:00.0: reg 30: [mem 0x00000000-0x0000ffff pref]
[    0.184701] pci 0000:05:00.0: PME# supported from D3hot
[    0.186228] pci 0000:00:1c.3: PCI bridge to [bus 05]
[    0.186299] pci 0000:00:1c.3:   bridge window [io  0xd000-0xdfff]
[    0.186302] pci 0000:00:1c.3:   bridge window [mem 0xfab00000-0xfabfffff]
[    0.186391] pci 0000:06:00.0: [1b21:1042] type 00 class 0x0c0330
[    0.186419] pci 0000:06:00.0: reg 10: [mem 0xfaa00000-0xfaa07fff 64bit]
[    0.186563] pci 0000:06:00.0: PME# supported from D3hot D3cold
[    0.188227] pci 0000:00:1c.4: PCI bridge to [bus 06]
[    0.188299] pci 0000:00:1c.4:   bridge window [mem 0xfaa00000-0xfaafffff]
[    0.188373] pci 0000:07:00.0: [1b21:1080] type 01 class 0x060401
[    0.188508] pci 0000:00:1c.6: PCI bridge to [bus 07-08] (subtractive decode)
[    0.188581] pci 0000:00:1c.6:   bridge window [io  0xc000-0xcfff]
[    0.188584] pci 0000:00:1c.6:   bridge window [mem 0xfa900000-0xfa9fffff]
[    0.188590] pci 0000:00:1c.6:   bridge window [io  0x0000-0x0cf7] (subtractive decode)
[    0.188591] pci 0000:00:1c.6:   bridge window [io  0x0d00-0xffff] (subtractive decode)
[    0.188593] pci 0000:00:1c.6:   bridge window [mem 0x000a0000-0x000bffff] (subtractive decode)
[    0.188594] pci 0000:00:1c.6:   bridge window [mem 0xbfa00000-0xffffffff] (subtractive decode)
[    0.188669] pci 0000:08:02.0: [1106:3044] type 00 class 0x0c0010
[    0.188699] pci 0000:08:02.0: reg 10: [mem 0xfa900000-0xfa9007ff]
[    0.188717] pci 0000:08:02.0: reg 14: [io  0xc000-0xc07f]
[    0.188846] pci 0000:08:02.0: supports D2
[    0.188847] pci 0000:08:02.0: PME# supported from D2 D3hot D3cold
[    0.188945] pci 0000:07:00.0: PCI bridge to [bus 08] (subtractive decode)
[    0.189024] pci 0000:07:00.0:   bridge window [io  0xc000-0xcfff]
[    0.189030] pci 0000:07:00.0:   bridge window [mem 0xfa900000-0xfa9fffff]
[    0.189039] pci 0000:07:00.0:   bridge window [io  0xc000-0xcfff] (subtractive decode)
[    0.189040] pci 0000:07:00.0:   bridge window [mem 0xfa900000-0xfa9fffff] (subtractive decode)
[    0.189043] pci 0000:07:00.0:   bridge window [??? 0x00000000 flags 0x0] (subtractive decode)
[    0.189044] pci 0000:07:00.0:   bridge window [??? 0x00000000 flags 0x0] (subtractive decode)
[    0.189045] pci 0000:07:00.0:   bridge window [io  0x0000-0x0cf7] (subtractive decode)
[    0.189046] pci 0000:07:00.0:   bridge window [io  0x0d00-0xffff] (subtractive decode)
[    0.189048] pci 0000:07:00.0:   bridge window [mem 0x000a0000-0x000bffff] (subtractive decode)
[    0.189049] pci 0000:07:00.0:   bridge window [mem 0xbfa00000-0xffffffff] (subtractive decode)
[    0.189132] pci 0000:09:00.0: [1b4b:9172] type 00 class 0x010601
[    0.189149] pci 0000:09:00.0: reg 10: [io  0xb040-0xb047]
[    0.189161] pci 0000:09:00.0: reg 14: [io  0xb030-0xb033]
[    0.189174] pci 0000:09:00.0: reg 18: [io  0xb020-0xb027]
[    0.189186] pci 0000:09:00.0: reg 1c: [io  0xb010-0xb013]
[    0.189198] pci 0000:09:00.0: reg 20: [io  0xb000-0xb00f]
[    0.189210] pci 0000:09:00.0: reg 24: [mem 0xfa810000-0xfa8101ff]
[    0.189225] pci 0000:09:00.0: reg 30: [mem 0xfa800000-0xfa80ffff pref]
[    0.189282] pci 0000:09:00.0: PME# supported from D3hot
[    0.191226] pci 0000:00:1c.7: PCI bridge to [bus 09]
[    0.191297] pci 0000:00:1c.7:   bridge window [io  0xb000-0xbfff]
[    0.191300] pci 0000:00:1c.7:   bridge window [mem 0xfa800000-0xfa8fffff]
[    0.191385] acpi PNP0A08:00: Requesting ACPI _OSC control (0x1d)
[    0.191579] acpi PNP0A08:00: ACPI _OSC control (0x1c) granted
[    0.191974] ACPI: PCI Interrupt Link [LNKA] (IRQs 3 4 5 6 7 10 *11 12 14 15)
[    0.192524] ACPI: PCI Interrupt Link [LNKB] (IRQs 3 4 5 6 7 *10 11 12 14 15)
[    0.193069] ACPI: PCI Interrupt Link [LNKC] (IRQs *3 4 5 6 10 11 12 14 15)
[    0.193580] ACPI: PCI Interrupt Link [LNKD] (IRQs 3 4 5 6 10 *11 12 14 15)
[    0.194088] ACPI: PCI Interrupt Link [LNKE] (IRQs 3 4 6 7 *10 11 12 14 15)
[    0.194597] ACPI: PCI Interrupt Link [LNKF] (IRQs 3 4 *5 6 7 10 11 12 14 15)
[    0.195142] ACPI: PCI Interrupt Link [LNKG] (IRQs 3 *4 5 6 7 10 11 12 14 15)
[    0.195689] ACPI: PCI Interrupt Link [LNKH] (IRQs 3 4 5 6 *7 10 11 12 14 15)
[    0.196279] ACPI: Enabled 1 GPEs in block 00 to 3F
[    0.196426] acpi root: \_SB_.PCI0 notify handler is installed
[    0.196458] Found 1 acpi root devices
[    0.196470] ACPI: EC: GPE = 0x18, I/O: command/status = 0x66, data = 0x62
[    0.196619] vgaarb: device added: PCI:0000:00:02.0,decodes=io+mem,owns=io+mem,locks=none
[    0.196718] vgaarb: device added: PCI:0000:01:00.0,decodes=io+mem,owns=none,locks=none
[    0.196815] vgaarb: loaded
[    0.196879] vgaarb: bridge control possible 0000:01:00.0
[    0.196947] vgaarb: no bridge control possible 0000:00:02.0
[    0.197082] SCSI subsystem initialized
[    0.197148] ACPI: bus type ATA registered
[    0.197265] libata version 3.00 loaded.
[    0.197280] ACPI: bus type USB registered
[    0.197375] usbcore: registered new interface driver usbfs
[    0.197462] usbcore: registered new interface driver hub
[    0.197550] usbcore: registered new device driver usb
[    0.197710] PCI: Using ACPI for IRQ routing
[    0.199089] PCI: pci_cache_line_size set to 64 bytes
[    0.199157] e820: reserve RAM buffer [mem 0x0009b400-0x0009ffff]
[    0.199159] e820: reserve RAM buffer [mem 0xb677e000-0xb7ffffff]
[    0.199160] e820: reserve RAM buffer [mem 0xb6dcf000-0xb7ffffff]
[    0.199161] e820: reserve RAM buffer [mem 0xb7000000-0xb7ffffff]
[    0.199162] e820: reserve RAM buffer [mem 0x23fe00000-0x23fffffff]
[    0.199256] NetLabel: Initializing
[    0.199322] NetLabel:  domain hash size = 128
[    0.199388] NetLabel:  protocols = UNLABELED CIPSOv4
[    0.199465] NetLabel:  unlabeled traffic allowed by default
[    0.199551] hpet0: at MMIO 0xfed00000, IRQs 2, 8, 0, 0, 0, 0, 0, 0
[    0.199953] hpet0: 8 comparators, 64-bit 14.318180 MHz counter
[    0.202031] Switching to clocksource hpet
[    0.203411] pnp: PnP ACPI init
[    0.203480] ACPI: bus type PNP registered
[    0.203630] system 00:00: [mem 0xfed10000-0xfed19fff] has been reserved
[    0.203701] system 00:00: [mem 0xe0000000-0xe3ffffff] has been reserved
[    0.203772] system 00:00: [mem 0xfed90000-0xfed93fff] has been reserved
[    0.203843] system 00:00: [mem 0xfed20000-0xfed3ffff] has been reserved
[    0.203914] system 00:00: [mem 0xfee00000-0xfee0ffff] has been reserved
[    0.203985] system 00:00: Plug and Play ACPI device, IDs PNP0c01 (active)
[    0.204055] system 00:01: [io  0x0290-0x029f] has been reserved
[    0.204134] system 00:01: Plug and Play ACPI device, IDs PNP0c02 (active)
[    0.204143] pnp 00:02: [dma 4]
[    0.204170] pnp 00:02: Plug and Play ACPI device, IDs PNP0200 (active)
[    0.204207] pnp 00:03: Plug and Play ACPI device, IDs PNP0b00 (active)
[    0.204237] pnp 00:04: Plug and Play ACPI device, IDs PNP0800 (active)
[    0.204285] system 00:05: [io  0x04d0-0x04d1] has been reserved
[    0.204355] system 00:05: Plug and Play ACPI device, IDs PNP0c02 (active)
[    0.204389] pnp 00:06: Plug and Play ACPI device, IDs PNP0c04 (active)
[    0.204583] system 00:07: [io  0x0400-0x0453] could not be reserved
[    0.204654] system 00:07: [io  0x0458-0x047f] has been reserved
[    0.204724] system 00:07: [io  0x0500-0x057f] has been reserved
[    0.204794] system 00:07: [mem 0xfed1c000-0xfed1ffff] has been reserved
[    0.204865] system 00:07: [mem 0xfec00000-0xfecfffff] could not be reserved
[    0.204936] system 00:07: [mem 0xfed08000-0xfed08fff] has been reserved
[    0.205007] system 00:07: [mem 0xff000000-0xffffffff] has been reserved
[    0.205079] system 00:07: Plug and Play ACPI device, IDs PNP0c01 (active)
[    0.205138] system 00:08: [io  0x0454-0x0457] has been reserved
[    0.205209] system 00:08: Plug and Play ACPI device, IDs INT3f0d PNP0c02 (active)
[    0.205307] pnp 00:09: Plug and Play ACPI device, IDs PNP0103 (active)
[    0.205397] pnp: PnP ACPI: found 10 devices
[    0.205465] ACPI: bus type PNP unregistered
[    0.212946] pci 0000:00:1c.3: BAR 15: assigned [mem 0xbfa00000-0xbfafffff pref]
[    0.213044] pci 0000:00:01.0: PCI bridge to [bus 01]
[    0.213120] pci 0000:00:01.0:   bridge window [io  0xe000-0xefff]
[    0.213191] pci 0000:00:01.0:   bridge window [mem 0xf8000000-0xfa0fffff]
[    0.213262] pci 0000:00:01.0:   bridge window [mem 0xd0000000-0xdbffffff 64bit pref]
[    0.213360] pci 0000:00:1c.0: PCI bridge to [bus 02]
[    0.213437] pci 0000:00:1c.1: PCI bridge to [bus 03]
[    0.213508] pci 0000:00:1c.1:   bridge window [mem 0xfac00000-0xfacfffff]
[    0.213584] pci 0000:00:1c.2: PCI bridge to [bus 04]
[    0.213662] pci 0000:05:00.0: BAR 6: assigned [mem 0xbfa00000-0xbfa0ffff pref]
[    0.213757] pci 0000:00:1c.3: PCI bridge to [bus 05]
[    0.213826] pci 0000:00:1c.3:   bridge window [io  0xd000-0xdfff]
[    0.213899] pci 0000:00:1c.3:   bridge window [mem 0xfab00000-0xfabfffff]
[    0.213972] pci 0000:00:1c.3:   bridge window [mem 0xbfa00000-0xbfafffff pref]
[    0.214070] pci 0000:00:1c.4: PCI bridge to [bus 06]
[    0.214149] pci 0000:00:1c.4:   bridge window [mem 0xfaa00000-0xfaafffff]
[    0.214225] pci 0000:07:00.0: PCI bridge to [bus 08]
[    0.214296] pci 0000:07:00.0:   bridge window [io  0xc000-0xcfff]
[    0.214371] pci 0000:07:00.0:   bridge window [mem 0xfa900000-0xfa9fffff]
[    0.214453] pci 0000:00:1c.6: PCI bridge to [bus 07-08]
[    0.214524] pci 0000:00:1c.6:   bridge window [io  0xc000-0xcfff]
[    0.214596] pci 0000:00:1c.6:   bridge window [mem 0xfa900000-0xfa9fffff]
[    0.214673] pci 0000:00:1c.7: PCI bridge to [bus 09]
[    0.214742] pci 0000:00:1c.7:   bridge window [io  0xb000-0xbfff]
[    0.214815] pci 0000:00:1c.7:   bridge window [mem 0xfa800000-0xfa8fffff]
[    0.215143] pci 0000:07:00.0: setting latency timer to 64
[    0.215178] pci_bus 0000:00: resource 4 [io  0x0000-0x0cf7]
[    0.215179] pci_bus 0000:00: resource 5 [io  0x0d00-0xffff]
[    0.215181] pci_bus 0000:00: resource 6 [mem 0x000a0000-0x000bffff]
[    0.215182] pci_bus 0000:00: resource 7 [mem 0xbfa00000-0xffffffff]
[    0.215183] pci_bus 0000:01: resource 0 [io  0xe000-0xefff]
[    0.215184] pci_bus 0000:01: resource 1 [mem 0xf8000000-0xfa0fffff]
[    0.215185] pci_bus 0000:01: resource 2 [mem 0xd0000000-0xdbffffff 64bit pref]
[    0.215187] pci_bus 0000:03: resource 1 [mem 0xfac00000-0xfacfffff]
[    0.215188] pci_bus 0000:05: resource 0 [io  0xd000-0xdfff]
[    0.215189] pci_bus 0000:05: resource 1 [mem 0xfab00000-0xfabfffff]
[    0.215191] pci_bus 0000:05: resource 2 [mem 0xbfa00000-0xbfafffff pref]
[    0.215192] pci_bus 0000:06: resource 1 [mem 0xfaa00000-0xfaafffff]
[    0.215193] pci_bus 0000:07: resource 0 [io  0xc000-0xcfff]
[    0.215194] pci_bus 0000:07: resource 1 [mem 0xfa900000-0xfa9fffff]
[    0.215196] pci_bus 0000:07: resource 4 [io  0x0000-0x0cf7]
[    0.215197] pci_bus 0000:07: resource 5 [io  0x0d00-0xffff]
[    0.215198] pci_bus 0000:07: resource 6 [mem 0x000a0000-0x000bffff]
[    0.215199] pci_bus 0000:07: resource 7 [mem 0xbfa00000-0xffffffff]
[    0.215200] pci_bus 0000:08: resource 0 [io  0xc000-0xcfff]
[    0.215202] pci_bus 0000:08: resource 1 [mem 0xfa900000-0xfa9fffff]
[    0.215203] pci_bus 0000:08: resource 4 [io  0xc000-0xcfff]
[    0.215204] pci_bus 0000:08: resource 5 [mem 0xfa900000-0xfa9fffff]
[    0.215205] pci_bus 0000:08: resource 8 [io  0x0000-0x0cf7]
[    0.215206] pci_bus 0000:08: resource 9 [io  0x0d00-0xffff]
[    0.215207] pci_bus 0000:08: resource 10 [mem 0x000a0000-0x000bffff]
[    0.215209] pci_bus 0000:08: resource 11 [mem 0xbfa00000-0xffffffff]
[    0.215210] pci_bus 0000:09: resource 0 [io  0xb000-0xbfff]
[    0.215211] pci_bus 0000:09: resource 1 [mem 0xfa800000-0xfa8fffff]
[    0.215227] NET: Registered protocol family 2
[    0.215440] TCP established hash table entries: 65536 (order: 8, 1048576 bytes)
[    0.215681] TCP bind hash table entries: 65536 (order: 8, 1048576 bytes)
[    0.215857] TCP: Hash tables configured (established 65536 bind 65536)
[    0.215943] TCP: reno registered
[    0.216015] UDP hash table entries: 4096 (order: 5, 131072 bytes)
[    0.216118] UDP-Lite hash table entries: 4096 (order: 5, 131072 bytes)
[    0.216233] NET: Registered protocol family 1
[    0.216345] RPC: Registered named UNIX socket transport module.
[    0.216414] RPC: Registered udp transport module.
[    0.216482] RPC: Registered tcp transport module.
[    0.216549] RPC: Registered tcp NFSv4.1 backchannel transport module.
[    0.216625] pci 0000:00:02.0: Boot video device
[    0.463033] PCI: CLS 64 bytes, default 64
[    0.463065] PCI-DMA: Using software bounce buffering for IO (SWIOTLB)
[    0.463136] software IO TLB [mem 0xb277e000-0xb677e000] (64MB) mapped at [ffff8800b277e000-ffff8800b677dfff]
[    0.463816] microcode: CPU0 sig=0x206a7, pf=0x2, revision=0x14
[    0.463901] microcode: CPU1 sig=0x206a7, pf=0x2, revision=0x14
[    0.463974] microcode: CPU2 sig=0x206a7, pf=0x2, revision=0x14
[    0.464049] microcode: CPU3 sig=0x206a7, pf=0x2, revision=0x14
[    0.464154] microcode: Microcode Update Driver: v2.00 <tigran@aivazian.fsnet.co.uk>, Peter Oruba
[    0.464252] Scanning for low memory corruption every 60 seconds
[    0.465224] sha1_ssse3: Using AVX optimized SHA-1 implementation
[    0.465334] sha256_ssse3: Using AVX optimized SHA-256 implementation
[    0.465423] sha512_ssse3: Using AVX optimized SHA-512 implementation
[    0.466415] AVX2 or AES-NI instructions are not detected.
[    0.466485] AVX2 instructions are not detected.
[    0.481579] HugeTLB registered 2 MB page size, pre-allocated 0 pages
[    0.483569] VFS: Disk quotas dquot_6.5.2
[    0.483677] Dquot-cache hash table entries: 512 (order 0, 4096 bytes)
[    0.484326] NFS: Registering the id_resolver key type
[    0.484402] Key type id_resolver registered
[    0.484469] Key type id_legacy registered
[    0.484581] msgmni has been set to 15656
[    0.485605] NET: Registered protocol family 38
[    0.485672] Key type asymmetric registered
[    0.485739] Asymmetric key parser 'x509' registered
[    0.485871] Block layer SCSI generic (bsg) driver version 0.4 loaded (major 253)
[    0.485967] io scheduler noop registered
[    0.486034] io scheduler deadline registered
[    0.486132] io scheduler cfq registered (default)
[    0.486262] pcieport 0000:00:01.0: irq 40 for MSI/MSI-X
[    0.486336] pcieport 0000:00:1c.0: irq 41 for MSI/MSI-X
[    0.486410] pcieport 0000:00:1c.1: irq 42 for MSI/MSI-X
[    0.486485] pcieport 0000:00:1c.2: irq 43 for MSI/MSI-X
[    0.486558] pcieport 0000:00:1c.3: irq 44 for MSI/MSI-X
[    0.486633] pcieport 0000:00:1c.4: irq 45 for MSI/MSI-X
[    0.486707] pcieport 0000:00:1c.7: irq 46 for MSI/MSI-X
[    0.486845] pci_hotplug: PCI Hot Plug PCI Core version: 0.5
[    0.487035] input: Power Button as /devices/LNXSYSTM:00/device:00/PNP0C0C:00/input/input0
[    0.487133] ACPI: Power Button [PWRB]
[    0.487233] input: Power Button as /devices/LNXSYSTM:00/LNXPWRBN:00/input/input1
[    0.487329] ACPI: Power Button [PWRF]
[    0.487471] ACPI: Requesting acpi_cpufreq
[    0.487628] Monitor-Mwait will be used to enter C-1 state
[    0.487630] Monitor-Mwait will be used to enter C-3 state
[    0.487637] ACPI: acpi_idle registered with cpuidle
[    0.489219] Serial: 8250/16550 driver, 4 ports, IRQ sharing enabled
[    0.489731] Non-volatile memory driver v1.3
[    0.489799] Linux agpgart interface v0.103
[    0.489985] [drm] Initialized drm 1.1.0 20060810
[    0.490118] [drm:drm_pci_agp_init] *ERROR* Cannot initialize the agpgart module.
[    0.490214] DRM: Fill_in_dev failed.
[    0.491017] loop: module loaded
[    0.491228] ahci 0000:00:1f.2: version 3.0
[    0.491284] ahci 0000:00:1f.2: irq 47 for MSI/MSI-X
[    0.501847] ahci 0000:00:1f.2: AHCI 0001.0300 32 slots 6 ports 6 Gbps 0x3f impl SATA mode
[    0.501946] ahci 0000:00:1f.2: flags: 64bit ncq sntf pm led clo pio slum part ems apst 
[    0.502044] ahci 0000:00:1f.2: setting latency timer to 64
[    0.512312] scsi0 : ahci
[    0.512455] scsi1 : ahci
[    0.512589] scsi2 : ahci
[    0.512724] scsi3 : ahci
[    0.512868] scsi4 : ahci
[    0.513002] scsi5 : ahci
[    0.513138] ata1: SATA max UDMA/133 abar m2048@0xfad25000 port 0xfad25100 irq 47
[    0.513235] ata2: SATA max UDMA/133 abar m2048@0xfad25000 port 0xfad25180 irq 47
[    0.513330] ata3: SATA max UDMA/133 abar m2048@0xfad25000 port 0xfad25200 irq 47
[    0.513426] ata4: SATA max UDMA/133 abar m2048@0xfad25000 port 0xfad25280 irq 47
[    0.513522] ata5: SATA max UDMA/133 abar m2048@0xfad25000 port 0xfad25300 irq 47
[    0.513617] ata6: SATA max UDMA/133 abar m2048@0xfad25000 port 0xfad25380 irq 47
[    0.513849] ahci 0000:05:00.0: AHCI 0001.0100 32 slots 2 ports 3 Gbps 0x3 impl SATA mode
[    0.513946] ahci 0000:05:00.0: flags: 64bit ncq pm led clo pmp pio slum part 
[    0.514261] scsi6 : ahci
[    0.514389] scsi7 : ahci
[    0.514503] ata7: SATA max UDMA/133 abar m512@0xfab10000 port 0xfab10100 irq 19
[    0.515081] ata8: SATA max UDMA/133 abar m512@0xfab10000 port 0xfab10180 irq 19
[    0.515238] ahci 0000:09:00.0: irq 48 for MSI/MSI-X
[    0.515291] ahci 0000:09:00.0: AHCI 0001.0000 32 slots 2 ports 6 Gbps 0x3 impl SATA mode
[    0.515388] ahci 0000:09:00.0: flags: 64bit ncq sntf led only pmp fbs pio slum part sxs 
[    0.515724] scsi8 : ahci
[    0.515871] scsi9 : ahci
[    0.515989] ata9: SATA max UDMA/133 abar m512@0xfa810000 port 0xfa810100 irq 48
[    0.516085] ata10: SATA max UDMA/133 abar m512@0xfa810000 port 0xfa810180 irq 48
[    0.516372] ehci_hcd: USB 2.0 'Enhanced' Host Controller (EHCI) Driver
[    0.516442] ehci-pci: EHCI PCI platform driver
[    0.516557] ehci-pci 0000:00:1a.0: setting latency timer to 64
[    0.516563] ehci-pci 0000:00:1a.0: EHCI Host Controller
[    0.516672] ehci-pci 0000:00:1a.0: new USB bus registered, assigned bus number 1
[    0.516777] ehci-pci 0000:00:1a.0: debug port 2
[    0.520750] ehci-pci 0000:00:1a.0: cache line size of 64 is not supported
[    0.520760] ehci-pci 0000:00:1a.0: irq 23, io mem 0xfad27000
[    0.526802] ehci-pci 0000:00:1a.0: USB 2.0 started, EHCI 1.00
[    0.526883] usb usb1: New USB device found, idVendor=1d6b, idProduct=0002
[    0.526954] usb usb1: New USB device strings: Mfr=3, Product=2, SerialNumber=1
[    0.527048] usb usb1: Product: EHCI Host Controller
[    0.527116] usb usb1: Manufacturer: Linux 3.10.101 ehci_hcd
[    0.527185] usb usb1: SerialNumber: 0000:00:1a.0
[    0.527333] hub 1-0:1.0: USB hub found
[    0.527401] hub 1-0:1.0: 2 ports detected
[    0.527546] ehci-pci 0000:00:1d.0: setting latency timer to 64
[    0.527551] ehci-pci 0000:00:1d.0: EHCI Host Controller
[    0.527658] ehci-pci 0000:00:1d.0: new USB bus registered, assigned bus number 2
[    0.527762] ehci-pci 0000:00:1d.0: debug port 2
[    0.531726] ehci-pci 0000:00:1d.0: cache line size of 64 is not supported
[    0.531729] ehci-pci 0000:00:1d.0: irq 23, io mem 0xfad26000
[    0.537790] ehci-pci 0000:00:1d.0: USB 2.0 started, EHCI 1.00
[    0.537865] usb usb2: New USB device found, idVendor=1d6b, idProduct=0002
[    0.537938] usb usb2: New USB device strings: Mfr=3, Product=2, SerialNumber=1
[    0.538033] usb usb2: Product: EHCI Host Controller
[    0.538101] usb usb2: Manufacturer: Linux 3.10.101 ehci_hcd
[    0.538170] usb usb2: SerialNumber: 0000:00:1d.0
[    0.538313] hub 2-0:1.0: USB hub found
[    0.538381] hub 2-0:1.0: 2 ports detected
[    0.538499] ohci_hcd: USB 1.1 'Open' Host Controller (OHCI) Driver
[    0.538591] uhci_hcd: USB Universal Host Controller Interface driver
[    0.538711] usbcore: registered new interface driver usblp
[    0.538817] usbcore: registered new interface driver usb-storage
[    0.538975] i8042: PNP: No PS/2 controller found. Probing ports directly.
[    0.541794] serio: i8042 KBD port at 0x60,0x64 irq 1
[    0.541866] serio: i8042 AUX port at 0x60,0x64 irq 12
[    0.542020] mousedev: PS/2 mouse device common for all mice
[    0.542238] rtc_cmos 00:03: RTC can wake from S4
[    0.542424] rtc_cmos 00:03: rtc core: registered rtc_cmos as rtc0
[    0.542519] rtc_cmos 00:03: alarms up to one month, y3k, 114 bytes nvram, hpet irqs
[    0.542696] i801_smbus 0000:00:1f.3: SMBus using PCI Interrupt
[    0.542932] device-mapper: ioctl: 4.24.0-ioctl (2013-01-15) initialised: dm-devel@redhat.com
[    0.543054] cpuidle: using governor ladder
[    0.543156] cpuidle: using governor menu
[    0.543267] hidraw: raw HID events driver (C) Jiri Kosina
[    0.543975] usbcore: registered new interface driver usbhid
[    0.544044] usbhid: USB HID core driver
[    0.544156] Netfilter messages via NETLINK v0.30.
[    0.544230] nf_conntrack version 0.5.0 (16384 buckets, 65536 max)
[    0.544368] ctnetlink v0.93: registering with nfnetlink.
[    0.544495] ip_tables: (C) 2000-2006 Netfilter Core Team
[    0.544574] TCP: cubic registered
[    0.544639] Initializing XFRM netlink socket
[    0.544850] NET: Registered protocol family 10
[    0.545005] ip6_tables: (C) 2000-2006 Netfilter Core Team
[    0.545092] sit: IPv6 over IPv4 tunneling driver
[    0.545281] NET: Registered protocol family 17
[    0.545360] Key type dns_resolver registered
[    0.545708] registered taskstats version 1
[    0.546164] console [netcon0] enabled
[    0.546232] netconsole: network logging started
[    0.817574] ata4: SATA link up 3.0 Gbps (SStatus 123 SControl 300)
[    0.817682] ata3: SATA link up 3.0 Gbps (SStatus 123 SControl 300)
[    0.817769] ata2: SATA link up 6.0 Gbps (SStatus 133 SControl 300)
[    0.817872] ata1: SATA link up 6.0 Gbps (SStatus 133 SControl 300)
[    0.817997] ata4.00: ATA-9: INTEL SSDSC2BA100G3, 5DV10270, max UDMA/133
[    0.818078] ata4.00: 195371568 sectors, multi 1: LBA48 NCQ (depth 31/32)
[    0.818165] ata2.00: ATA-9: INTEL SSDSC2BA100G3, 5DV10270, max UDMA/133
[    0.818243] ata2.00: 195371568 sectors, multi 1: LBA48 NCQ (depth 31/32)
[    0.818321] ata1.00: ATA-9: INTEL SSDSC2BA100G3, 5DV10270, max UDMA/133
[    0.818396] ata1.00: 195371568 sectors, multi 1: LBA48 NCQ (depth 31/32)
[    0.818473] ata3.00: ATA-9: INTEL SSDSC2BA100G3, 5DV10270, max UDMA/133
[    0.818572] ata3.00: 195371568 sectors, multi 1: LBA48 NCQ (depth 31/32)
[    0.818665] ata5: SATA link up 3.0 Gbps (SStatus 123 SControl 300)
[    0.818891] ata2.00: configured for UDMA/133
[    0.818972] ata4.00: configured for UDMA/133
[    0.819047] ata1.00: configured for UDMA/133
[    0.819131] ata3.00: configured for UDMA/133
[    0.819223] scsi 0:0:0:0: Direct-Access     ATA      INTEL SSDSC2BA10 5DV1 PQ: 0 ANSI: 5
[    0.819248] ata5.00: ATA-9: INTEL SSDSC2BA100G3, 5DV10270, max UDMA/133
[    0.819249] ata5.00: 195371568 sectors, multi 1: LBA48 NCQ (depth 31/32)
[    0.819456] ata5.00: configured for UDMA/133
[    0.819563] ata8: SATA link down (SStatus 0 SControl 300)
[    0.819570] ata6: SATA link up 3.0 Gbps (SStatus 123 SControl 300)
[    0.819807] ata6.00: ATA-9: INTEL SSDSC2BA100G3, 5DV10270, max UDMA/133
[    0.819895] ata6.00: 195371568 sectors, multi 1: LBA48 NCQ (depth 31/32)
[    0.819987] sd 0:0:0:0: [sda] 195371568 512-byte logical blocks: (100 GB/93.1 GiB)
[    0.819989] sd 0:0:0:0: [sda] 4096-byte physical blocks
[    0.820021] sd 0:0:0:0: [sda] Write Protect is off
[    0.820022] sd 0:0:0:0: [sda] Mode Sense: 00 3a 00 00
[    0.820030] sd 0:0:0:0: [sda] Write cache: enabled, read cache: enabled, doesn't support DPO or FUA
[    0.820073] sd 0:0:0:0: Attached scsi generic sg0 type 0
[    0.820191] scsi 1:0:0:0: Direct-Access     ATA      INTEL SSDSC2BA10 5DV1 PQ: 0 ANSI: 5
[    0.820356] sd 1:0:0:0: [sdb] 195371568 512-byte logical blocks: (100 GB/93.1 GiB)
[    0.820357] sd 1:0:0:0: [sdb] 4096-byte physical blocks
[    0.820420] sd 1:0:0:0: Attached scsi generic sg1 type 0
[    0.820439] sd 1:0:0:0: [sdb] Write Protect is off
[    0.820440] sd 1:0:0:0: [sdb] Mode Sense: 00 3a 00 00
[    0.820471] sd 1:0:0:0: [sdb] Write cache: enabled, read cache: enabled, doesn't support DPO or FUA
[    0.820540] scsi 2:0:0:0: Direct-Access     ATA      INTEL SSDSC2BA10 5DV1 PQ: 0 ANSI: 5
[    0.820693] sd 2:0:0:0: [sdc] 195371568 512-byte logical blocks: (100 GB/93.1 GiB)
[    0.820694] sd 2:0:0:0: [sdc] 4096-byte physical blocks
[    0.820770] sd 2:0:0:0: Attached scsi generic sg2 type 0
[    0.820784] sd 2:0:0:0: [sdc] Write Protect is off
[    0.820785] sd 2:0:0:0: [sdc] Mode Sense: 00 3a 00 00
[    0.820814] sd 2:0:0:0: [sdc] Write cache: enabled, read cache: enabled, doesn't support DPO or FUA
[    0.820877] scsi 3:0:0:0: Direct-Access     ATA      INTEL SSDSC2BA10 5DV1 PQ: 0 ANSI: 5
[    0.821022] sd 3:0:0:0: [sdd] 195371568 512-byte logical blocks: (100 GB/93.1 GiB)
[    0.821023] sd 3:0:0:0: [sdd] 4096-byte physical blocks
[    0.821081] sd 3:0:0:0: Attached scsi generic sg3 type 0
[    0.821121] sd 3:0:0:0: [sdd] Write Protect is off
[    0.821123] sd 3:0:0:0: [sdd] Mode Sense: 00 3a 00 00
[    0.821146] sd 3:0:0:0: [sdd] Write cache: enabled, read cache: enabled, doesn't support DPO or FUA
[    0.821193] scsi 4:0:0:0: Direct-Access     ATA      INTEL SSDSC2BA10 5DV1 PQ: 0 ANSI: 5
[    0.821340] sd 4:0:0:0: [sde] 195371568 512-byte logical blocks: (100 GB/93.1 GiB)
[    0.821341] sd 4:0:0:0: [sde] 4096-byte physical blocks
[    0.821405] sd 4:0:0:0: Attached scsi generic sg4 type 0
[    0.821440] sd 4:0:0:0: [sde] Write Protect is off
[    0.821441] sd 4:0:0:0: [sde] Mode Sense: 00 3a 00 00
[    0.821459] sd 4:0:0:0: [sde] Write cache: enabled, read cache: enabled, doesn't support DPO or FUA
[    0.823177]  sda: sda1
[    0.823180]  sdb: sdb1
[    0.823196]  sde: sde1
[    0.823205]  sdd: sdd1
[    0.823206]  sdc: sdc1
[    0.823446] ata6.00: configured for UDMA/133
[    0.823477] sd 4:0:0:0: [sde] Attached SCSI disk
[    0.823479] sd 1:0:0:0: [sdb] Attached SCSI disk
[    0.823493] sd 3:0:0:0: [sdd] Attached SCSI disk
[    0.823577] ata7: SATA link down (SStatus 0 SControl 300)
[    0.824079] scsi 5:0:0:0: Direct-Access     ATA      INTEL SSDSC2BA10 5DV1 PQ: 0 ANSI: 5
[    0.824221] sd 2:0:0:0: [sdc] Attached SCSI disk
[    0.824428] sd 5:0:0:0: [sdf] 195371568 512-byte logical blocks: (100 GB/93.1 GiB)
[    0.824491] sd 0:0:0:0: [sda] Attached SCSI disk
[    0.824492] sd 5:0:0:0: Attached scsi generic sg5 type 0
[    0.824740] sd 5:0:0:0: [sdf] 4096-byte physical blocks
[    0.824878] sd 5:0:0:0: [sdf] Write Protect is off
[    0.824948] sd 5:0:0:0: [sdf] Mode Sense: 00 3a 00 00
[    0.824968] sd 5:0:0:0: [sdf] Write cache: enabled, read cache: enabled, doesn't support DPO or FUA
[    0.825333]  sdf: sdf1
[    0.825594] sd 5:0:0:0: [sdf] Attached SCSI disk
[    0.828520] usb 1-1: new high-speed USB device number 2 using ehci-pci
[    0.942888] usb 1-1: New USB device found, idVendor=8087, idProduct=0024
[    0.942977] usb 1-1: New USB device strings: Mfr=0, Product=0, SerialNumber=0
[    0.943512] hub 1-1:1.0: USB hub found
[    0.943763] hub 1-1:1.0: 6 ports detected
[    0.977419] ata9: SATA link up 6.0 Gbps (SStatus 133 SControl 300)
[    0.978011] ata9.00: ATA-9: INTEL SSDSC2BB080G6, G2010140, max UDMA/133
[    0.978101] ata9.00: 156301488 sectors, multi 1: LBA48 NCQ (depth 31/32)
[    0.978384] ata10: SATA link up 3.0 Gbps (SStatus 123 SControl 300)
[    0.978776] ata9.00: configured for UDMA/133
[    0.978852] ata10.00: ATA-8: INTEL SSDSA2CW120G3, 4PC10362, max UDMA/133
[    0.978987] scsi 8:0:0:0: Direct-Access     ATA      INTEL SSDSC2BB08 G201 PQ: 0 ANSI: 5
[    0.979423] sd 8:0:0:0: [sdg] 156301488 512-byte logical blocks: (80.0 GB/74.5 GiB)
[    0.979424] sd 8:0:0:0: [sdg] 4096-byte physical blocks
[    0.979515] sd 8:0:0:0: Attached scsi generic sg6 type 0
[    0.979579] sd 8:0:0:0: [sdg] Write Protect is off
[    0.979580] sd 8:0:0:0: [sdg] Mode Sense: 00 3a 00 00
[    0.979613] sd 8:0:0:0: [sdg] Write cache: enabled, read cache: enabled, doesn't support DPO or FUA
[    0.980136]  sdg: sdg1 sdg2 sdg3 sdg4
[    0.980361] ata10.00: 234441648 sectors, multi 1: LBA48 NCQ (depth 31/32)
[    0.980563] sd 8:0:0:0: [sdg] Attached SCSI disk
[    0.980765] ata10.00: configured for UDMA/133
[    0.980908] scsi 9:0:0:0: Direct-Access     ATA      INTEL SSDSA2CW12 4PC1 PQ: 0 ANSI: 5
[    0.981218] sd 9:0:0:0: [sdh] 234441648 512-byte logical blocks: (120 GB/111 GiB)
[    0.981286] sd 9:0:0:0: Attached scsi generic sg7 type 0
[    0.981520] sd 9:0:0:0: [sdh] Write Protect is off
[    0.981590] sd 9:0:0:0: [sdh] Mode Sense: 00 3a 00 00
[    0.981610] sd 9:0:0:0: [sdh] Write cache: enabled, read cache: enabled, doesn't support DPO or FUA
[    0.982000]  sdh: sdh1
[    0.982225] sd 9:0:0:0: [sdh] Attached SCSI disk
[    0.982301] md: Waiting for all devices to be available before autodetect
[    0.982388] md: If you don't use raid, use raid=noautodetect
[    0.982612] md: Autodetecting RAID arrays.
[    0.982738] md: invalid raid superblock magic on sde1
[    0.982818] md: sde1 does not have a valid v0.90 superblock, not importing!
[    0.983017] md: invalid raid superblock magic on sdb1
[    0.983086] md: sdb1 does not have a valid v0.90 superblock, not importing!
[    0.983208] md: invalid raid superblock magic on sdd1
[    0.983276] md: sdd1 does not have a valid v0.90 superblock, not importing!
[    0.983413] md: invalid raid superblock magic on sdc1
[    0.983482] md: sdc1 does not have a valid v0.90 superblock, not importing!
[    0.983676] md: invalid raid superblock magic on sda1
[    0.983745] md: sda1 does not have a valid v0.90 superblock, not importing!
[    0.983866] md: invalid raid superblock magic on sdf1
[    0.983935] md: sdf1 does not have a valid v0.90 superblock, not importing!
[    0.984007] md: Scanned 6 and added 0 devices.
[    0.984074] md: autorun ...
[    0.984139] md: ... autorun DONE.
[    0.984365] EXT4-fs (sdg3): couldn't mount as ext2 due to feature incompatibilities
[    0.987003] EXT4-fs (sdg3): mounted filesystem with ordered data mode. Opts: (null)
[    0.987103] VFS: Mounted root (ext4 filesystem) readonly on device 8:99.
[    0.987763] Freeing unused kernel memory: 948k freed
[    0.987912] Write protecting the kernel read-only data: 12288k
[    0.988137] Freeing unused kernel memory: 1224k freed
[    0.990544] Freeing unused kernel memory: 1864k freed
[    1.046303] usb 2-1: new high-speed USB device number 2 using ehci-pci
[    1.047382] kbd_mode (1154) used greatest stack depth: 5592 bytes left
[    1.050948] loadkeys (1155) used greatest stack depth: 4984 bytes left
[    1.051136] init-early.sh (1153) used greatest stack depth: 4560 bytes left
[    1.160525] usb 2-1: New USB device found, idVendor=8087, idProduct=0024
[    1.160602] usb 2-1: New USB device strings: Mfr=0, Product=0, SerialNumber=0
[    1.160941] hub 2-1:1.0: USB hub found
[    1.161129] hub 2-1:1.0: 8 ports detected
[    1.294821] pps_core: LinuxPPS API ver. 1 registered
[    1.294824] pps_core: Software ver. 5.3.6 - Copyright 2005-2007 Rodolfo Giometti <giometti@linux.it>
[    1.296137] PTP clock support registered
[    1.298772] e1000e: Intel(R) PRO/1000 Network Driver - 2.3.2-k
[    1.298774] e1000e: Copyright(c) 1999 - 2013 Intel Corporation.
[    1.298859] e1000e 0000:00:19.0: setting latency timer to 64
[    1.298901] e1000e 0000:00:19.0: Interrupt Throttling Rate (ints/sec) set to dynamic conservative mode
[    1.298932] e1000e 0000:00:19.0: irq 49 for MSI/MSI-X
[    1.321458] md: bind<sda1>
[    1.322674] md: bind<sdc1>
[    1.324955] md: bind<sdd1>
[    1.326247] md: bind<sdb1>
[    1.327475] md: bind<sdf1>
[    1.329070] md: bind<sde1>
[    1.331829] md: raid10 personality registered for level 10
[    1.331977] md/raid10:md127: active with 6 out of 6 devices
[    1.331988] md127: detected capacity change from 0 to 299885395968
[    1.333750]  md127: unknown partition table
[    1.436161] usb 2-1.7: new full-speed USB device number 3 using ehci-pci
[    1.464934] tsc: Refined TSC clocksource calibration: 3300.021 MHz
[    1.464940] Switching to clocksource tsc
[    1.521556] usb 2-1.7: New USB device found, idVendor=0cf3, idProduct=3000
[    1.521559] usb 2-1.7: New USB device strings: Mfr=0, Product=0, SerialNumber=0
[    1.558927] e1000e 0000:00:19.0 eth0: registered PHC clock
[    1.558930] e1000e 0000:00:19.0 eth0: (PCI Express:2.5GT/s:Width x1) 14:da:e9:0f:78:84
[    1.558931] e1000e 0000:00:19.0 eth0: Intel(R) PRO/1000 Network Connection
[    1.558962] e1000e 0000:00:19.0 eth0: MAC: 10, PHY: 11, PBA No: FFFFFF-0FF
[    2.583928] EXT4-fs (sdg3): re-mounted. Opts: (null)
[    2.621793] Adding 1020k swap on /dev/sdg2.  Priority:-1 extents:1 across:1020k SS
[    3.169151] e1000e 0000:00:19.0: irq 49 for MSI/MSI-X
[    3.269217] e1000e 0000:00:19.0: irq 49 for MSI/MSI-X
[    3.269306] IPv6: ADDRCONF(NETDEV_UP): eno1: link is not ready
[    6.085647] e1000e: eno1 NIC Link is Up 1000 Mbps Full Duplex, Flow Control: Rx/Tx
[    6.085680] IPv6: ADDRCONF(NETDEV_CHANGE): eno1: link becomes ready
[  192.202690] EXT4-fs (md127): barriers disabled
[  192.204413] EXT4-fs (md127): mounted filesystem with ordered data mode. Opts: nobarrier
[  203.741165] initdb (2086) used greatest stack depth: 4392 bytes left
[  204.788569] initdb (2087) used greatest stack depth: 4232 bytes left
[  629.223311] kworker/u8:0 (6) used greatest stack depth: 4024 bytes left
[ 3920.698379] postgres (2454) used greatest stack depth: 3992 bytes left
[ 6620.064039] postgres (2920) used greatest stack depth: 3976 bytes left
[ 6620.064156] postgres (2919) used greatest stack depth: 3944 bytes left
[ 8057.274303] kworker/u8:9 (965) used greatest stack depth: 3480 bytes left
[11863.935848] kworker/u8:0 (3588) used greatest stack depth: 3048 bytes left
[34366.958299] kworker/u8:2 (3723) used greatest stack depth: 2952 bytes left
[53912.522584] kworker/u8:1 (4429) used greatest stack depth: 2776 bytes left
[59339.572646] kworker/u8:0 (13335) used greatest stack depth: 2376 bytes left
[83944.067453] nr_pdflush_threads exported in /proc is scheduled for removal
[83944.067525] sysctl: The scan_unevictable_pages sysctl/node-interface has been disabled for lack of a legitimate use case.  If you have one, please send an email to linux-mm@kvack.org.
