[    0.000000] Linux version 3.14.66 (root@bench) (gcc version 4.7.3 (Gentoo 4.7.3-r1 p1.4, pie-0.5.5) ) #1 SMP Sun May 15 01:05:33 CEST 2016
[    0.000000] Command line: BOOT_IMAGE=/kernel-3.14.66 root=/dev/sdg3 ro
[    0.000000] e820: BIOS-provided physical RAM map:
[    0.000000] BIOS-e820: [mem 0x0000000000000000-0x000000000009b3ff] usable
[    0.000000] BIOS-e820: [mem 0x000000000009b400-0x000000000009ffff] reserved
[    0.000000] BIOS-e820: [mem 0x00000000000e0000-0x00000000000fffff] reserved
[    0.000000] BIOS-e820: [mem 0x0000000000100000-0x000000001fffffff] usable
[    0.000000] BIOS-e820: [mem 0x0000000020000000-0x00000000201fffff] reserved
[    0.000000] BIOS-e820: [mem 0x0000000020200000-0x000000003fffffff] usable
[    0.000000] BIOS-e820: [mem 0x0000000040000000-0x00000000401fffff] reserved
[    0.000000] BIOS-e820: [mem 0x0000000040200000-0x00000000b677dfff] usable
[    0.000000] BIOS-e820: [mem 0x00000000b677e000-0x00000000b67d4fff] ACPI NVS
[    0.000000] BIOS-e820: [mem 0x00000000b67d5000-0x00000000b6b5bfff] reserved
[    0.000000] BIOS-e820: [mem 0x00000000b6b5c000-0x00000000b6b5efff] ACPI NVS
[    0.000000] BIOS-e820: [mem 0x00000000b6b5f000-0x00000000b6da4fff] reserved
[    0.000000] BIOS-e820: [mem 0x00000000b6da5000-0x00000000b6db5fff] ACPI NVS
[    0.000000] BIOS-e820: [mem 0x00000000b6db6000-0x00000000b6dccfff] reserved
[    0.000000] BIOS-e820: [mem 0x00000000b6dcd000-0x00000000b6dcefff] usable
[    0.000000] BIOS-e820: [mem 0x00000000b6dcf000-0x00000000b6dd6fff] reserved
[    0.000000] BIOS-e820: [mem 0x00000000b6dd7000-0x00000000b6de1fff] ACPI NVS
[    0.000000] BIOS-e820: [mem 0x00000000b6de2000-0x00000000b6e3dfff] reserved
[    0.000000] BIOS-e820: [mem 0x00000000b6e3e000-0x00000000b6e80fff] ACPI NVS
[    0.000000] BIOS-e820: [mem 0x00000000b6e81000-0x00000000b6ffffff] usable
[    0.000000] BIOS-e820: [mem 0x00000000b7800000-0x00000000bf9fffff] reserved
[    0.000000] BIOS-e820: [mem 0x00000000fed1c000-0x00000000fed1ffff] reserved
[    0.000000] BIOS-e820: [mem 0x00000000ff000000-0x00000000ffffffff] reserved
[    0.000000] BIOS-e820: [mem 0x0000000100000000-0x000000023fdfffff] usable
[    0.000000] NX (Execute Disable) protection: active
[    0.000000] SMBIOS 2.6 present.
[    0.000000] DMI: System manufacturer System Product Name/P8Z68-V PRO, BIOS 0501 05/09/2011
[    0.000000] e820: update [mem 0x00000000-0x00000fff] usable ==> reserved
[    0.000000] e820: remove [mem 0x000a0000-0x000fffff] usable
[    0.000000] No AGP bridge found
[    0.000000] e820: last_pfn = 0x23fe00 max_arch_pfn = 0x400000000
[    0.000000] MTRR default type: uncachable
[    0.000000] MTRR fixed ranges enabled:
[    0.000000]   00000-9FFFF write-back
[    0.000000]   A0000-BFFFF uncachable
[    0.000000]   C0000-D3FFF write-protect
[    0.000000]   D4000-E7FFF uncachable
[    0.000000]   E8000-FFFFF write-protect
[    0.000000] MTRR variable ranges enabled:
[    0.000000]   0 base 000000000 mask E00000000 write-back
[    0.000000]   1 base 200000000 mask FC0000000 write-back
[    0.000000]   2 base 0B7800000 mask FFF800000 uncachable
[    0.000000]   3 base 0B8000000 mask FF8000000 uncachable
[    0.000000]   4 base 0C0000000 mask FC0000000 uncachable
[    0.000000]   5 base 23FE00000 mask FFFE00000 uncachable
[    0.000000]   6 disabled
[    0.000000]   7 disabled
[    0.000000]   8 disabled
[    0.000000]   9 disabled
[    0.000000] x86 PAT enabled: cpu 0, old 0x7040600070406, new 0x7010600070106
[    0.000000] e820: update [mem 0xb7800000-0xffffffff] usable ==> reserved
[    0.000000] e820: last_pfn = 0xb7000 max_arch_pfn = 0x400000000
[    0.000000] found SMP MP-table at [mem 0x000fcee0-0x000fceef] mapped at [ffff8800000fcee0]
[    0.000000] Scanning 1 areas for low memory corruption
[    0.000000] Base memory trampoline at [ffff880000095000] 95000 size 24576
[    0.000000] reserving inaccessible SNB gfx pages
[    0.000000] init_memory_mapping: [mem 0x00000000-0x000fffff]
[    0.000000]  [mem 0x00000000-0x000fffff] page 4k
[    0.000000] BRK [0x01eb1000, 0x01eb1fff] PGTABLE
[    0.000000] BRK [0x01eb2000, 0x01eb2fff] PGTABLE
[    0.000000] BRK [0x01eb3000, 0x01eb3fff] PGTABLE
[    0.000000] init_memory_mapping: [mem 0x23fc00000-0x23fdfffff]
[    0.000000]  [mem 0x23fc00000-0x23fdfffff] page 2M
[    0.000000] BRK [0x01eb4000, 0x01eb4fff] PGTABLE
[    0.000000] init_memory_mapping: [mem 0x23c000000-0x23fbfffff]
[    0.000000]  [mem 0x23c000000-0x23fbfffff] page 2M
[    0.000000] init_memory_mapping: [mem 0x200000000-0x23bffffff]
[    0.000000]  [mem 0x200000000-0x23bffffff] page 2M
[    0.000000] init_memory_mapping: [mem 0x00100000-0x1fffffff]
[    0.000000]  [mem 0x00100000-0x001fffff] page 4k
[    0.000000]  [mem 0x00200000-0x1fffffff] page 2M
[    0.000000] init_memory_mapping: [mem 0x20200000-0x3fffffff]
[    0.000000]  [mem 0x20200000-0x3fffffff] page 2M
[    0.000000] init_memory_mapping: [mem 0x40200000-0xb677dfff]
[    0.000000]  [mem 0x40200000-0xb65fffff] page 2M
[    0.000000]  [mem 0xb6600000-0xb677dfff] page 4k
[    0.000000] BRK [0x01eb5000, 0x01eb5fff] PGTABLE
[    0.000000] BRK [0x01eb6000, 0x01eb6fff] PGTABLE
[    0.000000] init_memory_mapping: [mem 0xb6dcd000-0xb6dcefff]
[    0.000000]  [mem 0xb6dcd000-0xb6dcefff] page 4k
[    0.000000] init_memory_mapping: [mem 0xb6e81000-0xb6ffffff]
[    0.000000]  [mem 0xb6e81000-0xb6ffffff] page 4k
[    0.000000] init_memory_mapping: [mem 0x100000000-0x1ffffffff]
[    0.000000]  [mem 0x100000000-0x1ffffffff] page 2M
[    0.000000] ACPI: RSDP 0x00000000000F0420 000024 (v02 ALASKA)
[    0.000000] ACPI: XSDT 0x00000000B67CA068 00004C (v01 ALASKA A M I    01072009 AMI  00010013)
[    0.000000] ACPI: FACP 0x00000000B67D42D8 0000F4 (v04 ALASKA A M I    01072009 AMI  00010013)
[    0.000000] ACPI: DSDT 0x00000000B67CA140 00A198 (v02 ALASKA A M I    00000000 INTL 20051117)
[    0.000000] ACPI: FACS 0x00000000B6DD9F80 000040
[    0.000000] ACPI: APIC 0x00000000B67D43D0 000072 (v03 ALASKA A M I    01072009 AMI  00010013)
[    0.000000] ACPI: SSDT 0x00000000B67D4448 000102 (v01 AMICPU PROC     00000001 MSFT 03000001)
[    0.000000] ACPI: MCFG 0x00000000B67D4550 00003C (v01 ALASKA A M I    01072009 MSFT 00000097)
[    0.000000] ACPI: HPET 0x00000000B67D4590 000038 (v01 ALASKA A M I    01072009 AMI. 00000004)
[    0.000000] ACPI: Local APIC address 0xfee00000
[    0.000000] No NUMA configuration found
[    0.000000] Faking a node at [mem 0x0000000000000000-0x000000023fdfffff]
[    0.000000] Initmem setup node 0 [mem 0x00000000-0x23fdfffff]
[    0.000000]   NODE_DATA [mem 0x23fdf5000-0x23fdf8fff]
[    0.000000]  [ffffea0000000000-ffffea0008ffffff] PMD -> [ffff880237600000-ffff88023f3fffff] on node 0
[    0.000000] Zone ranges:
[    0.000000]   DMA      [mem 0x00001000-0x00ffffff]
[    0.000000]   DMA32    [mem 0x01000000-0xffffffff]
[    0.000000]   Normal   [mem 0x100000000-0x23fdfffff]
[    0.000000] Movable zone start for each node
[    0.000000] Early memory node ranges
[    0.000000]   node   0: [mem 0x00001000-0x0009afff]
[    0.000000]   node   0: [mem 0x00100000-0x1fffffff]
[    0.000000]   node   0: [mem 0x20200000-0x3fffffff]
[    0.000000]   node   0: [mem 0x40200000-0xb677dfff]
[    0.000000]   node   0: [mem 0xb6dcd000-0xb6dcefff]
[    0.000000]   node   0: [mem 0xb6e81000-0xb6ffffff]
[    0.000000]   node   0: [mem 0x100000000-0x23fdfffff]
[    0.000000] On node 0 totalpages: 2056857
[    0.000000]   DMA zone: 64 pages used for memmap
[    0.000000]   DMA zone: 154 pages reserved
[    0.000000]   DMA zone: 3994 pages, LIFO batch:0
[    0.000000]   DMA32 zone: 11604 pages used for memmap
[    0.000000]   DMA32 zone: 742655 pages, LIFO batch:31
[    0.000000]   Normal zone: 20472 pages used for memmap
[    0.000000]   Normal zone: 1310208 pages, LIFO batch:31
[    0.000000] ACPI: PM-Timer IO Port: 0x408
[    0.000000] ACPI: Local APIC address 0xfee00000
[    0.000000] ACPI: LAPIC (acpi_id[0x01] lapic_id[0x00] enabled)
[    0.000000] ACPI: LAPIC (acpi_id[0x02] lapic_id[0x02] enabled)
[    0.000000] ACPI: LAPIC (acpi_id[0x03] lapic_id[0x04] enabled)
[    0.000000] ACPI: LAPIC (acpi_id[0x04] lapic_id[0x06] enabled)
[    0.000000] ACPI: LAPIC_NMI (acpi_id[0xff] high edge lint[0x1])
[    0.000000] ACPI: IOAPIC (id[0x00] address[0xfec00000] gsi_base[0])
[    0.000000] IOAPIC[0]: apic_id 0, version 32, address 0xfec00000, GSI 0-23
[    0.000000] ACPI: INT_SRC_OVR (bus 0 bus_irq 0 global_irq 2 dfl dfl)
[    0.000000] ACPI: INT_SRC_OVR (bus 0 bus_irq 9 global_irq 9 high level)
[    0.000000] ACPI: IRQ0 used by override.
[    0.000000] ACPI: IRQ2 used by override.
[    0.000000] ACPI: IRQ9 used by override.
[    0.000000] Using ACPI (MADT) for SMP configuration information
[    0.000000] ACPI: HPET id: 0x8086a701 base: 0xfed00000
[    0.000000] smpboot: Allowing 4 CPUs, 0 hotplug CPUs
[    0.000000] nr_irqs_gsi: 40
[    0.000000] e820: [mem 0xbfa00000-0xfed1bfff] available for PCI devices
[    0.000000] setup_percpu: NR_CPUS:64 nr_cpumask_bits:64 nr_cpu_ids:4 nr_node_ids:1
[    0.000000] PERCPU: Embedded 26 pages/cpu @ffff88023fa00000 s74560 r8192 d23744 u524288
[    0.000000] pcpu-alloc: s74560 r8192 d23744 u524288 alloc=1*2097152
[    0.000000] pcpu-alloc: [0] 0 1 2 3 
[    0.000000] Built 1 zonelists in Zone order, mobility grouping on.  Total pages: 2024563
[    0.000000] Policy zone: Normal
[    0.000000] Kernel command line: BOOT_IMAGE=/kernel-3.14.66 root=/dev/sdg3 ro
[    0.000000] PID hash table entries: 4096 (order: 3, 32768 bytes)
[    0.000000] xsave: enabled xstate_bv 0x7, cntxt size 0x340
[    0.000000] Checking aperture...
[    0.000000] No AGP bridge found
[    0.000000] Memory: 8016052K/8227428K available (7530K kernel code, 765K rwdata, 2480K rodata, 984K init, 972K bss, 211376K reserved)
[    0.000000] SLUB: HWalign=64, Order=0-3, MinObjects=0, CPUs=4, Nodes=1
[    0.000000] Hierarchical RCU implementation.
[    0.000000] 	RCU restricting CPUs from NR_CPUS=64 to nr_cpu_ids=4.
[    0.000000] RCU: Adjusting geometry for rcu_fanout_leaf=16, nr_cpu_ids=4
[    0.000000] NR_IRQS:4352 nr_irqs:712 16
[    0.000000] Console: colour VGA+ 80x25
[    0.000000] console [tty0] enabled
[    0.000000] hpet clockevent registered
[    0.000000] tsc: Fast TSC calibration using PIT
[    0.000000] tsc: Detected 3299.775 MHz processor
[    0.000002] Calibrating delay loop (skipped), value calculated using timer frequency.. 6599.55 BogoMIPS (lpj=3299775)
[    0.000140] pid_max: default: 32768 minimum: 301
[    0.000211] ACPI: Core revision 20131218
[    0.002285] ACPI: All ACPI Tables successfully acquired
[    0.002440] Security Framework initialized
[    0.002863] Dentry cache hash table entries: 1048576 (order: 11, 8388608 bytes)
[    0.004165] Inode-cache hash table entries: 524288 (order: 10, 4194304 bytes)
[    0.004765] Mount-cache hash table entries: 16384 (order: 5, 131072 bytes)
[    0.004842] Mountpoint-cache hash table entries: 16384 (order: 5, 131072 bytes)
[    0.005083] CPU: Physical Processor ID: 0
[    0.005150] CPU: Processor Core ID: 0
[    0.005218] ENERGY_PERF_BIAS: Set to 'normal', was 'performance'
               ENERGY_PERF_BIAS: View and update with x86_energy_perf_policy(8)
[    0.005322] mce: CPU supports 9 MCE banks
[    0.005398] CPU0: Thermal monitoring enabled (TM1)
[    0.005470] process: using mwait in idle threads
[    0.005539] Last level iTLB entries: 4KB 512, 2MB 8, 4MB 8
               Last level dTLB entries: 4KB 512, 2MB 32, 4MB 32, 1GB 0
               tlb_flushall_shift: 6
[    0.005768] Freeing SMP alternatives memory: 24K (ffffffff81db7000 - ffffffff81dbd000)
[    0.108529] ..TIMER: vector=0x30 apic1=0 pin1=2 apic2=-1 pin2=-1
[    0.118592] smpboot: CPU0: Intel(R) Core(TM) i5-2500K CPU @ 3.30GHz (fam: 06, model: 2a, stepping: 07)
[    0.118804] TSC deadline timer enabled
[    0.118809] Performance Events: PEBS fmt1+, 16-deep LBR, SandyBridge events, full-width counters, Intel PMU driver.
[    0.119106] perf_event_intel: PEBS disabled due to CPU errata, please upgrade microcode
[    0.119203] ... version:                3
[    0.119268] ... bit width:              48
[    0.119335] ... generic registers:      8
[    0.119401] ... value mask:             0000ffffffffffff
[    0.119469] ... max period:             0000ffffffffffff
[    0.119537] ... fixed-purpose events:   3
[    0.119604] ... event mask:             00000007000000ff
[    0.119820] x86: Booting SMP configuration:
[    0.119887] .... node  #0, CPUs:      #1 #2 #3
[    0.159827] x86: Booted up 1 node, 4 CPUs
[    0.159958] smpboot: Total of 4 processors activated (26398.20 BogoMIPS)
[    0.162136] devtmpfs: initialized
[    0.162355] kworker/u8:0 (25) used greatest stack depth: 5864 bytes left
[    0.162442] NET: Registered protocol family 16
[    0.162681] cpuidle: using governor ladder
[    0.162748] cpuidle: using governor menu
[    0.162830] ACPI: bus type PCI registered
[    0.162944] PCI: MMCONFIG for domain 0000 [bus 00-3f] at [mem 0xe0000000-0xe3ffffff] (base 0xe0000000)
[    0.163046] PCI: not using MMCONFIG
[    0.163112] PCI: Using configuration type 1 for base access
[    0.167025] bio: create slab <bio-0> at 0
[    0.167180] ACPI: Added _OSI(Module Device)
[    0.167248] ACPI: Added _OSI(Processor Device)
[    0.167315] ACPI: Added _OSI(3.0 _SCP Extensions)
[    0.167382] ACPI: Added _OSI(Processor Aggregator Device)
[    0.168910] ACPI: Executed 1 blocks of module-level executable AML code
[    0.170572] ACPI: SSDT 0x00000000B6DD8918 0003E0 (v01 AMI    IST      00000001 MSFT 03000001)
[    0.170955] ACPI: Dynamic OEM Table Load:
[    0.171097] ACPI: SSDT 0x0000000000000000 0003E0 (v01 AMI    IST      00000001 MSFT 03000001)
[    0.171284] ACPI: SSDT 0x00000000B6DD7D98 0000E4 (v01 AMI    CST      00000001 MSFT 03000001)
[    0.171635] ACPI: Dynamic OEM Table Load:
[    0.171775] ACPI: SSDT 0x0000000000000000 0000E4 (v01 AMI    CST      00000001 MSFT 03000001)
[    0.172233] ACPI: Interpreter enabled
[    0.172302] ACPI: (supports S0 S5)
[    0.172368] ACPI: Using IOAPIC for interrupt routing
[    0.172449] PCI: MMCONFIG for domain 0000 [bus 00-3f] at [mem 0xe0000000-0xe3ffffff] (base 0xe0000000)
[    0.172579] PCI: MMCONFIG at [mem 0xe0000000-0xe3ffffff] reserved in ACPI motherboard resources
[    0.172737] PCI: Using host bridge windows from ACPI; if necessary, use "pci=nocrs" and report a bug
[    0.172926] ACPI: No dock devices found.
[    0.173187] [Firmware Bug]: ACPI: BIOS _OSI(Linux) query ignored
[    0.178580] ACPI: PCI Root Bridge [PCI0] (domain 0000 [bus 00-ff])
[    0.179115] acpi PNP0A08:00: _OSC: OS supports [ExtendedConfig ASPM ClockPM Segments MSI]
[    0.179297] acpi PNP0A08:00: _OSC: platform does not support [PCIeHotplug]
[    0.179446] acpi PNP0A08:00: _OSC: OS now controls [PME AER PCIeCapability]
[    0.179627] acpi PNP0A08:00: ignoring host bridge window [mem 0x000c8000-0x000dffff] (conflicts with Video ROM [mem 0x000c0000-0x000cdbff])
[    0.179731] acpi PNP0A08:00: [Firmware Info]: MMCONFIG for domain 0000 [bus 00-3f] only partially covers this bridge
[    0.179853] PCI host bridge to bus 0000:00
[    0.179920] pci_bus 0000:00: root bus resource [bus 00-ff]
[    0.179990] pci_bus 0000:00: root bus resource [io  0x0000-0x0cf7]
[    0.180060] pci_bus 0000:00: root bus resource [io  0x0d00-0xffff]
[    0.180132] pci_bus 0000:00: root bus resource [mem 0x000a0000-0x000bffff]
[    0.180204] pci_bus 0000:00: root bus resource [mem 0xbfa00000-0xffffffff]
[    0.180280] pci 0000:00:00.0: [8086:0100] type 00 class 0x060000
[    0.180348] pci 0000:00:01.0: [8086:0101] type 01 class 0x060400
[    0.180371] pci 0000:00:01.0: PME# supported from D0 D3hot D3cold
[    0.180424] pci 0000:00:02.0: [8086:0112] type 00 class 0x030000
[    0.180431] pci 0000:00:02.0: reg 0x10: [mem 0xfa400000-0xfa7fffff 64bit]
[    0.180436] pci 0000:00:02.0: reg 0x18: [mem 0xc0000000-0xcfffffff 64bit pref]
[    0.180439] pci 0000:00:02.0: reg 0x20: [io  0xf000-0xf03f]
[    0.180519] pci 0000:00:16.0: [8086:1c3a] type 00 class 0x078000
[    0.180540] pci 0000:00:16.0: reg 0x10: [mem 0xfad29000-0xfad2900f 64bit]
[    0.180610] pci 0000:00:16.0: PME# supported from D0 D3hot D3cold
[    0.180673] pci 0000:00:19.0: [8086:1503] type 00 class 0x020000
[    0.180690] pci 0000:00:19.0: reg 0x10: [mem 0xfad00000-0xfad1ffff]
[    0.180698] pci 0000:00:19.0: reg 0x14: [mem 0xfad28000-0xfad28fff]
[    0.180706] pci 0000:00:19.0: reg 0x18: [io  0xf080-0xf09f]
[    0.180764] pci 0000:00:19.0: PME# supported from D0 D3hot D3cold
[    0.180824] pci 0000:00:1a.0: [8086:1c2d] type 00 class 0x0c0320
[    0.180843] pci 0000:00:1a.0: reg 0x10: [mem 0xfad27000-0xfad273ff]
[    0.180928] pci 0000:00:1a.0: PME# supported from D0 D3hot D3cold
[    0.180987] pci 0000:00:1b.0: [8086:1c20] type 00 class 0x040300
[    0.181001] pci 0000:00:1b.0: reg 0x10: [mem 0xfad20000-0xfad23fff 64bit]
[    0.181069] pci 0000:00:1b.0: PME# supported from D0 D3hot D3cold
[    0.181126] pci 0000:00:1c.0: [8086:1c10] type 01 class 0x060400
[    0.181203] pci 0000:00:1c.0: PME# supported from D0 D3hot D3cold
[    0.181263] pci 0000:00:1c.1: [8086:1c12] type 01 class 0x060400
[    0.181338] pci 0000:00:1c.1: PME# supported from D0 D3hot D3cold
[    0.181400] pci 0000:00:1c.2: [8086:1c14] type 01 class 0x060400
[    0.181475] pci 0000:00:1c.2: PME# supported from D0 D3hot D3cold
[    0.181534] pci 0000:00:1c.3: [8086:1c16] type 01 class 0x060400
[    0.181609] pci 0000:00:1c.3: PME# supported from D0 D3hot D3cold
[    0.181669] pci 0000:00:1c.4: [8086:1c18] type 01 class 0x060400
[    0.181744] pci 0000:00:1c.4: PME# supported from D0 D3hot D3cold
[    0.181804] pci 0000:00:1c.6: [8086:244e] type 01 class 0x060401
[    0.181879] pci 0000:00:1c.6: PME# supported from D0 D3hot D3cold
[    0.181937] pci 0000:00:1c.7: [8086:1c1e] type 01 class 0x060400
[    0.182012] pci 0000:00:1c.7: PME# supported from D0 D3hot D3cold
[    0.182076] pci 0000:00:1d.0: [8086:1c26] type 00 class 0x0c0320
[    0.182095] pci 0000:00:1d.0: reg 0x10: [mem 0xfad26000-0xfad263ff]
[    0.182182] pci 0000:00:1d.0: PME# supported from D0 D3hot D3cold
[    0.182243] pci 0000:00:1f.0: [8086:1c44] type 00 class 0x060100
[    0.182394] pci 0000:00:1f.2: [8086:1c02] type 00 class 0x010601
[    0.182411] pci 0000:00:1f.2: reg 0x10: [io  0xf0d0-0xf0d7]
[    0.182418] pci 0000:00:1f.2: reg 0x14: [io  0xf0c0-0xf0c3]
[    0.182425] pci 0000:00:1f.2: reg 0x18: [io  0xf0b0-0xf0b7]
[    0.182432] pci 0000:00:1f.2: reg 0x1c: [io  0xf0a0-0xf0a3]
[    0.182439] pci 0000:00:1f.2: reg 0x20: [io  0xf060-0xf07f]
[    0.182447] pci 0000:00:1f.2: reg 0x24: [mem 0xfad25000-0xfad257ff]
[    0.182487] pci 0000:00:1f.2: PME# supported from D3hot
[    0.182541] pci 0000:00:1f.3: [8086:1c22] type 00 class 0x0c0500
[    0.182554] pci 0000:00:1f.3: reg 0x10: [mem 0xfad24000-0xfad240ff 64bit]
[    0.182574] pci 0000:00:1f.3: reg 0x20: [io  0xf040-0xf05f]
[    0.182669] pci 0000:01:00.0: [10de:1245] type 00 class 0x030000
[    0.182676] pci 0000:01:00.0: reg 0x10: [mem 0xf8000000-0xf9ffffff]
[    0.182683] pci 0000:01:00.0: reg 0x14: [mem 0xd0000000-0xd7ffffff 64bit pref]
[    0.182691] pci 0000:01:00.0: reg 0x1c: [mem 0xd8000000-0xdbffffff 64bit pref]
[    0.182695] pci 0000:01:00.0: reg 0x24: [io  0xe000-0xe07f]
[    0.182700] pci 0000:01:00.0: reg 0x30: [mem 0xfa000000-0xfa07ffff pref]
[    0.182774] pci 0000:01:00.1: [10de:0bee] type 00 class 0x040300
[    0.182782] pci 0000:01:00.1: reg 0x10: [mem 0xfa080000-0xfa083fff]
[    0.184142] pci 0000:00:01.0: PCI bridge to [bus 01]
[    0.184212] pci 0000:00:01.0:   bridge window [io  0xe000-0xefff]
[    0.184214] pci 0000:00:01.0:   bridge window [mem 0xf8000000-0xfa0fffff]
[    0.184216] pci 0000:00:01.0:   bridge window [mem 0xd0000000-0xdbffffff 64bit pref]
[    0.184272] pci 0000:00:1c.0: PCI bridge to [bus 02]
[    0.184426] pci 0000:03:00.0: [1b21:1042] type 00 class 0x0c0330
[    0.184454] pci 0000:03:00.0: reg 0x10: [mem 0xfac00000-0xfac07fff 64bit]
[    0.184609] pci 0000:03:00.0: PME# supported from D3hot D3cold
[    0.186145] pci 0000:00:1c.1: PCI bridge to [bus 03]
[    0.186217] pci 0000:00:1c.1:   bridge window [mem 0xfac00000-0xfacfffff]
[    0.186276] pci 0000:00:1c.2: PCI bridge to [bus 04]
[    0.186424] pci 0000:05:00.0: [197b:2362] type 00 class 0x010185
[    0.186459] pci 0000:05:00.0: reg 0x10: [io  0xd040-0xd047]
[    0.186474] pci 0000:05:00.0: reg 0x14: [io  0xd030-0xd033]
[    0.186490] pci 0000:05:00.0: reg 0x18: [io  0xd020-0xd027]
[    0.186506] pci 0000:05:00.0: reg 0x1c: [io  0xd010-0xd013]
[    0.186522] pci 0000:05:00.0: reg 0x20: [io  0xd000-0xd00f]
[    0.186537] pci 0000:05:00.0: reg 0x24: [mem 0xfab10000-0xfab101ff]
[    0.186554] pci 0000:05:00.0: reg 0x30: [mem 0x00000000-0x0000ffff pref]
[    0.186620] pci 0000:05:00.0: PME# supported from D3hot
[    0.188145] pci 0000:00:1c.3: PCI bridge to [bus 05]
[    0.188215] pci 0000:00:1c.3:   bridge window [io  0xd000-0xdfff]
[    0.188219] pci 0000:00:1c.3:   bridge window [mem 0xfab00000-0xfabfffff]
[    0.188303] pci 0000:06:00.0: [1b21:1042] type 00 class 0x0c0330
[    0.188331] pci 0000:06:00.0: reg 0x10: [mem 0xfaa00000-0xfaa07fff 64bit]
[    0.188486] pci 0000:06:00.0: PME# supported from D3hot D3cold
[    0.190144] pci 0000:00:1c.4: PCI bridge to [bus 06]
[    0.190216] pci 0000:00:1c.4:   bridge window [mem 0xfaa00000-0xfaafffff]
[    0.190287] pci 0000:07:00.0: [1b21:1080] type 01 class 0x060401
[    0.190425] pci 0000:00:1c.6: PCI bridge to [bus 07-08] (subtractive decode)
[    0.190498] pci 0000:00:1c.6:   bridge window [io  0xc000-0xcfff]
[    0.190502] pci 0000:00:1c.6:   bridge window [mem 0xfa900000-0xfa9fffff]
[    0.190507] pci 0000:00:1c.6:   bridge window [io  0x0000-0x0cf7] (subtractive decode)
[    0.190509] pci 0000:00:1c.6:   bridge window [io  0x0d00-0xffff] (subtractive decode)
[    0.190510] pci 0000:00:1c.6:   bridge window [mem 0x000a0000-0x000bffff] (subtractive decode)
[    0.190511] pci 0000:00:1c.6:   bridge window [mem 0xbfa00000-0xffffffff] (subtractive decode)
[    0.190579] pci 0000:08:02.0: [1106:3044] type 00 class 0x0c0010
[    0.190610] pci 0000:08:02.0: reg 0x10: [mem 0xfa900000-0xfa9007ff]
[    0.190628] pci 0000:08:02.0: reg 0x14: [io  0xc000-0xc07f]
[    0.190757] pci 0000:08:02.0: supports D2
[    0.190758] pci 0000:08:02.0: PME# supported from D2 D3hot D3cold
[    0.190858] pci 0000:07:00.0: PCI bridge to [bus 08] (subtractive decode)
[    0.190937] pci 0000:07:00.0:   bridge window [io  0xc000-0xcfff]
[    0.190943] pci 0000:07:00.0:   bridge window [mem 0xfa900000-0xfa9fffff]
[    0.190952] pci 0000:07:00.0:   bridge window [io  0xc000-0xcfff] (subtractive decode)
[    0.190953] pci 0000:07:00.0:   bridge window [mem 0xfa900000-0xfa9fffff] (subtractive decode)
[    0.190955] pci 0000:07:00.0:   bridge window [??? 0x00000000 flags 0x0] (subtractive decode)
[    0.190956] pci 0000:07:00.0:   bridge window [??? 0x00000000 flags 0x0] (subtractive decode)
[    0.190957] pci 0000:07:00.0:   bridge window [io  0x0000-0x0cf7] (subtractive decode)
[    0.190958] pci 0000:07:00.0:   bridge window [io  0x0d00-0xffff] (subtractive decode)
[    0.190960] pci 0000:07:00.0:   bridge window [mem 0x000a0000-0x000bffff] (subtractive decode)
[    0.190961] pci 0000:07:00.0:   bridge window [mem 0xbfa00000-0xffffffff] (subtractive decode)
[    0.191042] pci 0000:09:00.0: [1b4b:9172] type 00 class 0x010601
[    0.191059] pci 0000:09:00.0: reg 0x10: [io  0xb040-0xb047]
[    0.191071] pci 0000:09:00.0: reg 0x14: [io  0xb030-0xb033]
[    0.191083] pci 0000:09:00.0: reg 0x18: [io  0xb020-0xb027]
[    0.191095] pci 0000:09:00.0: reg 0x1c: [io  0xb010-0xb013]
[    0.191108] pci 0000:09:00.0: reg 0x20: [io  0xb000-0xb00f]
[    0.191120] pci 0000:09:00.0: reg 0x24: [mem 0xfa810000-0xfa8101ff]
[    0.191134] pci 0000:09:00.0: reg 0x30: [mem 0xfa800000-0xfa80ffff pref]
[    0.191196] pci 0000:09:00.0: PME# supported from D3hot
[    0.193142] pci 0000:00:1c.7: PCI bridge to [bus 09]
[    0.193213] pci 0000:00:1c.7:   bridge window [io  0xb000-0xbfff]
[    0.193216] pci 0000:00:1c.7:   bridge window [mem 0xfa800000-0xfa8fffff]
[    0.193419] ACPI: PCI Interrupt Link [LNKA] (IRQs 3 4 5 6 7 10 *11 12 14 15)
[    0.193965] ACPI: PCI Interrupt Link [LNKB] (IRQs 3 4 5 6 7 *10 11 12 14 15)
[    0.194511] ACPI: PCI Interrupt Link [LNKC] (IRQs *3 4 5 6 10 11 12 14 15)
[    0.195018] ACPI: PCI Interrupt Link [LNKD] (IRQs 3 4 5 6 10 *11 12 14 15)
[    0.195527] ACPI: PCI Interrupt Link [LNKE] (IRQs 3 4 6 7 *10 11 12 14 15)
[    0.196033] ACPI: PCI Interrupt Link [LNKF] (IRQs 3 4 *5 6 7 10 11 12 14 15)
[    0.196579] ACPI: PCI Interrupt Link [LNKG] (IRQs 3 *4 5 6 7 10 11 12 14 15)
[    0.197122] ACPI: PCI Interrupt Link [LNKH] (IRQs 3 4 5 6 *7 10 11 12 14 15)
[    0.197670] ACPI: Enabled 1 GPEs in block 00 to 3F
[    0.197822] ACPI : EC: GPE = 0x18, I/O: command/status = 0x66, data = 0x62
[    0.197974] vgaarb: device added: PCI:0000:00:02.0,decodes=io+mem,owns=io+mem,locks=none
[    0.198073] vgaarb: device added: PCI:0000:01:00.0,decodes=io+mem,owns=none,locks=none
[    0.198170] vgaarb: loaded
[    0.198236] vgaarb: bridge control possible 0000:01:00.0
[    0.198304] vgaarb: no bridge control possible 0000:00:02.0
[    0.198443] SCSI subsystem initialized
[    0.198558] libata version 3.00 loaded.
[    0.198572] ACPI: bus type USB registered
[    0.198670] usbcore: registered new interface driver usbfs
[    0.198754] usbcore: registered new interface driver hub
[    0.198840] usbcore: registered new device driver usb
[    0.199006] PCI: Using ACPI for IRQ routing
[    0.200387] PCI: pci_cache_line_size set to 64 bytes
[    0.200454] e820: reserve RAM buffer [mem 0x0009b400-0x0009ffff]
[    0.200455] e820: reserve RAM buffer [mem 0xb677e000-0xb7ffffff]
[    0.200456] e820: reserve RAM buffer [mem 0xb6dcf000-0xb7ffffff]
[    0.200458] e820: reserve RAM buffer [mem 0xb7000000-0xb7ffffff]
[    0.200459] e820: reserve RAM buffer [mem 0x23fe00000-0x23fffffff]
[    0.200558] NetLabel: Initializing
[    0.200624] NetLabel:  domain hash size = 128
[    0.200691] NetLabel:  protocols = UNLABELED CIPSOv4
[    0.200769] NetLabel:  unlabeled traffic allowed by default
[    0.200857] hpet0: at MMIO 0xfed00000, IRQs 2, 8, 0, 0, 0, 0, 0, 0
[    0.201261] hpet0: 8 comparators, 64-bit 14.318180 MHz counter
[    0.203347] Switched to clocksource hpet
[    0.205509] pnp: PnP ACPI init
[    0.205581] ACPI: bus type PNP registered
[    0.205739] system 00:00: [mem 0xfed10000-0xfed19fff] has been reserved
[    0.205810] system 00:00: [mem 0xe0000000-0xe3ffffff] has been reserved
[    0.205881] system 00:00: [mem 0xfed90000-0xfed93fff] has been reserved
[    0.205953] system 00:00: [mem 0xfed20000-0xfed3ffff] has been reserved
[    0.206023] system 00:00: [mem 0xfee00000-0xfee0ffff] has been reserved
[    0.206095] system 00:00: Plug and Play ACPI device, IDs PNP0c01 (active)
[    0.206166] system 00:01: [io  0x0290-0x029f] has been reserved
[    0.206237] system 00:01: Plug and Play ACPI device, IDs PNP0c02 (active)
[    0.206245] pnp 00:02: [dma 4]
[    0.206273] pnp 00:02: Plug and Play ACPI device, IDs PNP0200 (active)
[    0.206310] pnp 00:03: Plug and Play ACPI device, IDs PNP0b00 (active)
[    0.206340] pnp 00:04: Plug and Play ACPI device, IDs PNP0800 (active)
[    0.206397] system 00:05: [io  0x04d0-0x04d1] has been reserved
[    0.206467] system 00:05: Plug and Play ACPI device, IDs PNP0c02 (active)
[    0.206501] pnp 00:06: Plug and Play ACPI device, IDs PNP0c04 (active)
[    0.206691] system 00:07: [io  0x0400-0x0453] could not be reserved
[    0.206762] system 00:07: [io  0x0458-0x047f] has been reserved
[    0.206832] system 00:07: [io  0x0500-0x057f] has been reserved
[    0.206903] system 00:07: [mem 0xfed1c000-0xfed1ffff] has been reserved
[    0.206974] system 00:07: [mem 0xfec00000-0xfecfffff] could not be reserved
[    0.207046] system 00:07: [mem 0xfed08000-0xfed08fff] has been reserved
[    0.207117] system 00:07: [mem 0xff000000-0xffffffff] has been reserved
[    0.207188] system 00:07: Plug and Play ACPI device, IDs PNP0c01 (active)
[    0.207241] system 00:08: [io  0x0454-0x0457] has been reserved
[    0.207311] system 00:08: Plug and Play ACPI device, IDs INT3f0d PNP0c02 (active)
[    0.207420] pnp 00:09: Plug and Play ACPI device, IDs PNP0103 (active)
[    0.207511] pnp: PnP ACPI: found 10 devices
[    0.207577] ACPI: bus type PNP unregistered
[    0.214907] pci 0000:00:1c.3: BAR 15: assigned [mem 0xbfa00000-0xbfafffff pref]
[    0.215003] pci 0000:00:01.0: PCI bridge to [bus 01]
[    0.215072] pci 0000:00:01.0:   bridge window [io  0xe000-0xefff]
[    0.215143] pci 0000:00:01.0:   bridge window [mem 0xf8000000-0xfa0fffff]
[    0.215215] pci 0000:00:01.0:   bridge window [mem 0xd0000000-0xdbffffff 64bit pref]
[    0.215312] pci 0000:00:1c.0: PCI bridge to [bus 02]
[    0.215396] pci 0000:00:1c.1: PCI bridge to [bus 03]
[    0.215468] pci 0000:00:1c.1:   bridge window [mem 0xfac00000-0xfacfffff]
[    0.215543] pci 0000:00:1c.2: PCI bridge to [bus 04]
[    0.215622] pci 0000:05:00.0: BAR 6: assigned [mem 0xbfa00000-0xbfa0ffff pref]
[    0.215717] pci 0000:00:1c.3: PCI bridge to [bus 05]
[    0.215786] pci 0000:00:1c.3:   bridge window [io  0xd000-0xdfff]
[    0.215858] pci 0000:00:1c.3:   bridge window [mem 0xfab00000-0xfabfffff]
[    0.215931] pci 0000:00:1c.3:   bridge window [mem 0xbfa00000-0xbfafffff pref]
[    0.216030] pci 0000:00:1c.4: PCI bridge to [bus 06]
[    0.216101] pci 0000:00:1c.4:   bridge window [mem 0xfaa00000-0xfaafffff]
[    0.216178] pci 0000:07:00.0: PCI bridge to [bus 08]
[    0.216249] pci 0000:07:00.0:   bridge window [io  0xc000-0xcfff]
[    0.216324] pci 0000:07:00.0:   bridge window [mem 0xfa900000-0xfa9fffff]
[    0.216413] pci 0000:00:1c.6: PCI bridge to [bus 07-08]
[    0.216482] pci 0000:00:1c.6:   bridge window [io  0xc000-0xcfff]
[    0.216554] pci 0000:00:1c.6:   bridge window [mem 0xfa900000-0xfa9fffff]
[    0.216631] pci 0000:00:1c.7: PCI bridge to [bus 09]
[    0.216701] pci 0000:00:1c.7:   bridge window [io  0xb000-0xbfff]
[    0.216774] pci 0000:00:1c.7:   bridge window [mem 0xfa800000-0xfa8fffff]
[    0.216851] pci_bus 0000:00: resource 4 [io  0x0000-0x0cf7]
[    0.216852] pci_bus 0000:00: resource 5 [io  0x0d00-0xffff]
[    0.216853] pci_bus 0000:00: resource 6 [mem 0x000a0000-0x000bffff]
[    0.216854] pci_bus 0000:00: resource 7 [mem 0xbfa00000-0xffffffff]
[    0.216856] pci_bus 0000:01: resource 0 [io  0xe000-0xefff]
[    0.216857] pci_bus 0000:01: resource 1 [mem 0xf8000000-0xfa0fffff]
[    0.216858] pci_bus 0000:01: resource 2 [mem 0xd0000000-0xdbffffff 64bit pref]
[    0.216860] pci_bus 0000:03: resource 1 [mem 0xfac00000-0xfacfffff]
[    0.216861] pci_bus 0000:05: resource 0 [io  0xd000-0xdfff]
[    0.216862] pci_bus 0000:05: resource 1 [mem 0xfab00000-0xfabfffff]
[    0.216863] pci_bus 0000:05: resource 2 [mem 0xbfa00000-0xbfafffff pref]
[    0.216865] pci_bus 0000:06: resource 1 [mem 0xfaa00000-0xfaafffff]
[    0.216866] pci_bus 0000:07: resource 0 [io  0xc000-0xcfff]
[    0.216867] pci_bus 0000:07: resource 1 [mem 0xfa900000-0xfa9fffff]
[    0.216868] pci_bus 0000:07: resource 4 [io  0x0000-0x0cf7]
[    0.216869] pci_bus 0000:07: resource 5 [io  0x0d00-0xffff]
[    0.216871] pci_bus 0000:07: resource 6 [mem 0x000a0000-0x000bffff]
[    0.216872] pci_bus 0000:07: resource 7 [mem 0xbfa00000-0xffffffff]
[    0.216873] pci_bus 0000:08: resource 0 [io  0xc000-0xcfff]
[    0.216874] pci_bus 0000:08: resource 1 [mem 0xfa900000-0xfa9fffff]
[    0.216875] pci_bus 0000:08: resource 4 [io  0xc000-0xcfff]
[    0.216877] pci_bus 0000:08: resource 5 [mem 0xfa900000-0xfa9fffff]
[    0.216878] pci_bus 0000:08: resource 8 [io  0x0000-0x0cf7]
[    0.216879] pci_bus 0000:08: resource 9 [io  0x0d00-0xffff]
[    0.216880] pci_bus 0000:08: resource 10 [mem 0x000a0000-0x000bffff]
[    0.216881] pci_bus 0000:08: resource 11 [mem 0xbfa00000-0xffffffff]
[    0.216883] pci_bus 0000:09: resource 0 [io  0xb000-0xbfff]
[    0.216884] pci_bus 0000:09: resource 1 [mem 0xfa800000-0xfa8fffff]
[    0.216904] NET: Registered protocol family 2
[    0.217108] TCP established hash table entries: 65536 (order: 7, 524288 bytes)
[    0.217302] TCP bind hash table entries: 65536 (order: 8, 1048576 bytes)
[    0.217496] TCP: Hash tables configured (established 65536 bind 65536)
[    0.217580] TCP: reno registered
[    0.217653] UDP hash table entries: 4096 (order: 5, 131072 bytes)
[    0.217746] UDP-Lite hash table entries: 4096 (order: 5, 131072 bytes)
[    0.217861] NET: Registered protocol family 1
[    0.217974] RPC: Registered named UNIX socket transport module.
[    0.218043] RPC: Registered udp transport module.
[    0.218111] RPC: Registered tcp transport module.
[    0.218178] RPC: Registered tcp NFSv4.1 backchannel transport module.
[    0.218253] pci 0000:00:02.0: Boot video device
[    0.464349] PCI: CLS 64 bytes, default 64
[    0.464385] PCI-DMA: Using software bounce buffering for IO (SWIOTLB)
[    0.464459] software IO TLB [mem 0xb277e000-0xb677e000] (64MB) mapped at [ffff8800b277e000-ffff8800b677dfff]
[    0.464859] microcode: CPU0 sig=0x206a7, pf=0x2, revision=0x14
[    0.464931] microcode: CPU1 sig=0x206a7, pf=0x2, revision=0x14
[    0.465005] microcode: CPU2 sig=0x206a7, pf=0x2, revision=0x14
[    0.465079] microcode: CPU3 sig=0x206a7, pf=0x2, revision=0x14
[    0.465191] microcode: Microcode Update Driver: v2.00 <tigran@aivazian.fsnet.co.uk>, Peter Oruba
[    0.465587] Scanning for low memory corruption every 60 seconds
[    0.466138] AVX version of gcm_enc/dec engaged.
[    0.466481] sha1_ssse3: Using AVX optimized SHA-1 implementation
[    0.466583] sha256_ssse3: Using AVX optimized SHA-256 implementation
[    0.466686] sha512_ssse3: Using AVX optimized SHA-512 implementation
[    0.467573] AVX2 or AES-NI instructions are not detected.
[    0.467642] AVX2 instructions are not detected.
[    0.467940] futex hash table entries: 1024 (order: 4, 65536 bytes)
[    0.481583] HugeTLB registered 2 MB page size, pre-allocated 0 pages
[    0.484018] VFS: Disk quotas dquot_6.5.2
[    0.484144] Dquot-cache hash table entries: 512 (order 0, 4096 bytes)
[    0.484913] NFS: Registering the id_resolver key type
[    0.484987] Key type id_resolver registered
[    0.485054] Key type id_legacy registered
[    0.485178] msgmni has been set to 15656
[    0.486187] NET: Registered protocol family 38
[    0.486254] Key type asymmetric registered
[    0.486321] Asymmetric key parser 'x509' registered
[    0.486447] Block layer SCSI generic (bsg) driver version 0.4 loaded (major 253)
[    0.486542] io scheduler noop registered
[    0.486608] io scheduler deadline registered
[    0.486710] io scheduler cfq registered (default)
[    0.486894] pcieport 0000:00:01.0: irq 40 for MSI/MSI-X
[    0.487009] pcieport 0000:00:1c.0: irq 41 for MSI/MSI-X
[    0.487100] pcieport 0000:00:1c.1: irq 42 for MSI/MSI-X
[    0.487211] pcieport 0000:00:1c.2: irq 43 for MSI/MSI-X
[    0.487320] pcieport 0000:00:1c.3: irq 44 for MSI/MSI-X
[    0.487396] pcieport 0000:00:1c.4: irq 45 for MSI/MSI-X
[    0.487506] pcieport 0000:00:1c.7: irq 46 for MSI/MSI-X
[    0.487633] pci_hotplug: PCI Hot Plug PCI Core version: 0.5
[    0.487842] input: Power Button as /devices/LNXSYSTM:00/device:00/PNP0C0C:00/input/input0
[    0.487940] ACPI: Power Button [PWRB]
[    0.488044] input: Power Button as /devices/LNXSYSTM:00/LNXPWRBN:00/input/input1
[    0.488155] ACPI: Power Button [PWRF]
[    0.488360] Monitor-Mwait will be used to enter C-1 state
[    0.488363] Monitor-Mwait will be used to enter C-3 state
[    0.488369] ACPI: acpi_idle registered with cpuidle
[    0.488963] kworker/u8:1 (905) used greatest stack depth: 5808 bytes left
[    0.488973] Serial: 8250/16550 driver, 4 ports, IRQ sharing enabled
[    0.489502] Non-volatile memory driver v1.3
[    0.489569] Linux agpgart interface v0.103
[    0.489747] [drm] Initialized drm 1.1.0 20060810
[    0.490569] loop: module loaded
[    0.490793] ahci 0000:00:1f.2: version 3.0
[    0.490856] ahci 0000:00:1f.2: irq 47 for MSI/MSI-X
[    0.501143] ahci 0000:00:1f.2: AHCI 0001.0300 32 slots 6 ports 6 Gbps 0x3f impl SATA mode
[    0.501253] ahci 0000:00:1f.2: flags: 64bit ncq sntf pm led clo pio slum part ems apst 
[    0.512460] scsi0 : ahci
[    0.512770] scsi1 : ahci
[    0.512937] scsi2 : ahci
[    0.513109] scsi3 : ahci
[    0.513272] scsi4 : ahci
[    0.513434] scsi5 : ahci
[    0.513561] ata1: SATA max UDMA/133 abar m2048@0xfad25000 port 0xfad25100 irq 47
[    0.513656] ata2: SATA max UDMA/133 abar m2048@0xfad25000 port 0xfad25180 irq 47
[    0.513752] ata3: SATA max UDMA/133 abar m2048@0xfad25000 port 0xfad25200 irq 47
[    0.513847] ata4: SATA max UDMA/133 abar m2048@0xfad25000 port 0xfad25280 irq 47
[    0.513942] ata5: SATA max UDMA/133 abar m2048@0xfad25000 port 0xfad25300 irq 47
[    0.514038] ata6: SATA max UDMA/133 abar m2048@0xfad25000 port 0xfad25380 irq 47
[    0.514756] ahci 0000:05:00.0: AHCI 0001.0100 32 slots 2 ports 3 Gbps 0x3 impl SATA mode
[    0.514854] ahci 0000:05:00.0: flags: 64bit ncq pm led clo pmp pio slum part 
[    0.515250] scsi6 : ahci
[    0.515420] scsi7 : ahci
[    0.515548] ata7: SATA max UDMA/133 abar m512@0xfab10000 port 0xfab10100 irq 19
[    0.515645] ata8: SATA max UDMA/133 abar m512@0xfab10000 port 0xfab10180 irq 19
[    0.515831] ahci 0000:09:00.0: irq 48 for MSI/MSI-X
[    0.515877] ahci 0000:09:00.0: AHCI 0001.0000 32 slots 2 ports 6 Gbps 0x3 impl SATA mode
[    0.515975] ahci 0000:09:00.0: flags: 64bit ncq sntf led only pmp fbs pio slum part sxs 
[    0.516442] scsi8 : ahci
[    0.516605] scsi9 : ahci
[    0.516737] ata9: SATA max UDMA/133 abar m512@0xfa810000 port 0xfa810100 irq 48
[    0.516834] ata10: SATA max UDMA/133 abar m512@0xfa810000 port 0xfa810180 irq 48
[    0.517180] ehci_hcd: USB 2.0 'Enhanced' Host Controller (EHCI) Driver
[    0.517252] ehci-pci: EHCI PCI platform driver
[    0.517382] ehci-pci 0000:00:1a.0: EHCI Host Controller
[    0.517518] ehci-pci 0000:00:1a.0: new USB bus registered, assigned bus number 1
[    0.517622] ehci-pci 0000:00:1a.0: debug port 2
[    0.521581] ehci-pci 0000:00:1a.0: cache line size of 64 is not supported
[    0.521592] ehci-pci 0000:00:1a.0: irq 23, io mem 0xfad27000
[    0.527063] ehci-pci 0000:00:1a.0: USB 2.0 started, EHCI 1.00
[    0.527155] usb usb1: New USB device found, idVendor=1d6b, idProduct=0002
[    0.527233] usb usb1: New USB device strings: Mfr=3, Product=2, SerialNumber=1
[    0.527328] usb usb1: Product: EHCI Host Controller
[    0.527396] usb usb1: Manufacturer: Linux 3.14.66 ehci_hcd
[    0.527465] usb usb1: SerialNumber: 0000:00:1a.0
[    0.527813] hub 1-0:1.0: USB hub found
[    0.527884] hub 1-0:1.0: 2 ports detected
[    0.528067] ehci-pci 0000:00:1d.0: EHCI Host Controller
[    0.528281] ehci-pci 0000:00:1d.0: new USB bus registered, assigned bus number 2
[    0.528387] ehci-pci 0000:00:1d.0: debug port 2
[    0.532344] ehci-pci 0000:00:1d.0: cache line size of 64 is not supported
[    0.532347] ehci-pci 0000:00:1d.0: irq 23, io mem 0xfad26000
[    0.538078] ehci-pci 0000:00:1d.0: USB 2.0 started, EHCI 1.00
[    0.538182] usb usb2: New USB device found, idVendor=1d6b, idProduct=0002
[    0.538262] usb usb2: New USB device strings: Mfr=3, Product=2, SerialNumber=1
[    0.538357] usb usb2: Product: EHCI Host Controller
[    0.538425] usb usb2: Manufacturer: Linux 3.14.66 ehci_hcd
[    0.538494] usb usb2: SerialNumber: 0000:00:1d.0
[    0.538939] hub 2-0:1.0: USB hub found
[    0.539013] hub 2-0:1.0: 2 ports detected
[    0.539280] ohci_hcd: USB 1.1 'Open' Host Controller (OHCI) Driver
[    0.539354] ohci-pci: OHCI PCI platform driver
[    0.539586] uhci_hcd: USB Universal Host Controller Interface driver
[    0.539910] usbcore: registered new interface driver usblp
[    0.540071] usbcore: registered new interface driver usb-storage
[    0.540539] i8042: PNP: No PS/2 controller found. Probing ports directly.
[    0.543699] serio: i8042 KBD port at 0x60,0x64 irq 1
[    0.543771] serio: i8042 AUX port at 0x60,0x64 irq 12
[    0.543984] mousedev: PS/2 mouse device common for all mice
[    0.544333] rtc_cmos 00:03: RTC can wake from S4
[    0.544528] rtc_cmos 00:03: rtc core: registered rtc_cmos as rtc0
[    0.544622] rtc_cmos 00:03: alarms up to one month, y3k, 114 bytes nvram, hpet irqs
[    0.544807] i801_smbus 0000:00:1f.3: SMBus using PCI Interrupt
[    0.545124] device-mapper: ioctl: 4.27.0-ioctl (2013-10-30) initialised: dm-devel@redhat.com
[    0.545273] hidraw: raw HID events driver (C) Jiri Kosina
[    0.546011] usbcore: registered new interface driver usbhid
[    0.546101] usbhid: USB HID core driver
[    0.546222] Netfilter messages via NETLINK v0.30.
[    0.546296] nf_conntrack version 0.5.0 (16384 buckets, 65536 max)
[    0.546441] ctnetlink v0.93: registering with nfnetlink.
[    0.546557] ip_tables: (C) 2000-2006 Netfilter Core Team
[    0.546636] TCP: cubic registered
[    0.546701] Initializing XFRM netlink socket
[    0.546960] NET: Registered protocol family 10
[    0.547176] ip6_tables: (C) 2000-2006 Netfilter Core Team
[    0.547266] sit: IPv6 over IPv4 tunneling driver
[    0.547557] NET: Registered protocol family 17
[    0.547636] Key type dns_resolver registered
[    0.548054] registered taskstats version 1
[    0.548499] console [netcon0] enabled
[    0.548566] netconsole: network logging started
[    0.818816] ata5: SATA link up 3.0 Gbps (SStatus 123 SControl 300)
[    0.818921] ata6: SATA link up 3.0 Gbps (SStatus 123 SControl 300)
[    0.819157] ata5.00: ATA-9: INTEL SSDSC2BA100G3, 5DV10270, max UDMA/133
[    0.819248] ata5.00: 195371568 sectors, multi 1: LBA48 NCQ (depth 31/32)
[    0.819326] ata6.00: ATA-9: INTEL SSDSC2BA100G3, 5DV10270, max UDMA/133
[    0.819399] ata6.00: 195371568 sectors, multi 1: LBA48 NCQ (depth 31/32)
[    0.819635] ata5.00: configured for UDMA/133
[    0.819783] ata1: SATA link up 6.0 Gbps (SStatus 133 SControl 300)
[    0.819805] ata7: SATA link down (SStatus 0 SControl 300)
[    0.819975] ata8: SATA link down (SStatus 0 SControl 300)
[    0.819977] ata2: SATA link up 6.0 Gbps (SStatus 133 SControl 300)
[    0.820005] ata3: SATA link up 3.0 Gbps (SStatus 123 SControl 300)
[    0.820022] ata4: SATA link up 3.0 Gbps (SStatus 123 SControl 300)
[    0.820031] ata6.00: configured for UDMA/133
[    0.820473] ata3.00: ATA-9: INTEL SSDSC2BA100G3, 5DV10270, max UDMA/133
[    0.820552] ata3.00: 195371568 sectors, multi 1: LBA48 NCQ (depth 31/32)
[    0.820627] ata1.00: ATA-9: INTEL SSDSC2BA100G3, 5DV10270, max UDMA/133
[    0.820704] ata1.00: 195371568 sectors, multi 1: LBA48 NCQ (depth 31/32)
[    0.820795] ata2.00: ATA-9: INTEL SSDSC2BA100G3, 5DV10270, max UDMA/133
[    0.820901] ata2.00: 195371568 sectors, multi 1: LBA48 NCQ (depth 31/32)
[    0.820977] ata4.00: ATA-9: INTEL SSDSC2BA100G3, 5DV10270, max UDMA/133
[    0.821053] ata4.00: 195371568 sectors, multi 1: LBA48 NCQ (depth 31/32)
[    0.821282] ata1.00: configured for UDMA/133
[    0.821395] ata2.00: configured for UDMA/133
[    0.821452] scsi 0:0:0:0: Direct-Access     ATA      INTEL SSDSC2BA10 5DV1 PQ: 0 ANSI: 5
[    0.821579] ata3.00: configured for UDMA/133
[    0.821676] sd 0:0:0:0: [sda] 195371568 512-byte logical blocks: (100 GB/93.1 GiB)
[    0.821680] ata4.00: configured for UDMA/133
[    0.821787] sd 0:0:0:0: Attached scsi generic sg0 type 0
[    0.821986] sd 0:0:0:0: [sda] 4096-byte physical blocks
[    0.822113] scsi 1:0:0:0: Direct-Access     ATA      INTEL SSDSC2BA10 5DV1 PQ: 0 ANSI: 5
[    0.822165] sd 0:0:0:0: [sda] Write Protect is off
[    0.822166] sd 0:0:0:0: [sda] Mode Sense: 00 3a 00 00
[    0.822192] sd 0:0:0:0: [sda] Write cache: enabled, read cache: enabled, doesn't support DPO or FUA
[    0.822583] sd 1:0:0:0: [sdb] 195371568 512-byte logical blocks: (100 GB/93.1 GiB)
[    0.822687] sd 1:0:0:0: [sdb] 4096-byte physical blocks
[    0.822789]  sda: sda1
[    0.822866] sd 1:0:0:0: [sdb] Write Protect is off
[    0.822867] sd 1:0:0:0: [sdb] Mode Sense: 00 3a 00 00
[    0.822869] sd 1:0:0:0: Attached scsi generic sg1 type 0
[    0.822904] sd 1:0:0:0: [sdb] Write cache: enabled, read cache: enabled, doesn't support DPO or FUA
[    0.823229]  sdb: sdb1
[    0.823266] scsi 2:0:0:0: Direct-Access     ATA      INTEL SSDSC2BA10 5DV1 PQ: 0 ANSI: 5
[    0.823411] sd 2:0:0:0: [sdc] 195371568 512-byte logical blocks: (100 GB/93.1 GiB)
[    0.823412] sd 2:0:0:0: [sdc] 4096-byte physical blocks
[    0.823457] sd 0:0:0:0: [sda] Attached SCSI disk
[    0.823478] sd 2:0:0:0: [sdc] Write Protect is off
[    0.823479] sd 2:0:0:0: [sdc] Mode Sense: 00 3a 00 00
[    0.823480] sd 2:0:0:0: Attached scsi generic sg2 type 0
[    0.823498] sd 2:0:0:0: [sdc] Write cache: enabled, read cache: enabled, doesn't support DPO or FUA
[    0.823581] scsi 3:0:0:0: Direct-Access     ATA      INTEL SSDSC2BA10 5DV1 PQ: 0 ANSI: 5
[    0.823758] sd 3:0:0:0: [sdd] 195371568 512-byte logical blocks: (100 GB/93.1 GiB)
[    0.823759] sd 3:0:0:0: [sdd] 4096-byte physical blocks
[    0.823813] sd 3:0:0:0: Attached scsi generic sg3 type 0
[    0.823843] sd 3:0:0:0: [sdd] Write Protect is off
[    0.823845] sd 3:0:0:0: [sdd] Mode Sense: 00 3a 00 00
[    0.823862]  sdc: sdc1
[    0.823872] sd 3:0:0:0: [sdd] Write cache: enabled, read cache: enabled, doesn't support DPO or FUA
[    0.823942] scsi 4:0:0:0: Direct-Access     ATA      INTEL SSDSC2BA10 5DV1 PQ: 0 ANSI: 5
[    0.824138] sd 4:0:0:0: [sde] 195371568 512-byte logical blocks: (100 GB/93.1 GiB)
[    0.824139] sd 4:0:0:0: [sde] 4096-byte physical blocks
[    0.824160] sd 2:0:0:0: [sdc] Attached SCSI disk
[    0.824211]  sdd: sdd1
[    0.824234] sd 4:0:0:0: Attached scsi generic sg4 type 0
[    0.824234] sd 4:0:0:0: [sde] Write Protect is off
[    0.824235] sd 4:0:0:0: [sde] Mode Sense: 00 3a 00 00
[    0.824250] sd 4:0:0:0: [sde] Write cache: enabled, read cache: enabled, doesn't support DPO or FUA
[    0.824325] scsi 5:0:0:0: Direct-Access     ATA      INTEL SSDSC2BA10 5DV1 PQ: 0 ANSI: 5
[    0.824518] sd 3:0:0:0: [sdd] Attached SCSI disk
[    0.824531] sd 5:0:0:0: [sdf] 195371568 512-byte logical blocks: (100 GB/93.1 GiB)
[    0.824532] sd 5:0:0:0: [sdf] 4096-byte physical blocks
[    0.824589] sd 5:0:0:0: Attached scsi generic sg5 type 0
[    0.824620] sd 5:0:0:0: [sdf] Write Protect is off
[    0.824621] sd 5:0:0:0: [sdf] Mode Sense: 00 3a 00 00
[    0.824630]  sde: sde1
[    0.824636] sd 5:0:0:0: [sdf] Write cache: enabled, read cache: enabled, doesn't support DPO or FUA
[    0.824924] sd 4:0:0:0: [sde] Attached SCSI disk
[    0.825000]  sdf: sdf1
[    0.825249] sd 5:0:0:0: [sdf] Attached SCSI disk
[    0.826885] sd 1:0:0:0: [sdb] Attached SCSI disk
[    0.829870] usb 1-1: new high-speed USB device number 2 using ehci-pci
[    0.944412] usb 1-1: New USB device found, idVendor=8087, idProduct=0024
[    0.944484] usb 1-1: New USB device strings: Mfr=0, Product=0, SerialNumber=0
[    0.945193] hub 1-1:1.0: USB hub found
[    0.945550] hub 1-1:1.0: 6 ports detected
[    0.976665] ata9: SATA link up 6.0 Gbps (SStatus 133 SControl 300)
[    0.977262] ata9.00: ATA-9: INTEL SSDSC2BB080G6, G2010140, max UDMA/133
[    0.977352] ata9.00: 156301488 sectors, multi 1: LBA48 NCQ (depth 31/32)
[    0.977631] ata10: SATA link up 3.0 Gbps (SStatus 123 SControl 300)
[    0.978038] ata9.00: configured for UDMA/133
[    0.978115] ata10.00: ATA-8: INTEL SSDSA2CW120G3, 4PC10362, max UDMA/133
[    0.978195] ata10.00: 234441648 sectors, multi 1: LBA48 NCQ (depth 31/32)
[    0.978256] scsi 8:0:0:0: Direct-Access     ATA      INTEL SSDSC2BB08 G201 PQ: 0 ANSI: 5
[    0.978658] sd 8:0:0:0: [sdg] 156301488 512-byte logical blocks: (80.0 GB/74.5 GiB)
[    0.978790] sd 8:0:0:0: [sdg] 4096-byte physical blocks
[    0.978825] ata10.00: configured for UDMA/133
[    0.978897] sd 8:0:0:0: Attached scsi generic sg6 type 0
[    0.979066] scsi 9:0:0:0: Direct-Access     ATA      INTEL SSDSA2CW12 4PC1 PQ: 0 ANSI: 5
[    0.979078] sd 8:0:0:0: [sdg] Write Protect is off
[    0.979079] sd 8:0:0:0: [sdg] Mode Sense: 00 3a 00 00
[    0.979087] sd 8:0:0:0: [sdg] Write cache: enabled, read cache: enabled, doesn't support DPO or FUA
[    0.979528] sd 9:0:0:0: [sdh] 234441648 512-byte logical blocks: (120 GB/111 GiB)
[    0.979583] sd 9:0:0:0: Attached scsi generic sg7 type 0
[    0.979763]  sdg: sdg1 sdg2 sdg3 sdg4
[    0.979846] sd 9:0:0:0: [sdh] Write Protect is off
[    0.979847] sd 9:0:0:0: [sdh] Mode Sense: 00 3a 00 00
[    0.979875] sd 9:0:0:0: [sdh] Write cache: enabled, read cache: enabled, doesn't support DPO or FUA
[    0.980276]  sdh: sdh1
[    0.980466] sd 8:0:0:0: [sdg] Attached SCSI disk
[    0.980611] sd 9:0:0:0: [sdh] Attached SCSI disk
[    0.980688] md: Waiting for all devices to be available before autodetect
[    0.980760] md: If you don't use raid, use raid=noautodetect
[    0.980943] md: Autodetecting RAID arrays.
[    0.981142] md: invalid raid superblock magic on sda1
[    0.981215] md: sda1 does not have a valid v0.90 superblock, not importing!
[    0.981346] md: invalid raid superblock magic on sdc1
[    0.981414] md: sdc1 does not have a valid v0.90 superblock, not importing!
[    0.981537] md: invalid raid superblock magic on sdd1
[    0.981625] md: sdd1 does not have a valid v0.90 superblock, not importing!
[    0.981747] md: invalid raid superblock magic on sde1
[    0.981816] md: sde1 does not have a valid v0.90 superblock, not importing!
[    0.981938] md: invalid raid superblock magic on sdf1
[    0.982006] md: sdf1 does not have a valid v0.90 superblock, not importing!
[    0.982182] md: invalid raid superblock magic on sdb1
[    0.982251] md: sdb1 does not have a valid v0.90 superblock, not importing!
[    0.982324] md: Scanned 6 and added 0 devices.
[    0.982391] md: autorun ...
[    0.982456] md: ... autorun DONE.
[    0.982660] EXT4-fs (sdg3): couldn't mount as ext2 due to feature incompatibilities
[    0.984353] EXT4-fs (sdg3): mounted filesystem with ordered data mode. Opts: (null)
[    0.984453] VFS: Mounted root (ext4 filesystem) readonly on device 8:99.
[    0.984940] Freeing unused kernel memory: 984K (ffffffff81cc1000 - ffffffff81db7000)
[    0.985036] Write protecting the kernel read-only data: 12288k
[    0.985309] Freeing unused kernel memory: 648K (ffff88000175e000 - ffff880001800000)
[    0.987746] Freeing unused kernel memory: 1616K (ffff880001a6c000 - ffff880001c00000)
[    1.019008] random: nonblocking pool is initialized
[    1.046516] kbd_mode (1200) used greatest stack depth: 5688 bytes left
[    1.049554] usb 2-1: new high-speed USB device number 2 using ehci-pci
[    1.050056] loadkeys (1201) used greatest stack depth: 5096 bytes left
[    1.050245] init-early.sh (1199) used greatest stack depth: 4536 bytes left
[    1.163846] usb 2-1: New USB device found, idVendor=8087, idProduct=0024
[    1.163849] usb 2-1: New USB device strings: Mfr=0, Product=0, SerialNumber=0
[    1.164241] hub 2-1:1.0: USB hub found
[    1.164319] hub 2-1:1.0: 8 ports detected
[    1.296004] pps_core: LinuxPPS API ver. 1 registered
[    1.296006] pps_core: Software ver. 5.3.6 - Copyright 2005-2007 Rodolfo Giometti <giometti@linux.it>
[    1.297905] PTP clock support registered
[    1.301154] e1000e: Intel(R) PRO/1000 Network Driver - 2.3.2-k
[    1.301156] e1000e: Copyright(c) 1999 - 2013 Intel Corporation.
[    1.301278] e1000e 0000:00:19.0: Interrupt Throttling Rate (ints/sec) set to dynamic conservative mode
[    1.301306] e1000e 0000:00:19.0: irq 49 for MSI/MSI-X
[    1.335104] md: bind<sdc1>
[    1.335840] md: bind<sdd1>
[    1.336673] md: bind<sdb1>
[    1.337662] md: bind<sda1>
[    1.338931] md: bind<sdf1>
[    1.340475] md: bind<sde1>
[    1.342814] md: raid10 personality registered for level 10
[    1.342964] md/raid10:md127: active with 6 out of 6 devices
[    1.342980] md127: detected capacity change from 0 to 299885395968
[    1.343266]  md127: unknown partition table
[    1.439413] usb 2-1.7: new full-speed USB device number 3 using ehci-pci
[    1.465178] tsc: Refined TSC clocksource calibration: 3300.021 MHz
[    1.524773] usb 2-1.7: New USB device found, idVendor=0cf3, idProduct=3000
[    1.524775] usb 2-1.7: New USB device strings: Mfr=0, Product=0, SerialNumber=0
[    1.561321] e1000e 0000:00:19.0 eth0: registered PHC clock
[    1.561324] e1000e 0000:00:19.0 eth0: (PCI Express:2.5GT/s:Width x1) 14:da:e9:0f:78:84
[    1.561325] e1000e 0000:00:19.0 eth0: Intel(R) PRO/1000 Network Connection
[    1.561356] e1000e 0000:00:19.0 eth0: MAC: 10, PHY: 11, PBA No: FFFFFF-0FF
[    2.372692] EXT4-fs (sdg3): re-mounted. Opts: (null)
[    2.412897] Adding 1020k swap on /dev/sdg2.  Priority:-1 extents:1 across:1020k SS
[    2.464325] Switched to clocksource tsc
[    2.584403] gzip (1785) used greatest stack depth: 4392 bytes left
[    2.970755] e1000e 0000:00:19.0: irq 49 for MSI/MSI-X
[    3.071648] e1000e 0000:00:19.0: irq 49 for MSI/MSI-X
[    3.071739] IPv6: ADDRCONF(NETDEV_UP): eno1: link is not ready
[    5.884099] e1000e: eno1 NIC Link is Up 1000 Mbps Full Duplex, Flow Control: Rx/Tx
[    5.884132] IPv6: ADDRCONF(NETDEV_CHANGE): eno1: link becomes ready
[   22.051134] syslog-ng (1905) used greatest stack depth: 4328 bytes left
[  752.148021] EXT4-fs (md127): barriers disabled
[  752.151914] EXT4-fs (md127): mounted filesystem with ordered data mode. Opts: nobarrier
