[    0.000000] Linux version 3.19.8 (root@bench) (gcc version 4.7.3 (Gentoo 4.7.3-r1 p1.4, pie-0.5.5) ) #1 SMP Fri May 20 12:29:52 CEST 2016
[    0.000000] Command line: BOOT_IMAGE=/kernel-3.19.8 root=/dev/sdg3 ro
[    0.000000] e820: BIOS-provided physical RAM map:
[    0.000000] BIOS-e820: [mem 0x0000000000000000-0x000000000009b3ff] usable
[    0.000000] BIOS-e820: [mem 0x000000000009b400-0x000000000009ffff] reserved
[    0.000000] BIOS-e820: [mem 0x00000000000e0000-0x00000000000fffff] reserved
[    0.000000] BIOS-e820: [mem 0x0000000000100000-0x000000001fffffff] usable
[    0.000000] BIOS-e820: [mem 0x0000000020000000-0x00000000201fffff] reserved
[    0.000000] BIOS-e820: [mem 0x0000000020200000-0x000000003fffffff] usable
[    0.000000] BIOS-e820: [mem 0x0000000040000000-0x00000000401fffff] reserved
[    0.000000] BIOS-e820: [mem 0x0000000040200000-0x00000000b677dfff] usable
[    0.000000] BIOS-e820: [mem 0x00000000b677e000-0x00000000b67d4fff] ACPI NVS
[    0.000000] BIOS-e820: [mem 0x00000000b67d5000-0x00000000b6b5bfff] reserved
[    0.000000] BIOS-e820: [mem 0x00000000b6b5c000-0x00000000b6b5efff] ACPI NVS
[    0.000000] BIOS-e820: [mem 0x00000000b6b5f000-0x00000000b6da4fff] reserved
[    0.000000] BIOS-e820: [mem 0x00000000b6da5000-0x00000000b6db5fff] ACPI NVS
[    0.000000] BIOS-e820: [mem 0x00000000b6db6000-0x00000000b6dccfff] reserved
[    0.000000] BIOS-e820: [mem 0x00000000b6dcd000-0x00000000b6dcefff] usable
[    0.000000] BIOS-e820: [mem 0x00000000b6dcf000-0x00000000b6dd6fff] reserved
[    0.000000] BIOS-e820: [mem 0x00000000b6dd7000-0x00000000b6de1fff] ACPI NVS
[    0.000000] BIOS-e820: [mem 0x00000000b6de2000-0x00000000b6e3dfff] reserved
[    0.000000] BIOS-e820: [mem 0x00000000b6e3e000-0x00000000b6e80fff] ACPI NVS
[    0.000000] BIOS-e820: [mem 0x00000000b6e81000-0x00000000b6ffffff] usable
[    0.000000] BIOS-e820: [mem 0x00000000b7800000-0x00000000bf9fffff] reserved
[    0.000000] BIOS-e820: [mem 0x00000000fed1c000-0x00000000fed1ffff] reserved
[    0.000000] BIOS-e820: [mem 0x00000000ff000000-0x00000000ffffffff] reserved
[    0.000000] BIOS-e820: [mem 0x0000000100000000-0x000000023fdfffff] usable
[    0.000000] NX (Execute Disable) protection: active
[    0.000000] SMBIOS 2.6 present.
[    0.000000] DMI: System manufacturer System Product Name/P8Z68-V PRO, BIOS 0501 05/09/2011
[    0.000000] e820: update [mem 0x00000000-0x00000fff] usable ==> reserved
[    0.000000] e820: remove [mem 0x000a0000-0x000fffff] usable
[    0.000000] AGP: No AGP bridge found
[    0.000000] e820: last_pfn = 0x23fe00 max_arch_pfn = 0x400000000
[    0.000000] MTRR default type: uncachable
[    0.000000] MTRR fixed ranges enabled:
[    0.000000]   00000-9FFFF write-back
[    0.000000]   A0000-BFFFF uncachable
[    0.000000]   C0000-D3FFF write-protect
[    0.000000]   D4000-E7FFF uncachable
[    0.000000]   E8000-FFFFF write-protect
[    0.000000] MTRR variable ranges enabled:
[    0.000000]   0 base 000000000 mask E00000000 write-back
[    0.000000]   1 base 200000000 mask FC0000000 write-back
[    0.000000]   2 base 0B7800000 mask FFF800000 uncachable
[    0.000000]   3 base 0B8000000 mask FF8000000 uncachable
[    0.000000]   4 base 0C0000000 mask FC0000000 uncachable
[    0.000000]   5 base 23FE00000 mask FFFE00000 uncachable
[    0.000000]   6 disabled
[    0.000000]   7 disabled
[    0.000000]   8 disabled
[    0.000000]   9 disabled
[    0.000000] PAT configuration [0-7]: WB  WC  UC- UC  WB  WC  UC- UC  
[    0.000000] e820: update [mem 0xb7800000-0xffffffff] usable ==> reserved
[    0.000000] e820: last_pfn = 0xb7000 max_arch_pfn = 0x400000000
[    0.000000] found SMP MP-table at [mem 0x000fcee0-0x000fceef] mapped at [ffff8800000fcee0]
[    0.000000] Scanning 1 areas for low memory corruption
[    0.000000] Base memory trampoline at [ffff880000095000] 95000 size 24576
[    0.000000] reserving inaccessible SNB gfx pages
[    0.000000] init_memory_mapping: [mem 0x00000000-0x000fffff]
[    0.000000]  [mem 0x00000000-0x000fffff] page 4k
[    0.000000] BRK [0x01eae000, 0x01eaefff] PGTABLE
[    0.000000] BRK [0x01eaf000, 0x01eaffff] PGTABLE
[    0.000000] BRK [0x01eb0000, 0x01eb0fff] PGTABLE
[    0.000000] init_memory_mapping: [mem 0x23fc00000-0x23fdfffff]
[    0.000000]  [mem 0x23fc00000-0x23fdfffff] page 2M
[    0.000000] BRK [0x01eb1000, 0x01eb1fff] PGTABLE
[    0.000000] init_memory_mapping: [mem 0x220000000-0x23fbfffff]
[    0.000000]  [mem 0x220000000-0x23fbfffff] page 2M
[    0.000000] init_memory_mapping: [mem 0x200000000-0x21fffffff]
[    0.000000]  [mem 0x200000000-0x21fffffff] page 2M
[    0.000000] init_memory_mapping: [mem 0x00100000-0x1fffffff]
[    0.000000]  [mem 0x00100000-0x001fffff] page 4k
[    0.000000]  [mem 0x00200000-0x1fffffff] page 2M
[    0.000000] init_memory_mapping: [mem 0x20200000-0x3fffffff]
[    0.000000]  [mem 0x20200000-0x3fffffff] page 2M
[    0.000000] init_memory_mapping: [mem 0x40200000-0xb677dfff]
[    0.000000]  [mem 0x40200000-0xb65fffff] page 2M
[    0.000000]  [mem 0xb6600000-0xb677dfff] page 4k
[    0.000000] BRK [0x01eb2000, 0x01eb2fff] PGTABLE
[    0.000000] BRK [0x01eb3000, 0x01eb3fff] PGTABLE
[    0.000000] init_memory_mapping: [mem 0xb6dcd000-0xb6dcefff]
[    0.000000]  [mem 0xb6dcd000-0xb6dcefff] page 4k
[    0.000000] init_memory_mapping: [mem 0xb6e81000-0xb6ffffff]
[    0.000000]  [mem 0xb6e81000-0xb6ffffff] page 4k
[    0.000000] init_memory_mapping: [mem 0x100000000-0x1ffffffff]
[    0.000000]  [mem 0x100000000-0x1ffffffff] page 2M
[    0.000000] ACPI: Early table checksum verification disabled
[    0.000000] ACPI: RSDP 0x00000000000F0420 000024 (v02 ALASKA)
[    0.000000] ACPI: XSDT 0x00000000B67CA068 00004C (v01 ALASKA A M I    01072009 AMI  00010013)
[    0.000000] ACPI: FACP 0x00000000B67D42D8 0000F4 (v04 ALASKA A M I    01072009 AMI  00010013)
[    0.000000] ACPI: DSDT 0x00000000B67CA140 00A198 (v02 ALASKA A M I    00000000 INTL 20051117)
[    0.000000] ACPI: FACS 0x00000000B6DD9F80 000040
[    0.000000] ACPI: APIC 0x00000000B67D43D0 000072 (v03 ALASKA A M I    01072009 AMI  00010013)
[    0.000000] ACPI: SSDT 0x00000000B67D4448 000102 (v01 AMICPU PROC     00000001 MSFT 03000001)
[    0.000000] ACPI: MCFG 0x00000000B67D4550 00003C (v01 ALASKA A M I    01072009 MSFT 00000097)
[    0.000000] ACPI: HPET 0x00000000B67D4590 000038 (v01 ALASKA A M I    01072009 AMI. 00000004)
[    0.000000] ACPI: Local APIC address 0xfee00000
[    0.000000] No NUMA configuration found
[    0.000000] Faking a node at [mem 0x0000000000000000-0x000000023fdfffff]
[    0.000000] NODE_DATA(0) allocated [mem 0x23fdf5000-0x23fdf8fff]
[    0.000000]  [ffffea0000000000-ffffea0008ffffff] PMD -> [ffff880237600000-ffff88023f3fffff] on node 0
[    0.000000] Zone ranges:
[    0.000000]   DMA      [mem 0x00001000-0x00ffffff]
[    0.000000]   DMA32    [mem 0x01000000-0xffffffff]
[    0.000000]   Normal   [mem 0x100000000-0x23fdfffff]
[    0.000000] Movable zone start for each node
[    0.000000] Early memory node ranges
[    0.000000]   node   0: [mem 0x00001000-0x0009afff]
[    0.000000]   node   0: [mem 0x00100000-0x1fffffff]
[    0.000000]   node   0: [mem 0x20200000-0x3fffffff]
[    0.000000]   node   0: [mem 0x40200000-0xb677dfff]
[    0.000000]   node   0: [mem 0xb6dcd000-0xb6dcefff]
[    0.000000]   node   0: [mem 0xb6e81000-0xb6ffffff]
[    0.000000]   node   0: [mem 0x100000000-0x23fdfffff]
[    0.000000] Initmem setup node 0 [mem 0x00001000-0x23fdfffff]
[    0.000000] On node 0 totalpages: 2056857
[    0.000000]   DMA zone: 64 pages used for memmap
[    0.000000]   DMA zone: 154 pages reserved
[    0.000000]   DMA zone: 3994 pages, LIFO batch:0
[    0.000000]   DMA32 zone: 11604 pages used for memmap
[    0.000000]   DMA32 zone: 742655 pages, LIFO batch:31
[    0.000000]   Normal zone: 20472 pages used for memmap
[    0.000000]   Normal zone: 1310208 pages, LIFO batch:31
[    0.000000] Reserving Intel graphics stolen memory at 0xb7a00000-0xbf9fffff
[    0.000000] ACPI: PM-Timer IO Port: 0x408
[    0.000000] ACPI: Local APIC address 0xfee00000
[    0.000000] ACPI: LAPIC (acpi_id[0x01] lapic_id[0x00] enabled)
[    0.000000] ACPI: LAPIC (acpi_id[0x02] lapic_id[0x02] enabled)
[    0.000000] ACPI: LAPIC (acpi_id[0x03] lapic_id[0x04] enabled)
[    0.000000] ACPI: LAPIC (acpi_id[0x04] lapic_id[0x06] enabled)
[    0.000000] ACPI: LAPIC_NMI (acpi_id[0xff] high edge lint[0x1])
[    0.000000] ACPI: IOAPIC (id[0x00] address[0xfec00000] gsi_base[0])
[    0.000000] IOAPIC[0]: apic_id 0, version 32, address 0xfec00000, GSI 0-23
[    0.000000] ACPI: INT_SRC_OVR (bus 0 bus_irq 0 global_irq 2 dfl dfl)
[    0.000000] ACPI: INT_SRC_OVR (bus 0 bus_irq 9 global_irq 9 high level)
[    0.000000] ACPI: IRQ0 used by override.
[    0.000000] ACPI: IRQ9 used by override.
[    0.000000] Using ACPI (MADT) for SMP configuration information
[    0.000000] ACPI: HPET id: 0x8086a701 base: 0xfed00000
[    0.000000] smpboot: Allowing 4 CPUs, 0 hotplug CPUs
[    0.000000] e820: [mem 0xbfa00000-0xfed1bfff] available for PCI devices
[    0.000000] setup_percpu: NR_CPUS:64 nr_cpumask_bits:64 nr_cpu_ids:4 nr_node_ids:1
[    0.000000] PERCPU: Embedded 29 pages/cpu @ffff88023fa00000 s78656 r8192 d31936 u524288
[    0.000000] pcpu-alloc: s78656 r8192 d31936 u524288 alloc=1*2097152
[    0.000000] pcpu-alloc: [0] 0 1 2 3 
[    0.000000] Built 1 zonelists in Node order, mobility grouping on.  Total pages: 2024563
[    0.000000] Policy zone: Normal
[    0.000000] Kernel command line: BOOT_IMAGE=/kernel-3.19.8 root=/dev/sdg3 ro
[    0.000000] PID hash table entries: 4096 (order: 3, 32768 bytes)
[    0.000000] xsave: enabled xstate_bv 0x7, cntxt size 0x340 using standard form
[    0.000000] AGP: Checking aperture...
[    0.000000] AGP: No AGP bridge found
[    0.000000] Memory: 8016016K/8227428K available (7919K kernel code, 836K rwdata, 2644K rodata, 1012K init, 856K bss, 211412K reserved, 0K cma-reserved)
[    0.000000] SLUB: HWalign=64, Order=0-3, MinObjects=0, CPUs=4, Nodes=1
[    0.000000] Hierarchical RCU implementation.
[    0.000000] 	RCU restricting CPUs from NR_CPUS=64 to nr_cpu_ids=4.
[    0.000000] RCU: Adjusting geometry for rcu_fanout_leaf=16, nr_cpu_ids=4
[    0.000000] NR_IRQS:4352 nr_irqs:456 16
[    0.000000] Console: colour VGA+ 80x25
[    0.000000] console [tty0] enabled
[    0.000000] hpet clockevent registered
[    0.000000] tsc: Fast TSC calibration using PIT
[    0.000000] tsc: Detected 3300.176 MHz processor
[    0.000001] Calibrating delay loop (skipped), value calculated using timer frequency.. 6600.35 BogoMIPS (lpj=3300176)
[    0.000139] pid_max: default: 32768 minimum: 301
[    0.000209] ACPI: Core revision 20141107
[    0.003449] ACPI: All ACPI Tables successfully acquired
[    0.106180] Security Framework initialized
[    0.106590] Dentry cache hash table entries: 1048576 (order: 11, 8388608 bytes)
[    0.107900] Inode-cache hash table entries: 524288 (order: 10, 4194304 bytes)
[    0.108485] Mount-cache hash table entries: 16384 (order: 5, 131072 bytes)
[    0.108562] Mountpoint-cache hash table entries: 16384 (order: 5, 131072 bytes)
[    0.108810] CPU: Physical Processor ID: 0
[    0.108877] CPU: Processor Core ID: 0
[    0.108945] ENERGY_PERF_BIAS: Set to 'normal', was 'performance'
               ENERGY_PERF_BIAS: View and update with x86_energy_perf_policy(8)
[    0.109050] mce: CPU supports 9 MCE banks
[    0.109125] CPU0: Thermal monitoring enabled (TM1)
[    0.109197] process: using mwait in idle threads
[    0.109266] Last level iTLB entries: 4KB 512, 2MB 8, 4MB 8
               Last level dTLB entries: 4KB 512, 2MB 32, 4MB 32, 1GB 0
[    0.109468] Freeing SMP alternatives memory: 28K (ffffffff81dd0000 - ffffffff81dd7000)
[    0.110013] ..TIMER: vector=0x30 apic1=0 pin1=2 apic2=-1 pin2=-1
[    0.120074] smpboot: CPU0: Intel(R) Core(TM) i5-2500K CPU @ 3.30GHz (fam: 06, model: 2a, stepping: 07)
[    0.120288] TSC deadline timer enabled
[    0.120303] Performance Events: PEBS fmt1+, 16-deep LBR, SandyBridge events, full-width counters, Intel PMU driver.
[    0.120600] perf_event_intel: PEBS disabled due to CPU errata, please upgrade microcode
[    0.120697] ... version:                3
[    0.120763] ... bit width:              48
[    0.120830] ... generic registers:      8
[    0.120896] ... value mask:             0000ffffffffffff
[    0.120965] ... max period:             0000ffffffffffff
[    0.121034] ... fixed-purpose events:   3
[    0.121100] ... event mask:             00000007000000ff
[    0.121336] x86: Booting SMP configuration:
[    0.121404] .... node  #0, CPUs:      #1 #2 #3
[    0.161254] x86: Booted up 1 node, 4 CPUs
[    0.161385] smpboot: Total of 4 processors activated (26401.40 BogoMIPS)
[    0.163537] devtmpfs: initialized
[    0.163768] kworker/u8:0 (26) used greatest stack depth: 13976 bytes left
[    0.163822] NET: Registered protocol family 16
[    0.169415] cpuidle: using governor ladder
[    0.175412] cpuidle: using governor menu
[    0.175505] ACPI: bus type PCI registered
[    0.175605] PCI: MMCONFIG for domain 0000 [bus 00-3f] at [mem 0xe0000000-0xe3ffffff] (base 0xe0000000)
[    0.175704] PCI: not using MMCONFIG
[    0.175771] PCI: Using configuration type 1 for base access
[    0.184581] ACPI: Added _OSI(Module Device)
[    0.184652] ACPI: Added _OSI(Processor Device)
[    0.184719] ACPI: Added _OSI(3.0 _SCP Extensions)
[    0.184787] ACPI: Added _OSI(Processor Aggregator Device)
[    0.186315] ACPI: Executed 1 blocks of module-level executable AML code
[    0.187977] ACPI: Dynamic OEM Table Load:
[    0.188120] ACPI: SSDT 0xFFFF880236313C00 0003E0 (v01 AMI    IST      00000001 MSFT 03000001)
[    0.188551] ACPI: Dynamic OEM Table Load:
[    0.188692] ACPI: SSDT 0xFFFF8802362B9600 0000E4 (v01 AMI    CST      00000001 MSFT 03000001)
[    0.189327] ACPI: Interpreter enabled
[    0.189397] ACPI: (supports S0 S5)
[    0.189465] ACPI: Using IOAPIC for interrupt routing
[    0.189548] PCI: MMCONFIG for domain 0000 [bus 00-3f] at [mem 0xe0000000-0xe3ffffff] (base 0xe0000000)
[    0.189678] PCI: MMCONFIG at [mem 0xe0000000-0xe3ffffff] reserved in ACPI motherboard resources
[    0.189823] PCI: Using host bridge windows from ACPI; if necessary, use "pci=nocrs" and report a bug
[    0.190068] [Firmware Bug]: ACPI: BIOS _OSI(Linux) query ignored
[    0.193653] ACPI: PCI Root Bridge [PCI0] (domain 0000 [bus 00-ff])
[    0.193728] acpi PNP0A08:00: _OSC: OS supports [ExtendedConfig ASPM ClockPM Segments MSI]
[    0.193911] acpi PNP0A08:00: _OSC: platform does not support [PCIeHotplug]
[    0.194061] acpi PNP0A08:00: _OSC: OS now controls [PME AER PCIeCapability]
[    0.194707] acpi PNP0A08:00: ignoring host bridge window [mem 0x000c8000-0x000dffff] (conflicts with Video ROM [mem 0x000c0000-0x000cdbff])
[    0.194811] acpi PNP0A08:00: [Firmware Info]: MMCONFIG for domain 0000 [bus 00-3f] only partially covers this bridge
[    0.194923] PCI host bridge to bus 0000:00
[    0.194991] pci_bus 0000:00: root bus resource [bus 00-ff]
[    0.195061] pci_bus 0000:00: root bus resource [io  0x0000-0x0cf7]
[    0.195131] pci_bus 0000:00: root bus resource [io  0x0d00-0xffff]
[    0.195202] pci_bus 0000:00: root bus resource [mem 0x000a0000-0x000bffff]
[    0.195273] pci_bus 0000:00: root bus resource [mem 0xbfa00000-0xffffffff]
[    0.195349] pci 0000:00:00.0: [8086:0100] type 00 class 0x060000
[    0.195407] pci 0000:00:01.0: [8086:0101] type 01 class 0x060400
[    0.195433] pci 0000:00:01.0: PME# supported from D0 D3hot D3cold
[    0.195478] pci 0000:00:02.0: [8086:0112] type 00 class 0x030000
[    0.195486] pci 0000:00:02.0: reg 0x10: [mem 0xfa400000-0xfa7fffff 64bit]
[    0.195490] pci 0000:00:02.0: reg 0x18: [mem 0xc0000000-0xcfffffff 64bit pref]
[    0.195493] pci 0000:00:02.0: reg 0x20: [io  0xf000-0xf03f]
[    0.195567] pci 0000:00:16.0: [8086:1c3a] type 00 class 0x078000
[    0.195588] pci 0000:00:16.0: reg 0x10: [mem 0xfad29000-0xfad2900f 64bit]
[    0.195662] pci 0000:00:16.0: PME# supported from D0 D3hot D3cold
[    0.195718] pci 0000:00:19.0: [8086:1503] type 00 class 0x020000
[    0.195735] pci 0000:00:19.0: reg 0x10: [mem 0xfad00000-0xfad1ffff]
[    0.195743] pci 0000:00:19.0: reg 0x14: [mem 0xfad28000-0xfad28fff]
[    0.195751] pci 0000:00:19.0: reg 0x18: [io  0xf080-0xf09f]
[    0.195810] pci 0000:00:19.0: PME# supported from D0 D3hot D3cold
[    0.195862] pci 0000:00:1a.0: [8086:1c2d] type 00 class 0x0c0320
[    0.195881] pci 0000:00:1a.0: reg 0x10: [mem 0xfad27000-0xfad273ff]
[    0.195967] pci 0000:00:1a.0: PME# supported from D0 D3hot D3cold
[    0.196019] pci 0000:00:1b.0: [8086:1c20] type 00 class 0x040300
[    0.196034] pci 0000:00:1b.0: reg 0x10: [mem 0xfad20000-0xfad23fff 64bit]
[    0.196104] pci 0000:00:1b.0: PME# supported from D0 D3hot D3cold
[    0.196152] pci 0000:00:1c.0: [8086:1c10] type 01 class 0x060400
[    0.196231] pci 0000:00:1c.0: PME# supported from D0 D3hot D3cold
[    0.196282] pci 0000:00:1c.1: [8086:1c12] type 01 class 0x060400
[    0.196360] pci 0000:00:1c.1: PME# supported from D0 D3hot D3cold
[    0.196411] pci 0000:00:1c.2: [8086:1c14] type 01 class 0x060400
[    0.196490] pci 0000:00:1c.2: PME# supported from D0 D3hot D3cold
[    0.196541] pci 0000:00:1c.3: [8086:1c16] type 01 class 0x060400
[    0.196622] pci 0000:00:1c.3: PME# supported from D0 D3hot D3cold
[    0.196673] pci 0000:00:1c.4: [8086:1c18] type 01 class 0x060400
[    0.196751] pci 0000:00:1c.4: PME# supported from D0 D3hot D3cold
[    0.196803] pci 0000:00:1c.6: [8086:244e] type 01 class 0x060401
[    0.196881] pci 0000:00:1c.6: PME# supported from D0 D3hot D3cold
[    0.196934] pci 0000:00:1c.7: [8086:1c1e] type 01 class 0x060400
[    0.197012] pci 0000:00:1c.7: PME# supported from D0 D3hot D3cold
[    0.197069] pci 0000:00:1d.0: [8086:1c26] type 00 class 0x0c0320
[    0.197089] pci 0000:00:1d.0: reg 0x10: [mem 0xfad26000-0xfad263ff]
[    0.197175] pci 0000:00:1d.0: PME# supported from D0 D3hot D3cold
[    0.197227] pci 0000:00:1f.0: [8086:1c44] type 00 class 0x060100
[    0.197372] pci 0000:00:1f.2: [8086:1c02] type 00 class 0x010601
[    0.197389] pci 0000:00:1f.2: reg 0x10: [io  0xf0d0-0xf0d7]
[    0.197396] pci 0000:00:1f.2: reg 0x14: [io  0xf0c0-0xf0c3]
[    0.197403] pci 0000:00:1f.2: reg 0x18: [io  0xf0b0-0xf0b7]
[    0.197410] pci 0000:00:1f.2: reg 0x1c: [io  0xf0a0-0xf0a3]
[    0.197417] pci 0000:00:1f.2: reg 0x20: [io  0xf060-0xf07f]
[    0.197424] pci 0000:00:1f.2: reg 0x24: [mem 0xfad25000-0xfad257ff]
[    0.197466] pci 0000:00:1f.2: PME# supported from D3hot
[    0.197511] pci 0000:00:1f.3: [8086:1c22] type 00 class 0x0c0500
[    0.197525] pci 0000:00:1f.3: reg 0x10: [mem 0xfad24000-0xfad240ff 64bit]
[    0.197544] pci 0000:00:1f.3: reg 0x20: [io  0xf040-0xf05f]
[    0.197627] pci 0000:01:00.0: [10de:1245] type 00 class 0x030000
[    0.197635] pci 0000:01:00.0: reg 0x10: [mem 0xf8000000-0xf9ffffff]
[    0.197642] pci 0000:01:00.0: reg 0x14: [mem 0xd0000000-0xd7ffffff 64bit pref]
[    0.197650] pci 0000:01:00.0: reg 0x1c: [mem 0xd8000000-0xdbffffff 64bit pref]
[    0.197654] pci 0000:01:00.0: reg 0x24: [io  0xe000-0xe07f]
[    0.197659] pci 0000:01:00.0: reg 0x30: [mem 0xfa000000-0xfa07ffff pref]
[    0.197726] pci 0000:01:00.1: [10de:0bee] type 00 class 0x040300
[    0.197736] pci 0000:01:00.1: reg 0x10: [mem 0xfa080000-0xfa083fff]
[    0.199606] pci 0000:00:01.0: PCI bridge to [bus 01]
[    0.199676] pci 0000:00:01.0:   bridge window [io  0xe000-0xefff]
[    0.199678] pci 0000:00:01.0:   bridge window [mem 0xf8000000-0xfa0fffff]
[    0.199680] pci 0000:00:01.0:   bridge window [mem 0xd0000000-0xdbffffff 64bit pref]
[    0.199728] pci 0000:00:1c.0: PCI bridge to [bus 02]
[    0.199874] pci 0000:03:00.0: [1b21:1042] type 00 class 0x0c0330
[    0.199906] pci 0000:03:00.0: reg 0x10: [mem 0xfac00000-0xfac07fff 64bit]
[    0.200063] pci 0000:03:00.0: PME# supported from D3hot D3cold
[    0.201609] pci 0000:00:1c.1: PCI bridge to [bus 03]
[    0.201681] pci 0000:00:1c.1:   bridge window [mem 0xfac00000-0xfacfffff]
[    0.201732] pci 0000:00:1c.2: PCI bridge to [bus 04]
[    0.201872] pci 0000:05:00.0: [197b:2362] type 00 class 0x010185
[    0.201910] pci 0000:05:00.0: reg 0x10: [io  0xd040-0xd047]
[    0.201925] pci 0000:05:00.0: reg 0x14: [io  0xd030-0xd033]
[    0.201941] pci 0000:05:00.0: reg 0x18: [io  0xd020-0xd027]
[    0.201956] pci 0000:05:00.0: reg 0x1c: [io  0xd010-0xd013]
[    0.201972] pci 0000:05:00.0: reg 0x20: [io  0xd000-0xd00f]
[    0.201988] pci 0000:05:00.0: reg 0x24: [mem 0xfab10000-0xfab101ff]
[    0.202004] pci 0000:05:00.0: reg 0x30: [mem 0x00000000-0x0000ffff pref]
[    0.202072] pci 0000:05:00.0: PME# supported from D3hot
[    0.203609] pci 0000:00:1c.3: PCI bridge to [bus 05]
[    0.203680] pci 0000:00:1c.3:   bridge window [io  0xd000-0xdfff]
[    0.203683] pci 0000:00:1c.3:   bridge window [mem 0xfab00000-0xfabfffff]
[    0.203758] pci 0000:06:00.0: [1b21:1042] type 00 class 0x0c0330
[    0.203790] pci 0000:06:00.0: reg 0x10: [mem 0xfaa00000-0xfaa07fff 64bit]
[    0.203946] pci 0000:06:00.0: PME# supported from D3hot D3cold
[    0.205608] pci 0000:00:1c.4: PCI bridge to [bus 06]
[    0.205681] pci 0000:00:1c.4:   bridge window [mem 0xfaa00000-0xfaafffff]
[    0.205746] pci 0000:07:00.0: [1b21:1080] type 01 class 0x060401
[    0.205878] pci 0000:00:1c.6: PCI bridge to [bus 07-08] (subtractive decode)
[    0.205952] pci 0000:00:1c.6:   bridge window [io  0xc000-0xcfff]
[    0.205956] pci 0000:00:1c.6:   bridge window [mem 0xfa900000-0xfa9fffff]
[    0.205961] pci 0000:00:1c.6:   bridge window [io  0x0000-0x0cf7] (subtractive decode)
[    0.205963] pci 0000:00:1c.6:   bridge window [io  0x0d00-0xffff] (subtractive decode)
[    0.205964] pci 0000:00:1c.6:   bridge window [mem 0x000a0000-0x000bffff] (subtractive decode)
[    0.205965] pci 0000:00:1c.6:   bridge window [mem 0xbfa00000-0xffffffff] (subtractive decode)
[    0.206025] pci 0000:08:02.0: [1106:3044] type 00 class 0x0c0010
[    0.206056] pci 0000:08:02.0: reg 0x10: [mem 0xfa900000-0xfa9007ff]
[    0.206074] pci 0000:08:02.0: reg 0x14: [io  0xc000-0xc07f]
[    0.206205] pci 0000:08:02.0: supports D2
[    0.206207] pci 0000:08:02.0: PME# supported from D2 D3hot D3cold
[    0.206299] pci 0000:07:00.0: PCI bridge to [bus 08] (subtractive decode)
[    0.206379] pci 0000:07:00.0:   bridge window [io  0xc000-0xcfff]
[    0.206385] pci 0000:07:00.0:   bridge window [mem 0xfa900000-0xfa9fffff]
[    0.206394] pci 0000:07:00.0:   bridge window [io  0xc000-0xcfff] (subtractive decode)
[    0.206395] pci 0000:07:00.0:   bridge window [mem 0xfa900000-0xfa9fffff] (subtractive decode)
[    0.206396] pci 0000:07:00.0:   bridge window [io  0x0000-0x0cf7] (subtractive decode)
[    0.206397] pci 0000:07:00.0:   bridge window [io  0x0d00-0xffff] (subtractive decode)
[    0.206399] pci 0000:07:00.0:   bridge window [mem 0x000a0000-0x000bffff] (subtractive decode)
[    0.206400] pci 0000:07:00.0:   bridge window [mem 0xbfa00000-0xffffffff] (subtractive decode)
[    0.206474] pci 0000:09:00.0: [1b4b:9172] type 00 class 0x010601
[    0.206494] pci 0000:09:00.0: reg 0x10: [io  0xb040-0xb047]
[    0.206506] pci 0000:09:00.0: reg 0x14: [io  0xb030-0xb033]
[    0.206518] pci 0000:09:00.0: reg 0x18: [io  0xb020-0xb027]
[    0.206530] pci 0000:09:00.0: reg 0x1c: [io  0xb010-0xb013]
[    0.206543] pci 0000:09:00.0: reg 0x20: [io  0xb000-0xb00f]
[    0.206555] pci 0000:09:00.0: reg 0x24: [mem 0xfa810000-0xfa8101ff]
[    0.206567] pci 0000:09:00.0: reg 0x30: [mem 0xfa800000-0xfa80ffff pref]
[    0.206632] pci 0000:09:00.0: PME# supported from D3hot
[    0.208608] pci 0000:00:1c.7: PCI bridge to [bus 09]
[    0.208679] pci 0000:00:1c.7:   bridge window [io  0xb000-0xbfff]
[    0.208682] pci 0000:00:1c.7:   bridge window [mem 0xfa800000-0xfa8fffff]
[    0.209034] ACPI: PCI Interrupt Link [LNKA] (IRQs 3 4 5 6 7 10 *11 12 14 15)
[    0.209581] ACPI: PCI Interrupt Link [LNKB] (IRQs 3 4 5 6 7 *10 11 12 14 15)
[    0.210129] ACPI: PCI Interrupt Link [LNKC] (IRQs *3 4 5 6 10 11 12 14 15)
[    0.210637] ACPI: PCI Interrupt Link [LNKD] (IRQs 3 4 5 6 10 *11 12 14 15)
[    0.211146] ACPI: PCI Interrupt Link [LNKE] (IRQs 3 4 6 7 *10 11 12 14 15)
[    0.211655] ACPI: PCI Interrupt Link [LNKF] (IRQs 3 4 *5 6 7 10 11 12 14 15)
[    0.212200] ACPI: PCI Interrupt Link [LNKG] (IRQs 3 *4 5 6 7 10 11 12 14 15)
[    0.212747] ACPI: PCI Interrupt Link [LNKH] (IRQs 3 4 5 6 *7 10 11 12 14 15)
[    0.213300] ACPI: Enabled 1 GPEs in block 00 to 3F
[    0.213453] ACPI : EC: GPE = 0x18, I/O: command/status = 0x66, data = 0x62
[    0.213578] vgaarb: setting as boot device: PCI:0000:00:02.0
[    0.213647] vgaarb: device added: PCI:0000:00:02.0,decodes=io+mem,owns=io+mem,locks=none
[    0.213748] vgaarb: device added: PCI:0000:01:00.0,decodes=io+mem,owns=none,locks=none
[    0.213844] vgaarb: loaded
[    0.213908] vgaarb: bridge control possible 0000:01:00.0
[    0.213977] vgaarb: no bridge control possible 0000:00:02.0
[    0.214093] SCSI subsystem initialized
[    0.214186] libata version 3.00 loaded.
[    0.214196] ACPI: bus type USB registered
[    0.214278] usbcore: registered new interface driver usbfs
[    0.214354] usbcore: registered new interface driver hub
[    0.214432] usbcore: registered new device driver usb
[    0.214569] PCI: Using ACPI for IRQ routing
[    0.215958] PCI: pci_cache_line_size set to 64 bytes
[    0.216027] e820: reserve RAM buffer [mem 0x0009b400-0x0009ffff]
[    0.216029] e820: reserve RAM buffer [mem 0xb677e000-0xb7ffffff]
[    0.216030] e820: reserve RAM buffer [mem 0xb6dcf000-0xb7ffffff]
[    0.216032] e820: reserve RAM buffer [mem 0xb7000000-0xb7ffffff]
[    0.216033] e820: reserve RAM buffer [mem 0x23fe00000-0x23fffffff]
[    0.216123] NetLabel: Initializing
[    0.216189] NetLabel:  domain hash size = 128
[    0.216256] NetLabel:  protocols = UNLABELED CIPSOv4
[    0.216333] NetLabel:  unlabeled traffic allowed by default
[    0.216428] hpet0: at MMIO 0xfed00000, IRQs 2, 8, 0, 0, 0, 0, 0, 0
[    0.216833] hpet0: 8 comparators, 64-bit 14.318180 MHz counter
[    0.219926] Switched to clocksource hpet
[    0.222352] pnp: PnP ACPI init
[    0.222505] system 00:00: [mem 0xfed10000-0xfed19fff] has been reserved
[    0.222579] system 00:00: [mem 0xe0000000-0xe3ffffff] has been reserved
[    0.222650] system 00:00: [mem 0xfed90000-0xfed93fff] has been reserved
[    0.222721] system 00:00: [mem 0xfed20000-0xfed3ffff] has been reserved
[    0.222792] system 00:00: [mem 0xfee00000-0xfee0ffff] has been reserved
[    0.222864] system 00:00: Plug and Play ACPI device, IDs PNP0c01 (active)
[    0.222922] system 00:01: [io  0x0290-0x029f] has been reserved
[    0.223009] system 00:01: Plug and Play ACPI device, IDs PNP0c02 (active)
[    0.223031] pnp 00:02: Plug and Play ACPI device, IDs PNP0b00 (active)
[    0.223065] system 00:03: [io  0x04d0-0x04d1] has been reserved
[    0.223138] system 00:03: Plug and Play ACPI device, IDs PNP0c02 (active)
[    0.223313] system 00:04: [io  0x0400-0x0453] could not be reserved
[    0.223386] system 00:04: [io  0x0458-0x047f] has been reserved
[    0.223456] system 00:04: [io  0x0500-0x057f] has been reserved
[    0.223526] system 00:04: [mem 0xfed1c000-0xfed1ffff] has been reserved
[    0.223597] system 00:04: [mem 0xfec00000-0xfecfffff] could not be reserved
[    0.223669] system 00:04: [mem 0xfed08000-0xfed08fff] has been reserved
[    0.223740] system 00:04: [mem 0xff000000-0xffffffff] has been reserved
[    0.223811] system 00:04: Plug and Play ACPI device, IDs PNP0c01 (active)
[    0.223848] system 00:05: [io  0x0454-0x0457] has been reserved
[    0.223932] system 00:05: Plug and Play ACPI device, IDs INT3f0d PNP0c02 (active)
[    0.224071] pnp: PnP ACPI: found 6 devices
[    0.229875] pci 0000:00:01.0: PCI bridge to [bus 01]
[    0.229961] pci 0000:00:01.0:   bridge window [io  0xe000-0xefff]
[    0.230031] pci 0000:00:01.0:   bridge window [mem 0xf8000000-0xfa0fffff]
[    0.230104] pci 0000:00:01.0:   bridge window [mem 0xd0000000-0xdbffffff 64bit pref]
[    0.230201] pci 0000:00:1c.0: PCI bridge to [bus 02]
[    0.230278] pci 0000:00:1c.1: PCI bridge to [bus 03]
[    0.230349] pci 0000:00:1c.1:   bridge window [mem 0xfac00000-0xfacfffff]
[    0.230426] pci 0000:00:1c.2: PCI bridge to [bus 04]
[    0.230505] pci 0000:05:00.0: BAR 6: assigned [mem 0xfab00000-0xfab0ffff pref]
[    0.230601] pci 0000:00:1c.3: PCI bridge to [bus 05]
[    0.230670] pci 0000:00:1c.3:   bridge window [io  0xd000-0xdfff]
[    0.230744] pci 0000:00:1c.3:   bridge window [mem 0xfab00000-0xfabfffff]
[    0.230821] pci 0000:00:1c.4: PCI bridge to [bus 06]
[    0.230891] pci 0000:00:1c.4:   bridge window [mem 0xfaa00000-0xfaafffff]
[    0.230982] pci 0000:07:00.0: PCI bridge to [bus 08]
[    0.231052] pci 0000:07:00.0:   bridge window [io  0xc000-0xcfff]
[    0.231128] pci 0000:07:00.0:   bridge window [mem 0xfa900000-0xfa9fffff]
[    0.231211] pci 0000:00:1c.6: PCI bridge to [bus 07-08]
[    0.231280] pci 0000:00:1c.6:   bridge window [io  0xc000-0xcfff]
[    0.231353] pci 0000:00:1c.6:   bridge window [mem 0xfa900000-0xfa9fffff]
[    0.231430] pci 0000:00:1c.7: PCI bridge to [bus 09]
[    0.231499] pci 0000:00:1c.7:   bridge window [io  0xb000-0xbfff]
[    0.231573] pci 0000:00:1c.7:   bridge window [mem 0xfa800000-0xfa8fffff]
[    0.231650] pci_bus 0000:00: resource 4 [io  0x0000-0x0cf7]
[    0.231651] pci_bus 0000:00: resource 5 [io  0x0d00-0xffff]
[    0.231653] pci_bus 0000:00: resource 6 [mem 0x000a0000-0x000bffff]
[    0.231654] pci_bus 0000:00: resource 7 [mem 0xbfa00000-0xffffffff]
[    0.231655] pci_bus 0000:01: resource 0 [io  0xe000-0xefff]
[    0.231656] pci_bus 0000:01: resource 1 [mem 0xf8000000-0xfa0fffff]
[    0.231658] pci_bus 0000:01: resource 2 [mem 0xd0000000-0xdbffffff 64bit pref]
[    0.231659] pci_bus 0000:03: resource 1 [mem 0xfac00000-0xfacfffff]
[    0.231660] pci_bus 0000:05: resource 0 [io  0xd000-0xdfff]
[    0.231662] pci_bus 0000:05: resource 1 [mem 0xfab00000-0xfabfffff]
[    0.231663] pci_bus 0000:06: resource 1 [mem 0xfaa00000-0xfaafffff]
[    0.231664] pci_bus 0000:07: resource 0 [io  0xc000-0xcfff]
[    0.231665] pci_bus 0000:07: resource 1 [mem 0xfa900000-0xfa9fffff]
[    0.231667] pci_bus 0000:07: resource 4 [io  0x0000-0x0cf7]
[    0.231668] pci_bus 0000:07: resource 5 [io  0x0d00-0xffff]
[    0.231669] pci_bus 0000:07: resource 6 [mem 0x000a0000-0x000bffff]
[    0.231670] pci_bus 0000:07: resource 7 [mem 0xbfa00000-0xffffffff]
[    0.231671] pci_bus 0000:08: resource 0 [io  0xc000-0xcfff]
[    0.231672] pci_bus 0000:08: resource 1 [mem 0xfa900000-0xfa9fffff]
[    0.231674] pci_bus 0000:08: resource 4 [io  0xc000-0xcfff]
[    0.231675] pci_bus 0000:08: resource 5 [mem 0xfa900000-0xfa9fffff]
[    0.231676] pci_bus 0000:08: resource 6 [io  0x0000-0x0cf7]
[    0.231677] pci_bus 0000:08: resource 7 [io  0x0d00-0xffff]
[    0.231678] pci_bus 0000:08: resource 8 [mem 0x000a0000-0x000bffff]
[    0.231679] pci_bus 0000:08: resource 9 [mem 0xbfa00000-0xffffffff]
[    0.231681] pci_bus 0000:09: resource 0 [io  0xb000-0xbfff]
[    0.231682] pci_bus 0000:09: resource 1 [mem 0xfa800000-0xfa8fffff]
[    0.231703] NET: Registered protocol family 2
[    0.231902] TCP established hash table entries: 65536 (order: 7, 524288 bytes)
[    0.232114] TCP bind hash table entries: 65536 (order: 8, 1048576 bytes)
[    0.232298] TCP: Hash tables configured (established 65536 bind 65536)
[    0.232382] TCP: reno registered
[    0.232454] UDP hash table entries: 4096 (order: 5, 131072 bytes)
[    0.232547] UDP-Lite hash table entries: 4096 (order: 5, 131072 bytes)
[    0.232654] NET: Registered protocol family 1
[    0.232767] RPC: Registered named UNIX socket transport module.
[    0.232837] RPC: Registered udp transport module.
[    0.232904] RPC: Registered tcp transport module.
[    0.232985] RPC: Registered tcp NFSv4.1 backchannel transport module.
[    0.233064] pci 0000:00:02.0: Video device with shadowed ROM
[    0.478922] PCI: CLS 64 bytes, default 64
[    0.478960] PCI-DMA: Using software bounce buffering for IO (SWIOTLB)
[    0.479033] software IO TLB [mem 0xb277e000-0xb677e000] (64MB) mapped at [ffff8800b277e000-ffff8800b677dfff]
[    0.479350] RAPL PMU detected, hw unit 2^-16 Joules, API unit is 2^-32 Joules, 3 fixed counters 163840 ms ovfl timer
[    0.479506] microcode: CPU0 sig=0x206a7, pf=0x2, revision=0x14
[    0.479580] microcode: CPU1 sig=0x206a7, pf=0x2, revision=0x14
[    0.479657] microcode: CPU2 sig=0x206a7, pf=0x2, revision=0x14
[    0.479738] microcode: CPU3 sig=0x206a7, pf=0x2, revision=0x14
[    0.479827] microcode: Microcode Update Driver: v2.00 <tigran@aivazian.fsnet.co.uk>, Peter Oruba
[    0.480074] Scanning for low memory corruption every 60 seconds
[    0.480735] AVX version of gcm_enc/dec engaged.
[    0.480804] AES CTR mode by8 optimization enabled
[    0.481195] sha1_ssse3: Using AVX optimized SHA-1 implementation
[    0.481303] sha256_ssse3: Using AVX optimized SHA-256 implementation
[    0.481412] sha512_ssse3: Using AVX optimized SHA-512 implementation
[    0.482402] AVX2 or AES-NI instructions are not detected.
[    0.482472] AVX2 instructions are not detected.
[    0.482639] futex hash table entries: 1024 (order: 4, 65536 bytes)
[    0.483038] HugeTLB registered 2 MB page size, pre-allocated 0 pages
[    0.484252] VFS: Disk quotas dquot_6.5.2
[    0.484344] VFS: Dquot-cache hash table entries: 512 (order 0, 4096 bytes)
[    0.484770] NFS: Registering the id_resolver key type
[    0.484846] Key type id_resolver registered
[    0.484913] Key type id_legacy registered
[    0.486082] NET: Registered protocol family 38
[    0.486155] Key type asymmetric registered
[    0.486224] Asymmetric key parser 'x509' registered
[    0.486318] Block layer SCSI generic (bsg) driver version 0.4 loaded (major 253)
[    0.486419] io scheduler noop registered
[    0.486488] io scheduler deadline registered
[    0.486588] io scheduler cfq registered (default)
[    0.487333] pci_hotplug: PCI Hot Plug PCI Core version: 0.5
[    0.487471] input: Power Button as /devices/LNXSYSTM:00/LNXSYBUS:00/PNP0C0C:00/input/input0
[    0.487572] ACPI: Power Button [PWRB]
[    0.487660] input: Power Button as /devices/LNXSYSTM:00/LNXPWRBN:00/input/input1
[    0.487775] ACPI: Power Button [PWRF]
[    0.487962] Monitor-Mwait will be used to enter C-1 state
[    0.487969] Monitor-Mwait will be used to enter C-3 state
[    0.487981] ACPI: acpi_idle registered with cpuidle
[    0.488426] Serial: 8250/16550 driver, 4 ports, IRQ sharing enabled
[    0.488804] Non-volatile memory driver v1.3
[    0.488877] Linux agpgart interface v0.103
[    0.488985] [drm] Initialized drm 1.1.0 20060810
[    0.489457] loop: module loaded
[    0.489584] ahci 0000:00:1f.2: version 3.0
[    0.500738] ahci 0000:00:1f.2: AHCI 0001.0300 32 slots 6 ports 6 Gbps 0x3f impl SATA mode
[    0.500848] ahci 0000:00:1f.2: flags: 64bit ncq sntf pm led clo pio slum part ems apst 
[    0.510983] scsi host0: ahci
[    0.511148] scsi host1: ahci
[    0.511288] scsi host2: ahci
[    0.511427] scsi host3: ahci
[    0.511555] scsi host4: ahci
[    0.511705] scsi host5: ahci
[    0.511794] ata1: SATA max UDMA/133 abar m2048@0xfad25000 port 0xfad25100 irq 31
[    0.511893] ata2: SATA max UDMA/133 abar m2048@0xfad25000 port 0xfad25180 irq 31
[    0.511989] ata3: SATA max UDMA/133 abar m2048@0xfad25000 port 0xfad25200 irq 31
[    0.512084] ata4: SATA max UDMA/133 abar m2048@0xfad25000 port 0xfad25280 irq 31
[    0.512180] ata5: SATA max UDMA/133 abar m2048@0xfad25000 port 0xfad25300 irq 31
[    0.512276] ata6: SATA max UDMA/133 abar m2048@0xfad25000 port 0xfad25380 irq 31
[    0.512515] ahci 0000:05:00.0: AHCI 0001.0100 32 slots 2 ports 3 Gbps 0x3 impl SATA mode
[    0.512617] ahci 0000:05:00.0: flags: 64bit ncq pm led clo pmp pio slum part 
[    0.512861] scsi host6: ahci
[    0.512990] scsi host7: ahci
[    0.513089] ata7: SATA max UDMA/133 abar m512@0xfab10000 port 0xfab10100 irq 19
[    0.513666] ata8: SATA max UDMA/133 abar m512@0xfab10000 port 0xfab10180 irq 19
[    0.513890] ahci 0000:09:00.0: AHCI 0001.0000 32 slots 2 ports 6 Gbps 0x3 impl SATA mode
[    0.513989] ahci 0000:09:00.0: flags: 64bit ncq sntf led only pmp fbs pio slum part sxs 
[    0.514241] scsi host8: ahci
[    0.514367] scsi host9: ahci
[    0.514462] ata9: SATA max UDMA/133 abar m512@0xfa810000 port 0xfa810100 irq 32
[    0.514561] ata10: SATA max UDMA/133 abar m512@0xfa810000 port 0xfa810180 irq 32
[    0.514768] ehci_hcd: USB 2.0 'Enhanced' Host Controller (EHCI) Driver
[    0.514843] ehci-pci: EHCI PCI platform driver
[    0.514973] ehci-pci 0000:00:1a.0: EHCI Host Controller
[    0.515068] ehci-pci 0000:00:1a.0: new USB bus registered, assigned bus number 1
[    0.515178] ehci-pci 0000:00:1a.0: debug port 2
[    0.519145] ehci-pci 0000:00:1a.0: cache line size of 64 is not supported
[    0.519155] ehci-pci 0000:00:1a.0: irq 23, io mem 0xfad27000
[    0.524703] ehci-pci 0000:00:1a.0: USB 2.0 started, EHCI 1.00
[    0.524806] usb usb1: New USB device found, idVendor=1d6b, idProduct=0002
[    0.524885] usb usb1: New USB device strings: Mfr=3, Product=2, SerialNumber=1
[    0.524980] usb usb1: Product: EHCI Host Controller
[    0.525048] usb usb1: Manufacturer: Linux 3.19.8 ehci_hcd
[    0.525116] usb usb1: SerialNumber: 0000:00:1a.0
[    0.525309] hub 1-0:1.0: USB hub found
[    0.525388] hub 1-0:1.0: 2 ports detected
[    0.525555] ehci-pci 0000:00:1d.0: EHCI Host Controller
[    0.525668] ehci-pci 0000:00:1d.0: new USB bus registered, assigned bus number 2
[    0.525784] ehci-pci 0000:00:1d.0: debug port 2
[    0.529755] ehci-pci 0000:00:1d.0: cache line size of 64 is not supported
[    0.529758] ehci-pci 0000:00:1d.0: irq 23, io mem 0xfad26000
[    0.535676] ehci-pci 0000:00:1d.0: USB 2.0 started, EHCI 1.00
[    0.535780] usb usb2: New USB device found, idVendor=1d6b, idProduct=0002
[    0.535860] usb usb2: New USB device strings: Mfr=3, Product=2, SerialNumber=1
[    0.535955] usb usb2: Product: EHCI Host Controller
[    0.536024] usb usb2: Manufacturer: Linux 3.19.8 ehci_hcd
[    0.536093] usb usb2: SerialNumber: 0000:00:1d.0
[    0.536279] hub 2-0:1.0: USB hub found
[    0.536359] hub 2-0:1.0: 2 ports detected
[    0.536479] ohci_hcd: USB 1.1 'Open' Host Controller (OHCI) Driver
[    0.536563] ohci-pci: OHCI PCI platform driver
[    0.536653] uhci_hcd: USB Universal Host Controller Interface driver
[    0.536752] usbcore: registered new interface driver usblp
[    0.536846] usbcore: registered new interface driver usb-storage
[    0.536943] i8042: PNP: No PS/2 controller found. Probing ports directly.
[    0.540115] serio: i8042 KBD port at 0x60,0x64 irq 1
[    0.540187] serio: i8042 AUX port at 0x60,0x64 irq 12
[    0.540351] mousedev: PS/2 mouse device common for all mice
[    0.540536] rtc_cmos 00:02: RTC can wake from S4
[    0.540754] rtc_cmos 00:02: rtc core: registered rtc_cmos as rtc0
[    0.540858] rtc_cmos 00:02: alarms up to one month, y3k, 114 bytes nvram, hpet irqs
[    0.541029] i801_smbus 0000:00:1f.3: SMBus using PCI interrupt
[    0.541171] device-mapper: ioctl: 4.29.0-ioctl (2014-10-28) initialised: dm-devel@redhat.com
[    0.541288] hidraw: raw HID events driver (C) Jiri Kosina
[    0.541540] usbcore: registered new interface driver usbhid
[    0.541629] usbhid: USB HID core driver
[    0.541707] Netfilter messages via NETLINK v0.30.
[    0.541783] nf_conntrack version 0.5.0 (16384 buckets, 65536 max)
[    0.541908] ctnetlink v0.93: registering with nfnetlink.
[    0.542051] ip_tables: (C) 2000-2006 Netfilter Core Team
[    0.542133] TCP: cubic registered
[    0.542199] Initializing XFRM netlink socket
[    0.542355] NET: Registered protocol family 10
[    0.542556] ip6_tables: (C) 2000-2006 Netfilter Core Team
[    0.542671] sit: IPv6 over IPv4 tunneling driver
[    0.542821] NET: Registered protocol family 17
[    0.542906] Key type dns_resolver registered
[    0.543172] registered taskstats version 1
[    0.543679] console [netcon0] enabled
[    0.543745] netconsole: network logging started
[    0.816410] ata2: SATA link up 6.0 Gbps (SStatus 133 SControl 300)
[    0.816516] ata6: SATA link up 3.0 Gbps (SStatus 123 SControl 300)
[    0.816604] ata3: SATA link up 3.0 Gbps (SStatus 123 SControl 300)
[    0.816810] ata2.00: ATA-9: INTEL SSDSC2BA100G3, 5DV10270, max UDMA/133
[    0.816905] ata2.00: 195371568 sectors, multi 1: LBA48 NCQ (depth 31/32)
[    0.816982] ata6.00: ATA-9: INTEL SSDSC2BA100G3, 5DV10270, max UDMA/133
[    0.817055] ata6.00: 195371568 sectors, multi 1: LBA48 NCQ (depth 31/32)
[    0.817199] ata3.00: ATA-9: INTEL SSDSC2BA100G3, 5DV10270, max UDMA/133
[    0.817275] ata3.00: 195371568 sectors, multi 1: LBA48 NCQ (depth 31/32)
[    0.817374] ata4: SATA link up 3.0 Gbps (SStatus 123 SControl 300)
[    0.817468] ata5: SATA link up 3.0 Gbps (SStatus 123 SControl 300)
[    0.817553] ata1: SATA link up 6.0 Gbps (SStatus 133 SControl 300)
[    0.817637] ata2.00: configured for UDMA/133
[    0.817723] ata6.00: configured for UDMA/133
[    0.817811] ata4.00: ATA-9: INTEL SSDSC2BA100G3, 5DV10270, max UDMA/133
[    0.817886] ata4.00: 195371568 sectors, multi 1: LBA48 NCQ (depth 31/32)
[    0.817963] ata5.00: ATA-9: INTEL SSDSC2BA100G3, 5DV10270, max UDMA/133
[    0.818040] ata5.00: 195371568 sectors, multi 1: LBA48 NCQ (depth 31/32)
[    0.818118] ata1.00: ATA-9: INTEL SSDSC2BA100G3, 5DV10270, max UDMA/133
[    0.818191] ata1.00: 195371568 sectors, multi 1: LBA48 NCQ (depth 31/32)
[    0.818271] ata3.00: configured for UDMA/133
[    0.818384] ata7: SATA link down (SStatus 0 SControl 300)
[    0.818499] ata8: SATA link down (SStatus 0 SControl 300)
[    0.818592] ata1.00: configured for UDMA/133
[    0.818673] ata5.00: configured for UDMA/133
[    0.818753] ata4.00: configured for UDMA/133
[    0.818821] scsi 0:0:0:0: Direct-Access     ATA      INTEL SSDSC2BA10 0270 PQ: 0 ANSI: 5
[    0.818988] ata1.00: Enabling discard_zeroes_data
[    0.819012] sd 0:0:0:0: Attached scsi generic sg0 type 0
[    0.819170] sd 0:0:0:0: [sda] 195371568 512-byte logical blocks: (100 GB/93.1 GiB)
[    0.819192] scsi 1:0:0:0: Direct-Access     ATA      INTEL SSDSC2BA10 0270 PQ: 0 ANSI: 5
[    0.819288] ata2.00: Enabling discard_zeroes_data
[    0.819299] sd 1:0:0:0: [sdb] 195371568 512-byte logical blocks: (100 GB/93.1 GiB)
[    0.819300] sd 1:0:0:0: [sdb] 4096-byte physical blocks
[    0.819414] sd 1:0:0:0: [sdb] Write Protect is off
[    0.819416] sd 1:0:0:0: [sdb] Mode Sense: 00 3a 00 00
[    0.819442] sd 1:0:0:0: [sdb] Write cache: enabled, read cache: enabled, doesn't support DPO or FUA
[    0.819907] sd 0:0:0:0: [sda] 4096-byte physical blocks
[    0.819997] sd 1:0:0:0: Attached scsi generic sg1 type 0
[    0.820015] ata2.00: Enabling discard_zeroes_data
[    0.820086] sd 0:0:0:0: [sda] Write Protect is off
[    0.820087] sd 0:0:0:0: [sda] Mode Sense: 00 3a 00 00
[    0.820110] sd 0:0:0:0: [sda] Write cache: enabled, read cache: enabled, doesn't support DPO or FUA
[    0.820168] ata1.00: Enabling discard_zeroes_data
[    0.820357]  sdb: sdb1
[    0.820450] ata2.00: Enabling discard_zeroes_data
[    0.820499]  sda: sda1
[    0.820563] sd 1:0:0:0: [sdb] Attached SCSI disk
[    0.820590] ata1.00: Enabling discard_zeroes_data
[    0.820703] sd 0:0:0:0: [sda] Attached SCSI disk
[    0.821107] scsi 2:0:0:0: Direct-Access     ATA      INTEL SSDSC2BA10 0270 PQ: 0 ANSI: 5
[    0.821290] ata3.00: Enabling discard_zeroes_data
[    0.821300] sd 2:0:0:0: Attached scsi generic sg2 type 0
[    0.821478] sd 2:0:0:0: [sdc] 195371568 512-byte logical blocks: (100 GB/93.1 GiB)
[    0.821573] sd 2:0:0:0: [sdc] 4096-byte physical blocks
[    0.821684] scsi 3:0:0:0: Direct-Access     ATA      INTEL SSDSC2BA10 0270 PQ: 0 ANSI: 5
[    0.821730] sd 2:0:0:0: [sdc] Write Protect is off
[    0.821731] sd 2:0:0:0: [sdc] Mode Sense: 00 3a 00 00
[    0.821756] sd 2:0:0:0: [sdc] Write cache: enabled, read cache: enabled, doesn't support DPO or FUA
[    0.821808] ata3.00: Enabling discard_zeroes_data
[    0.822065]  sdc: sdc1
[    0.822142] ata3.00: Enabling discard_zeroes_data
[    0.822266] sd 2:0:0:0: [sdc] Attached SCSI disk
[    0.822469] ata4.00: Enabling discard_zeroes_data
[    0.822485] sd 3:0:0:0: Attached scsi generic sg3 type 0
[    0.822640] sd 3:0:0:0: [sdd] 195371568 512-byte logical blocks: (100 GB/93.1 GiB)
[    0.822661] scsi 4:0:0:0: Direct-Access     ATA      INTEL SSDSC2BA10 0270 PQ: 0 ANSI: 5
[    0.822769] ata5.00: Enabling discard_zeroes_data
[    0.822784] sd 4:0:0:0: [sde] 195371568 512-byte logical blocks: (100 GB/93.1 GiB)
[    0.822785] sd 4:0:0:0: [sde] 4096-byte physical blocks
[    0.822865] sd 4:0:0:0: [sde] Write Protect is off
[    0.822866] sd 4:0:0:0: [sde] Mode Sense: 00 3a 00 00
[    0.822890] sd 4:0:0:0: [sde] Write cache: enabled, read cache: enabled, doesn't support DPO or FUA
[    0.823333] sd 3:0:0:0: [sdd] 4096-byte physical blocks
[    0.823440] sd 4:0:0:0: Attached scsi generic sg4 type 0
[    0.823452] ata5.00: Enabling discard_zeroes_data
[    0.823493] sd 3:0:0:0: [sdd] Write Protect is off
[    0.823494] sd 3:0:0:0: [sdd] Mode Sense: 00 3a 00 00
[    0.823533] sd 3:0:0:0: [sdd] Write cache: enabled, read cache: enabled, doesn't support DPO or FUA
[    0.823591] ata4.00: Enabling discard_zeroes_data
[    0.823700]  sde: sde1
[    0.823781] ata5.00: Enabling discard_zeroes_data
[    0.823852]  sdd: sdd1
[    0.823902] sd 4:0:0:0: [sde] Attached SCSI disk
[    0.823929] ata4.00: Enabling discard_zeroes_data
[    0.824047] sd 3:0:0:0: [sdd] Attached SCSI disk
[    0.824539] scsi 5:0:0:0: Direct-Access     ATA      INTEL SSDSC2BA10 0270 PQ: 0 ANSI: 5
[    0.824716] ata6.00: Enabling discard_zeroes_data
[    0.824735] sd 5:0:0:0: Attached scsi generic sg5 type 0
[    0.824900] sd 5:0:0:0: [sdf] 195371568 512-byte logical blocks: (100 GB/93.1 GiB)
[    0.824997] sd 5:0:0:0: [sdf] 4096-byte physical blocks
[    0.825132] sd 5:0:0:0: [sdf] Write Protect is off
[    0.825200] sd 5:0:0:0: [sdf] Mode Sense: 00 3a 00 00
[    0.825220] sd 5:0:0:0: [sdf] Write cache: enabled, read cache: enabled, doesn't support DPO or FUA
[    0.825847] ata6.00: Enabling discard_zeroes_data
[    0.826126]  sdf: sdf1
[    0.826258] ata6.00: Enabling discard_zeroes_data
[    0.826362] usb 1-1: new high-speed USB device number 2 using ehci-pci
[    0.826457] sd 5:0:0:0: [sdf] Attached SCSI disk
[    0.837392] usb 2-1: new high-speed USB device number 2 using ehci-pci
[    0.940975] usb 1-1: New USB device found, idVendor=8087, idProduct=0024
[    0.941048] usb 1-1: New USB device strings: Mfr=0, Product=0, SerialNumber=0
[    0.941475] hub 1-1:1.0: USB hub found
[    0.941697] hub 1-1:1.0: 6 ports detected
[    0.951616] usb 2-1: New USB device found, idVendor=8087, idProduct=0024
[    0.951689] usb 2-1: New USB device strings: Mfr=0, Product=0, SerialNumber=0
[    0.951978] hub 2-1:1.0: USB hub found
[    0.952117] hub 2-1:1.0: 8 ports detected
[    0.974264] ata10: SATA link up 3.0 Gbps (SStatus 123 SControl 300)
[    0.974371] ata9: SATA link up 6.0 Gbps (SStatus 133 SControl 300)
[    0.974742] ata10.00: ATA-8: INTEL SSDSA2CW120G3, 4PC10362, max UDMA/133
[    0.974821] ata10.00: 234441648 sectors, multi 1: LBA48 NCQ (depth 31/32)
[    0.975017] ata9.00: ATA-9: INTEL SSDSC2BB080G6, G2010140, max UDMA/133
[    0.975090] ata9.00: 156301488 sectors, multi 1: LBA48 NCQ (depth 31/32)
[    0.975272] ata10.00: configured for UDMA/133
[    0.975769] ata9.00: configured for UDMA/133
[    0.975992] scsi 8:0:0:0: Direct-Access     ATA      INTEL SSDSC2BB08 0140 PQ: 0 ANSI: 5
[    0.976230] ata9.00: Enabling discard_zeroes_data
[    0.976249] sd 8:0:0:0: Attached scsi generic sg6 type 0
[    0.976390] sd 8:0:0:0: [sdg] 156301488 512-byte logical blocks: (80.0 GB/74.5 GiB)
[    0.976469] scsi 9:0:0:0: Direct-Access     ATA      INTEL SSDSA2CW12 0362 PQ: 0 ANSI: 5
[    0.976627] ata10.00: Enabling discard_zeroes_data
[    0.976634] sd 9:0:0:0: [sdh] 234441648 512-byte logical blocks: (120 GB/111 GiB)
[    0.976635] sd 9:0:0:0: Attached scsi generic sg7 type 0
[    0.976719] sd 9:0:0:0: [sdh] Write Protect is off
[    0.976720] sd 9:0:0:0: [sdh] Mode Sense: 00 3a 00 00
[    0.976778] sd 9:0:0:0: [sdh] Write cache: enabled, read cache: enabled, doesn't support DPO or FUA
[    0.976837] ata10.00: Enabling discard_zeroes_data
[    0.977170]  sdh: sdh1
[    0.977256] ata10.00: Enabling discard_zeroes_data
[    0.977384] sd 9:0:0:0: [sdh] Attached SCSI disk
[    0.977482] sd 8:0:0:0: [sdg] 4096-byte physical blocks
[    0.977575] sd 8:0:0:0: [sdg] Write Protect is off
[    0.977645] sd 8:0:0:0: [sdg] Mode Sense: 00 3a 00 00
[    0.977653] sd 8:0:0:0: [sdg] Write cache: enabled, read cache: enabled, doesn't support DPO or FUA
[    0.977800] ata9.00: Enabling discard_zeroes_data
[    0.978221]  sdg: sdg1 sdg2 sdg3 sdg4
[    0.978494] ata9.00: Enabling discard_zeroes_data
[    0.978598] sd 8:0:0:0: [sdg] Attached SCSI disk
[    0.978699] md: Waiting for all devices to be available before autodetect
[    0.978772] md: If you don't use raid, use raid=noautodetect
[    0.978943] md: Autodetecting RAID arrays.
[    0.979147] md: invalid raid superblock magic on sdb1
[    0.979238] md: sdb1 does not have a valid v0.90 superblock, not importing!
[    0.979436] md: invalid raid superblock magic on sda1
[    0.979505] md: sda1 does not have a valid v0.90 superblock, not importing!
[    0.979627] md: invalid raid superblock magic on sdc1
[    0.979696] md: sdc1 does not have a valid v0.90 superblock, not importing!
[    0.979816] md: invalid raid superblock magic on sde1
[    0.979885] md: sde1 does not have a valid v0.90 superblock, not importing!
[    0.980006] md: invalid raid superblock magic on sdd1
[    0.980075] md: sdd1 does not have a valid v0.90 superblock, not importing!
[    0.980206] md: invalid raid superblock magic on sdf1
[    0.980277] md: sdf1 does not have a valid v0.90 superblock, not importing!
[    0.980351] md: Scanned 6 and added 0 devices.
[    0.980418] md: autorun ...
[    0.980483] md: ... autorun DONE.
[    0.980681] EXT4-fs (sdg3): couldn't mount as ext2 due to feature incompatibilities
[    0.982451] EXT4-fs (sdg3): mounted filesystem with ordered data mode. Opts: (null)
[    0.982555] VFS: Mounted root (ext4 filesystem) readonly on device 8:99.
[    0.982810] Freeing unused kernel memory: 1012K (ffffffff81cd3000 - ffffffff81dd0000)
[    0.982905] Write protecting the kernel read-only data: 12288k
[    0.983093] Freeing unused kernel memory: 260K (ffff8800017bf000 - ffff880001800000)
[    0.983395] Freeing unused kernel memory: 1452K (ffff880001a95000 - ffff880001c00000)
[    1.038219] kbd_mode (1223) used greatest stack depth: 13864 bytes left
[    1.041565] loadkeys (1224) used greatest stack depth: 13192 bytes left
[    1.041699] init-early.sh (1222) used greatest stack depth: 12552 bytes left
[    1.229128] usb 2-1.7: new full-speed USB device number 3 using ehci-pci
[    1.237669] random: systemd-udevd urandom read with 47 bits of entropy available
[    1.315842] pps_core: LinuxPPS API ver. 1 registered
[    1.315844] pps_core: Software ver. 5.3.6 - Copyright 2005-2007 Rodolfo Giometti <giometti@linux.it>
[    1.316449] usb 2-1.7: New USB device found, idVendor=0cf3, idProduct=3000
[    1.316452] usb 2-1.7: New USB device strings: Mfr=0, Product=0, SerialNumber=0
[    1.317293] PTP clock support registered
[    1.319411] e1000e: Intel(R) PRO/1000 Network Driver - 2.3.2-k
[    1.319413] e1000e: Copyright(c) 1999 - 2014 Intel Corporation.
[    1.319534] e1000e 0000:00:19.0: Interrupt Throttling Rate (ints/sec) set to dynamic conservative mode
[    1.341785] md: bind<sdb1>
[    1.343258] md: bind<sdc1>
[    1.344970] md: bind<sdf1>
[    1.346389] md: bind<sdd1>
[    1.347725] md: bind<sda1>
[    1.349460] md: bind<sde1>
[    1.352469] md: raid10 personality registered for level 10
[    1.352627] md/raid10:md127: active with 6 out of 6 devices
[    1.352646] md127: detected capacity change from 0 to 299885395968
[    1.352934]  md127: unknown partition table
[    1.480766] tsc: Refined TSC clocksource calibration: 3300.021 MHz
[    1.581752] e1000e 0000:00:19.0 eth0: registered PHC clock
[    1.581754] e1000e 0000:00:19.0 eth0: (PCI Express:2.5GT/s:Width x1) 14:da:e9:0f:78:84
[    1.581756] e1000e 0000:00:19.0 eth0: Intel(R) PRO/1000 Network Connection
[    1.581788] e1000e 0000:00:19.0 eth0: MAC: 10, PHY: 11, PBA No: FFFFFF-0FF
[    1.583805] e1000e 0000:00:19.0 eno1: renamed from eth0
[    2.298974] EXT4-fs (sdg3): re-mounted. Opts: (null)
[    2.337555] Adding 1020k swap on /dev/sdg2.  Priority:-1 extents:1 across:1020k SS
[    2.479784] Switched to clocksource tsc
[    3.031083] sshd (2030) used greatest stack depth: 12504 bytes left
[    5.828777] e1000e: eno1 NIC Link is Up 1000 Mbps Full Duplex, Flow Control: Rx/Tx
[   36.962492] EXT4-fs (md127): barriers disabled
[   36.965023] EXT4-fs (md127): mounted filesystem with ordered data mode. Opts: nobarrier
[   50.022396] random: nonblocking pool is initialized
[  100.263262] nr_pdflush_threads exported in /proc is scheduled for removal
