[    0.000000] Linux version 3.6.11 (root@bench) (gcc version 4.7.3 (Gentoo 4.7.3-r1 p1.4, pie-0.5.5) ) #1 SMP Fri May 6 01:17:40 CEST 2016
[    0.000000] Command line: BOOT_IMAGE=/kernel-3.6.11 root=/dev/sdg3 ro
[    0.000000] e820: BIOS-provided physical RAM map:
[    0.000000] BIOS-e820: [mem 0x0000000000000000-0x000000000009b3ff] usable
[    0.000000] BIOS-e820: [mem 0x000000000009b400-0x000000000009ffff] reserved
[    0.000000] BIOS-e820: [mem 0x00000000000e0000-0x00000000000fffff] reserved
[    0.000000] BIOS-e820: [mem 0x0000000000100000-0x000000001fffffff] usable
[    0.000000] BIOS-e820: [mem 0x0000000020000000-0x00000000201fffff] reserved
[    0.000000] BIOS-e820: [mem 0x0000000020200000-0x000000003fffffff] usable
[    0.000000] BIOS-e820: [mem 0x0000000040000000-0x00000000401fffff] reserved
[    0.000000] BIOS-e820: [mem 0x0000000040200000-0x00000000b677dfff] usable
[    0.000000] BIOS-e820: [mem 0x00000000b677e000-0x00000000b67d4fff] ACPI NVS
[    0.000000] BIOS-e820: [mem 0x00000000b67d5000-0x00000000b6b5bfff] reserved
[    0.000000] BIOS-e820: [mem 0x00000000b6b5c000-0x00000000b6b5efff] ACPI NVS
[    0.000000] BIOS-e820: [mem 0x00000000b6b5f000-0x00000000b6da4fff] reserved
[    0.000000] BIOS-e820: [mem 0x00000000b6da5000-0x00000000b6db5fff] ACPI NVS
[    0.000000] BIOS-e820: [mem 0x00000000b6db6000-0x00000000b6dccfff] reserved
[    0.000000] BIOS-e820: [mem 0x00000000b6dcd000-0x00000000b6dcefff] usable
[    0.000000] BIOS-e820: [mem 0x00000000b6dcf000-0x00000000b6dd6fff] reserved
[    0.000000] BIOS-e820: [mem 0x00000000b6dd7000-0x00000000b6de1fff] ACPI NVS
[    0.000000] BIOS-e820: [mem 0x00000000b6de2000-0x00000000b6e3dfff] reserved
[    0.000000] BIOS-e820: [mem 0x00000000b6e3e000-0x00000000b6e80fff] ACPI NVS
[    0.000000] BIOS-e820: [mem 0x00000000b6e81000-0x00000000b6ffffff] usable
[    0.000000] BIOS-e820: [mem 0x00000000b7800000-0x00000000bf9fffff] reserved
[    0.000000] BIOS-e820: [mem 0x00000000fed1c000-0x00000000fed1ffff] reserved
[    0.000000] BIOS-e820: [mem 0x00000000ff000000-0x00000000ffffffff] reserved
[    0.000000] BIOS-e820: [mem 0x0000000100000000-0x000000023fdfffff] usable
[    0.000000] NX (Execute Disable) protection: active
[    0.000000] DMI 2.6 present.
[    0.000000] DMI: System manufacturer System Product Name/P8Z68-V PRO, BIOS 0501 05/09/2011
[    0.000000] e820: update [mem 0x00000000-0x0000ffff] usable ==> reserved
[    0.000000] e820: remove [mem 0x000a0000-0x000fffff] usable
[    0.000000] No AGP bridge found
[    0.000000] e820: last_pfn = 0x23fe00 max_arch_pfn = 0x400000000
[    0.000000] MTRR default type: uncachable
[    0.000000] MTRR fixed ranges enabled:
[    0.000000]   00000-9FFFF write-back
[    0.000000]   A0000-BFFFF uncachable
[    0.000000]   C0000-D3FFF write-protect
[    0.000000]   D4000-E7FFF uncachable
[    0.000000]   E8000-FFFFF write-protect
[    0.000000] MTRR variable ranges enabled:
[    0.000000]   0 base 000000000 mask E00000000 write-back
[    0.000000]   1 base 200000000 mask FC0000000 write-back
[    0.000000]   2 base 0B7800000 mask FFF800000 uncachable
[    0.000000]   3 base 0B8000000 mask FF8000000 uncachable
[    0.000000]   4 base 0C0000000 mask FC0000000 uncachable
[    0.000000]   5 base 23FE00000 mask FFFE00000 uncachable
[    0.000000]   6 disabled
[    0.000000]   7 disabled
[    0.000000]   8 disabled
[    0.000000]   9 disabled
[    0.000000] x86 PAT enabled: cpu 0, old 0x7040600070406, new 0x7010600070106
[    0.000000] e820: update [mem 0xb7800000-0xffffffff] usable ==> reserved
[    0.000000] e820: last_pfn = 0xb7000 max_arch_pfn = 0x400000000
[    0.000000] found SMP MP-table at [mem 0x000fcee0-0x000fceef] mapped at [ffff8800000fcee0]
[    0.000000] initial memory mapped: [mem 0x00000000-0x1fffffff]
[    0.000000] Base memory trampoline at [ffff880000095000] 95000 size 24576
[    0.000000] init_memory_mapping: [mem 0x00000000-0xb6ffffff]
[    0.000000]  [mem 0x00000000-0xb6ffffff] page 2M
[    0.000000] kernel direct mapping tables up to 0xb6ffffff @ [mem 0x1fffc000-0x1fffffff]
[    0.000000] init_memory_mapping: [mem 0x100000000-0x23fdfffff]
[    0.000000]  [mem 0x100000000-0x23fdfffff] page 2M
[    0.000000] kernel direct mapping tables up to 0x23fdfffff @ [mem 0xb6ffa000-0xb6ffffff]
[    0.000000] ACPI: RSDP 00000000000f0420 00024 (v02 ALASKA)
[    0.000000] ACPI: XSDT 00000000b67ca068 0004C (v01 ALASKA    A M I 01072009 AMI  00010013)
[    0.000000] ACPI: FACP 00000000b67d42d8 000F4 (v04 ALASKA    A M I 01072009 AMI  00010013)
[    0.000000] ACPI: DSDT 00000000b67ca140 0A198 (v02 ALASKA    A M I 00000000 INTL 20051117)
[    0.000000] ACPI: FACS 00000000b6dd9f80 00040
[    0.000000] ACPI: APIC 00000000b67d43d0 00072 (v03 ALASKA    A M I 01072009 AMI  00010013)
[    0.000000] ACPI: SSDT 00000000b67d4448 00102 (v01 AMICPU     PROC 00000001 MSFT 03000001)
[    0.000000] ACPI: MCFG 00000000b67d4550 0003C (v01 ALASKA    A M I 01072009 MSFT 00000097)
[    0.000000] ACPI: HPET 00000000b67d4590 00038 (v01 ALASKA    A M I 01072009 AMI. 00000004)
[    0.000000] ACPI: Local APIC address 0xfee00000
[    0.000000] No NUMA configuration found
[    0.000000] Faking a node at [mem 0x0000000000000000-0x000000023fdfffff]
[    0.000000] Initmem setup node 0 [mem 0x00000000-0x23fdfffff]
[    0.000000]   NODE_DATA [mem 0x23fdfc000-0x23fdfffff]
[    0.000000]  [ffffea0000000000-ffffea0008ffffff] PMD -> [ffff880237600000-ffff88023f3fffff] on node 0
[    0.000000] Zone ranges:
[    0.000000]   DMA      [mem 0x00010000-0x00ffffff]
[    0.000000]   DMA32    [mem 0x01000000-0xffffffff]
[    0.000000]   Normal   [mem 0x100000000-0x23fdfffff]
[    0.000000] Movable zone start for each node
[    0.000000] Early memory node ranges
[    0.000000]   node   0: [mem 0x00010000-0x0009afff]
[    0.000000]   node   0: [mem 0x00100000-0x1fffffff]
[    0.000000]   node   0: [mem 0x20200000-0x3fffffff]
[    0.000000]   node   0: [mem 0x40200000-0xb677dfff]
[    0.000000]   node   0: [mem 0xb6dcd000-0xb6dcefff]
[    0.000000]   node   0: [mem 0xb6e81000-0xb6ffffff]
[    0.000000]   node   0: [mem 0x100000000-0x23fdfffff]
[    0.000000] On node 0 totalpages: 2056842
[    0.000000]   DMA zone: 64 pages used for memmap
[    0.000000]   DMA zone: 6 pages reserved
[    0.000000]   DMA zone: 3909 pages, LIFO batch:0
[    0.000000]   DMA32 zone: 16320 pages used for memmap
[    0.000000]   DMA32 zone: 726335 pages, LIFO batch:31
[    0.000000]   Normal zone: 20472 pages used for memmap
[    0.000000]   Normal zone: 1289736 pages, LIFO batch:31
[    0.000000] ACPI: PM-Timer IO Port: 0x408
[    0.000000] ACPI: Local APIC address 0xfee00000
[    0.000000] ACPI: LAPIC (acpi_id[0x01] lapic_id[0x00] enabled)
[    0.000000] ACPI: LAPIC (acpi_id[0x02] lapic_id[0x02] enabled)
[    0.000000] ACPI: LAPIC (acpi_id[0x03] lapic_id[0x04] enabled)
[    0.000000] ACPI: LAPIC (acpi_id[0x04] lapic_id[0x06] enabled)
[    0.000000] ACPI: LAPIC_NMI (acpi_id[0xff] high edge lint[0x1])
[    0.000000] ACPI: IOAPIC (id[0x00] address[0xfec00000] gsi_base[0])
[    0.000000] IOAPIC[0]: apic_id 0, version 32, address 0xfec00000, GSI 0-23
[    0.000000] ACPI: INT_SRC_OVR (bus 0 bus_irq 0 global_irq 2 dfl dfl)
[    0.000000] ACPI: INT_SRC_OVR (bus 0 bus_irq 9 global_irq 9 high level)
[    0.000000] ACPI: IRQ0 used by override.
[    0.000000] ACPI: IRQ2 used by override.
[    0.000000] ACPI: IRQ9 used by override.
[    0.000000] Using ACPI (MADT) for SMP configuration information
[    0.000000] ACPI: HPET id: 0x8086a701 base: 0xfed00000
[    0.000000] smpboot: Allowing 4 CPUs, 0 hotplug CPUs
[    0.000000] nr_irqs_gsi: 40
[    0.000000] e820: [mem 0xbfa00000-0xfed1bfff] available for PCI devices
[    0.000000] setup_percpu: NR_CPUS:64 nr_cpumask_bits:64 nr_cpu_ids:4 nr_node_ids:1
[    0.000000] PERCPU: Embedded 27 pages/cpu @ffff88023fa00000 s78400 r8192 d24000 u524288
[    0.000000] pcpu-alloc: s78400 r8192 d24000 u524288 alloc=1*2097152
[    0.000000] pcpu-alloc: [0] 0 1 2 3 
[    0.000000] Built 1 zonelists in Zone order, mobility grouping on.  Total pages: 2019980
[    0.000000] Policy zone: Normal
[    0.000000] Kernel command line: BOOT_IMAGE=/kernel-3.6.11 root=/dev/sdg3 ro
[    0.000000] PID hash table entries: 4096 (order: 3, 32768 bytes)
[    0.000000] __ex_table already sorted, skipping sort
[    0.000000] xsave: enabled xstate_bv 0x7, cntxt size 0x340
[    0.000000] Checking aperture...
[    0.000000] No AGP bridge found
[    0.000000] Memory: 8017152k/9435136k available (6345k kernel code, 1207768k absent, 210216k reserved, 6608k data, 572k init)
[    0.000000] SLUB: Genslabs=15, HWalign=64, Order=0-3, MinObjects=0, CPUs=4, Nodes=1
[    0.000000] Hierarchical RCU implementation.
[    0.000000] 	RCU restricting CPUs from NR_CPUS=64 to nr_cpu_ids=4.
[    0.000000] NR_IRQS:4352 nr_irqs:712 16
[    0.000000] Extended CMOS year: 2000
[    0.000000] Console: colour VGA+ 80x25
[    0.000000] console [tty0] enabled
[    0.000000] hpet clockevent registered
[    0.000000] tsc: Fast TSC calibration using PIT
[    0.001000] tsc: Detected 3299.814 MHz processor
[    0.000001] Calibrating delay loop (skipped), value calculated using timer frequency.. 6599.62 BogoMIPS (lpj=3299814)
[    0.000138] pid_max: default: 32768 minimum: 301
[    0.000218] Security Framework initialized
[    0.000590] Dentry cache hash table entries: 1048576 (order: 11, 8388608 bytes)
[    0.001865] Inode-cache hash table entries: 524288 (order: 10, 4194304 bytes)
[    0.002454] Mount-cache hash table entries: 256
[    0.002635] CPU: Physical Processor ID: 0
[    0.002702] CPU: Processor Core ID: 0
[    0.002770] ENERGY_PERF_BIAS: Set to 'normal', was 'performance'
               ENERGY_PERF_BIAS: View and update with x86_energy_perf_policy(8)
[    0.002884] mce: CPU supports 9 MCE banks
[    0.002960] CPU0: Thermal monitoring enabled (TM1)
[    0.003032] process: using mwait in idle threads
[    0.003101] Last level iTLB entries: 4KB 512, 2MB 0, 4MB 0
               Last level dTLB entries: 4KB 512, 2MB 32, 4MB 32
               tlb_flushall_shift is 0x5
[    0.003292] ACPI: Core revision 20120711
[    0.107594] ..TIMER: vector=0x30 apic1=0 pin1=2 apic2=-1 pin2=-1
[    0.117654] smpboot: CPU0: Intel(R) Core(TM) i5-2500K CPU @ 3.30GHz stepping 07
[    0.219668] Performance Events: PEBS fmt1+, 16-deep LBR, SandyBridge events, Intel PMU driver.
[    0.219916] perf_event_intel: PEBS disabled due to CPU errata, please upgrade microcode
[    0.220013] ... version:                3
[    0.220080] ... bit width:              48
[    0.220146] ... generic registers:      8
[    0.220213] ... value mask:             0000ffffffffffff
[    0.220281] ... max period:             000000007fffffff
[    0.220349] ... fixed-purpose events:   3
[    0.220416] ... event mask:             00000007000000ff
[    0.220586] smpboot: Booting Node   0, Processors  #1 #2 #3 OK
[    0.260498] Brought up 4 CPUs
[    0.260567] smpboot: Total of 4 processors activated (26398.51 BogoMIPS)
[    0.262727] devtmpfs: initialized
[    0.262912] NET: Registered protocol family 16
[    0.263029] kworker/u:0 (24) used greatest stack depth: 6560 bytes left
[    0.263102] kworker/u:0 (25) used greatest stack depth: 5696 bytes left
[    0.263298] ACPI: bus type pci registered
[    0.263408] PCI: MMCONFIG for domain 0000 [bus 00-3f] at [mem 0xe0000000-0xe3ffffff] (base 0xe0000000)
[    0.263507] PCI: not using MMCONFIG
[    0.263574] PCI: Using configuration type 1 for base access
[    0.266528] bio: create slab <bio-0> at 0
[    0.266663] ACPI: Added _OSI(Module Device)
[    0.266730] ACPI: Added _OSI(Processor Device)
[    0.266797] ACPI: Added _OSI(3.0 _SCP Extensions)
[    0.266866] ACPI: Added _OSI(Processor Aggregator Device)
[    0.267684] ACPI: EC: Look up EC in DSDT
[    0.268402] ACPI: Executed 1 blocks of module-level executable AML code
[    0.270164] ACPI: SSDT 00000000b6dd8918 003E0 (v01    AMI      IST 00000001 MSFT 03000001)
[    0.270549] ACPI: Dynamic OEM Table Load:
[    0.270690] ACPI: SSDT           (null) 003E0 (v01    AMI      IST 00000001 MSFT 03000001)
[    0.270876] ACPI: SSDT 00000000b6dd7d98 000E4 (v01    AMI      CST 00000001 MSFT 03000001)
[    0.271232] ACPI: Dynamic OEM Table Load:
[    0.271373] ACPI: SSDT           (null) 000E4 (v01    AMI      CST 00000001 MSFT 03000001)
[    0.271826] ACPI: Interpreter enabled
[    0.271894] ACPI: (supports S0 S5)
[    0.272037] ACPI: Using IOAPIC for interrupt routing
[    0.272117] PCI: MMCONFIG for domain 0000 [bus 00-3f] at [mem 0xe0000000-0xe3ffffff] (base 0xe0000000)
[    0.272248] PCI: MMCONFIG at [mem 0xe0000000-0xe3ffffff] reserved in ACPI motherboard resources
[    0.278086] [Firmware Bug]: ACPI: BIOS _OSI(Linux) query ignored
[    0.281836] ACPI: EC: GPE = 0x18, I/O: command/status = 0x66, data = 0x62
[    0.282019] ACPI: No dock devices found.
[    0.282087] PCI: Using host bridge windows from ACPI; if necessary, use "pci=nocrs" and report a bug
[    0.282293] ACPI: PCI Root Bridge [PCI0] (domain 0000 [bus 00-ff])
[    0.282472] pci_root PNP0A08:00: ignoring host bridge window [mem 0x000c8000-0x000dffff] (conflicts with Video ROM [mem 0x000c0000-0x000cdbff])
[    0.282577] pci_root PNP0A08:00: [Firmware Info]: MMCONFIG for domain 0000 [bus 00-3f] only partially covers this bridge
[    0.282696] PCI host bridge to bus 0000:00
[    0.282764] pci_bus 0000:00: busn_res: [bus 00-ff] is inserted under domain [bus 00-ff]
[    0.282765] pci_bus 0000:00: root bus resource [bus 00-ff]
[    0.282836] pci_bus 0000:00: root bus resource [io  0x0000-0x0cf7]
[    0.282906] pci_bus 0000:00: root bus resource [io  0x0d00-0xffff]
[    0.282976] pci_bus 0000:00: root bus resource [mem 0x000a0000-0x000bffff]
[    0.283048] pci_bus 0000:00: root bus resource [mem 0xbfa00000-0xffffffff]
[    0.283123] pci 0000:00:00.0: [8086:0100] type 00 class 0x060000
[    0.283149] pci 0000:00:01.0: [8086:0101] type 01 class 0x060400
[    0.283172] pci 0000:00:01.0: PME# supported from D0 D3hot D3cold
[    0.283187] pci 0000:00:02.0: [8086:0112] type 00 class 0x030000
[    0.283195] pci 0000:00:02.0: reg 10: [mem 0xfa400000-0xfa7fffff 64bit]
[    0.283199] pci 0000:00:02.0: reg 18: [mem 0xc0000000-0xcfffffff 64bit pref]
[    0.283202] pci 0000:00:02.0: reg 20: [io  0xf000-0xf03f]
[    0.283245] pci 0000:00:16.0: [8086:1c3a] type 00 class 0x078000
[    0.283266] pci 0000:00:16.0: reg 10: [mem 0xfad29000-0xfad2900f 64bit]
[    0.283336] pci 0000:00:16.0: PME# supported from D0 D3hot D3cold
[    0.283363] pci 0000:00:19.0: [8086:1503] type 00 class 0x020000
[    0.283379] pci 0000:00:19.0: reg 10: [mem 0xfad00000-0xfad1ffff]
[    0.283387] pci 0000:00:19.0: reg 14: [mem 0xfad28000-0xfad28fff]
[    0.283394] pci 0000:00:19.0: reg 18: [io  0xf080-0xf09f]
[    0.283453] pci 0000:00:19.0: PME# supported from D0 D3hot D3cold
[    0.283475] pci 0000:00:1a.0: [8086:1c2d] type 00 class 0x0c0320
[    0.283494] pci 0000:00:1a.0: reg 10: [mem 0xfad27000-0xfad273ff]
[    0.283579] pci 0000:00:1a.0: PME# supported from D0 D3hot D3cold
[    0.283601] pci 0000:00:1b.0: [8086:1c20] type 00 class 0x040300
[    0.283615] pci 0000:00:1b.0: reg 10: [mem 0xfad20000-0xfad23fff 64bit]
[    0.283677] pci 0000:00:1b.0: PME# supported from D0 D3hot D3cold
[    0.283697] pci 0000:00:1c.0: [8086:1c10] type 01 class 0x060400
[    0.283771] pci 0000:00:1c.0: PME# supported from D0 D3hot D3cold
[    0.283793] pci 0000:00:1c.1: [8086:1c12] type 01 class 0x060400
[    0.283868] pci 0000:00:1c.1: PME# supported from D0 D3hot D3cold
[    0.283890] pci 0000:00:1c.2: [8086:1c14] type 01 class 0x060400
[    0.283964] pci 0000:00:1c.2: PME# supported from D0 D3hot D3cold
[    0.283986] pci 0000:00:1c.3: [8086:1c16] type 01 class 0x060400
[    0.284060] pci 0000:00:1c.3: PME# supported from D0 D3hot D3cold
[    0.284083] pci 0000:00:1c.4: [8086:1c18] type 01 class 0x060400
[    0.284156] pci 0000:00:1c.4: PME# supported from D0 D3hot D3cold
[    0.284180] pci 0000:00:1c.6: [8086:244e] type 01 class 0x060401
[    0.284253] pci 0000:00:1c.6: PME# supported from D0 D3hot D3cold
[    0.284276] pci 0000:00:1c.7: [8086:1c1e] type 01 class 0x060400
[    0.284349] pci 0000:00:1c.7: PME# supported from D0 D3hot D3cold
[    0.284376] pci 0000:00:1d.0: [8086:1c26] type 00 class 0x0c0320
[    0.284395] pci 0000:00:1d.0: reg 10: [mem 0xfad26000-0xfad263ff]
[    0.284480] pci 0000:00:1d.0: PME# supported from D0 D3hot D3cold
[    0.284502] pci 0000:00:1f.0: [8086:1c44] type 00 class 0x060100
[    0.284618] pci 0000:00:1f.2: [8086:1c02] type 00 class 0x010601
[    0.284635] pci 0000:00:1f.2: reg 10: [io  0xf0d0-0xf0d7]
[    0.284642] pci 0000:00:1f.2: reg 14: [io  0xf0c0-0xf0c3]
[    0.284649] pci 0000:00:1f.2: reg 18: [io  0xf0b0-0xf0b7]
[    0.284656] pci 0000:00:1f.2: reg 1c: [io  0xf0a0-0xf0a3]
[    0.284663] pci 0000:00:1f.2: reg 20: [io  0xf060-0xf07f]
[    0.284670] pci 0000:00:1f.2: reg 24: [mem 0xfad25000-0xfad257ff]
[    0.284710] pci 0000:00:1f.2: PME# supported from D3hot
[    0.284725] pci 0000:00:1f.3: [8086:1c22] type 00 class 0x0c0500
[    0.284739] pci 0000:00:1f.3: reg 10: [mem 0xfad24000-0xfad240ff 64bit]
[    0.284758] pci 0000:00:1f.3: reg 20: [io  0xf040-0xf05f]
[    0.284796] pci_bus 0000:01: busn_res: [bus 01] is inserted under [bus 00-ff]
[    0.284807] pci 0000:01:00.0: [10de:1245] type 00 class 0x030000
[    0.284815] pci 0000:01:00.0: reg 10: [mem 0xf8000000-0xf9ffffff]
[    0.284824] pci 0000:01:00.0: reg 14: [mem 0xd0000000-0xd7ffffff 64bit pref]
[    0.284833] pci 0000:01:00.0: reg 1c: [mem 0xd8000000-0xdbffffff 64bit pref]
[    0.284839] pci 0000:01:00.0: reg 24: [io  0xe000-0xe07f]
[    0.284844] pci 0000:01:00.0: reg 30: [mem 0xfa000000-0xfa07ffff pref]
[    0.284892] pci 0000:01:00.1: [10de:0bee] type 00 class 0x040300
[    0.284900] pci 0000:01:00.1: reg 10: [mem 0xfa080000-0xfa083fff]
[    0.286826] pci 0000:00:01.0: PCI bridge to [bus 01]
[    0.286895] pci 0000:00:01.0:   bridge window [io  0xe000-0xefff]
[    0.286897] pci 0000:00:01.0:   bridge window [mem 0xf8000000-0xfa0fffff]
[    0.286899] pci 0000:00:01.0:   bridge window [mem 0xd0000000-0xdbffffff 64bit pref]
[    0.286939] pci_bus 0000:02: busn_res: [bus 02] is inserted under [bus 00-ff]
[    0.286942] pci 0000:00:1c.0: PCI bridge to [bus 02]
[    0.287057] pci_bus 0000:03: busn_res: [bus 03] is inserted under [bus 00-ff]
[    0.287086] pci 0000:03:00.0: [1b21:1042] type 00 class 0x0c0330
[    0.287114] pci 0000:03:00.0: reg 10: [mem 0xfac00000-0xfac07fff 64bit]
[    0.287257] pci 0000:03:00.0: PME# supported from D3hot D3cold
[    0.288827] pci 0000:00:1c.1: PCI bridge to [bus 03]
[    0.289358] pci 0000:00:1c.1:   bridge window [mem 0xfac00000-0xfacfffff]
[    0.289402] pci_bus 0000:04: busn_res: [bus 04] is inserted under [bus 00-ff]
[    0.289405] pci 0000:00:1c.2: PCI bridge to [bus 04]
[    0.289519] pci_bus 0000:05: busn_res: [bus 05] is inserted under [bus 00-ff]
[    0.289541] pci 0000:05:00.0: [197b:2362] type 00 class 0x010185
[    0.289575] pci 0000:05:00.0: reg 10: [io  0xd040-0xd047]
[    0.289591] pci 0000:05:00.0: reg 14: [io  0xd030-0xd033]
[    0.289606] pci 0000:05:00.0: reg 18: [io  0xd020-0xd027]
[    0.289622] pci 0000:05:00.0: reg 1c: [io  0xd010-0xd013]
[    0.289638] pci 0000:05:00.0: reg 20: [io  0xd000-0xd00f]
[    0.289653] pci 0000:05:00.0: reg 24: [mem 0xfab10000-0xfab101ff]
[    0.289669] pci 0000:05:00.0: reg 30: [mem 0x00000000-0x0000ffff pref]
[    0.289729] pci 0000:05:00.0: PME# supported from D3hot
[    0.291825] pci 0000:00:1c.3: PCI bridge to [bus 05]
[    0.291895] pci 0000:00:1c.3:   bridge window [io  0xd000-0xdfff]
[    0.291899] pci 0000:00:1c.3:   bridge window [mem 0xfab00000-0xfabfffff]
[    0.291943] pci_bus 0000:06: busn_res: [bus 06] is inserted under [bus 00-ff]
[    0.291971] pci 0000:06:00.0: [1b21:1042] type 00 class 0x0c0330
[    0.291999] pci 0000:06:00.0: reg 10: [mem 0xfaa00000-0xfaa07fff 64bit]
[    0.292144] pci 0000:06:00.0: PME# supported from D3hot D3cold
[    0.293822] pci 0000:00:1c.4: PCI bridge to [bus 06]
[    0.293894] pci 0000:00:1c.4:   bridge window [mem 0xfaa00000-0xfaafffff]
[    0.293938] pci_bus 0000:07: busn_res: [bus 07-08] is inserted under [bus 00-ff]
[    0.293954] pci 0000:07:00.0: [1b21:1080] type 01 class 0x060401
[    0.294073] pci 0000:00:1c.6: PCI bridge to [bus 07-08] (subtractive decode)
[    0.294147] pci 0000:00:1c.6:   bridge window [io  0xc000-0xcfff]
[    0.294150] pci 0000:00:1c.6:   bridge window [mem 0xfa900000-0xfa9fffff]
[    0.294156] pci 0000:00:1c.6:   bridge window [io  0x0000-0x0cf7] (subtractive decode)
[    0.294157] pci 0000:00:1c.6:   bridge window [io  0x0d00-0xffff] (subtractive decode)
[    0.294158] pci 0000:00:1c.6:   bridge window [mem 0x000a0000-0x000bffff] (subtractive decode)
[    0.294159] pci 0000:00:1c.6:   bridge window [mem 0xbfa00000-0xffffffff] (subtractive decode)
[    0.294199] pci_bus 0000:08: busn_res: [bus 08] is inserted under [bus 07-08]
[    0.294222] pci 0000:08:02.0: [1106:3044] type 00 class 0x0c0010
[    0.294253] pci 0000:08:02.0: reg 10: [mem 0xfa900000-0xfa9007ff]
[    0.294270] pci 0000:08:02.0: reg 14: [io  0xc000-0xc07f]
[    0.294399] pci 0000:08:02.0: supports D2
[    0.294400] pci 0000:08:02.0: PME# supported from D2 D3hot D3cold
[    0.294480] pci 0000:07:00.0: PCI bridge to [bus 08] (subtractive decode)
[    0.294558] pci 0000:07:00.0:   bridge window [io  0xc000-0xcfff]
[    0.294564] pci 0000:07:00.0:   bridge window [mem 0xfa900000-0xfa9fffff]
[    0.294573] pci 0000:07:00.0:   bridge window [io  0xc000-0xcfff] (subtractive decode)
[    0.294575] pci 0000:07:00.0:   bridge window [mem 0xfa900000-0xfa9fffff] (subtractive decode)
[    0.294576] pci 0000:07:00.0:   bridge window [??? 0x00000000 flags 0x0] (subtractive decode)
[    0.294577] pci 0000:07:00.0:   bridge window [??? 0x00000000 flags 0x0] (subtractive decode)
[    0.294578] pci 0000:07:00.0:   bridge window [io  0x0000-0x0cf7] (subtractive decode)
[    0.294579] pci 0000:07:00.0:   bridge window [io  0x0d00-0xffff] (subtractive decode)
[    0.294580] pci 0000:07:00.0:   bridge window [mem 0x000a0000-0x000bffff] (subtractive decode)
[    0.294581] pci 0000:07:00.0:   bridge window [mem 0xbfa00000-0xffffffff] (subtractive decode)
[    0.294631] pci_bus 0000:09: busn_res: [bus 09] is inserted under [bus 00-ff]
[    0.294654] pci 0000:09:00.0: [1b4b:9172] type 00 class 0x010601
[    0.294670] pci 0000:09:00.0: reg 10: [io  0xb040-0xb047]
[    0.294682] pci 0000:09:00.0: reg 14: [io  0xb030-0xb033]
[    0.294695] pci 0000:09:00.0: reg 18: [io  0xb020-0xb027]
[    0.294707] pci 0000:09:00.0: reg 1c: [io  0xb010-0xb013]
[    0.294719] pci 0000:09:00.0: reg 20: [io  0xb000-0xb00f]
[    0.294731] pci 0000:09:00.0: reg 24: [mem 0xfa810000-0xfa8101ff]
[    0.294743] pci 0000:09:00.0: reg 30: [mem 0xfa800000-0xfa80ffff pref]
[    0.294800] pci 0000:09:00.0: PME# supported from D3hot
[    0.296818] pci 0000:00:1c.7: PCI bridge to [bus 09]
[    0.296889] pci 0000:00:1c.7:   bridge window [io  0xb000-0xbfff]
[    0.296892] pci 0000:00:1c.7:   bridge window [mem 0xfa800000-0xfa8fffff]
[    0.296928] ACPI: PCI Interrupt Routing Table [\_SB_.PCI0._PRT]
[    0.296979] ACPI: PCI Interrupt Routing Table [\_SB_.PCI0.P0P1._PRT]
[    0.296994] ACPI: PCI Interrupt Routing Table [\_SB_.PCI0.PEX0._PRT]
[    0.297008] ACPI: PCI Interrupt Routing Table [\_SB_.PCI0.PEX1._PRT]
[    0.297021] ACPI: PCI Interrupt Routing Table [\_SB_.PCI0.PEX2._PRT]
[    0.297035] ACPI: PCI Interrupt Routing Table [\_SB_.PCI0.PEX3._PRT]
[    0.297058] ACPI: PCI Interrupt Routing Table [\_SB_.PCI0.PEX4._PRT]
[    0.297072] ACPI: PCI Interrupt Routing Table [\_SB_.PCI0.PEX6._PRT]
[    0.297087] ACPI: PCI Interrupt Routing Table [\_SB_.PCI0.PEX6.BR24._PRT]
[    0.297113] ACPI: PCI Interrupt Routing Table [\_SB_.PCI0.PEX7._PRT]
[    0.297180]  pci0000:00: Requesting ACPI _OSC control (0x1d)
[    0.297364]  pci0000:00: ACPI _OSC control (0x1c) granted
[    0.300171] ACPI: PCI Interrupt Link [LNKA] (IRQs 3 4 5 6 7 10 *11 12 14 15)
[    0.300711] ACPI: PCI Interrupt Link [LNKB] (IRQs 3 4 5 6 7 *10 11 12 14 15)
[    0.301251] ACPI: PCI Interrupt Link [LNKC] (IRQs *3 4 5 6 10 11 12 14 15)
[    0.301752] ACPI: PCI Interrupt Link [LNKD] (IRQs 3 4 5 6 10 *11 12 14 15)
[    0.302254] ACPI: PCI Interrupt Link [LNKE] (IRQs 3 4 6 7 *10 11 12 14 15)
[    0.302755] ACPI: PCI Interrupt Link [LNKF] (IRQs 3 4 *5 6 7 10 11 12 14 15)
[    0.303294] ACPI: PCI Interrupt Link [LNKG] (IRQs 3 *4 5 6 7 10 11 12 14 15)
[    0.303834] ACPI: PCI Interrupt Link [LNKH] (IRQs 3 4 5 6 *7 10 11 12 14 15)
[    0.304421] vgaarb: device added: PCI:0000:00:02.0,decodes=io+mem,owns=io+mem,locks=none
[    0.304520] vgaarb: device added: PCI:0000:01:00.0,decodes=io+mem,owns=none,locks=none
[    0.304617] vgaarb: loaded
[    0.304681] vgaarb: bridge control possible 0000:01:00.0
[    0.304749] vgaarb: no bridge control possible 0000:00:02.0
[    0.304880] SCSI subsystem initialized
[    0.304949] ACPI: bus type scsi registered
[    0.305057] libata version 3.00 loaded.
[    0.305072] ACPI: bus type usb registered
[    0.305167] usbcore: registered new interface driver usbfs
[    0.305249] usbcore: registered new interface driver hub
[    0.305334] usbcore: registered new device driver usb
[    0.305480] PCI: Using ACPI for IRQ routing
[    0.306867] PCI: pci_cache_line_size set to 64 bytes
[    0.306947] e820: reserve RAM buffer [mem 0x0009b400-0x0009ffff]
[    0.306948] e820: reserve RAM buffer [mem 0xb677e000-0xb7ffffff]
[    0.306950] e820: reserve RAM buffer [mem 0xb6dcf000-0xb7ffffff]
[    0.306951] e820: reserve RAM buffer [mem 0xb7000000-0xb7ffffff]
[    0.306952] e820: reserve RAM buffer [mem 0x23fe00000-0x23fffffff]
[    0.307036] NetLabel: Initializing
[    0.307102] NetLabel:  domain hash size = 128
[    0.307168] NetLabel:  protocols = UNLABELED CIPSOv4
[    0.307241] NetLabel:  unlabeled traffic allowed by default
[    0.307325] hpet0: at MMIO 0xfed00000, IRQs 2, 8, 0, 0, 0, 0, 0, 0
[    0.307728] hpet0: 8 comparators, 64-bit 14.318180 MHz counter
[    0.309809] Switching to clocksource hpet
[    0.311199] pnp: PnP ACPI init
[    0.311269] ACPI: bus type pnp registered
[    0.311407] pnp 00:00: [bus 00-ff]
[    0.311408] pnp 00:00: [io  0x0cf8-0x0cff]
[    0.311410] pnp 00:00: [io  0x0000-0x0cf7 window]
[    0.311411] pnp 00:00: [io  0x0d00-0xffff window]
[    0.311412] pnp 00:00: [mem 0x000a0000-0x000bffff window]
[    0.311413] pnp 00:00: [mem 0x000c8000-0x000dffff window]
[    0.311414] pnp 00:00: [mem 0xbfa00000-0xffffffff window]
[    0.311416] pnp 00:00: [mem 0x00000000 window]
[    0.311458] pnp 00:00: Plug and Play ACPI device, IDs PNP0a08 PNP0a03 (active)
[    0.311490] pnp 00:01: [mem 0xfed10000-0xfed19fff]
[    0.311491] pnp 00:01: [mem 0xe0000000-0xe3ffffff]
[    0.311492] pnp 00:01: [mem 0xfed90000-0xfed93fff]
[    0.311493] pnp 00:01: [mem 0xfed20000-0xfed3ffff]
[    0.311494] pnp 00:01: [mem 0xfee00000-0xfee0ffff]
[    0.311533] system 00:01: [mem 0xfed10000-0xfed19fff] has been reserved
[    0.311604] system 00:01: [mem 0xe0000000-0xe3ffffff] has been reserved
[    0.311676] system 00:01: [mem 0xfed90000-0xfed93fff] has been reserved
[    0.311747] system 00:01: [mem 0xfed20000-0xfed3ffff] has been reserved
[    0.311818] system 00:01: [mem 0xfee00000-0xfee0ffff] has been reserved
[    0.311889] system 00:01: Plug and Play ACPI device, IDs PNP0c01 (active)
[    0.311933] pnp 00:02: [io  0x0000-0xffffffffffffffff disabled]
[    0.311934] pnp 00:02: [io  0x0000-0xffffffffffffffff disabled]
[    0.311935] pnp 00:02: [io  0x0290-0x029f]
[    0.311937] pnp 00:02: [io  0x0000-0xffffffffffffffff disabled]
[    0.311972] system 00:02: [io  0x0290-0x029f] has been reserved
[    0.312042] system 00:02: Plug and Play ACPI device, IDs PNP0c02 (active)
[    0.312049] pnp 00:03: [dma 4]
[    0.312050] pnp 00:03: [io  0x0000-0x000f]
[    0.312051] pnp 00:03: [io  0x0081-0x0083]
[    0.312055] pnp 00:03: [io  0x0087]
[    0.312056] pnp 00:03: [io  0x0089-0x008b]
[    0.312057] pnp 00:03: [io  0x008f]
[    0.312058] pnp 00:03: [io  0x00c0-0x00df]
[    0.312083] pnp 00:03: Plug and Play ACPI device, IDs PNP0200 (active)
[    0.312088] pnp 00:04: [io  0x0070-0x0071]
[    0.312096] pnp 00:04: [irq 8]
[    0.312121] pnp 00:04: Plug and Play ACPI device, IDs PNP0b00 (active)
[    0.312125] pnp 00:05: [io  0x0061]
[    0.312151] pnp 00:05: Plug and Play ACPI device, IDs PNP0800 (active)
[    0.312160] pnp 00:06: [io  0x0010-0x001f]
[    0.312161] pnp 00:06: [io  0x0022-0x003f]
[    0.312162] pnp 00:06: [io  0x0044-0x005f]
[    0.312163] pnp 00:06: [io  0x0063]
[    0.312164] pnp 00:06: [io  0x0065]
[    0.312165] pnp 00:06: [io  0x0067-0x006f]
[    0.312166] pnp 00:06: [io  0x0072-0x007f]
[    0.312167] pnp 00:06: [io  0x0080]
[    0.312168] pnp 00:06: [io  0x0084-0x0086]
[    0.312169] pnp 00:06: [io  0x0088]
[    0.312170] pnp 00:06: [io  0x008c-0x008e]
[    0.312171] pnp 00:06: [io  0x0090-0x009f]
[    0.312172] pnp 00:06: [io  0x00a2-0x00bf]
[    0.312173] pnp 00:06: [io  0x00e0-0x00ef]
[    0.312174] pnp 00:06: [io  0x04d0-0x04d1]
[    0.312212] system 00:06: [io  0x04d0-0x04d1] has been reserved
[    0.312283] system 00:06: Plug and Play ACPI device, IDs PNP0c02 (active)
[    0.312287] pnp 00:07: [io  0x00f0-0x00ff]
[    0.312291] pnp 00:07: [irq 13]
[    0.312318] pnp 00:07: Plug and Play ACPI device, IDs PNP0c04 (active)
[    0.312473] pnp 00:08: [io  0x0400-0x0453]
[    0.312474] pnp 00:08: [io  0x0458-0x047f]
[    0.312476] pnp 00:08: [io  0x0000-0xffffffffffffffff disabled]
[    0.312477] pnp 00:08: [io  0x0500-0x057f]
[    0.312478] pnp 00:08: [mem 0xfed1c000-0xfed1ffff]
[    0.312479] pnp 00:08: [mem 0xfec00000-0xfecfffff]
[    0.312480] pnp 00:08: [mem 0xfed08000-0xfed08fff]
[    0.312481] pnp 00:08: [mem 0xff000000-0xffffffff]
[    0.312519] system 00:08: [io  0x0400-0x0453] has been reserved
[    0.312588] system 00:08: [io  0x0458-0x047f] has been reserved
[    0.312658] system 00:08: [io  0x0500-0x057f] has been reserved
[    0.312728] system 00:08: [mem 0xfed1c000-0xfed1ffff] has been reserved
[    0.312800] system 00:08: [mem 0xfec00000-0xfecfffff] could not be reserved
[    0.312871] system 00:08: [mem 0xfed08000-0xfed08fff] has been reserved
[    0.312950] system 00:08: [mem 0xff000000-0xffffffff] has been reserved
[    0.313021] system 00:08: Plug and Play ACPI device, IDs PNP0c01 (active)
[    0.313042] pnp 00:09: [io  0x0454-0x0457]
[    0.313078] system 00:09: [io  0x0454-0x0457] has been reserved
[    0.313148] system 00:09: Plug and Play ACPI device, IDs INT3f0d PNP0c02 (active)
[    0.313218] pnp 00:0a: [mem 0xfed00000-0xfed003ff]
[    0.313253] pnp 00:0a: Plug and Play ACPI device, IDs PNP0103 (active)
[    0.313340] pnp: PnP ACPI: found 11 devices
[    0.313408] ACPI: ACPI bus type pnp unregistered
[    0.320611] pci 0000:00:1c.3: BAR 15: assigned [mem 0xbfa00000-0xbfafffff pref]
[    0.320707] pci 0000:00:01.0: PCI bridge to [bus 01]
[    0.320776] pci 0000:00:01.0:   bridge window [io  0xe000-0xefff]
[    0.320847] pci 0000:00:01.0:   bridge window [mem 0xf8000000-0xfa0fffff]
[    0.320927] pci 0000:00:01.0:   bridge window [mem 0xd0000000-0xdbffffff 64bit pref]
[    0.321024] pci 0000:00:1c.0: PCI bridge to [bus 02]
[    0.321101] pci 0000:00:1c.1: PCI bridge to [bus 03]
[    0.321172] pci 0000:00:1c.1:   bridge window [mem 0xfac00000-0xfacfffff]
[    0.321249] pci 0000:00:1c.2: PCI bridge to [bus 04]
[    0.321326] pci 0000:05:00.0: BAR 6: assigned [mem 0xbfa00000-0xbfa0ffff pref]
[    0.321420] pci 0000:00:1c.3: PCI bridge to [bus 05]
[    0.321490] pci 0000:00:1c.3:   bridge window [io  0xd000-0xdfff]
[    0.321562] pci 0000:00:1c.3:   bridge window [mem 0xfab00000-0xfabfffff]
[    0.321635] pci 0000:00:1c.3:   bridge window [mem 0xbfa00000-0xbfafffff pref]
[    0.321734] pci 0000:00:1c.4: PCI bridge to [bus 06]
[    0.321805] pci 0000:00:1c.4:   bridge window [mem 0xfaa00000-0xfaafffff]
[    0.321882] pci 0000:07:00.0: PCI bridge to [bus 08]
[    0.321958] pci 0000:07:00.0:   bridge window [io  0xc000-0xcfff]
[    0.322034] pci 0000:07:00.0:   bridge window [mem 0xfa900000-0xfa9fffff]
[    0.322117] pci 0000:00:1c.6: PCI bridge to [bus 07-08]
[    0.322186] pci 0000:00:1c.6:   bridge window [io  0xc000-0xcfff]
[    0.322258] pci 0000:00:1c.6:   bridge window [mem 0xfa900000-0xfa9fffff]
[    0.322334] pci 0000:00:1c.7: PCI bridge to [bus 09]
[    0.322403] pci 0000:00:1c.7:   bridge window [io  0xb000-0xbfff]
[    0.322476] pci 0000:00:1c.7:   bridge window [mem 0xfa800000-0xfa8fffff]
[    0.322593] pci 0000:07:00.0: setting latency timer to 64
[    0.322600] pci_bus 0000:00: resource 4 [io  0x0000-0x0cf7]
[    0.322602] pci_bus 0000:00: resource 5 [io  0x0d00-0xffff]
[    0.322603] pci_bus 0000:00: resource 6 [mem 0x000a0000-0x000bffff]
[    0.322604] pci_bus 0000:00: resource 7 [mem 0xbfa00000-0xffffffff]
[    0.322605] pci_bus 0000:01: resource 0 [io  0xe000-0xefff]
[    0.322606] pci_bus 0000:01: resource 1 [mem 0xf8000000-0xfa0fffff]
[    0.322607] pci_bus 0000:01: resource 2 [mem 0xd0000000-0xdbffffff 64bit pref]
[    0.322609] pci_bus 0000:03: resource 1 [mem 0xfac00000-0xfacfffff]
[    0.322610] pci_bus 0000:05: resource 0 [io  0xd000-0xdfff]
[    0.322611] pci_bus 0000:05: resource 1 [mem 0xfab00000-0xfabfffff]
[    0.322612] pci_bus 0000:05: resource 2 [mem 0xbfa00000-0xbfafffff pref]
[    0.322613] pci_bus 0000:06: resource 1 [mem 0xfaa00000-0xfaafffff]
[    0.322614] pci_bus 0000:07: resource 0 [io  0xc000-0xcfff]
[    0.322616] pci_bus 0000:07: resource 1 [mem 0xfa900000-0xfa9fffff]
[    0.322617] pci_bus 0000:07: resource 4 [io  0x0000-0x0cf7]
[    0.322618] pci_bus 0000:07: resource 5 [io  0x0d00-0xffff]
[    0.322619] pci_bus 0000:07: resource 6 [mem 0x000a0000-0x000bffff]
[    0.322620] pci_bus 0000:07: resource 7 [mem 0xbfa00000-0xffffffff]
[    0.322621] pci_bus 0000:08: resource 0 [io  0xc000-0xcfff]
[    0.322622] pci_bus 0000:08: resource 1 [mem 0xfa900000-0xfa9fffff]
[    0.322623] pci_bus 0000:08: resource 4 [io  0xc000-0xcfff]
[    0.322625] pci_bus 0000:08: resource 5 [mem 0xfa900000-0xfa9fffff]
[    0.322626] pci_bus 0000:08: resource 8 [io  0x0000-0x0cf7]
[    0.322627] pci_bus 0000:08: resource 9 [io  0x0d00-0xffff]
[    0.322628] pci_bus 0000:08: resource 10 [mem 0x000a0000-0x000bffff]
[    0.322629] pci_bus 0000:08: resource 11 [mem 0xbfa00000-0xffffffff]
[    0.322630] pci_bus 0000:09: resource 0 [io  0xb000-0xbfff]
[    0.322631] pci_bus 0000:09: resource 1 [mem 0xfa800000-0xfa8fffff]
[    0.322650] NET: Registered protocol family 2
[    0.323095] TCP established hash table entries: 524288 (order: 11, 8388608 bytes)
[    0.324191] TCP bind hash table entries: 65536 (order: 8, 1048576 bytes)
[    0.324383] TCP: Hash tables configured (established 524288 bind 65536)
[    0.324464] TCP: reno registered
[    0.324538] UDP hash table entries: 4096 (order: 5, 131072 bytes)
[    0.324629] UDP-Lite hash table entries: 4096 (order: 5, 131072 bytes)
[    0.324757] NET: Registered protocol family 1
[    0.324874] RPC: Registered named UNIX socket transport module.
[    0.324953] RPC: Registered udp transport module.
[    0.325020] RPC: Registered tcp transport module.
[    0.325087] RPC: Registered tcp NFSv4.1 backchannel transport module.
[    0.325170] pci 0000:00:02.0: Boot video device
[    0.571770] PCI: CLS 64 bytes, default 64
[    0.571802] PCI-DMA: Using software bounce buffering for IO (SWIOTLB)
[    0.571873] software IO TLB [mem 0xb277e000-0xb677dfff] (64MB) mapped at [ffff8800b277e000-ffff8800b677dfff]
[    0.572518] microcode: CPU0 sig=0x206a7, pf=0x2, revision=0x14
[    0.572592] microcode: CPU1 sig=0x206a7, pf=0x2, revision=0x14
[    0.572672] microcode: CPU2 sig=0x206a7, pf=0x2, revision=0x14
[    0.572746] microcode: CPU3 sig=0x206a7, pf=0x2, revision=0x14
[    0.572843] microcode: Microcode Update Driver: v2.00 <tigran@aivazian.fsnet.co.uk>, Peter Oruba
[    0.573490] sha1_ssse3: Using AVX optimized SHA-1 implementation
[    0.588321] HugeTLB registered 2 MB page size, pre-allocated 0 pages
[    0.590306] VFS: Disk quotas dquot_6.5.2
[    0.590414] Dquot-cache hash table entries: 512 (order 0, 4096 bytes)
[    0.591059] NFS: Registering the id_resolver key type
[    0.591132] Key type id_resolver registered
[    0.591200] Key type id_legacy registered
[    0.591305] msgmni has been set to 15658
[    0.592319] NET: Registered protocol family 38
[    0.592439] Block layer SCSI generic (bsg) driver version 0.4 loaded (major 253)
[    0.592534] io scheduler noop registered
[    0.592600] io scheduler deadline registered
[    0.592710] io scheduler cfq registered (default)
[    0.592849] pcieport 0000:00:01.0: irq 40 for MSI/MSI-X
[    0.592950] pcieport 0000:00:1c.0: irq 41 for MSI/MSI-X
[    0.593051] pcieport 0000:00:1c.1: irq 42 for MSI/MSI-X
[    0.593153] pcieport 0000:00:1c.2: irq 43 for MSI/MSI-X
[    0.593254] pcieport 0000:00:1c.3: irq 44 for MSI/MSI-X
[    0.593356] pcieport 0000:00:1c.4: irq 45 for MSI/MSI-X
[    0.593458] pcieport 0000:00:1c.7: irq 46 for MSI/MSI-X
[    0.593588] pci_hotplug: PCI Hot Plug PCI Core version: 0.5
[    0.593792] input: Power Button as /devices/LNXSYSTM:00/device:00/PNP0C0C:00/input/input0
[    0.593891] ACPI: Power Button [PWRB]
[    0.593995] input: Power Button as /devices/LNXSYSTM:00/LNXPWRBN:00/input/input1
[    0.594090] ACPI: Power Button [PWRF]
[    0.594243] ACPI: Requesting acpi_cpufreq
[    0.594434] Monitor-Mwait will be used to enter C-1 state
[    0.594441] Monitor-Mwait will be used to enter C-3 state
[    0.594453] ACPI: acpi_idle registered with cpuidle
[    0.596684] Serial: 8250/16550 driver, 4 ports, IRQ sharing enabled
[    0.597157] Non-volatile memory driver v1.3
[    0.597224] Linux agpgart interface v0.103
[    0.597380] [drm] Initialized drm 1.1.0 20060810
[    0.597483] [drm:drm_pci_agp_init] *ERROR* Cannot initialize the agpgart module.
[    0.597579] DRM: Fill_in_dev failed.
[    0.598274] loop: module loaded
[    0.598470] ahci 0000:00:1f.2: version 3.0
[    0.598508] ahci 0000:00:1f.2: irq 47 for MSI/MSI-X
[    0.608645] ahci 0000:00:1f.2: AHCI 0001.0300 32 slots 6 ports 6 Gbps 0x3f impl SATA mode
[    0.608743] ahci 0000:00:1f.2: flags: 64bit ncq sntf pm led clo pio slum part ems apst 
[    0.608841] ahci 0000:00:1f.2: setting latency timer to 64
[    0.619034] scsi0 : ahci
[    0.619166] scsi1 : ahci
[    0.619290] scsi2 : ahci
[    0.619414] scsi3 : ahci
[    0.619537] scsi4 : ahci
[    0.619673] scsi5 : ahci
[    0.619787] ata1: SATA max UDMA/133 abar m2048@0xfad25000 port 0xfad25100 irq 47
[    0.619882] ata2: SATA max UDMA/133 abar m2048@0xfad25000 port 0xfad25180 irq 47
[    0.619978] ata3: SATA max UDMA/133 abar m2048@0xfad25000 port 0xfad25200 irq 47
[    0.620073] ata4: SATA max UDMA/133 abar m2048@0xfad25000 port 0xfad25280 irq 47
[    0.620168] ata5: SATA max UDMA/133 abar m2048@0xfad25000 port 0xfad25300 irq 47
[    0.620264] ata6: SATA max UDMA/133 abar m2048@0xfad25000 port 0xfad25380 irq 47
[    0.620490] ahci 0000:05:00.0: AHCI 0001.0100 32 slots 2 ports 3 Gbps 0x3 impl SATA mode
[    0.620589] ahci 0000:05:00.0: flags: 64bit ncq pm led clo pmp pio slum part 
[    0.620900] scsi6 : ahci
[    0.621028] scsi7 : ahci
[    0.621144] ata7: SATA max UDMA/133 abar m512@0xfab10000 port 0xfab10100 irq 19
[    0.621240] ata8: SATA max UDMA/133 abar m512@0xfab10000 port 0xfab10180 irq 19
[    0.621408] ahci 0000:09:00.0: irq 48 for MSI/MSI-X
[    0.621461] ahci 0000:09:00.0: AHCI 0001.0000 32 slots 2 ports 6 Gbps 0x3 impl SATA mode
[    0.621559] ahci 0000:09:00.0: flags: 64bit ncq sntf led only pmp fbs pio slum part sxs 
[    0.621901] scsi8 : ahci
[    0.622023] scsi9 : ahci
[    0.622135] ata9: SATA max UDMA/133 abar m512@0xfa810000 port 0xfa810100 irq 48
[    0.622232] ata10: SATA max UDMA/133 abar m512@0xfa810000 port 0xfa810180 irq 48
[    0.622488] ehci_hcd: USB 2.0 'Enhanced' Host Controller (EHCI) Driver
[    0.622573] ehci_hcd 0000:00:1a.0: setting latency timer to 64
[    0.622576] ehci_hcd 0000:00:1a.0: EHCI Host Controller
[    0.623150] ehci_hcd 0000:00:1a.0: new USB bus registered, assigned bus number 1
[    0.627138] ehci_hcd 0000:00:1a.0: debug port 2
[    0.627210] ehci_hcd 0000:00:1a.0: cache line size of 64 is not supported
[    0.627220] ehci_hcd 0000:00:1a.0: irq 23, io mem 0xfad27000
[    0.632596] ehci_hcd 0000:00:1a.0: USB 2.0 started, EHCI 1.00
[    0.632676] usb usb1: New USB device found, idVendor=1d6b, idProduct=0002
[    0.632748] usb usb1: New USB device strings: Mfr=3, Product=2, SerialNumber=1
[    0.632843] usb usb1: Product: EHCI Host Controller
[    0.632912] usb usb1: Manufacturer: Linux 3.6.11 ehci_hcd
[    0.632981] usb usb1: SerialNumber: 0000:00:1a.0
[    0.633131] hub 1-0:1.0: USB hub found
[    0.633199] hub 1-0:1.0: 2 ports detected
[    0.633294] ehci_hcd 0000:00:1d.0: setting latency timer to 64
[    0.633297] ehci_hcd 0000:00:1d.0: EHCI Host Controller
[    0.633395] ehci_hcd 0000:00:1d.0: new USB bus registered, assigned bus number 2
[    0.637383] ehci_hcd 0000:00:1d.0: debug port 2
[    0.637456] ehci_hcd 0000:00:1d.0: cache line size of 64 is not supported
[    0.637458] ehci_hcd 0000:00:1d.0: irq 23, io mem 0xfad26000
[    0.642586] ehci_hcd 0000:00:1d.0: USB 2.0 started, EHCI 1.00
[    0.642661] usb usb2: New USB device found, idVendor=1d6b, idProduct=0002
[    0.642735] usb usb2: New USB device strings: Mfr=3, Product=2, SerialNumber=1
[    0.642830] usb usb2: Product: EHCI Host Controller
[    0.642898] usb usb2: Manufacturer: Linux 3.6.11 ehci_hcd
[    0.642967] usb usb2: SerialNumber: 0000:00:1d.0
[    0.643105] hub 2-0:1.0: USB hub found
[    0.643173] hub 2-0:1.0: 2 ports detected
[    0.643273] ohci_hcd: USB 1.1 'Open' Host Controller (OHCI) Driver
[    0.643362] uhci_hcd: USB Universal Host Controller Interface driver
[    0.643476] usbcore: registered new interface driver usblp
[    0.643544] Initializing USB Mass Storage driver...
[    0.643655] usbcore: registered new interface driver usb-storage
[    0.643725] USB Mass Storage support registered.
[    0.643869] i8042: PNP: No PS/2 controller found. Probing ports directly.
[    0.646616] serio: i8042 KBD port at 0x60,0x64 irq 1
[    0.646687] serio: i8042 AUX port at 0x60,0x64 irq 12
[    0.646828] mousedev: PS/2 mouse device common for all mice
[    0.647031] rtc_cmos 00:04: RTC can wake from S4
[    0.647210] rtc_cmos 00:04: rtc core: registered rtc_cmos as rtc0
[    0.647305] rtc0: alarms up to one month, y3k, 114 bytes nvram, hpet irqs
[    0.647421] i801_smbus 0000:00:1f.3: SMBus using PCI Interrupt
[    0.647616] device-mapper: ioctl: 4.23.0-ioctl (2012-07-25) initialised: dm-devel@redhat.com
[    0.647770] cpuidle: using governor ladder
[    0.647872] cpuidle: using governor menu
[    0.647938] EFI Variables Facility v0.08 2004-May-17
[    0.648765] usbcore: registered new interface driver usbhid
[    0.648834] usbhid: USB HID core driver
[    0.648950] Netfilter messages via NETLINK v0.30.
[    0.649023] nf_conntrack version 0.5.0 (16384 buckets, 65536 max)
[    0.649194] ctnetlink v0.93: registering with nfnetlink.
[    0.649329] ip_tables: (C) 2000-2006 Netfilter Core Team
[    0.649413] TCP: cubic registered
[    0.649479] Initializing XFRM netlink socket
[    0.649746] NET: Registered protocol family 10
[    0.649893] ip6_tables: (C) 2000-2006 Netfilter Core Team
[    0.649977] sit: IPv6 over IPv4 tunneling driver
[    0.650167] NET: Registered protocol family 17
[    0.650245] Key type dns_resolver registered
[    0.650624] registered taskstats version 1
[    0.651066] console [netcon0] enabled
[    0.651134] netconsole: network logging started
[    0.924375] ata1: SATA link up 6.0 Gbps (SStatus 133 SControl 300)
[    0.924483] ata4: SATA link up 3.0 Gbps (SStatus 123 SControl 300)
[    0.924567] ata2: SATA link up 6.0 Gbps (SStatus 133 SControl 300)
[    0.924658] ata6: SATA link up 3.0 Gbps (SStatus 123 SControl 300)
[    0.924746] ata3: SATA link up 3.0 Gbps (SStatus 123 SControl 300)
[    0.924833] ata5: SATA link up 3.0 Gbps (SStatus 123 SControl 300)
[    0.925018] ata2.00: ATA-9: INTEL SSDSC2BA100G3, 5DV10270, max UDMA/133
[    0.925102] ata2.00: 195371568 sectors, multi 1: LBA48 NCQ (depth 31/32)
[    0.925190] ata6.00: ATA-9: INTEL SSDSC2BA100G3, 5DV10270, max UDMA/133
[    0.925264] ata6.00: 195371568 sectors, multi 1: LBA48 NCQ (depth 31/32)
[    0.925357] ata1.00: ATA-9: INTEL SSDSC2BA100G3, 5DV10270, max UDMA/133
[    0.925432] ata1.00: 195371568 sectors, multi 1: LBA48 NCQ (depth 31/32)
[    0.925509] ata4.00: ATA-9: INTEL SSDSC2BA100G3, 5DV10270, max UDMA/133
[    0.925580] ata4.00: 195371568 sectors, multi 1: LBA48 NCQ (depth 31/32)
[    0.925656] ata3.00: ATA-9: INTEL SSDSC2BA100G3, 5DV10270, max UDMA/133
[    0.925732] ata3.00: 195371568 sectors, multi 1: LBA48 NCQ (depth 31/32)
[    0.925804] ata5.00: ATA-9: INTEL SSDSC2BA100G3, 5DV10270, max UDMA/133
[    0.925877] ata5.00: 195371568 sectors, multi 1: LBA48 NCQ (depth 31/32)
[    0.926021] ata2.00: configured for UDMA/133
[    0.926139] ata6.00: configured for UDMA/133
[    0.926214] ata1.00: configured for UDMA/133
[    0.926285] ata4.00: configured for UDMA/133
[    0.926367] scsi 0:0:0:0: Direct-Access     ATA      INTEL SSDSC2BA10 5DV1 PQ: 0 ANSI: 5
[    0.926448] ata8: SATA link down (SStatus 0 SControl 300)
[    0.926534] sd 0:0:0:0: [sda] 195371568 512-byte logical blocks: (100 GB/93.1 GiB)
[    0.926534] sd 0:0:0:0: [sda] 4096-byte physical blocks
[    0.926558] sd 0:0:0:0: [sda] Write Protect is off
[    0.926559] sd 0:0:0:0: [sda] Mode Sense: 00 3a 00 00
[    0.926566] sd 0:0:0:0: [sda] Write cache: enabled, read cache: enabled, doesn't support DPO or FUA
[    0.926701] sd 0:0:0:0: Attached scsi generic sg0 type 0
[    0.926770] scsi 1:0:0:0: Direct-Access     ATA      INTEL SSDSC2BA10 5DV1 PQ: 0 ANSI: 5
[    0.926815]  sda: sda1
[    0.926875] sd 1:0:0:0: [sdb] 195371568 512-byte logical blocks: (100 GB/93.1 GiB)
[    0.926876] sd 1:0:0:0: [sdb] 4096-byte physical blocks
[    0.926921] sd 1:0:0:0: [sdb] Write Protect is off
[    0.926922] sd 1:0:0:0: [sdb] Mode Sense: 00 3a 00 00
[    0.926934] sd 1:0:0:0: [sdb] Write cache: enabled, read cache: enabled, doesn't support DPO or FUA
[    0.926963] sd 1:0:0:0: Attached scsi generic sg1 type 0
[    0.927003] sd 0:0:0:0: [sda] Attached SCSI disk
[    0.927672]  sdb: sdb1
[    0.927814] ata3.00: configured for UDMA/133
[    0.927862] ata7: SATA link down (SStatus 0 SControl 300)
[    0.927882] sd 1:0:0:0: [sdb] Attached SCSI disk
[    0.928136] scsi 2:0:0:0: Direct-Access     ATA      INTEL SSDSC2BA10 5DV1 PQ: 0 ANSI: 5
[    0.928280] ata5.00: configured for UDMA/133
[    0.928493] sd 2:0:0:0: [sdc] 195371568 512-byte logical blocks: (100 GB/93.1 GiB)
[    0.928504] sd 2:0:0:0: Attached scsi generic sg2 type 0
[    0.928602] scsi 3:0:0:0: Direct-Access     ATA      INTEL SSDSC2BA10 5DV1 PQ: 0 ANSI: 5
[    0.928841] sd 3:0:0:0: [sdd] 195371568 512-byte logical blocks: (100 GB/93.1 GiB)
[    0.928842] sd 3:0:0:0: [sdd] 4096-byte physical blocks
[    0.928895] sd 3:0:0:0: Attached scsi generic sg3 type 0
[    0.928916] sd 3:0:0:0: [sdd] Write Protect is off
[    0.928918] sd 3:0:0:0: [sdd] Mode Sense: 00 3a 00 00
[    0.928941] sd 3:0:0:0: [sdd] Write cache: enabled, read cache: enabled, doesn't support DPO or FUA
[    0.929027] scsi 4:0:0:0: Direct-Access     ATA      INTEL SSDSC2BA10 5DV1 PQ: 0 ANSI: 5
[    0.929160] sd 4:0:0:0: [sde] 195371568 512-byte logical blocks: (100 GB/93.1 GiB)
[    0.929160] sd 4:0:0:0: [sde] 4096-byte physical blocks
[    0.929216]  sdd: sdd1
[    0.929217] sd 4:0:0:0: [sde] Write Protect is off
[    0.929218] sd 4:0:0:0: [sde] Mode Sense: 00 3a 00 00
[    0.929224] sd 4:0:0:0: Attached scsi generic sg4 type 0
[    0.929232] sd 4:0:0:0: [sde] Write cache: enabled, read cache: enabled, doesn't support DPO or FUA
[    0.929370] scsi 5:0:0:0: Direct-Access     ATA      INTEL SSDSC2BA10 5DV1 PQ: 0 ANSI: 5
[    0.929396] sd 3:0:0:0: [sdd] Attached SCSI disk
[    0.929514] sd 5:0:0:0: [sdf] 195371568 512-byte logical blocks: (100 GB/93.1 GiB)
[    0.929514] sd 5:0:0:0: [sdf] 4096-byte physical blocks
[    0.929527]  sde: sde1
[    0.929547] sd 5:0:0:0: [sdf] Write Protect is off
[    0.929547] sd 5:0:0:0: [sdf] Mode Sense: 00 3a 00 00
[    0.929563] sd 5:0:0:0: Attached scsi generic sg5 type 0
[    0.929566] sd 5:0:0:0: [sdf] Write cache: enabled, read cache: enabled, doesn't support DPO or FUA
[    0.929768] sd 4:0:0:0: [sde] Attached SCSI disk
[    0.929907]  sdf: sdf1
[    0.930094] sd 5:0:0:0: [sdf] Attached SCSI disk
[    0.931088] sd 2:0:0:0: [sdc] 4096-byte physical blocks
[    0.931201] sd 2:0:0:0: [sdc] Write Protect is off
[    0.931270] sd 2:0:0:0: [sdc] Mode Sense: 00 3a 00 00
[    0.931284] sd 2:0:0:0: [sdc] Write cache: enabled, read cache: enabled, doesn't support DPO or FUA
[    0.931729]  sdc: sdc1
[    0.931944] sd 2:0:0:0: [sdc] Attached SCSI disk
[    0.934375] usb 1-1: new high-speed USB device number 2 using ehci_hcd
[    1.048577] usb 1-1: New USB device found, idVendor=8087, idProduct=0024
[    1.048669] usb 1-1: New USB device strings: Mfr=0, Product=0, SerialNumber=0
[    1.049101] hub 1-1:1.0: USB hub found
[    1.049320] hub 1-1:1.0: 6 ports detected
[    1.081221] ata9: SATA link up 6.0 Gbps (SStatus 133 SControl 300)
[    1.081336] ata10: SATA link up 3.0 Gbps (SStatus 123 SControl 300)
[    1.081856] ata9.00: ATA-9: INTEL SSDSC2BB080G6, G2010140, max UDMA/133
[    1.081934] ata9.00: 156301488 sectors, multi 1: LBA48 NCQ (depth 31/32)
[    1.082012] ata10.00: ATA-8: INTEL SSDSA2CW120G3, 4PC10362, max UDMA/133
[    1.082085] ata10.00: 234441648 sectors, multi 1: LBA48 NCQ (depth 31/32)
[    1.082740] ata9.00: configured for UDMA/133
[    1.082831] ata10.00: configured for UDMA/133
[    1.082933] scsi 8:0:0:0: Direct-Access     ATA      INTEL SSDSC2BB08 G201 PQ: 0 ANSI: 5
[    1.083566] sd 8:0:0:0: [sdg] 156301488 512-byte logical blocks: (80.0 GB/74.5 GiB)
[    1.083694] sd 8:0:0:0: [sdg] 4096-byte physical blocks
[    1.083718] sd 8:0:0:0: Attached scsi generic sg6 type 0
[    1.083855] scsi 9:0:0:0: Direct-Access     ATA      INTEL SSDSA2CW12 4PC1 PQ: 0 ANSI: 5
[    1.083991] sd 9:0:0:0: [sdh] 234441648 512-byte logical blocks: (120 GB/111 GiB)
[    1.084056] sd 9:0:0:0: Attached scsi generic sg7 type 0
[    1.084064] sd 9:0:0:0: [sdh] Write Protect is off
[    1.084066] sd 9:0:0:0: [sdh] Mode Sense: 00 3a 00 00
[    1.084091] sd 9:0:0:0: [sdh] Write cache: enabled, read cache: enabled, doesn't support DPO or FUA
[    1.084479]  sdh: sdh1
[    1.084659] sd 9:0:0:0: [sdh] Attached SCSI disk
[    1.085264] sd 8:0:0:0: [sdg] Write Protect is off
[    1.085333] sd 8:0:0:0: [sdg] Mode Sense: 00 3a 00 00
[    1.085380] sd 8:0:0:0: [sdg] Write cache: enabled, read cache: enabled, doesn't support DPO or FUA
[    1.085999]  sdg: sdg1 sdg2 sdg3 sdg4
[    1.086408] sd 8:0:0:0: [sdg] Attached SCSI disk
[    1.086484] md: Waiting for all devices to be available before autodetect
[    1.086555] md: If you don't use raid, use raid=noautodetect
[    1.086707] md: Autodetecting RAID arrays.
[    1.086883] md: invalid raid superblock magic on sda1
[    1.086950] md: sda1 does not have a valid v0.90 superblock, not importing!
[    1.087126] md: invalid raid superblock magic on sdb1
[    1.087210] md: sdb1 does not have a valid v0.90 superblock, not importing!
[    1.087331] md: invalid raid superblock magic on sdd1
[    1.087398] md: sdd1 does not have a valid v0.90 superblock, not importing!
[    1.087518] md: invalid raid superblock magic on sde1
[    1.087586] md: sde1 does not have a valid v0.90 superblock, not importing!
[    1.087705] md: invalid raid superblock magic on sdf1
[    1.087772] md: sdf1 does not have a valid v0.90 superblock, not importing!
[    1.087891] md: invalid raid superblock magic on sdc1
[    1.087959] md: sdc1 does not have a valid v0.90 superblock, not importing!
[    1.088030] md: Scanned 6 and added 0 devices.
[    1.088096] md: autorun ...
[    1.088172] md: ... autorun DONE.
[    1.088391] EXT4-fs (sdg3): couldn't mount as ext2 due to feature incompatibilities
[    1.098700] EXT4-fs (sdg3): mounted filesystem with ordered data mode. Opts: (null)
[    1.098802] VFS: Mounted root (ext4 filesystem) readonly on device 8:99.
[    1.099362] Freeing unused kernel memory: 572k freed
[    1.099474] Write protecting the kernel read-only data: 12288k
[    1.102217] Freeing unused kernel memory: 1832k freed
[    1.105235] Freeing unused kernel memory: 2012k freed
[    1.152102] usb 2-1: new high-speed USB device number 2 using ehci_hcd
[    1.158574] kbd_mode (1075) used greatest stack depth: 5448 bytes left
[    1.161896] loadkeys (1076) used greatest stack depth: 5248 bytes left
[    1.162083] init-early.sh (1074) used greatest stack depth: 4624 bytes left
[    1.266328] usb 2-1: New USB device found, idVendor=8087, idProduct=0024
[    1.266402] usb 2-1: New USB device strings: Mfr=0, Product=0, SerialNumber=0
[    1.266738] hub 2-1:1.0: USB hub found
[    1.266950] hub 2-1:1.0: 8 ports detected
[    1.394040] e1000e: Intel(R) PRO/1000 Network Driver - 2.0.0-k
[    1.394042] e1000e: Copyright(c) 1999 - 2012 Intel Corporation.
[    1.394071] e1000e 0000:00:19.0: setting latency timer to 64
[    1.394126] e1000e 0000:00:19.0: Interrupt Throttling Rate (ints/sec) set to dynamic conservative mode
[    1.394154] e1000e 0000:00:19.0: irq 49 for MSI/MSI-X
[    1.416031] md: bind<sdc1>
[    1.416722] md: bind<sdf1>
[    1.417999] md: bind<sda1>
[    1.419913] md: bind<sdb1>
[    1.420637] mdadm (1311) used greatest stack depth: 4456 bytes left
[    1.421329] md: bind<sde1>
[    1.422674] md: bind<sdd1>
[    1.425328] md: raid10 personality registered for level 10
[    1.425415] bio: create slab <bio-1> at 1
[    1.425454] md/raid10:md127: active with 6 out of 6 devices
[    1.425466] md127: detected capacity change from 0 to 299885395968
[    1.425719]  md127: unknown partition table
[    1.548833] usb 2-1.7: new full-speed USB device number 3 using ehci_hcd
[    1.571701] tsc: Refined TSC clocksource calibration: 3300.023 MHz
[    1.571703] Switching to clocksource tsc
[    1.634366] usb 2-1.7: New USB device found, idVendor=0cf3, idProduct=3000
[    1.634368] usb 2-1.7: New USB device strings: Mfr=0, Product=0, SerialNumber=0
[    1.635861] e1000e 0000:00:19.0: eth0: (PCI Express:2.5GT/s:Width x1) 14:da:e9:0f:78:84
[    1.635863] e1000e 0000:00:19.0: eth0: Intel(R) PRO/1000 Network Connection
[    1.635895] e1000e 0000:00:19.0: eth0: MAC: 10, PHY: 11, PBA No: FFFFFF-0FF
[    2.312320] EXT4-fs (sdg3): re-mounted. Opts: (null)
[    2.347786] Adding 1020k swap on /dev/sdg2.  Priority:-1 extents:1 across:1020k SS
[    2.521848] ip (1692) used greatest stack depth: 4408 bytes left
[    2.862854] e1000e 0000:00:19.0: irq 49 for MSI/MSI-X
[    2.963448] e1000e 0000:00:19.0: irq 49 for MSI/MSI-X
[    2.963536] IPv6: ADDRCONF(NETDEV_UP): eno1: link is not ready
[    5.794178] e1000e: eno1 NIC Link is Up 1000 Mbps Full Duplex, Flow Control: Rx/Tx
[    5.794210] IPv6: ADDRCONF(NETDEV_CHANGE): eno1: link becomes ready
[   33.976723] EXT4-fs (md127): barriers disabled
[   33.980624] EXT4-fs (md127): mounted filesystem with ordered data mode. Opts: nobarrier
[  118.408137] nr_pdflush_threads exported in /proc is scheduled for removal
[  118.408200] sysctl: The scan_unevictable_pages sysctl/node-interface has been disabled for lack of a legitimate use case.  If you have one, please send an email to linux-mm@kvack.org.
