[    0.000000] Linux version 4.0.9 (root@bench) (gcc version 4.7.3 (Gentoo 4.7.3-r1 p1.4, pie-0.5.5) ) #1 SMP Sat May 21 13:47:54 CEST 2016
[    0.000000] Command line: BOOT_IMAGE=/kernel-4.0.9 root=/dev/sdg3 ro
[    0.000000] e820: BIOS-provided physical RAM map:
[    0.000000] BIOS-e820: [mem 0x0000000000000000-0x000000000009b3ff] usable
[    0.000000] BIOS-e820: [mem 0x000000000009b400-0x000000000009ffff] reserved
[    0.000000] BIOS-e820: [mem 0x00000000000e0000-0x00000000000fffff] reserved
[    0.000000] BIOS-e820: [mem 0x0000000000100000-0x000000001fffffff] usable
[    0.000000] BIOS-e820: [mem 0x0000000020000000-0x00000000201fffff] reserved
[    0.000000] BIOS-e820: [mem 0x0000000020200000-0x000000003fffffff] usable
[    0.000000] BIOS-e820: [mem 0x0000000040000000-0x00000000401fffff] reserved
[    0.000000] BIOS-e820: [mem 0x0000000040200000-0x00000000b677dfff] usable
[    0.000000] BIOS-e820: [mem 0x00000000b677e000-0x00000000b67d4fff] ACPI NVS
[    0.000000] BIOS-e820: [mem 0x00000000b67d5000-0x00000000b6b5bfff] reserved
[    0.000000] BIOS-e820: [mem 0x00000000b6b5c000-0x00000000b6b5efff] ACPI NVS
[    0.000000] BIOS-e820: [mem 0x00000000b6b5f000-0x00000000b6da4fff] reserved
[    0.000000] BIOS-e820: [mem 0x00000000b6da5000-0x00000000b6db5fff] ACPI NVS
[    0.000000] BIOS-e820: [mem 0x00000000b6db6000-0x00000000b6dccfff] reserved
[    0.000000] BIOS-e820: [mem 0x00000000b6dcd000-0x00000000b6dcefff] usable
[    0.000000] BIOS-e820: [mem 0x00000000b6dcf000-0x00000000b6dd6fff] reserved
[    0.000000] BIOS-e820: [mem 0x00000000b6dd7000-0x00000000b6de1fff] ACPI NVS
[    0.000000] BIOS-e820: [mem 0x00000000b6de2000-0x00000000b6e3dfff] reserved
[    0.000000] BIOS-e820: [mem 0x00000000b6e3e000-0x00000000b6e80fff] ACPI NVS
[    0.000000] BIOS-e820: [mem 0x00000000b6e81000-0x00000000b6ffffff] usable
[    0.000000] BIOS-e820: [mem 0x00000000b7800000-0x00000000bf9fffff] reserved
[    0.000000] BIOS-e820: [mem 0x00000000fed1c000-0x00000000fed1ffff] reserved
[    0.000000] BIOS-e820: [mem 0x00000000ff000000-0x00000000ffffffff] reserved
[    0.000000] BIOS-e820: [mem 0x0000000100000000-0x000000023fdfffff] usable
[    0.000000] NX (Execute Disable) protection: active
[    0.000000] SMBIOS 2.6 present.
[    0.000000] DMI: System manufacturer System Product Name/P8Z68-V PRO, BIOS 0501 05/09/2011
[    0.000000] e820: update [mem 0x00000000-0x00000fff] usable ==> reserved
[    0.000000] e820: remove [mem 0x000a0000-0x000fffff] usable
[    0.000000] AGP: No AGP bridge found
[    0.000000] e820: last_pfn = 0x23fe00 max_arch_pfn = 0x400000000
[    0.000000] MTRR default type: uncachable
[    0.000000] MTRR fixed ranges enabled:
[    0.000000]   00000-9FFFF write-back
[    0.000000]   A0000-BFFFF uncachable
[    0.000000]   C0000-D3FFF write-protect
[    0.000000]   D4000-E7FFF uncachable
[    0.000000]   E8000-FFFFF write-protect
[    0.000000] MTRR variable ranges enabled:
[    0.000000]   0 base 000000000 mask E00000000 write-back
[    0.000000]   1 base 200000000 mask FC0000000 write-back
[    0.000000]   2 base 0B7800000 mask FFF800000 uncachable
[    0.000000]   3 base 0B8000000 mask FF8000000 uncachable
[    0.000000]   4 base 0C0000000 mask FC0000000 uncachable
[    0.000000]   5 base 23FE00000 mask FFFE00000 uncachable
[    0.000000]   6 disabled
[    0.000000]   7 disabled
[    0.000000]   8 disabled
[    0.000000]   9 disabled
[    0.000000] PAT configuration [0-7]: WB  WC  UC- UC  WB  WC  UC- UC  
[    0.000000] e820: update [mem 0xb7800000-0xffffffff] usable ==> reserved
[    0.000000] e820: last_pfn = 0xb7000 max_arch_pfn = 0x400000000
[    0.000000] found SMP MP-table at [mem 0x000fcee0-0x000fceef] mapped at [ffff8800000fcee0]
[    0.000000] Scanning 1 areas for low memory corruption
[    0.000000] Base memory trampoline at [ffff880000095000] 95000 size 24576
[    0.000000] reserving inaccessible SNB gfx pages
[    0.000000] init_memory_mapping: [mem 0x00000000-0x000fffff]
[    0.000000]  [mem 0x00000000-0x000fffff] page 4k
[    0.000000] BRK [0x01ea7000, 0x01ea7fff] PGTABLE
[    0.000000] BRK [0x01ea8000, 0x01ea8fff] PGTABLE
[    0.000000] BRK [0x01ea9000, 0x01ea9fff] PGTABLE
[    0.000000] init_memory_mapping: [mem 0x23fc00000-0x23fdfffff]
[    0.000000]  [mem 0x23fc00000-0x23fdfffff] page 2M
[    0.000000] BRK [0x01eaa000, 0x01eaafff] PGTABLE
[    0.000000] init_memory_mapping: [mem 0x220000000-0x23fbfffff]
[    0.000000]  [mem 0x220000000-0x23fbfffff] page 2M
[    0.000000] init_memory_mapping: [mem 0x200000000-0x21fffffff]
[    0.000000]  [mem 0x200000000-0x21fffffff] page 2M
[    0.000000] init_memory_mapping: [mem 0x00100000-0x1fffffff]
[    0.000000]  [mem 0x00100000-0x001fffff] page 4k
[    0.000000]  [mem 0x00200000-0x1fffffff] page 2M
[    0.000000] init_memory_mapping: [mem 0x20200000-0x3fffffff]
[    0.000000]  [mem 0x20200000-0x3fffffff] page 2M
[    0.000000] init_memory_mapping: [mem 0x40200000-0xb677dfff]
[    0.000000]  [mem 0x40200000-0xb65fffff] page 2M
[    0.000000]  [mem 0xb6600000-0xb677dfff] page 4k
[    0.000000] BRK [0x01eab000, 0x01eabfff] PGTABLE
[    0.000000] BRK [0x01eac000, 0x01eacfff] PGTABLE
[    0.000000] init_memory_mapping: [mem 0xb6dcd000-0xb6dcefff]
[    0.000000]  [mem 0xb6dcd000-0xb6dcefff] page 4k
[    0.000000] init_memory_mapping: [mem 0xb6e81000-0xb6ffffff]
[    0.000000]  [mem 0xb6e81000-0xb6ffffff] page 4k
[    0.000000] init_memory_mapping: [mem 0x100000000-0x1ffffffff]
[    0.000000]  [mem 0x100000000-0x1ffffffff] page 2M
[    0.000000] ACPI: Early table checksum verification disabled
[    0.000000] ACPI: RSDP 0x00000000000F0420 000024 (v02 ALASKA)
[    0.000000] ACPI: XSDT 0x00000000B67CA068 00004C (v01 ALASKA A M I    01072009 AMI  00010013)
[    0.000000] ACPI: FACP 0x00000000B67D42D8 0000F4 (v04 ALASKA A M I    01072009 AMI  00010013)
[    0.000000] ACPI: DSDT 0x00000000B67CA140 00A198 (v02 ALASKA A M I    00000000 INTL 20051117)
[    0.000000] ACPI: FACS 0x00000000B6DD9F80 000040
[    0.000000] ACPI: APIC 0x00000000B67D43D0 000072 (v03 ALASKA A M I    01072009 AMI  00010013)
[    0.000000] ACPI: SSDT 0x00000000B67D4448 000102 (v01 AMICPU PROC     00000001 MSFT 03000001)
[    0.000000] ACPI: MCFG 0x00000000B67D4550 00003C (v01 ALASKA A M I    01072009 MSFT 00000097)
[    0.000000] ACPI: HPET 0x00000000B67D4590 000038 (v01 ALASKA A M I    01072009 AMI. 00000004)
[    0.000000] ACPI: Local APIC address 0xfee00000
[    0.000000] No NUMA configuration found
[    0.000000] Faking a node at [mem 0x0000000000000000-0x000000023fdfffff]
[    0.000000] NODE_DATA(0) allocated [mem 0x23fdf5000-0x23fdf8fff]
[    0.000000]  [ffffea0000000000-ffffea0008ffffff] PMD -> [ffff880237600000-ffff88023f3fffff] on node 0
[    0.000000] Zone ranges:
[    0.000000]   DMA      [mem 0x0000000000001000-0x0000000000ffffff]
[    0.000000]   DMA32    [mem 0x0000000001000000-0x00000000ffffffff]
[    0.000000]   Normal   [mem 0x0000000100000000-0x000000023fdfffff]
[    0.000000] Movable zone start for each node
[    0.000000] Early memory node ranges
[    0.000000]   node   0: [mem 0x0000000000001000-0x000000000009afff]
[    0.000000]   node   0: [mem 0x0000000000100000-0x000000001fffffff]
[    0.000000]   node   0: [mem 0x0000000020200000-0x000000003fffffff]
[    0.000000]   node   0: [mem 0x0000000040200000-0x00000000b677dfff]
[    0.000000]   node   0: [mem 0x00000000b6dcd000-0x00000000b6dcefff]
[    0.000000]   node   0: [mem 0x00000000b6e81000-0x00000000b6ffffff]
[    0.000000]   node   0: [mem 0x0000000100000000-0x000000023fdfffff]
[    0.000000] Initmem setup node 0 [mem 0x0000000000001000-0x000000023fdfffff]
[    0.000000] On node 0 totalpages: 2056857
[    0.000000]   DMA zone: 64 pages used for memmap
[    0.000000]   DMA zone: 154 pages reserved
[    0.000000]   DMA zone: 3994 pages, LIFO batch:0
[    0.000000]   DMA32 zone: 11604 pages used for memmap
[    0.000000]   DMA32 zone: 742655 pages, LIFO batch:31
[    0.000000]   Normal zone: 20472 pages used for memmap
[    0.000000]   Normal zone: 1310208 pages, LIFO batch:31
[    0.000000] Reserving Intel graphics stolen memory at 0xb7a00000-0xbf9fffff
[    0.000000] ACPI: PM-Timer IO Port: 0x408
[    0.000000] ACPI: Local APIC address 0xfee00000
[    0.000000] ACPI: LAPIC (acpi_id[0x01] lapic_id[0x00] enabled)
[    0.000000] ACPI: LAPIC (acpi_id[0x02] lapic_id[0x02] enabled)
[    0.000000] ACPI: LAPIC (acpi_id[0x03] lapic_id[0x04] enabled)
[    0.000000] ACPI: LAPIC (acpi_id[0x04] lapic_id[0x06] enabled)
[    0.000000] ACPI: LAPIC_NMI (acpi_id[0xff] high edge lint[0x1])
[    0.000000] ACPI: IOAPIC (id[0x00] address[0xfec00000] gsi_base[0])
[    0.000000] IOAPIC[0]: apic_id 0, version 32, address 0xfec00000, GSI 0-23
[    0.000000] ACPI: INT_SRC_OVR (bus 0 bus_irq 0 global_irq 2 dfl dfl)
[    0.000000] ACPI: INT_SRC_OVR (bus 0 bus_irq 9 global_irq 9 high level)
[    0.000000] ACPI: IRQ0 used by override.
[    0.000000] ACPI: IRQ9 used by override.
[    0.000000] Using ACPI (MADT) for SMP configuration information
[    0.000000] ACPI: HPET id: 0x8086a701 base: 0xfed00000
[    0.000000] smpboot: Allowing 4 CPUs, 0 hotplug CPUs
[    0.000000] e820: [mem 0xbfa00000-0xfed1bfff] available for PCI devices
[    0.000000] setup_percpu: NR_CPUS:64 nr_cpumask_bits:64 nr_cpu_ids:4 nr_node_ids:1
[    0.000000] PERCPU: Embedded 30 pages/cpu @ffff88023fa00000 s83544 r8192 d31144 u524288
[    0.000000] pcpu-alloc: s83544 r8192 d31144 u524288 alloc=1*2097152
[    0.000000] pcpu-alloc: [0] 0 1 2 3 
[    0.000000] Built 1 zonelists in Node order, mobility grouping on.  Total pages: 2024563
[    0.000000] Policy zone: Normal
[    0.000000] Kernel command line: BOOT_IMAGE=/kernel-4.0.9 root=/dev/sdg3 ro
[    0.000000] PID hash table entries: 4096 (order: 3, 32768 bytes)
[    0.000000] xsave: enabled xstate_bv 0x7, cntxt size 0x340 using standard form
[    0.000000] AGP: Checking aperture...
[    0.000000] AGP: No AGP bridge found
[    0.000000] Memory: 8016028K/8227428K available (8045K kernel code, 811K rwdata, 2696K rodata, 1012K init, 856K bss, 211400K reserved, 0K cma-reserved)
[    0.000000] SLUB: HWalign=64, Order=0-3, MinObjects=0, CPUs=4, Nodes=1
[    0.000000] Hierarchical RCU implementation.
[    0.000000] 	RCU restricting CPUs from NR_CPUS=64 to nr_cpu_ids=4.
[    0.000000] RCU: Adjusting geometry for rcu_fanout_leaf=16, nr_cpu_ids=4
[    0.000000] NR_IRQS:4352 nr_irqs:456 16
[    0.000000] Console: colour VGA+ 80x25
[    0.000000] console [tty0] enabled
[    0.000000] hpet clockevent registered
[    0.000000] tsc: Fast TSC calibration using PIT
[    0.000000] tsc: Detected 3300.152 MHz processor
[    0.000001] Calibrating delay loop (skipped), value calculated using timer frequency.. 6600.30 BogoMIPS (lpj=3300152)
[    0.000147] pid_max: default: 32768 minimum: 301
[    0.000220] ACPI: Core revision 20150204
[    0.003481] ACPI: All ACPI Tables successfully acquired
[    0.003638] Security Framework initialized
[    0.004058] Dentry cache hash table entries: 1048576 (order: 11, 8388608 bytes)
[    0.005366] Inode-cache hash table entries: 524288 (order: 10, 4194304 bytes)
[    0.005973] Mount-cache hash table entries: 16384 (order: 5, 131072 bytes)
[    0.006054] Mountpoint-cache hash table entries: 16384 (order: 5, 131072 bytes)
[    0.006294] CPU: Physical Processor ID: 0
[    0.006364] CPU: Processor Core ID: 0
[    0.006436] ENERGY_PERF_BIAS: Set to 'normal', was 'performance'
[    0.006511] ENERGY_PERF_BIAS: View and update with x86_energy_perf_policy(8)
[    0.006587] mce: CPU supports 9 MCE banks
[    0.006666] CPU0: Thermal monitoring enabled (TM1)
[    0.006742] process: using mwait in idle threads
[    0.006815] Last level iTLB entries: 4KB 512, 2MB 8, 4MB 8
[    0.006895] Last level dTLB entries: 4KB 512, 2MB 32, 4MB 32, 1GB 0
[    0.007073] Freeing SMP alternatives memory: 28K (ffffffff81dc9000 - ffffffff81dd0000)
[    0.110255] ..TIMER: vector=0x30 apic1=0 pin1=2 apic2=-1 pin2=-1
[    0.120324] TSC deadline timer enabled
[    0.120327] smpboot: CPU0: Intel(R) Core(TM) i5-2500K CPU @ 3.30GHz (fam: 06, model: 2a, stepping: 07)
[    0.120558] Performance Events: PEBS fmt1+, 16-deep LBR, SandyBridge events, full-width counters, Intel PMU driver.
[    0.120864] perf_event_intel: PEBS disabled due to CPU errata, please upgrade microcode
[    0.120968] ... version:                3
[    0.121039] ... bit width:              48
[    0.121109] ... generic registers:      8
[    0.121179] ... value mask:             0000ffffffffffff
[    0.121251] ... max period:             0000ffffffffffff
[    0.121324] ... fixed-purpose events:   3
[    0.121395] ... event mask:             00000007000000ff
[    0.121636] x86: Booting SMP configuration:
[    0.121707] .... node  #0, CPUs:      #1 #2 #3
[    0.161555] x86: Booted up 1 node, 4 CPUs
[    0.161694] smpboot: Total of 4 processors activated (26401.21 BogoMIPS)
[    0.163846] devtmpfs: initialized
[    0.164085] kworker/u8:0 (26) used greatest stack depth: 14104 bytes left
[    0.164144] NET: Registered protocol family 16
[    0.169727] cpuidle: using governor ladder
[    0.175725] cpuidle: using governor menu
[    0.175818] ACPI: bus type PCI registered
[    0.175922] PCI: MMCONFIG for domain 0000 [bus 00-3f] at [mem 0xe0000000-0xe3ffffff] (base 0xe0000000)
[    0.176028] PCI: not using MMCONFIG
[    0.176099] PCI: Using configuration type 1 for base access
[    0.184917] ACPI: Added _OSI(Module Device)
[    0.184991] ACPI: Added _OSI(Processor Device)
[    0.185063] ACPI: Added _OSI(3.0 _SCP Extensions)
[    0.185135] ACPI: Added _OSI(Processor Aggregator Device)
[    0.186651] ACPI: Executed 1 blocks of module-level executable AML code
[    0.188304] ACPI: Dynamic OEM Table Load:
[    0.188452] ACPI: SSDT 0xFFFF880235F22C00 0003E0 (v01 AMI    IST      00000001 MSFT 03000001)
[    0.188887] ACPI: Dynamic OEM Table Load:
[    0.189032] ACPI: SSDT 0xFFFF880236270400 0000E4 (v01 AMI    CST      00000001 MSFT 03000001)
[    0.189679] ACPI: Interpreter enabled
[    0.189753] ACPI: (supports S0 S5)
[    0.189823] ACPI: Using IOAPIC for interrupt routing
[    0.189909] PCI: MMCONFIG for domain 0000 [bus 00-3f] at [mem 0xe0000000-0xe3ffffff] (base 0xe0000000)
[    0.190048] PCI: MMCONFIG at [mem 0xe0000000-0xe3ffffff] reserved in ACPI motherboard resources
[    0.190202] PCI: Using host bridge windows from ACPI; if necessary, use "pci=nocrs" and report a bug
[    0.190454] [Firmware Bug]: ACPI: BIOS _OSI(Linux) query ignored
[    0.194030] ACPI: PCI Root Bridge [PCI0] (domain 0000 [bus 00-ff])
[    0.194107] acpi PNP0A08:00: _OSC: OS supports [ExtendedConfig ASPM ClockPM Segments MSI]
[    0.194298] acpi PNP0A08:00: _OSC: platform does not support [PCIeHotplug]
[    0.194451] acpi PNP0A08:00: _OSC: OS now controls [PME AER PCIeCapability]
[    0.195235] acpi PNP0A08:00: ignoring host bridge window [mem 0x000c8000-0x000dffff window] (conflicts with Video ROM [mem 0x000c0000-0x000cdbff])
[    0.195346] acpi PNP0A08:00: [Firmware Info]: MMCONFIG for domain 0000 [bus 00-3f] only partially covers this bridge
[    0.195467] PCI host bridge to bus 0000:00
[    0.195538] pci_bus 0000:00: root bus resource [bus 00-ff]
[    0.195612] pci_bus 0000:00: root bus resource [io  0x0000-0x0cf7 window]
[    0.195688] pci_bus 0000:00: root bus resource [io  0x0d00-0xffff window]
[    0.195762] pci_bus 0000:00: root bus resource [mem 0x000a0000-0x000bffff window]
[    0.195866] pci_bus 0000:00: root bus resource [mem 0xbfa00000-0xffffffff window]
[    0.195974] pci 0000:00:00.0: [8086:0100] type 00 class 0x060000
[    0.196035] pci 0000:00:01.0: [8086:0101] type 01 class 0x060400
[    0.196061] pci 0000:00:01.0: PME# supported from D0 D3hot D3cold
[    0.196104] pci 0000:00:02.0: [8086:0112] type 00 class 0x030000
[    0.196111] pci 0000:00:02.0: reg 0x10: [mem 0xfa400000-0xfa7fffff 64bit]
[    0.196116] pci 0000:00:02.0: reg 0x18: [mem 0xc0000000-0xcfffffff 64bit pref]
[    0.196119] pci 0000:00:02.0: reg 0x20: [io  0xf000-0xf03f]
[    0.196195] pci 0000:00:16.0: [8086:1c3a] type 00 class 0x078000
[    0.196216] pci 0000:00:16.0: reg 0x10: [mem 0xfad29000-0xfad2900f 64bit]
[    0.196287] pci 0000:00:16.0: PME# supported from D0 D3hot D3cold
[    0.196343] pci 0000:00:19.0: [8086:1503] type 00 class 0x020000
[    0.196360] pci 0000:00:19.0: reg 0x10: [mem 0xfad00000-0xfad1ffff]
[    0.196367] pci 0000:00:19.0: reg 0x14: [mem 0xfad28000-0xfad28fff]
[    0.196375] pci 0000:00:19.0: reg 0x18: [io  0xf080-0xf09f]
[    0.196435] pci 0000:00:19.0: PME# supported from D0 D3hot D3cold
[    0.196487] pci 0000:00:1a.0: [8086:1c2d] type 00 class 0x0c0320
[    0.196506] pci 0000:00:1a.0: reg 0x10: [mem 0xfad27000-0xfad273ff]
[    0.196592] pci 0000:00:1a.0: PME# supported from D0 D3hot D3cold
[    0.196643] pci 0000:00:1b.0: [8086:1c20] type 00 class 0x040300
[    0.196658] pci 0000:00:1b.0: reg 0x10: [mem 0xfad20000-0xfad23fff 64bit]
[    0.196728] pci 0000:00:1b.0: PME# supported from D0 D3hot D3cold
[    0.196776] pci 0000:00:1c.0: [8086:1c10] type 01 class 0x060400
[    0.196855] pci 0000:00:1c.0: PME# supported from D0 D3hot D3cold
[    0.196906] pci 0000:00:1c.1: [8086:1c12] type 01 class 0x060400
[    0.196985] pci 0000:00:1c.1: PME# supported from D0 D3hot D3cold
[    0.197036] pci 0000:00:1c.2: [8086:1c14] type 01 class 0x060400
[    0.197114] pci 0000:00:1c.2: PME# supported from D0 D3hot D3cold
[    0.197165] pci 0000:00:1c.3: [8086:1c16] type 01 class 0x060400
[    0.197259] pci 0000:00:1c.3: PME# supported from D0 D3hot D3cold
[    0.197312] pci 0000:00:1c.4: [8086:1c18] type 01 class 0x060400
[    0.197390] pci 0000:00:1c.4: PME# supported from D0 D3hot D3cold
[    0.197442] pci 0000:00:1c.6: [8086:244e] type 01 class 0x060401
[    0.197520] pci 0000:00:1c.6: PME# supported from D0 D3hot D3cold
[    0.197570] pci 0000:00:1c.7: [8086:1c1e] type 01 class 0x060400
[    0.197649] pci 0000:00:1c.7: PME# supported from D0 D3hot D3cold
[    0.197704] pci 0000:00:1d.0: [8086:1c26] type 00 class 0x0c0320
[    0.197723] pci 0000:00:1d.0: reg 0x10: [mem 0xfad26000-0xfad263ff]
[    0.197809] pci 0000:00:1d.0: PME# supported from D0 D3hot D3cold
[    0.197862] pci 0000:00:1f.0: [8086:1c44] type 00 class 0x060100
[    0.198007] pci 0000:00:1f.2: [8086:1c02] type 00 class 0x010601
[    0.198024] pci 0000:00:1f.2: reg 0x10: [io  0xf0d0-0xf0d7]
[    0.198031] pci 0000:00:1f.2: reg 0x14: [io  0xf0c0-0xf0c3]
[    0.198038] pci 0000:00:1f.2: reg 0x18: [io  0xf0b0-0xf0b7]
[    0.198045] pci 0000:00:1f.2: reg 0x1c: [io  0xf0a0-0xf0a3]
[    0.198052] pci 0000:00:1f.2: reg 0x20: [io  0xf060-0xf07f]
[    0.198059] pci 0000:00:1f.2: reg 0x24: [mem 0xfad25000-0xfad257ff]
[    0.198102] pci 0000:00:1f.2: PME# supported from D3hot
[    0.198144] pci 0000:00:1f.3: [8086:1c22] type 00 class 0x0c0500
[    0.198158] pci 0000:00:1f.3: reg 0x10: [mem 0xfad24000-0xfad240ff 64bit]
[    0.198179] pci 0000:00:1f.3: reg 0x20: [io  0xf040-0xf05f]
[    0.198260] pci 0000:01:00.0: [10de:1245] type 00 class 0x030000
[    0.198268] pci 0000:01:00.0: reg 0x10: [mem 0xf8000000-0xf9ffffff]
[    0.198276] pci 0000:01:00.0: reg 0x14: [mem 0xd0000000-0xd7ffffff 64bit pref]
[    0.198283] pci 0000:01:00.0: reg 0x1c: [mem 0xd8000000-0xdbffffff 64bit pref]
[    0.198287] pci 0000:01:00.0: reg 0x24: [io  0xe000-0xe07f]
[    0.198292] pci 0000:01:00.0: reg 0x30: [mem 0xfa000000-0xfa07ffff pref]
[    0.198359] pci 0000:01:00.1: [10de:0bee] type 00 class 0x040300
[    0.198369] pci 0000:01:00.1: reg 0x10: [mem 0xfa080000-0xfa083fff]
[    0.200183] pci 0000:00:01.0: PCI bridge to [bus 01]
[    0.200256] pci 0000:00:01.0:   bridge window [io  0xe000-0xefff]
[    0.200258] pci 0000:00:01.0:   bridge window [mem 0xf8000000-0xfa0fffff]
[    0.200261] pci 0000:00:01.0:   bridge window [mem 0xd0000000-0xdbffffff 64bit pref]
[    0.200307] pci 0000:00:1c.0: PCI bridge to [bus 02]
[    0.200458] pci 0000:03:00.0: [1b21:1042] type 00 class 0x0c0330
[    0.200489] pci 0000:03:00.0: reg 0x10: [mem 0xfac00000-0xfac07fff 64bit]
[    0.200645] pci 0000:03:00.0: PME# supported from D3hot D3cold
[    0.202183] pci 0000:00:1c.1: PCI bridge to [bus 03]
[    0.202260] pci 0000:00:1c.1:   bridge window [mem 0xfac00000-0xfacfffff]
[    0.202310] pci 0000:00:1c.2: PCI bridge to [bus 04]
[    0.202455] pci 0000:05:00.0: [197b:2362] type 00 class 0x010185
[    0.202493] pci 0000:05:00.0: reg 0x10: [io  0xd040-0xd047]
[    0.202508] pci 0000:05:00.0: reg 0x14: [io  0xd030-0xd033]
[    0.202524] pci 0000:05:00.0: reg 0x18: [io  0xd020-0xd027]
[    0.202540] pci 0000:05:00.0: reg 0x1c: [io  0xd010-0xd013]
[    0.202555] pci 0000:05:00.0: reg 0x20: [io  0xd000-0xd00f]
[    0.202571] pci 0000:05:00.0: reg 0x24: [mem 0xfab10000-0xfab101ff]
[    0.202587] pci 0000:05:00.0: reg 0x30: [mem 0x00000000-0x0000ffff pref]
[    0.202655] pci 0000:05:00.0: PME# supported from D3hot
[    0.204183] pci 0000:00:1c.3: PCI bridge to [bus 05]
[    0.204257] pci 0000:00:1c.3:   bridge window [io  0xd000-0xdfff]
[    0.204261] pci 0000:00:1c.3:   bridge window [mem 0xfab00000-0xfabfffff]
[    0.204338] pci 0000:06:00.0: [1b21:1042] type 00 class 0x0c0330
[    0.204369] pci 0000:06:00.0: reg 0x10: [mem 0xfaa00000-0xfaa07fff 64bit]
[    0.204527] pci 0000:06:00.0: PME# supported from D3hot D3cold
[    0.206183] pci 0000:00:1c.4: PCI bridge to [bus 06]
[    0.206259] pci 0000:00:1c.4:   bridge window [mem 0xfaa00000-0xfaafffff]
[    0.206324] pci 0000:07:00.0: [1b21:1080] type 01 class 0x060401
[    0.206457] pci 0000:00:1c.6: PCI bridge to [bus 07-08] (subtractive decode)
[    0.206534] pci 0000:00:1c.6:   bridge window [io  0xc000-0xcfff]
[    0.206538] pci 0000:00:1c.6:   bridge window [mem 0xfa900000-0xfa9fffff]
[    0.206544] pci 0000:00:1c.6:   bridge window [io  0x0000-0x0cf7 window] (subtractive decode)
[    0.206545] pci 0000:00:1c.6:   bridge window [io  0x0d00-0xffff window] (subtractive decode)
[    0.206546] pci 0000:00:1c.6:   bridge window [mem 0x000a0000-0x000bffff window] (subtractive decode)
[    0.206547] pci 0000:00:1c.6:   bridge window [mem 0xbfa00000-0xffffffff window] (subtractive decode)
[    0.206608] pci 0000:08:02.0: [1106:3044] type 00 class 0x0c0010
[    0.206638] pci 0000:08:02.0: reg 0x10: [mem 0xfa900000-0xfa9007ff]
[    0.206656] pci 0000:08:02.0: reg 0x14: [io  0xc000-0xc07f]
[    0.206788] pci 0000:08:02.0: supports D2
[    0.206789] pci 0000:08:02.0: PME# supported from D2 D3hot D3cold
[    0.206881] pci 0000:07:00.0: PCI bridge to [bus 08] (subtractive decode)
[    0.206964] pci 0000:07:00.0:   bridge window [io  0xc000-0xcfff]
[    0.206970] pci 0000:07:00.0:   bridge window [mem 0xfa900000-0xfa9fffff]
[    0.206979] pci 0000:07:00.0:   bridge window [io  0xc000-0xcfff] (subtractive decode)
[    0.206980] pci 0000:07:00.0:   bridge window [mem 0xfa900000-0xfa9fffff] (subtractive decode)
[    0.206982] pci 0000:07:00.0:   bridge window [io  0x0000-0x0cf7 window] (subtractive decode)
[    0.206983] pci 0000:07:00.0:   bridge window [io  0x0d00-0xffff window] (subtractive decode)
[    0.206984] pci 0000:07:00.0:   bridge window [mem 0x000a0000-0x000bffff window] (subtractive decode)
[    0.206985] pci 0000:07:00.0:   bridge window [mem 0xbfa00000-0xffffffff window] (subtractive decode)
[    0.207060] pci 0000:09:00.0: [1b4b:9172] type 00 class 0x010601
[    0.207079] pci 0000:09:00.0: reg 0x10: [io  0xb040-0xb047]
[    0.207091] pci 0000:09:00.0: reg 0x14: [io  0xb030-0xb033]
[    0.207104] pci 0000:09:00.0: reg 0x18: [io  0xb020-0xb027]
[    0.207116] pci 0000:09:00.0: reg 0x1c: [io  0xb010-0xb013]
[    0.207128] pci 0000:09:00.0: reg 0x20: [io  0xb000-0xb00f]
[    0.207140] pci 0000:09:00.0: reg 0x24: [mem 0xfa810000-0xfa8101ff]
[    0.207153] pci 0000:09:00.0: reg 0x30: [mem 0xfa800000-0xfa80ffff pref]
[    0.207218] pci 0000:09:00.0: PME# supported from D3hot
[    0.209181] pci 0000:00:1c.7: PCI bridge to [bus 09]
[    0.209255] pci 0000:00:1c.7:   bridge window [io  0xb000-0xbfff]
[    0.209259] pci 0000:00:1c.7:   bridge window [mem 0xfa800000-0xfa8fffff]
[    0.209609] ACPI: PCI Interrupt Link [LNKA] (IRQs 3 4 5 6 7 10 *11 12 14 15)
[    0.210161] ACPI: PCI Interrupt Link [LNKB] (IRQs 3 4 5 6 7 *10 11 12 14 15)
[    0.210713] ACPI: PCI Interrupt Link [LNKC] (IRQs *3 4 5 6 10 11 12 14 15)
[    0.211226] ACPI: PCI Interrupt Link [LNKD] (IRQs 3 4 5 6 10 *11 12 14 15)
[    0.211738] ACPI: PCI Interrupt Link [LNKE] (IRQs 3 4 6 7 *10 11 12 14 15)
[    0.212252] ACPI: PCI Interrupt Link [LNKF] (IRQs 3 4 *5 6 7 10 11 12 14 15)
[    0.212801] ACPI: PCI Interrupt Link [LNKG] (IRQs 3 *4 5 6 7 10 11 12 14 15)
[    0.213352] ACPI: PCI Interrupt Link [LNKH] (IRQs 3 4 5 6 *7 10 11 12 14 15)
[    0.213909] ACPI: Enabled 1 GPEs in block 00 to 3F
[    0.214066] ACPI : EC: GPE = 0x18, I/O: command/status = 0x66, data = 0x62
[    0.214196] vgaarb: setting as boot device: PCI:0000:00:02.0
[    0.214270] vgaarb: device added: PCI:0000:00:02.0,decodes=io+mem,owns=io+mem,locks=none
[    0.214377] vgaarb: device added: PCI:0000:01:00.0,decodes=io+mem,owns=none,locks=none
[    0.214481] vgaarb: loaded
[    0.214549] vgaarb: bridge control possible 0000:01:00.0
[    0.214621] vgaarb: no bridge control possible 0000:00:02.0
[    0.214742] SCSI subsystem initialized
[    0.214838] libata version 3.00 loaded.
[    0.214846] ACPI: bus type USB registered
[    0.214931] usbcore: registered new interface driver usbfs
[    0.215010] usbcore: registered new interface driver hub
[    0.215091] usbcore: registered new device driver usb
[    0.215224] PCI: Using ACPI for IRQ routing
[    0.216616] PCI: pci_cache_line_size set to 64 bytes
[    0.216685] e820: reserve RAM buffer [mem 0x0009b400-0x0009ffff]
[    0.216687] e820: reserve RAM buffer [mem 0xb677e000-0xb7ffffff]
[    0.216688] e820: reserve RAM buffer [mem 0xb6dcf000-0xb7ffffff]
[    0.216689] e820: reserve RAM buffer [mem 0xb7000000-0xb7ffffff]
[    0.216691] e820: reserve RAM buffer [mem 0x23fe00000-0x23fffffff]
[    0.216769] NetLabel: Initializing
[    0.216839] NetLabel:  domain hash size = 128
[    0.216909] NetLabel:  protocols = UNLABELED CIPSOv4
[    0.216990] NetLabel:  unlabeled traffic allowed by default
[    0.217088] hpet0: at MMIO 0xfed00000, IRQs 2, 8, 0, 0, 0, 0, 0, 0
[    0.217496] hpet0: 8 comparators, 64-bit 14.318180 MHz counter
[    0.219591] Switched to clocksource hpet
[    0.221912] pnp: PnP ACPI init
[    0.222066] system 00:00: [mem 0xfed10000-0xfed19fff] has been reserved
[    0.222143] system 00:00: [mem 0xe0000000-0xe3ffffff] has been reserved
[    0.222218] system 00:00: [mem 0xfed90000-0xfed93fff] has been reserved
[    0.222293] system 00:00: [mem 0xfed20000-0xfed3ffff] has been reserved
[    0.222367] system 00:00: [mem 0xfee00000-0xfee0ffff] has been reserved
[    0.222443] system 00:00: Plug and Play ACPI device, IDs PNP0c01 (active)
[    0.222499] system 00:01: [io  0x0290-0x029f] has been reserved
[    0.222575] system 00:01: Plug and Play ACPI device, IDs PNP0c02 (active)
[    0.222609] pnp 00:02: Plug and Play ACPI device, IDs PNP0b00 (active)
[    0.222643] system 00:03: [io  0x04d0-0x04d1] has been reserved
[    0.222720] system 00:03: Plug and Play ACPI device, IDs PNP0c02 (active)
[    0.222894] system 00:04: [io  0x0400-0x0453] could not be reserved
[    0.222971] system 00:04: [io  0x0458-0x047f] has been reserved
[    0.223045] system 00:04: [io  0x0500-0x057f] has been reserved
[    0.223119] system 00:04: [mem 0xfed1c000-0xfed1ffff] has been reserved
[    0.223195] system 00:04: [mem 0xfec00000-0xfecfffff] could not be reserved
[    0.223271] system 00:04: [mem 0xfed08000-0xfed08fff] has been reserved
[    0.223345] system 00:04: [mem 0xff000000-0xffffffff] has been reserved
[    0.223421] system 00:04: Plug and Play ACPI device, IDs PNP0c01 (active)
[    0.223456] system 00:05: [io  0x0454-0x0457] has been reserved
[    0.223533] system 00:05: Plug and Play ACPI device, IDs INT3f0d PNP0c02 (active)
[    0.223685] pnp: PnP ACPI: found 6 devices
[    0.229521] pci 0000:00:01.0: PCI bridge to [bus 01]
[    0.229608] pci 0000:00:01.0:   bridge window [io  0xe000-0xefff]
[    0.229682] pci 0000:00:01.0:   bridge window [mem 0xf8000000-0xfa0fffff]
[    0.229759] pci 0000:00:01.0:   bridge window [mem 0xd0000000-0xdbffffff 64bit pref]
[    0.229864] pci 0000:00:1c.0: PCI bridge to [bus 02]
[    0.229944] pci 0000:00:1c.1: PCI bridge to [bus 03]
[    0.230020] pci 0000:00:1c.1:   bridge window [mem 0xfac00000-0xfacfffff]
[    0.230100] pci 0000:00:1c.2: PCI bridge to [bus 04]
[    0.230184] pci 0000:05:00.0: BAR 6: assigned [mem 0xfab00000-0xfab0ffff pref]
[    0.230287] pci 0000:00:1c.3: PCI bridge to [bus 05]
[    0.230360] pci 0000:00:1c.3:   bridge window [io  0xd000-0xdfff]
[    0.230437] pci 0000:00:1c.3:   bridge window [mem 0xfab00000-0xfabfffff]
[    0.230517] pci 0000:00:1c.4: PCI bridge to [bus 06]
[    0.230605] pci 0000:00:1c.4:   bridge window [mem 0xfaa00000-0xfaafffff]
[    0.230686] pci 0000:07:00.0: PCI bridge to [bus 08]
[    0.230760] pci 0000:07:00.0:   bridge window [io  0xc000-0xcfff]
[    0.230840] pci 0000:07:00.0:   bridge window [mem 0xfa900000-0xfa9fffff]
[    0.230926] pci 0000:00:1c.6: PCI bridge to [bus 07-08]
[    0.230999] pci 0000:00:1c.6:   bridge window [io  0xc000-0xcfff]
[    0.231076] pci 0000:00:1c.6:   bridge window [mem 0xfa900000-0xfa9fffff]
[    0.231156] pci 0000:00:1c.7: PCI bridge to [bus 09]
[    0.231230] pci 0000:00:1c.7:   bridge window [io  0xb000-0xbfff]
[    0.231307] pci 0000:00:1c.7:   bridge window [mem 0xfa800000-0xfa8fffff]
[    0.231388] pci_bus 0000:00: resource 4 [io  0x0000-0x0cf7 window]
[    0.231389] pci_bus 0000:00: resource 5 [io  0x0d00-0xffff window]
[    0.231390] pci_bus 0000:00: resource 6 [mem 0x000a0000-0x000bffff window]
[    0.231392] pci_bus 0000:00: resource 7 [mem 0xbfa00000-0xffffffff window]
[    0.231393] pci_bus 0000:01: resource 0 [io  0xe000-0xefff]
[    0.231394] pci_bus 0000:01: resource 1 [mem 0xf8000000-0xfa0fffff]
[    0.231395] pci_bus 0000:01: resource 2 [mem 0xd0000000-0xdbffffff 64bit pref]
[    0.231397] pci_bus 0000:03: resource 1 [mem 0xfac00000-0xfacfffff]
[    0.231398] pci_bus 0000:05: resource 0 [io  0xd000-0xdfff]
[    0.231399] pci_bus 0000:05: resource 1 [mem 0xfab00000-0xfabfffff]
[    0.231401] pci_bus 0000:06: resource 1 [mem 0xfaa00000-0xfaafffff]
[    0.231402] pci_bus 0000:07: resource 0 [io  0xc000-0xcfff]
[    0.231403] pci_bus 0000:07: resource 1 [mem 0xfa900000-0xfa9fffff]
[    0.231404] pci_bus 0000:07: resource 4 [io  0x0000-0x0cf7 window]
[    0.231405] pci_bus 0000:07: resource 5 [io  0x0d00-0xffff window]
[    0.231407] pci_bus 0000:07: resource 6 [mem 0x000a0000-0x000bffff window]
[    0.231408] pci_bus 0000:07: resource 7 [mem 0xbfa00000-0xffffffff window]
[    0.231409] pci_bus 0000:08: resource 0 [io  0xc000-0xcfff]
[    0.231410] pci_bus 0000:08: resource 1 [mem 0xfa900000-0xfa9fffff]
[    0.231411] pci_bus 0000:08: resource 4 [io  0xc000-0xcfff]
[    0.231413] pci_bus 0000:08: resource 5 [mem 0xfa900000-0xfa9fffff]
[    0.231414] pci_bus 0000:08: resource 6 [io  0x0000-0x0cf7 window]
[    0.231415] pci_bus 0000:08: resource 7 [io  0x0d00-0xffff window]
[    0.231416] pci_bus 0000:08: resource 8 [mem 0x000a0000-0x000bffff window]
[    0.231418] pci_bus 0000:08: resource 9 [mem 0xbfa00000-0xffffffff window]
[    0.231419] pci_bus 0000:09: resource 0 [io  0xb000-0xbfff]
[    0.231420] pci_bus 0000:09: resource 1 [mem 0xfa800000-0xfa8fffff]
[    0.231440] NET: Registered protocol family 2
[    0.231655] TCP established hash table entries: 65536 (order: 7, 524288 bytes)
[    0.231860] TCP bind hash table entries: 65536 (order: 8, 1048576 bytes)
[    0.232048] TCP: Hash tables configured (established 65536 bind 65536)
[    0.232135] TCP: reno registered
[    0.232211] UDP hash table entries: 4096 (order: 5, 131072 bytes)
[    0.232306] UDP-Lite hash table entries: 4096 (order: 5, 131072 bytes)
[    0.232419] NET: Registered protocol family 1
[    0.232538] RPC: Registered named UNIX socket transport module.
[    0.232627] RPC: Registered udp transport module.
[    0.232698] RPC: Registered tcp transport module.
[    0.232770] RPC: Registered tcp NFSv4.1 backchannel transport module.
[    0.232850] pci 0000:00:02.0: Video device with shadowed ROM
[    0.479585] PCI: CLS 64 bytes, default 64
[    0.479622] PCI-DMA: Using software bounce buffering for IO (SWIOTLB)
[    0.479698] software IO TLB [mem 0xb277e000-0xb677e000] (64MB) mapped at [ffff8800b277e000-ffff8800b677dfff]
[    0.480027] RAPL PMU detected, hw unit 2^-16 Joules, API unit is 2^-32 Joules, 3 fixed counters 163840 ms ovfl timer
[    0.480189] microcode: CPU0 sig=0x206a7, pf=0x2, revision=0x14
[    0.480268] microcode: CPU1 sig=0x206a7, pf=0x2, revision=0x14
[    0.480350] microcode: CPU2 sig=0x206a7, pf=0x2, revision=0x14
[    0.480428] microcode: CPU3 sig=0x206a7, pf=0x2, revision=0x14
[    0.480523] microcode: Microcode Update Driver: v2.00 <tigran@aivazian.fsnet.co.uk>, Peter Oruba
[    0.480781] Scanning for low memory corruption every 60 seconds
[    0.481447] AVX version of gcm_enc/dec engaged.
[    0.481519] AES CTR mode by8 optimization enabled
[    0.481915] sha1_ssse3: Using AVX optimized SHA-1 implementation
[    0.482024] sha256_ssse3: Using AVX optimized SHA-256 implementation
[    0.482135] sha512_ssse3: Using AVX optimized SHA-512 implementation
[    0.483130] AVX2 or AES-NI instructions are not detected.
[    0.483203] AVX2 instructions are not detected.
[    0.483388] futex hash table entries: 1024 (order: 4, 65536 bytes)
[    0.483785] HugeTLB registered 2 MB page size, pre-allocated 0 pages
[    0.485049] VFS: Disk quotas dquot_6.5.2
[    0.485144] VFS: Dquot-cache hash table entries: 512 (order 0, 4096 bytes)
[    0.485567] NFS: Registering the id_resolver key type
[    0.485645] Key type id_resolver registered
[    0.485716] Key type id_legacy registered
[    0.486926] NET: Registered protocol family 38
[    0.487005] Key type asymmetric registered
[    0.487077] Asymmetric key parser 'x509' registered
[    0.487174] Block layer SCSI generic (bsg) driver version 0.4 loaded (major 253)
[    0.487281] io scheduler noop registered
[    0.487379] io scheduler deadline registered
[    0.487484] io scheduler cfq registered (default)
[    0.488214] pci_hotplug: PCI Hot Plug PCI Core version: 0.5
[    0.488367] input: Power Button as /devices/LNXSYSTM:00/LNXSYBUS:00/PNP0C0C:00/input/input0
[    0.488476] ACPI: Power Button [PWRB]
[    0.488568] input: Power Button as /devices/LNXSYSTM:00/LNXPWRBN:00/input/input1
[    0.488674] ACPI: Power Button [PWRF]
[    0.488844] Monitor-Mwait will be used to enter C-1 state
[    0.488847] Monitor-Mwait will be used to enter C-3 state
[    0.488853] ACPI: acpi_idle registered with cpuidle
[    0.489309] Serial: 8250/16550 driver, 4 ports, IRQ sharing enabled
[    0.489695] Non-volatile memory driver v1.3
[    0.489791] Linux agpgart interface v0.103
[    0.489906] [drm] Initialized drm 1.1.0 20060810
[    0.490599] loop: module loaded
[    0.490726] ahci 0000:00:1f.2: version 3.0
[    0.501412] ahci 0000:00:1f.2: AHCI 0001.0300 32 slots 6 ports 6 Gbps 0x3f impl SATA mode
[    0.501529] ahci 0000:00:1f.2: flags: 64bit ncq sntf pm led clo pio slum part ems apst 
[    0.511652] scsi host0: ahci
[    0.511849] scsi host1: ahci
[    0.511988] scsi host2: ahci
[    0.512128] scsi host3: ahci
[    0.512259] scsi host4: ahci
[    0.512416] scsi host5: ahci
[    0.512509] ata1: SATA max UDMA/133 abar m2048@0xfad25000 port 0xfad25100 irq 31
[    0.512616] ata2: SATA max UDMA/133 abar m2048@0xfad25000 port 0xfad25180 irq 31
[    0.512718] ata3: SATA max UDMA/133 abar m2048@0xfad25000 port 0xfad25200 irq 31
[    0.512822] ata4: SATA max UDMA/133 abar m2048@0xfad25000 port 0xfad25280 irq 31
[    0.512925] ata5: SATA max UDMA/133 abar m2048@0xfad25000 port 0xfad25300 irq 31
[    0.513028] ata6: SATA max UDMA/133 abar m2048@0xfad25000 port 0xfad25380 irq 31
[    0.513275] ahci 0000:05:00.0: AHCI 0001.0100 32 slots 2 ports 3 Gbps 0x3 impl SATA mode
[    0.513402] ahci 0000:05:00.0: flags: 64bit ncq pm led clo pmp pio slum part 
[    0.513630] scsi host6: ahci
[    0.513760] scsi host7: ahci
[    0.514525] ata7: SATA max UDMA/133 abar m512@0xfab10000 port 0xfab10100 irq 19
[    0.514632] ata8: SATA max UDMA/133 abar m512@0xfab10000 port 0xfab10180 irq 19
[    0.514857] ahci 0000:09:00.0: AHCI 0001.0000 32 slots 2 ports 6 Gbps 0x3 impl SATA mode
[    0.514963] ahci 0000:09:00.0: flags: 64bit ncq sntf led only pmp fbs pio slum part sxs 
[    0.515217] scsi host8: ahci
[    0.515358] scsi host9: ahci
[    0.515452] ata9: SATA max UDMA/133 abar m512@0xfa810000 port 0xfa810100 irq 32
[    0.515559] ata10: SATA max UDMA/133 abar m512@0xfa810000 port 0xfa810180 irq 32
[    0.515751] ehci_hcd: USB 2.0 'Enhanced' Host Controller (EHCI) Driver
[    0.515832] ehci-pci: EHCI PCI platform driver
[    0.515962] ehci-pci 0000:00:1a.0: EHCI Host Controller
[    0.516060] ehci-pci 0000:00:1a.0: new USB bus registered, assigned bus number 1
[    0.516176] ehci-pci 0000:00:1a.0: debug port 2
[    0.520129] ehci-pci 0000:00:1a.0: cache line size of 64 is not supported
[    0.520139] ehci-pci 0000:00:1a.0: irq 23, io mem 0xfad27000
[    0.525366] ehci-pci 0000:00:1a.0: USB 2.0 started, EHCI 1.00
[    0.525473] usb usb1: New USB device found, idVendor=1d6b, idProduct=0002
[    0.525557] usb usb1: New USB device strings: Mfr=3, Product=2, SerialNumber=1
[    0.525659] usb usb1: Product: EHCI Host Controller
[    0.525731] usb usb1: Manufacturer: Linux 4.0.9 ehci_hcd
[    0.525803] usb usb1: SerialNumber: 0000:00:1a.0
[    0.525968] hub 1-0:1.0: USB hub found
[    0.526052] hub 1-0:1.0: 2 ports detected
[    0.526217] ehci-pci 0000:00:1d.0: EHCI Host Controller
[    0.526337] ehci-pci 0000:00:1d.0: new USB bus registered, assigned bus number 2
[    0.526457] ehci-pci 0000:00:1d.0: debug port 2
[    0.530402] ehci-pci 0000:00:1d.0: cache line size of 64 is not supported
[    0.530405] ehci-pci 0000:00:1d.0: irq 23, io mem 0xfad26000
[    0.536338] ehci-pci 0000:00:1d.0: USB 2.0 started, EHCI 1.00
[    0.536446] usb usb2: New USB device found, idVendor=1d6b, idProduct=0002
[    0.536531] usb usb2: New USB device strings: Mfr=3, Product=2, SerialNumber=1
[    0.536633] usb usb2: Product: EHCI Host Controller
[    0.536705] usb usb2: Manufacturer: Linux 4.0.9 ehci_hcd
[    0.536777] usb usb2: SerialNumber: 0000:00:1d.0
[    0.536969] hub 2-0:1.0: USB hub found
[    0.537052] hub 2-0:1.0: 2 ports detected
[    0.537174] ohci_hcd: USB 1.1 'Open' Host Controller (OHCI) Driver
[    0.537259] ohci-pci: OHCI PCI platform driver
[    0.537361] uhci_hcd: USB Universal Host Controller Interface driver
[    0.537464] usbcore: registered new interface driver usblp
[    0.537558] usbcore: registered new interface driver usb-storage
[    0.537658] i8042: PNP: No PS/2 controller found. Probing ports directly.
[    0.540871] serio: i8042 KBD port at 0x60,0x64 irq 1
[    0.540947] serio: i8042 AUX port at 0x60,0x64 irq 12
[    0.541105] mousedev: PS/2 mouse device common for all mice
[    0.541306] rtc_cmos 00:02: RTC can wake from S4
[    0.541550] rtc_cmos 00:02: rtc core: registered rtc_cmos as rtc0
[    0.541660] rtc_cmos 00:02: alarms up to one month, y3k, 114 bytes nvram, hpet irqs
[    0.541839] i801_smbus 0000:00:1f.3: SMBus using PCI interrupt
[    0.541990] device-mapper: ioctl: 4.30.0-ioctl (2014-12-22) initialised: dm-devel@redhat.com
[    0.542120] hidraw: raw HID events driver (C) Jiri Kosina
[    0.542393] usbcore: registered new interface driver usbhid
[    0.542473] usbhid: USB HID core driver
[    0.542554] Netfilter messages via NETLINK v0.30.
[    0.542632] nf_conntrack version 0.5.0 (65536 buckets, 262144 max)
[    0.542819] ctnetlink v0.93: registering with nfnetlink.
[    0.542963] ip_tables: (C) 2000-2006 Netfilter Core Team
[    0.543050] TCP: cubic registered
[    0.543120] Initializing XFRM netlink socket
[    0.543292] NET: Registered protocol family 10
[    0.543498] ip6_tables: (C) 2000-2006 Netfilter Core Team
[    0.543601] sit: IPv6 over IPv4 tunneling driver
[    0.543755] NET: Registered protocol family 17
[    0.543841] Key type dns_resolver registered
[    0.544102] registered taskstats version 1
[    0.544621] console [netcon0] enabled
[    0.544691] netconsole: network logging started
[    0.817072] ata3: SATA link up 3.0 Gbps (SStatus 123 SControl 300)
[    0.817184] ata6: SATA link up 3.0 Gbps (SStatus 123 SControl 300)
[    0.817275] ata2: SATA link up 6.0 Gbps (SStatus 133 SControl 300)
[    0.817468] ata3.00: ATA-9: INTEL SSDSC2BA100G3, 5DV10270, max UDMA/133
[    0.817569] ata3.00: 195371568 sectors, multi 1: LBA48 NCQ (depth 31/32)
[    0.817651] ata6.00: ATA-9: INTEL SSDSC2BA100G3, 5DV10270, max UDMA/133
[    0.817727] ata6.00: 195371568 sectors, multi 1: LBA48 NCQ (depth 31/32)
[    0.817878] ata2.00: ATA-9: INTEL SSDSC2BA100G3, 5DV10270, max UDMA/133
[    0.817962] ata2.00: 195371568 sectors, multi 1: LBA48 NCQ (depth 31/32)
[    0.818068] ata5: SATA link up 3.0 Gbps (SStatus 123 SControl 300)
[    0.818165] ata4: SATA link up 3.0 Gbps (SStatus 123 SControl 300)
[    0.818253] ata1: SATA link up 6.0 Gbps (SStatus 133 SControl 300)
[    0.818338] ata6.00: configured for UDMA/133
[    0.818422] ata3.00: configured for UDMA/133
[    0.818511] ata5.00: ATA-9: INTEL SSDSC2BA100G3, 5DV10270, max UDMA/133
[    0.818596] ata5.00: 195371568 sectors, multi 1: LBA48 NCQ (depth 31/32)
[    0.818680] ata1.00: ATA-9: INTEL SSDSC2BA100G3, 5DV10270, max UDMA/133
[    0.818762] ata1.00: 195371568 sectors, multi 1: LBA48 NCQ (depth 31/32)
[    0.818843] ata4.00: ATA-9: INTEL SSDSC2BA100G3, 5DV10270, max UDMA/133
[    0.818922] ata4.00: 195371568 sectors, multi 1: LBA48 NCQ (depth 31/32)
[    0.819005] ata2.00: configured for UDMA/133
[    0.819061] ata7: SATA link down (SStatus 0 SControl 300)
[    0.819107] ata8: SATA link down (SStatus 0 SControl 300)
[    0.819370] ata5.00: configured for UDMA/133
[    0.819548] ata1.00: configured for UDMA/133
[    0.819665] ata4.00: configured for UDMA/133
[    0.819755] scsi 0:0:0:0: Direct-Access     ATA      INTEL SSDSC2BA10 0270 PQ: 0 ANSI: 5
[    0.820053] ata1.00: Enabling discard_zeroes_data
[    0.820059] sd 0:0:0:0: Attached scsi generic sg0 type 0
[    0.820245] scsi 1:0:0:0: Direct-Access     ATA      INTEL SSDSC2BA10 0270 PQ: 0 ANSI: 5
[    0.820251] sd 0:0:0:0: [sda] 195371568 512-byte logical blocks: (100 GB/93.1 GiB)
[    0.820252] sd 0:0:0:0: [sda] 4096-byte physical blocks
[    0.820334] sd 0:0:0:0: [sda] Write Protect is off
[    0.820335] sd 0:0:0:0: [sda] Mode Sense: 00 3a 00 00
[    0.820357] sd 0:0:0:0: [sda] Write cache: enabled, read cache: enabled, doesn't support DPO or FUA
[    0.820423] ata1.00: Enabling discard_zeroes_data
[    0.820656]  sda: sda1
[    0.820741] ata1.00: Enabling discard_zeroes_data
[    0.820840] sd 0:0:0:0: [sda] Attached SCSI disk
[    0.821263] ata2.00: Enabling discard_zeroes_data
[    0.821281] sd 1:0:0:0: Attached scsi generic sg1 type 0
[    0.821437] sd 1:0:0:0: [sdb] 195371568 512-byte logical blocks: (100 GB/93.1 GiB)
[    0.821467] scsi 2:0:0:0: Direct-Access     ATA      INTEL SSDSC2BA10 0270 PQ: 0 ANSI: 5
[    0.821558] sd 2:0:0:0: Attached scsi generic sg2 type 0
[    0.821568] ata3.00: Enabling discard_zeroes_data
[    0.821575] sd 2:0:0:0: [sdc] 195371568 512-byte logical blocks: (100 GB/93.1 GiB)
[    0.821576] sd 2:0:0:0: [sdc] 4096-byte physical blocks
[    0.821629] scsi 3:0:0:0: Direct-Access     ATA      INTEL SSDSC2BA10 0270 PQ: 0 ANSI: 5
[    0.821662] sd 2:0:0:0: [sdc] Write Protect is off
[    0.821663] sd 2:0:0:0: [sdc] Mode Sense: 00 3a 00 00
[    0.821677] sd 2:0:0:0: [sdc] Write cache: enabled, read cache: enabled, doesn't support DPO or FUA
[    0.821714] ata4.00: Enabling discard_zeroes_data
[    0.821722] sd 3:0:0:0: [sdd] 195371568 512-byte logical blocks: (100 GB/93.1 GiB)
[    0.821723] sd 3:0:0:0: [sdd] 4096-byte physical blocks
[    0.821727] sd 3:0:0:0: Attached scsi generic sg3 type 0
[    0.821782] scsi 4:0:0:0: Direct-Access     ATA      INTEL SSDSC2BA10 0270 PQ: 0 ANSI: 5
[    0.821783] ata3.00: Enabling discard_zeroes_data
[    0.821791] sd 3:0:0:0: [sdd] Write Protect is off
[    0.821792] sd 3:0:0:0: [sdd] Mode Sense: 00 3a 00 00
[    0.821809] sd 3:0:0:0: [sdd] Write cache: enabled, read cache: enabled, doesn't support DPO or FUA
[    0.821853] ata4.00: Enabling discard_zeroes_data
[    0.821879] ata5.00: Enabling discard_zeroes_data
[    0.821888] sd 4:0:0:0: [sde] 195371568 512-byte logical blocks: (100 GB/93.1 GiB)
[    0.821889] sd 4:0:0:0: [sde] 4096-byte physical blocks
[    0.821908] sd 4:0:0:0: Attached scsi generic sg4 type 0
[    0.821943] sd 4:0:0:0: [sde] Write Protect is off
[    0.821944] sd 4:0:0:0: [sde] Mode Sense: 00 3a 00 00
[    0.821957] sd 4:0:0:0: [sde] Write cache: enabled, read cache: enabled, doesn't support DPO or FUA
[    0.821961] scsi 5:0:0:0: Direct-Access     ATA      INTEL SSDSC2BA10 0270 PQ: 0 ANSI: 5
[    0.821993] ata5.00: Enabling discard_zeroes_data
[    0.822034]  sdc: sdc1
[    0.822052] ata6.00: Enabling discard_zeroes_data
[    0.822062] sd 5:0:0:0: [sdf] 195371568 512-byte logical blocks: (100 GB/93.1 GiB)
[    0.822063] sd 5:0:0:0: [sdf] 4096-byte physical blocks
[    0.822073] sd 5:0:0:0: Attached scsi generic sg5 type 0
[    0.822117] ata3.00: Enabling discard_zeroes_data
[    0.822146] sd 5:0:0:0: [sdf] Write Protect is off
[    0.822147] sd 5:0:0:0: [sdf] Mode Sense: 00 3a 00 00
[    0.822161] sd 5:0:0:0: [sdf] Write cache: enabled, read cache: enabled, doesn't support DPO or FUA
[    0.822194] sd 2:0:0:0: [sdc] Attached SCSI disk
[    0.822208]  sdd: sdd1
[    0.822212] ata6.00: Enabling discard_zeroes_data
[    0.822292] ata4.00: Enabling discard_zeroes_data
[    0.822344]  sde: sde1
[    0.822396] sd 3:0:0:0: [sdd] Attached SCSI disk
[    0.822427] ata5.00: Enabling discard_zeroes_data
[    0.822530]  sdf: sdf1
[    0.822536] sd 4:0:0:0: [sde] Attached SCSI disk
[    0.822602] ata6.00: Enabling discard_zeroes_data
[    0.822707] sd 5:0:0:0: [sdf] Attached SCSI disk
[    0.825642] sd 1:0:0:0: [sdb] 4096-byte physical blocks
[    0.826408] sd 1:0:0:0: [sdb] Write Protect is off
[    0.826480] sd 1:0:0:0: [sdb] Mode Sense: 00 3a 00 00
[    0.826489] sd 1:0:0:0: [sdb] Write cache: enabled, read cache: enabled, doesn't support DPO or FUA
[    0.826663] ata2.00: Enabling discard_zeroes_data
[    0.826877]  sdb: sdb1
[    0.827018] ata2.00: Enabling discard_zeroes_data
[    0.827025] usb 1-1: new high-speed USB device number 2 using ehci-pci
[    0.827208] sd 1:0:0:0: [sdb] Attached SCSI disk
[    0.838059] usb 2-1: new high-speed USB device number 2 using ehci-pci
[    0.941714] usb 1-1: New USB device found, idVendor=8087, idProduct=0024
[    0.941790] usb 1-1: New USB device strings: Mfr=0, Product=0, SerialNumber=0
[    0.942202] hub 1-1:1.0: USB hub found
[    0.942446] hub 1-1:1.0: 6 ports detected
[    0.952704] usb 2-1: New USB device found, idVendor=8087, idProduct=0024
[    0.952780] usb 2-1: New USB device strings: Mfr=0, Product=0, SerialNumber=0
[    0.953032] hub 2-1:1.0: USB hub found
[    0.953233] hub 2-1:1.0: 8 ports detected
[    0.974935] ata9: SATA link up 6.0 Gbps (SStatus 133 SControl 300)
[    0.975532] ata9.00: ATA-9: INTEL SSDSC2BB080G6, G2010140, max UDMA/133
[    0.975626] ata9.00: 156301488 sectors, multi 1: LBA48 NCQ (depth 31/32)
[    0.975906] ata10: SATA link up 3.0 Gbps (SStatus 123 SControl 300)
[    0.976250] ata9.00: configured for UDMA/133
[    0.976382] ata10.00: ATA-8: INTEL SSDSA2CW120G3, 4PC10362, max UDMA/133
[    0.976469] ata10.00: 234441648 sectors, multi 1: LBA48 NCQ (depth 31/32)
[    0.976491] scsi 8:0:0:0: Direct-Access     ATA      INTEL SSDSC2BB08 0140 PQ: 0 ANSI: 5
[    0.976698] ata9.00: Enabling discard_zeroes_data
[    0.976790] sd 8:0:0:0: [sdg] 156301488 512-byte logical blocks: (80.0 GB/74.5 GiB)
[    0.976797] sd 8:0:0:0: Attached scsi generic sg6 type 0
[    0.977003] sd 8:0:0:0: [sdg] 4096-byte physical blocks
[    0.977108] sd 8:0:0:0: [sdg] Write Protect is off
[    0.977127] ata10.00: configured for UDMA/133
[    0.977240] scsi 9:0:0:0: Direct-Access     ATA      INTEL SSDSA2CW12 0362 PQ: 0 ANSI: 5
[    0.977386] ata10.00: Enabling discard_zeroes_data
[    0.977387] sd 9:0:0:0: Attached scsi generic sg7 type 0
[    0.977407] sd 9:0:0:0: [sdh] 234441648 512-byte logical blocks: (120 GB/111 GiB)
[    0.977497] sd 9:0:0:0: [sdh] Write Protect is off
[    0.977498] sd 9:0:0:0: [sdh] Mode Sense: 00 3a 00 00
[    0.977526] sd 9:0:0:0: [sdh] Write cache: enabled, read cache: enabled, doesn't support DPO or FUA
[    0.977578] ata10.00: Enabling discard_zeroes_data
[    0.977889]  sdh: sdh1
[    0.977969] ata10.00: Enabling discard_zeroes_data
[    0.978077] sd 9:0:0:0: [sdh] Attached SCSI disk
[    0.978286] sd 8:0:0:0: [sdg] Mode Sense: 00 3a 00 00
[    0.978295] sd 8:0:0:0: [sdg] Write cache: enabled, read cache: enabled, doesn't support DPO or FUA
[    0.978446] ata9.00: Enabling discard_zeroes_data
[    0.978941]  sdg: sdg1 sdg2 sdg3 sdg4
[    0.979334] ata9.00: Enabling discard_zeroes_data
[    0.979449] sd 8:0:0:0: [sdg] Attached SCSI disk
[    0.979529] md: Waiting for all devices to be available before autodetect
[    0.979607] md: If you don't use raid, use raid=noautodetect
[    0.979752] md: Autodetecting RAID arrays.
[    0.979995] md: invalid raid superblock magic on sda1
[    0.980090] md: sda1 does not have a valid v0.90 superblock, not importing!
[    0.980230] md: invalid raid superblock magic on sdc1
[    0.980303] md: sdc1 does not have a valid v0.90 superblock, not importing!
[    0.980428] md: invalid raid superblock magic on sdd1
[    0.980501] md: sdd1 does not have a valid v0.90 superblock, not importing!
[    0.980625] md: invalid raid superblock magic on sde1
[    0.980697] md: sde1 does not have a valid v0.90 superblock, not importing!
[    0.980821] md: invalid raid superblock magic on sdf1
[    0.980916] md: sdf1 does not have a valid v0.90 superblock, not importing!
[    0.981101] md: invalid raid superblock magic on sdb1
[    0.981173] md: sdb1 does not have a valid v0.90 superblock, not importing!
[    0.981250] md: Scanned 6 and added 0 devices.
[    0.981321] md: autorun ...
[    0.981389] md: ... autorun DONE.
[    0.981592] EXT4-fs (sdg3): couldn't mount as ext2 due to feature incompatibilities
[    0.983342] EXT4-fs (sdg3): mounted filesystem with ordered data mode. Opts: (null)
[    0.983454] VFS: Mounted root (ext4 filesystem) readonly on device 8:99.
[    0.983689] Freeing unused kernel memory: 1012K (ffffffff81ccc000 - ffffffff81dc9000)
[    0.983793] Write protecting the kernel read-only data: 12288k
[    0.984118] Freeing unused kernel memory: 132K (ffff8800017df000 - ffff880001800000)
[    0.984423] Freeing unused kernel memory: 1400K (ffff880001aa2000 - ffff880001c00000)
[    1.038742] kbd_mode (1234) used greatest stack depth: 13912 bytes left
[    1.042120] loadkeys (1235) used greatest stack depth: 13464 bytes left
[    1.042251] init-early.sh (1233) used greatest stack depth: 12648 bytes left
[    1.228721] usb 2-1.7: new full-speed USB device number 3 using ehci-pci
[    1.239269] random: systemd-udevd urandom read with 47 bits of entropy available
[    1.314363] usb 2-1.7: New USB device found, idVendor=0cf3, idProduct=3000
[    1.314365] usb 2-1.7: New USB device strings: Mfr=0, Product=0, SerialNumber=0
[    1.350083] pps_core: LinuxPPS API ver. 1 registered
[    1.350086] pps_core: Software ver. 5.3.6 - Copyright 2005-2007 Rodolfo Giometti <giometti@linux.it>
[    1.352585] PTP clock support registered
[    1.355474] e1000e: Intel(R) PRO/1000 Network Driver - 2.3.2-k
[    1.355476] e1000e: Copyright(c) 1999 - 2014 Intel Corporation.
[    1.355615] e1000e 0000:00:19.0: Interrupt Throttling Rate (ints/sec) set to dynamic conservative mode
[    1.378812] md: bind<sdb1>
[    1.379634] md: bind<sdf1>
[    1.380787] md: bind<sda1>
[    1.382706] md: bind<sdd1>
[    1.385247] md: bind<sde1>
[    1.386757] md: bind<sdc1>
[    1.389159] md: raid10 personality registered for level 10
[    1.389313] md/raid10:md127: active with 6 out of 6 devices
[    1.389332] md127: detected capacity change from 0 to 299885395968
[    1.481426] tsc: Refined TSC clocksource calibration: 3300.023 MHz
[    1.618380] e1000e 0000:00:19.0 eth0: registered PHC clock
[    1.618383] e1000e 0000:00:19.0 eth0: (PCI Express:2.5GT/s:Width x1) 14:da:e9:0f:78:84
[    1.618384] e1000e 0000:00:19.0 eth0: Intel(R) PRO/1000 Network Connection
[    1.618416] e1000e 0000:00:19.0 eth0: MAC: 10, PHY: 11, PBA No: FFFFFF-0FF
[    1.620363] e1000e 0000:00:19.0 eno1: renamed from eth0
[    2.480513] Switched to clocksource tsc
[    2.503931] EXT4-fs (sdg3): re-mounted. Opts: (null)
[    2.541937] Adding 1020k swap on /dev/sdg2.  Priority:-1 extents:1 across:1020k SS
[    6.050188] e1000e: eno1 NIC Link is Up 1000 Mbps Full Duplex, Flow Control: Rx/Tx
[   75.741446] random: nonblocking pool is initialized
[  249.237583] EXT4-fs (md127): barriers disabled
[  249.240615] EXT4-fs (md127): mounted filesystem with ordered data mode. Opts: nobarrier
[  327.337465] nr_pdflush_threads exported in /proc is scheduled for removal
